[1m============================= test session starts ==============================[0m
platform darwin -- Python 3.12.3, pytest-8.3.5, pluggy-1.5.0 -- /Users/niccavendish/.pyenv/versions/3.12.3/bin/python3.12
cachedir: .pytest_cache
PyQt6 6.9.0 -- Qt runtime 6.9.0 -- Qt compiled 6.9.0
rootdir: /Users/niccavendish/Projects/DAWGitApp
configfile: pytest.ini
plugins: qt-4.4.0, rich-0.2.0
[1mcollecting ... [0mcollected 61 items

tests_dawgit/test_branch_info.py::test_create_new_branch_from_commit [DEBUG] Skipping QTimer.singleShot — parent not visible.
[WARN] Could not load take label for branch main: 'NoneType' object has no attribute 'head'
[WARN] Could not load take label for branch experiment: 'NoneType' object has no attribute 'head'
[WARN] Could not load take label for branch alt_mix: 'NoneType' object has no attribute 'head'
[DEBUG] Skipping QTimer.singleShot — parent not visible.
[DEBUG] Loaded project path: /var/folders/yx/c_cp834d18v7ptq75l5x7twm0000gn/T/tmpz4g0rgls
[DEBUG] Initializing Git...
[DEBUG] Found DAW files: [PosixPath('/var/folders/yx/c_cp834d18v7ptq75l5x7twm0000gn/T/tmpz4g0rgls/project.als')]
[DEBUG] Found existing Git repo at /var/folders/yx/c_cp834d18v7ptq75l5x7twm0000gn/T/tmpz4g0rgls
🎯 Repo is in detached HEAD state — skipping bind_repo() to preserve HEAD.
[DEBUG] Repo is in detached HEAD state
[DEBUG] ✅ Matched HEAD SHA: e0671a3 → row 1
[DEBUG] Selected row = 1, SHA = e0671a345109631406fef6cce91474da45a613f0
[DEBUG] ✅ SHA set from selected row: e0671a345109631406fef6cce91474da45a613f0
[DEBUG] status label set: ℹ️ Detached snapshot — not on an active version line
[DEBUG] ✅ Final scroll to HEAD row 1
[DEBUG] status label set: ℹ️ Detached snapshot — not on an active version line
[DEBUG] ✅ Matched HEAD SHA: 9221621 → row 2
[DEBUG] Selected row = 2, SHA = 922162164e60cf8622d5d342be43ded6b5405b54
[DEBUG] ✅ SHA set from selected row: 922162164e60cf8622d5d342be43ded6b5405b54
[DEBUG] status label set: ✅ 🎧 On version line — 🎵 Session branch: <span style="color:#00BCD4;">test_branch</span> — Current take: <span style="color:#00BCD4;">version 3</span>
[DEBUG] ✅ Final scroll to HEAD row 2
[DEBUG] status label set: ✅ 🎧 On version line — 🎵 Session branch: <span style="color:#00BCD4;">test_branch</span> — Current take: <span style="color:#00BCD4;">version 3</span>
🧹 Removing test branch...
[DEBUG] Full status --porcelain output:
[DEBUG] Raw Git status --porcelain:
[DEBUG] Recently modified .als detected: project.als
[32mPASSED[0m[CLEANUP] Removed file: /var/folders/yx/c_cp834d18v7ptq75l5x7twm0000gn/T/tmpz4g0rgls/project.als

tests_dawgit/test_branch_info.py::test_branch_creation_in_detached_head_creates_version_line [DEBUG] Skipping QTimer.singleShot — parent not visible.
[WARN] Could not load take label for branch main: 'NoneType' object has no attribute 'head'
[WARN] Could not load take label for branch experiment: 'NoneType' object has no attribute 'head'
[WARN] Could not load take label for branch alt_mix: 'NoneType' object has no attribute 'head'
[DEBUG] Skipping QTimer.singleShot — parent not visible.
[WARNING] Stylesheet not loaded: [Errno 2] No such file or directory: 'styles/dawgit_styles.qss'
[DEBUG] Loaded project path: /var/folders/yx/c_cp834d18v7ptq75l5x7twm0000gn/T/tmpyng_tx4a
[DEBUG] Initializing Git...
[DEBUG] Found DAW files: [PosixPath('/var/folders/yx/c_cp834d18v7ptq75l5x7twm0000gn/T/tmpyng_tx4a/init_project.als')]
[DEBUG] Found existing Git repo at /var/folders/yx/c_cp834d18v7ptq75l5x7twm0000gn/T/tmpyng_tx4a
🎯 Repo is in detached HEAD state — skipping bind_repo() to preserve HEAD.
[DEBUG] Repo is in detached HEAD state
[DEBUG] ✅ Matched HEAD SHA: f20def2 → row 1
[DEBUG] Selected row = 1, SHA = f20def29bf7063f53167c1fab442e9ba891fcc0e
[DEBUG] ✅ SHA set from selected row: f20def29bf7063f53167c1fab442e9ba891fcc0e
[DEBUG] status label set: ℹ️ Detached snapshot — not on an active version line
[DEBUG] ✅ Final scroll to HEAD row 1
[DEBUG] status label set: ℹ️ Detached snapshot — not on an active version line
[DEBUG] ✅ Matched HEAD SHA: b864e57 → row 2
[DEBUG] Selected row = 2, SHA = b864e57344b791915f91a066d140a85c8c604a25
[DEBUG] ✅ SHA set from selected row: b864e57344b791915f91a066d140a85c8c604a25
[DEBUG] status label set: ✅ 🎧 On version line — 🎵 Session branch: <span style="color:#00BCD4;">version_line_test</span> — Current take: <span style="color:#00BCD4;">version 3</span>
[DEBUG] ✅ Final scroll to HEAD row 2
[DEBUG] status label set: ✅ 🎧 On version line — 🎵 Session branch: <span style="color:#00BCD4;">version_line_test</span> — Current take: <span style="color:#00BCD4;">version 3</span>
[DEBUG] Full status --porcelain output:
  →  D project.als
[DEBUG] Raw Git status --porcelain:
[DEBUG] Checking cleaned file path: project.als
[DEBUG] Unsaved change detected: project.als
[DEBUG] Full status --porcelain output:
[DEBUG] Raw Git status --porcelain:
[DEBUG] Recently modified .als detected: init_project.als
[32mPASSED[0m[CLEANUP] Removed file: /var/folders/yx/c_cp834d18v7ptq75l5x7twm0000gn/T/tmpyng_tx4a/init_project.als

tests_dawgit/test_branch_switching_behavior.py::test_switching_to_same_branch_does_nothing [WARNING] Stylesheet not loaded: [Errno 2] No such file or directory: 'styles/dawgit_styles.qss'
[DEBUG] Loaded project path: /private/var/folders/yx/c_cp834d18v7ptq75l5x7twm0000gn/T/pytest-of-niccavendish/pytest-0/test_switching_to_same_branch_0/BranchSwitchTest
[DEBUG] Initializing Git...
[DEBUG] Found DAW files: [PosixPath('/private/var/folders/yx/c_cp834d18v7ptq75l5x7twm0000gn/T/pytest-of-niccavendish/pytest-0/test_switching_to_same_branch_0/BranchSwitchTest/test.als')]
[DEBUG] No existing repo found. Initializing new repo at /private/var/folders/yx/c_cp834d18v7ptq75l5x7twm0000gn/T/pytest-of-niccavendish/pytest-0/test_switching_to_same_branch_0/BranchSwitchTest
✅ New Git repo initialized.
✅ Saved last project path: /private/var/folders/yx/c_cp834d18v7ptq75l5x7twm0000gn/T/pytest-of-niccavendish/pytest-0/test_switching_to_same_branch_0/BranchSwitchTest
⚠️ Skipping update_log(): history_table not initialized yet.
[DEBUG] Initializing Git...
[DEBUG] Found DAW files: [PosixPath('/private/var/folders/yx/c_cp834d18v7ptq75l5x7twm0000gn/T/pytest-of-niccavendish/pytest-0/test_switching_to_same_branch_0/BranchSwitchTest/test.als')]
[DEBUG] Found existing Git repo at /private/var/folders/yx/c_cp834d18v7ptq75l5x7twm0000gn/T/pytest-of-niccavendish/pytest-0/test_switching_to_same_branch_0/BranchSwitchTest
[DEBUG] Repo rebound: HEAD = e0ac24c
ℹ️ Existing Git repo found — checking status...
⚠️ Skipping update_log(): history_table not initialized yet.
[DEBUG] Already on selected branch — no switch needed.
[32mPASSED[0m
tests_dawgit/test_branching_logic.py::test_create_version_line_from_detached_head [DEBUG] Skipping QTimer.singleShot — parent not visible.
[WARN] Could not load take label for branch main: 'NoneType' object has no attribute 'head'
[WARN] Could not load take label for branch experiment: 'NoneType' object has no attribute 'head'
[WARN] Could not load take label for branch alt_mix: 'NoneType' object has no attribute 'head'
[DEBUG] Skipping QTimer.singleShot — parent not visible.
[WARNING] Stylesheet not loaded: [Errno 2] No such file or directory: 'styles/dawgit_styles.qss'
[DEBUG] Loaded project path: /private/var/folders/yx/c_cp834d18v7ptq75l5x7twm0000gn/T/pytest-of-niccavendish/pytest-0/test_create_version_line_from_0/TestProject
[DEBUG] Initializing Git...
[DEBUG] Found DAW files: []
🧪 [Test Mode] No DAW files found — continuing with empty project.
[DEBUG] No existing repo found. Initializing new repo at /private/var/folders/yx/c_cp834d18v7ptq75l5x7twm0000gn/T/pytest-of-niccavendish/pytest-0/test_create_version_line_from_0/TestProject
✅ New Git repo initialized.
✅ Saved last project path: /private/var/folders/yx/c_cp834d18v7ptq75l5x7twm0000gn/T/pytest-of-niccavendish/pytest-0/test_create_version_line_from_0/TestProject
[DEBUG] status label set: ✅ 🎧 On version line — 🎵 Session branch: <span style="color:#00BCD4;">main</span> — Current take: <span style="color:#00BCD4;">version 1</span>
[DEBUG] self.current_commit_id before update_log: 428d318ed19a10054a29ed43baf7a1ef88b82423
[DEBUG] ✅ Matched HEAD SHA: 428d318 → row 0
[DEBUG] Selected row = 0, SHA = 428d318ed19a10054a29ed43baf7a1ef88b82423
[DEBUG] ✅ SHA set from selected row: 428d318ed19a10054a29ed43baf7a1ef88b82423
[DEBUG] status label set: ✅ 🎧 On version line — 🎵 Session branch: <span style="color:#00BCD4;">main</span> — Current take: <span style="color:#00BCD4;">version 1</span>
[DEBUG] ✅ Final scroll to HEAD row 0
[DEBUG] ✅ Matched HEAD SHA: 428d318 → row 0
[DEBUG] Selected row = 0, SHA = 428d318ed19a10054a29ed43baf7a1ef88b82423
[DEBUG] ✅ SHA set from selected row: 428d318ed19a10054a29ed43baf7a1ef88b82423
[DEBUG] status label set: ✅ 🎧 On version line — 🎵 Session branch: <span style="color:#00BCD4;">main</span> — Current take: <span style="color:#00BCD4;">version 1</span>
[DEBUG] ✅ Final scroll to HEAD row 0
[DEBUG] status label set: ✅ 🎧 On version line — 🎵 Session branch: <span style="color:#00BCD4;">main</span> — Current take: <span style="color:#00BCD4;">version 1</span>
[DEBUG] Full status --porcelain output:
  →  D project.als
[DEBUG] Raw Git status --porcelain:
[DEBUG] Checking cleaned file path: project.als
[DEBUG] Unsaved change detected: project.als
[DEBUG] ✅ Matched HEAD SHA: b1546bb → row 2
[DEBUG] Selected row = 2, SHA = b1546bbc1d4c8cf9c923f9bb0767d134b23203fc
[DEBUG] ✅ SHA set from selected row: b1546bbc1d4c8cf9c923f9bb0767d134b23203fc
[DEBUG] status label set: ✅ 🎧 On version line — 🎵 Session branch: <span style="color:#00BCD4;">new_take</span> — Current take: <span style="color:#00BCD4;">version 3</span>
[DEBUG] ✅ Final scroll to HEAD row 2
[DEBUG] status label set: ✅ 🎧 On version line — 🎵 Session branch: <span style="color:#00BCD4;">new_take</span> — Current take: <span style="color:#00BCD4;">version 3</span>
[DEBUG] Full status --porcelain output:
[DEBUG] Raw Git status --porcelain:
[DEBUG] Recently modified .als detected: dummy.als
[32mPASSED[0m
tests_dawgit/test_branching_logic.py::test_safe_switch_branch_creates_if_missing [DEBUG] Skipping QTimer.singleShot — parent not visible.
[WARN] Could not load take label for branch main: 'NoneType' object has no attribute 'head'
[WARN] Could not load take label for branch experiment: 'NoneType' object has no attribute 'head'
[WARN] Could not load take label for branch alt_mix: 'NoneType' object has no attribute 'head'
[DEBUG] Skipping QTimer.singleShot — parent not visible.
[WARNING] Stylesheet not loaded: [Errno 2] No such file or directory: 'styles/dawgit_styles.qss'
[DEBUG] Loaded project path: /private/var/folders/yx/c_cp834d18v7ptq75l5x7twm0000gn/T/pytest-of-niccavendish/pytest-0/test_safe_switch_branch_create0/TestProject
[DEBUG] Initializing Git...
[DEBUG] Found DAW files: []
🧪 [Test Mode] No DAW files found — continuing with empty project.
[DEBUG] No existing repo found. Initializing new repo at /private/var/folders/yx/c_cp834d18v7ptq75l5x7twm0000gn/T/pytest-of-niccavendish/pytest-0/test_safe_switch_branch_create0/TestProject
✅ New Git repo initialized.
✅ Saved last project path: /private/var/folders/yx/c_cp834d18v7ptq75l5x7twm0000gn/T/pytest-of-niccavendish/pytest-0/test_safe_switch_branch_create0/TestProject
[DEBUG] status label set: ✅ 🎧 On version line — 🎵 Session branch: <span style="color:#00BCD4;">main</span> — Current take: <span style="color:#00BCD4;">version 1</span>
[DEBUG] self.current_commit_id before update_log: fb5cb6199e1a969f220a21f3e858317201de69f0
[DEBUG] ✅ Matched HEAD SHA: fb5cb61 → row 0
[DEBUG] Selected row = 0, SHA = fb5cb6199e1a969f220a21f3e858317201de69f0
[DEBUG] ✅ SHA set from selected row: fb5cb6199e1a969f220a21f3e858317201de69f0
[DEBUG] status label set: ✅ 🎧 On version line — 🎵 Session branch: <span style="color:#00BCD4;">main</span> — Current take: <span style="color:#00BCD4;">version 1</span>
[DEBUG] ✅ Final scroll to HEAD row 0
[DEBUG] ✅ Matched HEAD SHA: fb5cb61 → row 0
[DEBUG] Selected row = 0, SHA = fb5cb6199e1a969f220a21f3e858317201de69f0
[DEBUG] ✅ SHA set from selected row: fb5cb6199e1a969f220a21f3e858317201de69f0
[DEBUG] status label set: ✅ 🎧 On version line — 🎵 Session branch: <span style="color:#00BCD4;">main</span> — Current take: <span style="color:#00BCD4;">version 1</span>
[DEBUG] ✅ Final scroll to HEAD row 0
[DEBUG] status label set: ✅ 🎧 On version line — 🎵 Session branch: <span style="color:#00BCD4;">main</span> — Current take: <span style="color:#00BCD4;">version 1</span>
[DEBUG] Full status --porcelain output:
  →  D project.als
[DEBUG] Raw Git status --porcelain:
[DEBUG] Checking cleaned file path: project.als
[DEBUG] Unsaved change detected: project.als
[DEBUG] ✅ Matched HEAD SHA: 576c32b → row 3
[DEBUG] Selected row = 3, SHA = 576c32bfde061289379b1a74cbdd4368f05da07d
[DEBUG] ✅ SHA set from selected row: 576c32bfde061289379b1a74cbdd4368f05da07d
[DEBUG] status label set: ✅ 🎧 On version line — 🎵 Session branch: <span style="color:#00BCD4;">fresh_mix</span> — Current take: <span style="color:#00BCD4;">version 4</span>
[DEBUG] ✅ Final scroll to HEAD row 3
[DEBUG] status label set: ✅ 🎧 On version line — 🎵 Session branch: <span style="color:#00BCD4;">fresh_mix</span> — Current take: <span style="color:#00BCD4;">version 4</span>
[TEST DEBUG] Branch switch result: {'status': 'ok', 'message': "Created and switched to new branch 'fresh_mix'."}
[DEBUG] Full status --porcelain output:
[DEBUG] Raw Git status --porcelain:
[DEBUG] Recently modified .als detected: dummy.als
[DEBUG] Full status --porcelain output:
[DEBUG] Raw Git status --porcelain:
[DEBUG] Recently modified .als detected: dummy.als
[DEBUG] Full status --porcelain output:
  →  D project.als
[DEBUG] Raw Git status --porcelain:
[DEBUG] Checking cleaned file path: project.als
[DEBUG] Unsaved change detected: project.als
[32mPASSED[0m
tests_dawgit/test_branching_logic.py::test_update_session_branch_display_reflects_branch_and_commit [DEBUG] Skipping QTimer.singleShot — parent not visible.
[WARN] Could not load take label for branch main: 'NoneType' object has no attribute 'head'
[WARN] Could not load take label for branch experiment: 'NoneType' object has no attribute 'head'
[WARN] Could not load take label for branch alt_mix: 'NoneType' object has no attribute 'head'
[DEBUG] Skipping QTimer.singleShot — parent not visible.
[WARNING] Stylesheet not loaded: [Errno 2] No such file or directory: 'styles/dawgit_styles.qss'
[DEBUG] Loaded project path: /private/var/folders/yx/c_cp834d18v7ptq75l5x7twm0000gn/T/pytest-of-niccavendish/pytest-0/test_update_session_branch_dis0/TestProject
[DEBUG] Initializing Git...
[DEBUG] Found DAW files: []
🧪 [Test Mode] No DAW files found — continuing with empty project.
[DEBUG] No existing repo found. Initializing new repo at /private/var/folders/yx/c_cp834d18v7ptq75l5x7twm0000gn/T/pytest-of-niccavendish/pytest-0/test_update_session_branch_dis0/TestProject
✅ New Git repo initialized.
✅ Saved last project path: /private/var/folders/yx/c_cp834d18v7ptq75l5x7twm0000gn/T/pytest-of-niccavendish/pytest-0/test_update_session_branch_dis0/TestProject
[DEBUG] status label set: ✅ 🎧 On version line — 🎵 Session branch: <span style="color:#00BCD4;">main</span> — Current take: <span style="color:#00BCD4;">version 1</span>
[DEBUG] self.current_commit_id before update_log: f470e655bedfc72b5690ab879db0f6f7eaf6fbea
[DEBUG] ✅ Matched HEAD SHA: f470e65 → row 0
[DEBUG] Selected row = 0, SHA = f470e655bedfc72b5690ab879db0f6f7eaf6fbea
[DEBUG] ✅ SHA set from selected row: f470e655bedfc72b5690ab879db0f6f7eaf6fbea
[DEBUG] status label set: ✅ 🎧 On version line — 🎵 Session branch: <span style="color:#00BCD4;">main</span> — Current take: <span style="color:#00BCD4;">version 1</span>
[DEBUG] ✅ Final scroll to HEAD row 0
[DEBUG] ✅ Matched HEAD SHA: f470e65 → row 0
[DEBUG] Selected row = 0, SHA = f470e655bedfc72b5690ab879db0f6f7eaf6fbea
[DEBUG] ✅ SHA set from selected row: f470e655bedfc72b5690ab879db0f6f7eaf6fbea
[DEBUG] status label set: ✅ 🎧 On version line — 🎵 Session branch: <span style="color:#00BCD4;">main</span> — Current take: <span style="color:#00BCD4;">version 1</span>
[DEBUG] ✅ Final scroll to HEAD row 0
[DEBUG] status label set: ✅ 🎧 On version line — 🎵 Session branch: <span style="color:#00BCD4;">main</span> — Current take: <span style="color:#00BCD4;">version 1</span>
[DEBUG] Full status --porcelain output:
[DEBUG] Raw Git status --porcelain:
[DEBUG] Recently modified .als detected: dummy.als
[DEBUG] Full status --porcelain output:
[DEBUG] Raw Git status --porcelain:
[DEBUG] Recently modified .als detected: dummy.als
[TEST DEBUG] Branch Label: 🎵 Branch: main
[TEST DEBUG] Commit Label: 🎶 Commit: fac0d81
[32mPASSED[0m
tests_dawgit/test_branching_logic.py::test_switch_branch_with_unsaved_changes_prompts_backup [DEBUG] Skipping QTimer.singleShot — parent not visible.
[WARN] Could not load take label for branch main: 'NoneType' object has no attribute 'head'
[WARN] Could not load take label for branch experiment: 'NoneType' object has no attribute 'head'
[WARN] Could not load take label for branch alt_mix: 'NoneType' object has no attribute 'head'
[DEBUG] Skipping QTimer.singleShot — parent not visible.
[WARNING] Stylesheet not loaded: [Errno 2] No such file or directory: 'styles/dawgit_styles.qss'
[DEBUG] Loaded project path: /private/var/folders/yx/c_cp834d18v7ptq75l5x7twm0000gn/T/pytest-of-niccavendish/pytest-0/test_switch_branch_with_unsave0/TestProject
[DEBUG] Initializing Git...
[DEBUG] Found DAW files: []
🧪 [Test Mode] No DAW files found — continuing with empty project.
[DEBUG] No existing repo found. Initializing new repo at /private/var/folders/yx/c_cp834d18v7ptq75l5x7twm0000gn/T/pytest-of-niccavendish/pytest-0/test_switch_branch_with_unsave0/TestProject
✅ New Git repo initialized.
✅ Saved last project path: /private/var/folders/yx/c_cp834d18v7ptq75l5x7twm0000gn/T/pytest-of-niccavendish/pytest-0/test_switch_branch_with_unsave0/TestProject
[DEBUG] status label set: ✅ 🎧 On version line — 🎵 Session branch: <span style="color:#00BCD4;">main</span> — Current take: <span style="color:#00BCD4;">version 1</span>
[DEBUG] self.current_commit_id before update_log: f470e655bedfc72b5690ab879db0f6f7eaf6fbea
[DEBUG] ✅ Matched HEAD SHA: f470e65 → row 0
[DEBUG] Selected row = 0, SHA = f470e655bedfc72b5690ab879db0f6f7eaf6fbea
[DEBUG] ✅ SHA set from selected row: f470e655bedfc72b5690ab879db0f6f7eaf6fbea
[DEBUG] status label set: ✅ 🎧 On version line — 🎵 Session branch: <span style="color:#00BCD4;">main</span> — Current take: <span style="color:#00BCD4;">version 1</span>
[DEBUG] ✅ Final scroll to HEAD row 0
[DEBUG] ✅ Matched HEAD SHA: f470e65 → row 0
[DEBUG] Selected row = 0, SHA = f470e655bedfc72b5690ab879db0f6f7eaf6fbea
[DEBUG] ✅ SHA set from selected row: f470e655bedfc72b5690ab879db0f6f7eaf6fbea
[DEBUG] status label set: ✅ 🎧 On version line — 🎵 Session branch: <span style="color:#00BCD4;">main</span> — Current take: <span style="color:#00BCD4;">version 1</span>
[DEBUG] ✅ Final scroll to HEAD row 0
[DEBUG] status label set: ✅ 🎧 On version line — 🎵 Session branch: <span style="color:#00BCD4;">main</span> — Current take: <span style="color:#00BCD4;">version 1</span>
[DEBUG] Full status --porcelain output:
  →  D project.als
[DEBUG] Raw Git status --porcelain:
[DEBUG] Checking cleaned file path: project.als
[DEBUG] Unsaved change detected: project.als
[DEBUG] Full status --porcelain output:
[DEBUG] Raw Git status --porcelain:
[DEBUG] Recently modified .als detected: dummy.als
[SAFE SWITCH] Uncommitted changes detected — triggering backup.
[TEST DEBUG] Backup called: True
[TEST DEBUG] Branch switch result: {'status': 'warning', 'message': 'Uncommitted changes present — backed up.'}
[DEBUG] Full status --porcelain output:
[DEBUG] Raw Git status --porcelain:
[DEBUG] Recently modified .als detected: dummy.als
[DEBUG] Full status --porcelain output:
[DEBUG] Raw Git status --porcelain:
[DEBUG] Recently modified .als detected: dummy.als
[32mPASSED[0m
tests_dawgit/test_branching_logic.py::test_create_new_version_line_commits_version_marker_and_placeholder [DEBUG] Skipping QTimer.singleShot — parent not visible.
[WARN] Could not load take label for branch main: 'NoneType' object has no attribute 'head'
[WARN] Could not load take label for branch experiment: 'NoneType' object has no attribute 'head'
[WARN] Could not load take label for branch alt_mix: 'NoneType' object has no attribute 'head'
[DEBUG] Skipping QTimer.singleShot — parent not visible.
[WARNING] Stylesheet not loaded: [Errno 2] No such file or directory: 'styles/dawgit_styles.qss'
[DEBUG] Loaded project path: /private/var/folders/yx/c_cp834d18v7ptq75l5x7twm0000gn/T/pytest-of-niccavendish/pytest-0/test_create_new_version_line_c0/TestProject
[DEBUG] Initializing Git...
[DEBUG] Found DAW files: []
🧪 [Test Mode] No DAW files found — continuing with empty project.
[DEBUG] No existing repo found. Initializing new repo at /private/var/folders/yx/c_cp834d18v7ptq75l5x7twm0000gn/T/pytest-of-niccavendish/pytest-0/test_create_new_version_line_c0/TestProject
✅ New Git repo initialized.
✅ Saved last project path: /private/var/folders/yx/c_cp834d18v7ptq75l5x7twm0000gn/T/pytest-of-niccavendish/pytest-0/test_create_new_version_line_c0/TestProject
[DEBUG] status label set: ✅ 🎧 On version line — 🎵 Session branch: <span style="color:#00BCD4;">main</span> — Current take: <span style="color:#00BCD4;">version 1</span>
[DEBUG] self.current_commit_id before update_log: 4b3a81893fd5fddc268c4348eea7c4e09beb6227
[DEBUG] ✅ Matched HEAD SHA: 4b3a818 → row 0
[DEBUG] Selected row = 0, SHA = 4b3a81893fd5fddc268c4348eea7c4e09beb6227
[DEBUG] ✅ SHA set from selected row: 4b3a81893fd5fddc268c4348eea7c4e09beb6227
[DEBUG] status label set: ✅ 🎧 On version line — 🎵 Session branch: <span style="color:#00BCD4;">main</span> — Current take: <span style="color:#00BCD4;">version 1</span>
[DEBUG] ✅ Final scroll to HEAD row 0
[DEBUG] ✅ Matched HEAD SHA: 4b3a818 → row 0
[DEBUG] Selected row = 0, SHA = 4b3a81893fd5fddc268c4348eea7c4e09beb6227
[DEBUG] ✅ SHA set from selected row: 4b3a81893fd5fddc268c4348eea7c4e09beb6227
[DEBUG] status label set: ✅ 🎧 On version line — 🎵 Session branch: <span style="color:#00BCD4;">main</span> — Current take: <span style="color:#00BCD4;">version 1</span>
[DEBUG] ✅ Final scroll to HEAD row 0
[DEBUG] status label set: ✅ 🎧 On version line — 🎵 Session branch: <span style="color:#00BCD4;">main</span> — Current take: <span style="color:#00BCD4;">version 1</span>
[DEBUG] Full status --porcelain output:
  →  M dummy.als
[DEBUG] Raw Git status --porcelain:
[DEBUG] Checking cleaned file path: dummy.als
[DEBUG] Unsaved change detected: dummy.als
[DEBUG] Full status --porcelain output:
  →  D project.als
[DEBUG] Raw Git status --porcelain:
[DEBUG] Checking cleaned file path: project.als
[DEBUG] Unsaved change detected: project.als
[DEBUG] Full status --porcelain output:
[DEBUG] Raw Git status --porcelain:
[DEBUG] Recently modified .als detected: dummy.als
[DEBUG] ✅ Matched HEAD SHA: 4f04996 → row 3
[DEBUG] Selected row = 3, SHA = 4f049964d556f978015d2adf315b6745f235d3c8
[DEBUG] ✅ SHA set from selected row: 4f049964d556f978015d2adf315b6745f235d3c8
[DEBUG] status label set: ✅ 🎧 On version line — 🎵 Session branch: <span style="color:#00BCD4;">autotest_branch</span> — Current take: <span style="color:#00BCD4;">version 4</span>
[DEBUG] ✅ Final scroll to HEAD row 3
[DEBUG] status label set: ✅ 🎧 On version line — 🎵 Session branch: <span style="color:#00BCD4;">autotest_branch</span> — Current take: <span style="color:#00BCD4;">version 4</span>
[TEST DEBUG] Create version line result: {'status': 'success', 'branch': 'autotest_branch', 'commit_message': '🎼 Start New Version Line: autotest_branch'}
[TEST DEBUG] Files in commit: ['.version_marker', 'dummy.als']
[DEBUG] Full status --porcelain output:
[DEBUG] Raw Git status --porcelain:
[DEBUG] Recently modified .als detected: dummy.als
[DEBUG] Full status --porcelain output:
[DEBUG] Raw Git status --porcelain:
[DEBUG] Recently modified .als detected: dummy.als
[DEBUG] Full status --porcelain output:
[DEBUG] Raw Git status --porcelain:
[DEBUG] Recently modified .als detected: dummy.als
[DEBUG] Full status --porcelain output:
  →  M dummy.als
[DEBUG] Raw Git status --porcelain:
[DEBUG] Checking cleaned file path: dummy.als
[DEBUG] Unsaved change detected: dummy.als
[DEBUG] Full status --porcelain output:
  →  D project.als
[DEBUG] Raw Git status --porcelain:
[DEBUG] Checking cleaned file path: project.als
[DEBUG] Unsaved change detected: project.als
[32mPASSED[0m[DEBUG] Full status --porcelain output:
[DEBUG] Raw Git status --porcelain:
[DEBUG] Recently modified .als detected: dummy.als

tests_dawgit/test_branching_logic.py::test_load_alternate_session_switches_branch [31mFAILED[0m
tests_dawgit/test_checkout_safety.py::test_checkout_commit_from_other_branch[True] [DEBUG] Skipping QTimer.singleShot — parent not visible.
[WARN] Could not load take label for branch main: 'NoneType' object has no attribute 'head'
[WARN] Could not load take label for branch experiment: 'NoneType' object has no attribute 'head'
[WARN] Could not load take label for branch alt_mix: 'NoneType' object has no attribute 'head'
[DEBUG] Skipping QTimer.singleShot — parent not visible.
[WARNING] Stylesheet not loaded: [Errno 2] No such file or directory: 'styles/dawgit_styles.qss'
[DEBUG] Loaded project path: /var/folders/yx/c_cp834d18v7ptq75l5x7twm0000gn/T/tmpqw1druy9
[DEBUG] Initializing Git...
[DEBUG] Found DAW files: [PosixPath('/var/folders/yx/c_cp834d18v7ptq75l5x7twm0000gn/T/tmpqw1druy9/track.als')]
[DEBUG] Found existing Git repo at /var/folders/yx/c_cp834d18v7ptq75l5x7twm0000gn/T/tmpqw1druy9
🎯 Repo is in detached HEAD state — skipping bind_repo() to preserve HEAD.
[DEBUG] Repo is in detached HEAD state
[DEBUG] ✅ Matched HEAD SHA: c395527 → row 1
[DEBUG] Selected row = 1, SHA = c39552777d30de69e467b253926a4ec43ec8663f
[DEBUG] ✅ SHA set from selected row: c39552777d30de69e467b253926a4ec43ec8663f
[DEBUG] status label set: ℹ️ Detached snapshot — not on an active version line
[DEBUG] ✅ Final scroll to HEAD row 1
[DEBUG] status label set: ℹ️ Detached snapshot — not on an active version line
[DEBUG] Full status --porcelain output:
[DEBUG] Raw Git status --porcelain:
[DEBUG] Recently modified .als detected: track.als
🔒 Unsaved changes backed up to: /var/folders/yx/c_cp834d18v7ptq75l5x7twm0000gn/T/Backup_tmpqw1druy9_20250520_191239
[DEBUG] Already on selected commit — skipping checkout.
[DEBUG] Full status --porcelain output:
[DEBUG] Raw Git status --porcelain:
[DEBUG] Recently modified .als detected: dummy.als
[DEBUG] Full status --porcelain output:
[DEBUG] Raw Git status --porcelain:
[DEBUG] Recently modified .als detected: dummy.als
[DEBUG] Full status --porcelain output:
[DEBUG] Raw Git status --porcelain:
[DEBUG] Recently modified .als detected: dummy.als
[DEBUG] Full status --porcelain output:
  →  M dummy.als
[DEBUG] Raw Git status --porcelain:
[DEBUG] Checking cleaned file path: dummy.als
[DEBUG] Unsaved change detected: dummy.als
[DEBUG] Full status --porcelain output:
  →  D project.als
[DEBUG] Raw Git status --porcelain:
[DEBUG] Checking cleaned file path: project.als
[DEBUG] Unsaved change detected: project.als
[DEBUG] Full status --porcelain output:
[DEBUG] Raw Git status --porcelain:
[DEBUG] Recently modified .als detected: dummy.als
[32mPASSED[0m[CLEANUP] Removed file: /var/folders/yx/c_cp834d18v7ptq75l5x7twm0000gn/T/tmpqw1druy9/track.als
[DEBUG] Full status --porcelain output:
  →  D track.als
[DEBUG] Raw Git status --porcelain:
[DEBUG] Checking cleaned file path: track.als
[DEBUG] Unsaved change detected: track.als

tests_dawgit/test_checkout_safety.py::test_open_latest_daw_project_launches_correct_file[True] [DEBUG] Skipping QTimer.singleShot — parent not visible.
[WARN] Could not load take label for branch main: 'NoneType' object has no attribute 'head'
[WARN] Could not load take label for branch experiment: 'NoneType' object has no attribute 'head'
[WARN] Could not load take label for branch alt_mix: 'NoneType' object has no attribute 'head'
[DEBUG] Skipping QTimer.singleShot — parent not visible.
[WARNING] Stylesheet not loaded: [Errno 2] No such file or directory: 'styles/dawgit_styles.qss'
[DEBUG] Loaded project path: /var/folders/yx/c_cp834d18v7ptq75l5x7twm0000gn/T/tmpklm99z_6
[DEBUG] Initializing Git...
[DEBUG] Found DAW files: [PosixPath('/var/folders/yx/c_cp834d18v7ptq75l5x7twm0000gn/T/tmpklm99z_6/session.als'), PosixPath('/var/folders/yx/c_cp834d18v7ptq75l5x7twm0000gn/T/tmpklm99z_6/dummy.als')]
[DEBUG] Found existing Git repo at /var/folders/yx/c_cp834d18v7ptq75l5x7twm0000gn/T/tmpklm99z_6
🎯 Repo is in detached HEAD state — skipping bind_repo() to preserve HEAD.
[DEBUG] Repo is in detached HEAD state
[ERROR] get_tag_for_commit failed for ecdbbcacb389d97b93cf053a512bcf54aa07a244: not enough values to unpack (expected 2, got 0)
[ERROR] Failed to get branches for ecdbbca: not enough values to unpack (expected 2, got 0)
[ERROR] get_tag_for_commit failed for a34a3430103b24457d5f67828c24b868891ccbc3: not enough values to unpack (expected 2, got 0)
[ERROR] Failed to get branches for a34a343: not enough values to unpack (expected 2, got 0)
[ERROR] get_tag_for_commit failed for 431a7e1a00be0c370d354f2bfe012ad306721eb6: not enough values to unpack (expected 2, got 0)
[ERROR] Failed to get branches for 431a7e1: not enough values to unpack (expected 2, got 0)
[DEBUG] ✅ Matched HEAD SHA: 431a7e1 → row 2
[DEBUG] Selected row = 2, SHA = 431a7e1a00be0c370d354f2bfe012ad306721eb6
[DEBUG] ✅ SHA set from selected row: 431a7e1a00be0c370d354f2bfe012ad306721eb6
[DEBUG] status label set: ℹ️ Detached snapshot — not on an active version line
[DEBUG] ✅ Final scroll to HEAD row 2
[DEBUG] status label set: ℹ️ Detached snapshot — not on an active version line
[DEBUG] Full status --porcelain output:
[DEBUG] Raw Git status --porcelain:
[DEBUG] Recently modified .als detected: session.als
🔒 Unsaved changes backed up to: /var/folders/yx/c_cp834d18v7ptq75l5x7twm0000gn/T/Backup_tmpklm99z_6_20250520_191242
[DEBUG] Already on selected commit — skipping checkout.
✅ [TEST MODE] Skipping Popen check — verifying return instead.
[TEST MODE] Skipping snapshot confirmation.
[TEST MODE] Would open: /var/folders/yx/c_cp834d18v7ptq75l5x7twm0000gn/T/tmpklm99z_6/dummy.als
[32mPASSED[0m[CLEANUP] Removed file: /var/folders/yx/c_cp834d18v7ptq75l5x7twm0000gn/T/tmpklm99z_6/session.als
[CLEANUP] Removed file: /var/folders/yx/c_cp834d18v7ptq75l5x7twm0000gn/T/tmpklm99z_6/dummy.als

tests_dawgit/test_checkout_safety.py::test_checkout_latest_from_old_commit [WARNING] Stylesheet not loaded: [Errno 2] No such file or directory: 'styles/dawgit_styles.qss'
[DEBUG] Loaded project path: /private/var/folders/yx/c_cp834d18v7ptq75l5x7twm0000gn/T/pytest-of-niccavendish/pytest-0/test_checkout_latest_from_old_0/TestProject
[DEBUG] Initializing Git...
[DEBUG] Found DAW files: [PosixPath('/private/var/folders/yx/c_cp834d18v7ptq75l5x7twm0000gn/T/pytest-of-niccavendish/pytest-0/test_checkout_latest_from_old_0/TestProject/track_v2.als'), PosixPath('/private/var/folders/yx/c_cp834d18v7ptq75l5x7twm0000gn/T/pytest-of-niccavendish/pytest-0/test_checkout_latest_from_old_0/TestProject/track_v1.als'), PosixPath('/private/var/folders/yx/c_cp834d18v7ptq75l5x7twm0000gn/T/pytest-of-niccavendish/pytest-0/test_checkout_latest_from_old_0/TestProject/track_v0.als'), PosixPath('/private/var/folders/yx/c_cp834d18v7ptq75l5x7twm0000gn/T/pytest-of-niccavendish/pytest-0/test_checkout_latest_from_old_0/TestProject/dummy.als')]
[DEBUG] Found existing Git repo at /private/var/folders/yx/c_cp834d18v7ptq75l5x7twm0000gn/T/pytest-of-niccavendish/pytest-0/test_checkout_latest_from_old_0/TestProject
🎯 Repo is in detached HEAD state — skipping bind_repo() to preserve HEAD.
[DEBUG] Repo is in detached HEAD state
[DEBUG] Initializing Git...
[DEBUG] Found DAW files: [PosixPath('/private/var/folders/yx/c_cp834d18v7ptq75l5x7twm0000gn/T/pytest-of-niccavendish/pytest-0/test_checkout_latest_from_old_0/TestProject/track_v2.als'), PosixPath('/private/var/folders/yx/c_cp834d18v7ptq75l5x7twm0000gn/T/pytest-of-niccavendish/pytest-0/test_checkout_latest_from_old_0/TestProject/track_v1.als'), PosixPath('/private/var/folders/yx/c_cp834d18v7ptq75l5x7twm0000gn/T/pytest-of-niccavendish/pytest-0/test_checkout_latest_from_old_0/TestProject/track_v0.als'), PosixPath('/private/var/folders/yx/c_cp834d18v7ptq75l5x7twm0000gn/T/pytest-of-niccavendish/pytest-0/test_checkout_latest_from_old_0/TestProject/dummy.als')]
[DEBUG] Found existing Git repo at /private/var/folders/yx/c_cp834d18v7ptq75l5x7twm0000gn/T/pytest-of-niccavendish/pytest-0/test_checkout_latest_from_old_0/TestProject
🎯 Repo is in detached HEAD state — skipping bind_repo() to preserve HEAD.
[DEBUG] Repo is in detached HEAD. Attempting to switch to 'main'
[DEBUG] Repo rebound: HEAD = 1677cd6
[DEBUG] Full status --porcelain output:
  →  D dummy.als
  →  D session.als
[DEBUG] Raw Git status --porcelain:
[DEBUG] Checking cleaned file path: dummy.als
[DEBUG] Unsaved change detected: dummy.als
[32mPASSED[0m
tests_dawgit/test_checkout_safety.py::test_checkout_selected_commit_enters_detached_head [TEST MODE] Forced project path via env var: /private/var/folders/yx/c_cp834d18v7ptq75l5x7twm0000gn/T/pytest-of-niccavendish/pytest-0/test_checkout_selected_commit_0/DetachedCheck
[DEBUG] Skipping QTimer.singleShot — parent not visible.
[WARN] Could not load take label for branch main: 'NoneType' object has no attribute 'head'
[WARN] Could not load take label for branch experiment: 'NoneType' object has no attribute 'head'
[WARN] Could not load take label for branch alt_mix: 'NoneType' object has no attribute 'head'
[DEBUG] Skipping QTimer.singleShot — parent not visible.
[WARNING] Stylesheet not loaded: [Errno 2] No such file or directory: 'styles/dawgit_styles.qss'
[DEBUG] Loaded project path: /private/var/folders/yx/c_cp834d18v7ptq75l5x7twm0000gn/T/pytest-of-niccavendish/pytest-0/test_checkout_selected_commit_0/DetachedCheck
[DEBUG] Initializing Git...
[DEBUG] Found DAW files: [PosixPath('/private/var/folders/yx/c_cp834d18v7ptq75l5x7twm0000gn/T/pytest-of-niccavendish/pytest-0/test_checkout_selected_commit_0/DetachedCheck/track.als')]
[DEBUG] Found existing Git repo at /private/var/folders/yx/c_cp834d18v7ptq75l5x7twm0000gn/T/pytest-of-niccavendish/pytest-0/test_checkout_selected_commit_0/DetachedCheck
[DEBUG] Repo rebound: HEAD = e3159af
[DEBUG] ✅ Matched HEAD SHA: e3159af → row 1
[DEBUG] Selected row = 1, SHA = e3159af8b09741a573fa57cf2f6a6586695cd6b9
[DEBUG] ✅ SHA set from selected row: e3159af8b09741a573fa57cf2f6a6586695cd6b9
[DEBUG] status label set: ✅ 🎧 On version line — 🎵 Session branch: <span style="color:#00BCD4;">main</span> — Current take: <span style="color:#00BCD4;">version 2</span>
[DEBUG] ✅ Final scroll to HEAD row 1
[DEBUG] status label set: ✅ 🎧 On version line — 🎵 Session branch: <span style="color:#00BCD4;">main</span> — Current take: <span style="color:#00BCD4;">version 2</span>
[DEBUG] status label set: ✅ 🎧 On version line — 🎵 Session branch: <span style="color:#00BCD4;">main</span> — Current take: <span style="color:#00BCD4;">version 2</span>
ℹ️ Existing Git repo found — checking status...
[DEBUG] status label set: ✅ 🎧 On version line — 🎵 Session branch: <span style="color:#00BCD4;">main</span> — Current take: <span style="color:#00BCD4;">version 2</span>
[DEBUG] self.current_commit_id before update_log: e3159af8b09741a573fa57cf2f6a6586695cd6b9
[DEBUG] ✅ Matched HEAD SHA: e3159af → row 1
[DEBUG] Selected row = 1, SHA = e3159af8b09741a573fa57cf2f6a6586695cd6b9
[DEBUG] ✅ SHA set from selected row: e3159af8b09741a573fa57cf2f6a6586695cd6b9
[DEBUG] status label set: ✅ 🎧 On version line — 🎵 Session branch: <span style="color:#00BCD4;">main</span> — Current take: <span style="color:#00BCD4;">version 2</span>
[DEBUG] ✅ Final scroll to HEAD row 1
[DEBUG] ✅ Matched HEAD SHA: e3159af → row 1
[DEBUG] Selected row = 1, SHA = e3159af8b09741a573fa57cf2f6a6586695cd6b9
[DEBUG] ✅ SHA set from selected row: e3159af8b09741a573fa57cf2f6a6586695cd6b9
[DEBUG] status label set: ✅ 🎧 On version line — 🎵 Session branch: <span style="color:#00BCD4;">main</span> — Current take: <span style="color:#00BCD4;">version 2</span>
[DEBUG] ✅ Final scroll to HEAD row 1
[DEBUG] status label set: ✅ 🎧 On version line — 🎵 Session branch: <span style="color:#00BCD4;">main</span> — Current take: <span style="color:#00BCD4;">version 2</span>
[DEBUG] Full status --porcelain output:
[DEBUG] Raw Git status --porcelain:
[DEBUG] Recently modified .als detected: track.als
🔒 Unsaved changes backed up to: /private/var/folders/yx/c_cp834d18v7ptq75l5x7twm0000gn/T/pytest-of-niccavendish/pytest-0/test_checkout_selected_commit_0/Backup_DetachedCheck_20250520_191244
[DEBUG] Checking out commit: 63fda3958bb766da6b76ca708292d4568f9f5400
[DEBUG] Repo rebound: HEAD = 63fda39
[DEBUG] ✅ Matched HEAD SHA: 63fda39 → row 0
[DEBUG] Selected row = 0, SHA = 63fda3958bb766da6b76ca708292d4568f9f5400
[DEBUG] ✅ SHA set from selected row: 63fda3958bb766da6b76ca708292d4568f9f5400
[DEBUG] status label set: ℹ️ Detached snapshot — not on an active version line
[DEBUG] ✅ Final scroll to HEAD row 0
[DEBUG] status label set: ℹ️ Detached snapshot — not on an active version line
[DEBUG] Initializing Git...
[DEBUG] Found DAW files: [PosixPath('/private/var/folders/yx/c_cp834d18v7ptq75l5x7twm0000gn/T/pytest-of-niccavendish/pytest-0/test_checkout_selected_commit_0/DetachedCheck/track.als')]
[DEBUG] Found existing Git repo at /private/var/folders/yx/c_cp834d18v7ptq75l5x7twm0000gn/T/pytest-of-niccavendish/pytest-0/test_checkout_selected_commit_0/DetachedCheck
🎯 Repo is in detached HEAD state — skipping bind_repo() to preserve HEAD.
[DEBUG] ✅ Matched HEAD SHA: 63fda39 → row 0
[DEBUG] Selected row = 0, SHA = 63fda3958bb766da6b76ca708292d4568f9f5400
[DEBUG] ✅ SHA set from selected row: 63fda3958bb766da6b76ca708292d4568f9f5400
[DEBUG] status label set: ℹ️ Detached snapshot — not on an active version line
[DEBUG] ✅ Final scroll to HEAD row 0
[DEBUG] Full status --porcelain output:
  →  D dummy.als
  →  D session.als
[DEBUG] Raw Git status --porcelain:
[DEBUG] Checking cleaned file path: dummy.als
[DEBUG] Unsaved change detected: dummy.als
[DEBUG] Full status --porcelain output:
[DEBUG] Raw Git status --porcelain:
[DEBUG] Recently modified .als detected: track.als
[32mPASSED[0m
tests_dawgit/test_checkout_safety.py::test_checkout_latest_from_detached_state [TEST MODE] Forced project path via env var: /private/var/folders/yx/c_cp834d18v7ptq75l5x7twm0000gn/T/pytest-of-niccavendish/pytest-0/test_checkout_latest_from_deta0/ReturnTest
[DEBUG] Skipping QTimer.singleShot — parent not visible.
[WARN] Could not load take label for branch main: 'NoneType' object has no attribute 'head'
[WARN] Could not load take label for branch experiment: 'NoneType' object has no attribute 'head'
[WARN] Could not load take label for branch alt_mix: 'NoneType' object has no attribute 'head'
[DEBUG] Skipping QTimer.singleShot — parent not visible.
[WARNING] Stylesheet not loaded: [Errno 2] No such file or directory: 'styles/dawgit_styles.qss'
[DEBUG] Loaded project path: /private/var/folders/yx/c_cp834d18v7ptq75l5x7twm0000gn/T/pytest-of-niccavendish/pytest-0/test_checkout_latest_from_deta0/ReturnTest
[DEBUG] Initializing Git...
[DEBUG] Found DAW files: [PosixPath('/private/var/folders/yx/c_cp834d18v7ptq75l5x7twm0000gn/T/pytest-of-niccavendish/pytest-0/test_checkout_latest_from_deta0/ReturnTest/music.als')]
[DEBUG] Found existing Git repo at /private/var/folders/yx/c_cp834d18v7ptq75l5x7twm0000gn/T/pytest-of-niccavendish/pytest-0/test_checkout_latest_from_deta0/ReturnTest
[DEBUG] Repo rebound: HEAD = 49811ba
[DEBUG] ✅ Matched HEAD SHA: 49811ba → row 0
[DEBUG] Selected row = 0, SHA = 49811ba33b2eef5d429e2951c131ff4896371159
[DEBUG] ✅ SHA set from selected row: 49811ba33b2eef5d429e2951c131ff4896371159
[DEBUG] status label set: ✅ 🎧 On version line — 🎵 Session branch: <span style="color:#00BCD4;">main</span> — Current take: <span style="color:#00BCD4;">version 1</span>
[DEBUG] ✅ Final scroll to HEAD row 0
[DEBUG] status label set: ✅ 🎧 On version line — 🎵 Session branch: <span style="color:#00BCD4;">main</span> — Current take: <span style="color:#00BCD4;">version 1</span>
[DEBUG] status label set: ✅ 🎧 On version line — 🎵 Session branch: <span style="color:#00BCD4;">main</span> — Current take: <span style="color:#00BCD4;">version 1</span>
ℹ️ Existing Git repo found — checking status...
[DEBUG] status label set: ✅ 🎧 On version line — 🎵 Session branch: <span style="color:#00BCD4;">main</span> — Current take: <span style="color:#00BCD4;">version 1</span>
[DEBUG] self.current_commit_id before update_log: 49811ba33b2eef5d429e2951c131ff4896371159
[DEBUG] ✅ Matched HEAD SHA: 49811ba → row 0
[DEBUG] Selected row = 0, SHA = 49811ba33b2eef5d429e2951c131ff4896371159
[DEBUG] ✅ SHA set from selected row: 49811ba33b2eef5d429e2951c131ff4896371159
[DEBUG] status label set: ✅ 🎧 On version line — 🎵 Session branch: <span style="color:#00BCD4;">main</span> — Current take: <span style="color:#00BCD4;">version 1</span>
[DEBUG] ✅ Final scroll to HEAD row 0
[DEBUG] ✅ Matched HEAD SHA: 49811ba → row 0
[DEBUG] Selected row = 0, SHA = 49811ba33b2eef5d429e2951c131ff4896371159
[DEBUG] ✅ SHA set from selected row: 49811ba33b2eef5d429e2951c131ff4896371159
[DEBUG] status label set: ✅ 🎧 On version line — 🎵 Session branch: <span style="color:#00BCD4;">main</span> — Current take: <span style="color:#00BCD4;">version 1</span>
[DEBUG] ✅ Final scroll to HEAD row 0
[DEBUG] status label set: ✅ 🎧 On version line — 🎵 Session branch: <span style="color:#00BCD4;">main</span> — Current take: <span style="color:#00BCD4;">version 1</span>
[DEBUG] Starting commit with message: 'Updated'
[DEBUG] Project path: /private/var/folders/yx/c_cp834d18v7ptq75l5x7twm0000gn/T/pytest-of-niccavendish/pytest-0/test_checkout_latest_from_deta0/ReturnTest
[DEBUG] Repo is None? False
[DEBUG] DAW files found: [PosixPath('/private/var/folders/yx/c_cp834d18v7ptq75l5x7twm0000gn/T/pytest-of-niccavendish/pytest-0/test_checkout_latest_from_deta0/ReturnTest/music.als')]
[DEBUG] ✅ Matched HEAD SHA: e6a3b98 → row 1
[DEBUG] Selected row = 1, SHA = e6a3b9805167736511fa8a6891dcb8dfad90e014
[DEBUG] ✅ SHA set from selected row: e6a3b9805167736511fa8a6891dcb8dfad90e014
[DEBUG] status label set: ✅ 🎧 On version line — 🎵 Session branch: <span style="color:#00BCD4;">main</span> — Current take: <span style="color:#00BCD4;">version 2</span>
[DEBUG] ✅ Final scroll to HEAD row 1
[DEBUG] status label set: ✅ 🎧 On version line — 🎵 Session branch: <span style="color:#00BCD4;">main</span> — Current take: <span style="color:#00BCD4;">version 2</span>
[DEBUG] Commit successful: Updated → e6a3b98
[DEBUG] status label set: ✅ 🎧 On version line — 🎵 Session branch: <span style="color:#00BCD4;">main</span> — Current take: <span style="color:#00BCD4;">version 2</span>
[DEBUG] Full status --porcelain output:
[DEBUG] Raw Git status --porcelain:
[DEBUG] Recently modified .als detected: music.als
🔒 Unsaved changes backed up to: /private/var/folders/yx/c_cp834d18v7ptq75l5x7twm0000gn/T/pytest-of-niccavendish/pytest-0/test_checkout_latest_from_deta0/Backup_ReturnTest_20250520_191246
[DEBUG] Checking out commit: 49811ba33b2eef5d429e2951c131ff4896371159
[DEBUG] Repo rebound: HEAD = 49811ba
[DEBUG] ✅ Matched HEAD SHA: 49811ba → row 0
[DEBUG] Selected row = 0, SHA = 49811ba33b2eef5d429e2951c131ff4896371159
[DEBUG] ✅ SHA set from selected row: 49811ba33b2eef5d429e2951c131ff4896371159
[DEBUG] status label set: ℹ️ Detached snapshot — not on an active version line
[DEBUG] ✅ Final scroll to HEAD row 0
[DEBUG] status label set: ℹ️ Detached snapshot — not on an active version line
[DEBUG] Initializing Git...
[DEBUG] Found DAW files: [PosixPath('/private/var/folders/yx/c_cp834d18v7ptq75l5x7twm0000gn/T/pytest-of-niccavendish/pytest-0/test_checkout_latest_from_deta0/ReturnTest/music.als')]
[DEBUG] Found existing Git repo at /private/var/folders/yx/c_cp834d18v7ptq75l5x7twm0000gn/T/pytest-of-niccavendish/pytest-0/test_checkout_latest_from_deta0/ReturnTest
🎯 Repo is in detached HEAD state — skipping bind_repo() to preserve HEAD.
[DEBUG] ✅ Matched HEAD SHA: 49811ba → row 0
[DEBUG] Selected row = 0, SHA = 49811ba33b2eef5d429e2951c131ff4896371159
[DEBUG] ✅ SHA set from selected row: 49811ba33b2eef5d429e2951c131ff4896371159
[DEBUG] status label set: ℹ️ Detached snapshot — not on an active version line
[DEBUG] ✅ Final scroll to HEAD row 0
[DEBUG] Repo is in detached HEAD. Attempting to switch to 'main'
[DEBUG] Repo rebound: HEAD = e6a3b98
[DEBUG] ✅ Matched HEAD SHA: e6a3b98 → row 1
[DEBUG] Selected row = 1, SHA = e6a3b9805167736511fa8a6891dcb8dfad90e014
[DEBUG] ✅ SHA set from selected row: e6a3b9805167736511fa8a6891dcb8dfad90e014
[DEBUG] status label set: ✅ 🎧 On version line — 🎵 Session branch: <span style="color:#00BCD4;">main</span> — Current take: <span style="color:#00BCD4;">version 2</span>
[DEBUG] ✅ Final scroll to HEAD row 1
[DEBUG] status label set: ✅ 🎧 On version line — 🎵 Session branch: <span style="color:#00BCD4;">main</span> — Current take: <span style="color:#00BCD4;">version 2</span>
[DEBUG] Seeking to highlight SHA: e6a3b98
[DEBUG] Repo rebound: HEAD = e6a3b98
[DEBUG] ✅ Matched HEAD SHA: e6a3b98 → row 1
[DEBUG] Selected row = 1, SHA = e6a3b9805167736511fa8a6891dcb8dfad90e014
[DEBUG] ✅ SHA set from selected row: e6a3b9805167736511fa8a6891dcb8dfad90e014
[DEBUG] status label set: ✅ 🎧 On version line — 🎵 Session branch: <span style="color:#00BCD4;">main</span> — Current take: <span style="color:#00BCD4;">version 2</span>
[DEBUG] ✅ Final scroll to HEAD row 1
[DEBUG] ✅ Matched HEAD SHA in tooltip — selected row 1
[DEBUG] status label set: ✅ 🎧 On version line — 🎵 Session branch: <span style="color:#00BCD4;">main</span> — Current take: <span style="color:#00BCD4;">version 2</span>
[DEBUG] Full status --porcelain output:
[DEBUG] Raw Git status --porcelain:
[DEBUG] Recently modified .als detected: track.als
[DEBUG] Full status --porcelain output:
  →  D dummy.als
  →  D session.als
[DEBUG] Raw Git status --porcelain:
[DEBUG] Checking cleaned file path: dummy.als
[DEBUG] Unsaved change detected: dummy.als
[DEBUG] Full status --porcelain output:
[DEBUG] Raw Git status --porcelain:
[DEBUG] Recently modified .als detected: music.als
[DEBUG] ✅ Forced scroll to row 1
[32mPASSED[0m
tests_dawgit/test_checkout_safety.py::test_backup_folder_created_on_checkout [TEST MODE] Forced project path via env var: /private/var/folders/yx/c_cp834d18v7ptq75l5x7twm0000gn/T/pytest-of-niccavendish/pytest-0/test_backup_folder_created_on_0/BackupTest
[DEBUG] Skipping QTimer.singleShot — parent not visible.
[WARN] Could not load take label for branch main: 'NoneType' object has no attribute 'head'
[WARN] Could not load take label for branch experiment: 'NoneType' object has no attribute 'head'
[WARN] Could not load take label for branch alt_mix: 'NoneType' object has no attribute 'head'
[DEBUG] Skipping QTimer.singleShot — parent not visible.
[WARNING] Stylesheet not loaded: [Errno 2] No such file or directory: 'styles/dawgit_styles.qss'
[DEBUG] Loaded project path: /private/var/folders/yx/c_cp834d18v7ptq75l5x7twm0000gn/T/pytest-of-niccavendish/pytest-0/test_backup_folder_created_on_0/BackupTest
[DEBUG] Initializing Git...
[DEBUG] Found DAW files: [PosixPath('/private/var/folders/yx/c_cp834d18v7ptq75l5x7twm0000gn/T/pytest-of-niccavendish/pytest-0/test_backup_folder_created_on_0/BackupTest/temp.als')]
[DEBUG] Found existing Git repo at /private/var/folders/yx/c_cp834d18v7ptq75l5x7twm0000gn/T/pytest-of-niccavendish/pytest-0/test_backup_folder_created_on_0/BackupTest
[DEBUG] Repo rebound: HEAD = 658675d
[DEBUG] ✅ Matched HEAD SHA: 658675d → row 1
[DEBUG] Selected row = 1, SHA = 658675d2ac4e41c06bd703fbca3d9267a047f272
[DEBUG] ✅ SHA set from selected row: 658675d2ac4e41c06bd703fbca3d9267a047f272
[DEBUG] status label set: ✅ 🎧 On version line — 🎵 Session branch: <span style="color:#00BCD4;">main</span> — Current take: <span style="color:#00BCD4;">version 2</span>
[DEBUG] ✅ Final scroll to HEAD row 1
[DEBUG] status label set: ✅ 🎧 On version line — 🎵 Session branch: <span style="color:#00BCD4;">main</span> — Current take: <span style="color:#00BCD4;">version 2</span>
[DEBUG] status label set: ✅ 🎧 On version line — 🎵 Session branch: <span style="color:#00BCD4;">main</span> — Current take: <span style="color:#00BCD4;">version 2</span>
ℹ️ Existing Git repo found — checking status...
[DEBUG] status label set: ✅ 🎧 On version line — 🎵 Session branch: <span style="color:#00BCD4;">main</span> — Current take: <span style="color:#00BCD4;">version 2</span>
[DEBUG] self.current_commit_id before update_log: 658675d2ac4e41c06bd703fbca3d9267a047f272
[DEBUG] ✅ Matched HEAD SHA: 658675d → row 1
[DEBUG] Selected row = 1, SHA = 658675d2ac4e41c06bd703fbca3d9267a047f272
[DEBUG] ✅ SHA set from selected row: 658675d2ac4e41c06bd703fbca3d9267a047f272
[DEBUG] status label set: ✅ 🎧 On version line — 🎵 Session branch: <span style="color:#00BCD4;">main</span> — Current take: <span style="color:#00BCD4;">version 2</span>
[DEBUG] ✅ Final scroll to HEAD row 1
[DEBUG] ✅ Matched HEAD SHA: 658675d → row 1
[DEBUG] Selected row = 1, SHA = 658675d2ac4e41c06bd703fbca3d9267a047f272
[DEBUG] ✅ SHA set from selected row: 658675d2ac4e41c06bd703fbca3d9267a047f272
[DEBUG] status label set: ✅ 🎧 On version line — 🎵 Session branch: <span style="color:#00BCD4;">main</span> — Current take: <span style="color:#00BCD4;">version 2</span>
[DEBUG] ✅ Final scroll to HEAD row 1
[DEBUG] status label set: ✅ 🎧 On version line — 🎵 Session branch: <span style="color:#00BCD4;">main</span> — Current take: <span style="color:#00BCD4;">version 2</span>
🔒 Unsaved changes backed up to: /private/var/folders/yx/c_cp834d18v7ptq75l5x7twm0000gn/T/pytest-of-niccavendish/pytest-0/test_backup_folder_created_on_0/Backup_BackupTest_20250520_191248
[DEBUG] Full status --porcelain output:
[DEBUG] Raw Git status --porcelain:
[DEBUG] Recently modified .als detected: track.als
[DEBUG] Full status --porcelain output:
  →  D dummy.als
  →  D session.als
[DEBUG] Raw Git status --porcelain:
[DEBUG] Checking cleaned file path: dummy.als
[DEBUG] Unsaved change detected: dummy.als
[DEBUG] Full status --porcelain output:
[DEBUG] Raw Git status --porcelain:
[DEBUG] Recently modified .als detected: music.als
[DEBUG] Full status --porcelain output:
  →  M temp.als
[DEBUG] Raw Git status --porcelain:
[DEBUG] Checking cleaned file path: temp.als
[DEBUG] Unsaved change detected: temp.als
[32mPASSED[0m
tests_dawgit/test_checkout_safety.py::test_git_stash_created_on_return [TEST MODE] Forced project path via env var: /private/var/folders/yx/c_cp834d18v7ptq75l5x7twm0000gn/T/pytest-of-niccavendish/pytest-0/test_git_stash_created_on_retu0/StashTest
[DEBUG] Skipping QTimer.singleShot — parent not visible.
[WARN] Could not load take label for branch main: 'NoneType' object has no attribute 'head'
[WARN] Could not load take label for branch experiment: 'NoneType' object has no attribute 'head'
[WARN] Could not load take label for branch alt_mix: 'NoneType' object has no attribute 'head'
[DEBUG] Skipping QTimer.singleShot — parent not visible.
[WARNING] Stylesheet not loaded: [Errno 2] No such file or directory: 'styles/dawgit_styles.qss'
[DEBUG] Loaded project path: /private/var/folders/yx/c_cp834d18v7ptq75l5x7twm0000gn/T/pytest-of-niccavendish/pytest-0/test_git_stash_created_on_retu0/StashTest
[DEBUG] Initializing Git...
[DEBUG] Found DAW files: [PosixPath('/private/var/folders/yx/c_cp834d18v7ptq75l5x7twm0000gn/T/pytest-of-niccavendish/pytest-0/test_git_stash_created_on_retu0/StashTest/demo.als')]
[DEBUG] Found existing Git repo at /private/var/folders/yx/c_cp834d18v7ptq75l5x7twm0000gn/T/pytest-of-niccavendish/pytest-0/test_git_stash_created_on_retu0/StashTest
[DEBUG] Repo rebound: HEAD = 3d33b7a
[DEBUG] ✅ Matched HEAD SHA: 3d33b7a → row 0
[DEBUG] Selected row = 0, SHA = 3d33b7ae3fc6b0b65135bad5b93228e568ffb04f
[DEBUG] ✅ SHA set from selected row: 3d33b7ae3fc6b0b65135bad5b93228e568ffb04f
[DEBUG] status label set: ✅ 🎧 On version line — 🎵 Session branch: <span style="color:#00BCD4;">main</span> — Current take: <span style="color:#00BCD4;">version 1</span>
[DEBUG] ✅ Final scroll to HEAD row 0
[DEBUG] status label set: ✅ 🎧 On version line — 🎵 Session branch: <span style="color:#00BCD4;">main</span> — Current take: <span style="color:#00BCD4;">version 1</span>
[DEBUG] status label set: ✅ 🎧 On version line — 🎵 Session branch: <span style="color:#00BCD4;">main</span> — Current take: <span style="color:#00BCD4;">version 1</span>
ℹ️ Existing Git repo found — checking status...
[DEBUG] status label set: ✅ 🎧 On version line — 🎵 Session branch: <span style="color:#00BCD4;">main</span> — Current take: <span style="color:#00BCD4;">version 1</span>
[DEBUG] self.current_commit_id before update_log: 3d33b7ae3fc6b0b65135bad5b93228e568ffb04f
[DEBUG] ✅ Matched HEAD SHA: 3d33b7a → row 0
[DEBUG] Selected row = 0, SHA = 3d33b7ae3fc6b0b65135bad5b93228e568ffb04f
[DEBUG] ✅ SHA set from selected row: 3d33b7ae3fc6b0b65135bad5b93228e568ffb04f
[DEBUG] status label set: ✅ 🎧 On version line — 🎵 Session branch: <span style="color:#00BCD4;">main</span> — Current take: <span style="color:#00BCD4;">version 1</span>
[DEBUG] ✅ Final scroll to HEAD row 0
[DEBUG] ✅ Matched HEAD SHA: 3d33b7a → row 0
[DEBUG] Selected row = 0, SHA = 3d33b7ae3fc6b0b65135bad5b93228e568ffb04f
[DEBUG] ✅ SHA set from selected row: 3d33b7ae3fc6b0b65135bad5b93228e568ffb04f
[DEBUG] status label set: ✅ 🎧 On version line — 🎵 Session branch: <span style="color:#00BCD4;">main</span> — Current take: <span style="color:#00BCD4;">version 1</span>
[DEBUG] ✅ Final scroll to HEAD row 0
[DEBUG] status label set: ✅ 🎧 On version line — 🎵 Session branch: <span style="color:#00BCD4;">main</span> — Current take: <span style="color:#00BCD4;">version 1</span>
[DEBUG] Starting commit with message: 'Second'
[DEBUG] Project path: /private/var/folders/yx/c_cp834d18v7ptq75l5x7twm0000gn/T/pytest-of-niccavendish/pytest-0/test_git_stash_created_on_retu0/StashTest
[DEBUG] Repo is None? False
[DEBUG] DAW files found: [PosixPath('/private/var/folders/yx/c_cp834d18v7ptq75l5x7twm0000gn/T/pytest-of-niccavendish/pytest-0/test_git_stash_created_on_retu0/StashTest/demo.als')]
[DEBUG] ✅ Matched HEAD SHA: 492ecba → row 1
[DEBUG] Selected row = 1, SHA = 492ecba4c27ceecf2556b4369ce5c86ba504602e
[DEBUG] ✅ SHA set from selected row: 492ecba4c27ceecf2556b4369ce5c86ba504602e
[DEBUG] status label set: ✅ 🎧 On version line — 🎵 Session branch: <span style="color:#00BCD4;">main</span> — Current take: <span style="color:#00BCD4;">version 2</span>
[DEBUG] ✅ Final scroll to HEAD row 1
[DEBUG] status label set: ✅ 🎧 On version line — 🎵 Session branch: <span style="color:#00BCD4;">main</span> — Current take: <span style="color:#00BCD4;">version 2</span>
[DEBUG] Commit successful: Second → 492ecba
[DEBUG] status label set: ✅ 🎧 On version line — 🎵 Session branch: <span style="color:#00BCD4;">main</span> — Current take: <span style="color:#00BCD4;">version 2</span>
[DEBUG] Full status --porcelain output:
[DEBUG] Raw Git status --porcelain:
[DEBUG] Recently modified .als detected: demo.als
🔒 Unsaved changes backed up to: /private/var/folders/yx/c_cp834d18v7ptq75l5x7twm0000gn/T/pytest-of-niccavendish/pytest-0/test_git_stash_created_on_retu0/Backup_StashTest_20250520_191249
[DEBUG] Checking out commit: 3d33b7ae3fc6b0b65135bad5b93228e568ffb04f
[DEBUG] Repo rebound: HEAD = 3d33b7a
[DEBUG] ✅ Matched HEAD SHA: 3d33b7a → row 0
[DEBUG] Selected row = 0, SHA = 3d33b7ae3fc6b0b65135bad5b93228e568ffb04f
[DEBUG] ✅ SHA set from selected row: 3d33b7ae3fc6b0b65135bad5b93228e568ffb04f
[DEBUG] status label set: ℹ️ Detached snapshot — not on an active version line
[DEBUG] ✅ Final scroll to HEAD row 0
[DEBUG] status label set: ℹ️ Detached snapshot — not on an active version line
[DEBUG] Initializing Git...
[DEBUG] Found DAW files: [PosixPath('/private/var/folders/yx/c_cp834d18v7ptq75l5x7twm0000gn/T/pytest-of-niccavendish/pytest-0/test_git_stash_created_on_retu0/StashTest/demo.als')]
[DEBUG] Found existing Git repo at /private/var/folders/yx/c_cp834d18v7ptq75l5x7twm0000gn/T/pytest-of-niccavendish/pytest-0/test_git_stash_created_on_retu0/StashTest
🎯 Repo is in detached HEAD state — skipping bind_repo() to preserve HEAD.
[DEBUG] ✅ Matched HEAD SHA: 3d33b7a → row 0
[DEBUG] Selected row = 0, SHA = 3d33b7ae3fc6b0b65135bad5b93228e568ffb04f
[DEBUG] ✅ SHA set from selected row: 3d33b7ae3fc6b0b65135bad5b93228e568ffb04f
[DEBUG] status label set: ℹ️ Detached snapshot — not on an active version line
[DEBUG] ✅ Final scroll to HEAD row 0
[DEBUG] Repo is in detached HEAD. Attempting to switch to 'main'
[DEBUG] Full status --porcelain output:
[DEBUG] Raw Git status --porcelain:
[DEBUG] Recently modified .als detected: track.als
[DEBUG] Full status --porcelain output:
  →  D dummy.als
  →  D session.als
[DEBUG] Raw Git status --porcelain:
[DEBUG] Checking cleaned file path: dummy.als
[DEBUG] Unsaved change detected: dummy.als
[DEBUG] Full status --porcelain output:
[DEBUG] Raw Git status --porcelain:
[DEBUG] Recently modified .als detected: music.als
[DEBUG] Full status --porcelain output:
  →  M temp.als
[DEBUG] Raw Git status --porcelain:
[DEBUG] Checking cleaned file path: temp.als
[DEBUG] Unsaved change detected: temp.als
[DEBUG] Full status --porcelain output:
[DEBUG] Raw Git status --porcelain:
[DEBUG] Recently modified .als detected: demo.als
[32mPASSED[0m
tests_dawgit/test_checkout_safety.py::test_switch_branch_with_uncommitted_changes_warns_or_stashes Saved working directory and index state On main: DAWGitApp auto-stash
[DEBUG] Skipping QTimer.singleShot — parent not visible.
[WARN] Could not load take label for branch main: 'NoneType' object has no attribute 'head'
[WARN] Could not load take label for branch experiment: 'NoneType' object has no attribute 'head'
[WARN] Could not load take label for branch alt_mix: 'NoneType' object has no attribute 'head'
[DEBUG] Skipping QTimer.singleShot — parent not visible.
[WARNING] Stylesheet not loaded: [Errno 2] No such file or directory: 'styles/dawgit_styles.qss'
[DEBUG] Loaded project path: /var/folders/yx/c_cp834d18v7ptq75l5x7twm0000gn/T/tmpke5emaj9
[DEBUG] Initializing Git...
[DEBUG] Found DAW files: [PosixPath('/var/folders/yx/c_cp834d18v7ptq75l5x7twm0000gn/T/tmpke5emaj9/track.als')]
[DEBUG] Found existing Git repo at /var/folders/yx/c_cp834d18v7ptq75l5x7twm0000gn/T/tmpke5emaj9
[DEBUG] Repo rebound: HEAD = 877cd70
[DEBUG] ✅ Matched HEAD SHA: 877cd70 → row 1
[DEBUG] Selected row = 1, SHA = 877cd70cffb8c5b0e7777f3bf3b9d4e7e85e929a
[DEBUG] ✅ SHA set from selected row: 877cd70cffb8c5b0e7777f3bf3b9d4e7e85e929a
[DEBUG] status label set: ✅ 🎧 On version line — 🎵 Session branch: <span style="color:#00BCD4;">main</span> — Current take: <span style="color:#00BCD4;">version 2</span>
[DEBUG] ✅ Final scroll to HEAD row 1
[DEBUG] status label set: ✅ 🎧 On version line — 🎵 Session branch: <span style="color:#00BCD4;">main</span> — Current take: <span style="color:#00BCD4;">version 2</span>
[DEBUG] status label set: ✅ 🎧 On version line — 🎵 Session branch: <span style="color:#00BCD4;">main</span> — Current take: <span style="color:#00BCD4;">version 2</span>
ℹ️ Existing Git repo found — checking status...
[DEBUG] status label set: ✅ 🎧 On version line — 🎵 Session branch: <span style="color:#00BCD4;">main</span> — Current take: <span style="color:#00BCD4;">version 2</span>
[DEBUG] self.current_commit_id before update_log: 877cd70cffb8c5b0e7777f3bf3b9d4e7e85e929a
[DEBUG] ✅ Matched HEAD SHA: 877cd70 → row 1
[DEBUG] Selected row = 1, SHA = 877cd70cffb8c5b0e7777f3bf3b9d4e7e85e929a
[DEBUG] ✅ SHA set from selected row: 877cd70cffb8c5b0e7777f3bf3b9d4e7e85e929a
[DEBUG] status label set: ✅ 🎧 On version line — 🎵 Session branch: <span style="color:#00BCD4;">main</span> — Current take: <span style="color:#00BCD4;">version 2</span>
[DEBUG] ✅ Final scroll to HEAD row 1
[DEBUG] ✅ Matched HEAD SHA: 877cd70 → row 1
[DEBUG] Selected row = 1, SHA = 877cd70cffb8c5b0e7777f3bf3b9d4e7e85e929a
[DEBUG] ✅ SHA set from selected row: 877cd70cffb8c5b0e7777f3bf3b9d4e7e85e929a
[DEBUG] status label set: ✅ 🎧 On version line — 🎵 Session branch: <span style="color:#00BCD4;">main</span> — Current take: <span style="color:#00BCD4;">version 2</span>
[DEBUG] ✅ Final scroll to HEAD row 1
[DEBUG] status label set: ✅ 🎧 On version line — 🎵 Session branch: <span style="color:#00BCD4;">main</span> — Current take: <span style="color:#00BCD4;">version 2</span>
[DEBUG] Full status --porcelain output:
  →  M track.als
[DEBUG] Raw Git status --porcelain:
[DEBUG] Checking cleaned file path: track.als
[DEBUG] Unsaved change detected: track.als
🔒 Unsaved changes backed up to: /var/folders/yx/c_cp834d18v7ptq75l5x7twm0000gn/T/Backup_tmpke5emaj9_20250520_191253
[DEBUG] Initializing Git...
[DEBUG] Found DAW files: [PosixPath('/var/folders/yx/c_cp834d18v7ptq75l5x7twm0000gn/T/tmpke5emaj9/track.als')]
[DEBUG] Found existing Git repo at /var/folders/yx/c_cp834d18v7ptq75l5x7twm0000gn/T/tmpke5emaj9
[DEBUG] Repo rebound: HEAD = 6d45bf6
[DEBUG] ✅ Matched HEAD SHA: 6d45bf6 → row 2
[DEBUG] Selected row = 2, SHA = 6d45bf63416c558ea2656f00d50bc1ef19fa90e4
[DEBUG] ✅ SHA set from selected row: 6d45bf63416c558ea2656f00d50bc1ef19fa90e4
[DEBUG] status label set: ✅ 🎧 On version line — 🎵 Session branch: <span style="color:#00BCD4;">alt_branch</span> — Current take: <span style="color:#00BCD4;">version 3</span>
[DEBUG] ✅ Final scroll to HEAD row 2
[DEBUG] status label set: ✅ 🎧 On version line — 🎵 Session branch: <span style="color:#00BCD4;">alt_branch</span> — Current take: <span style="color:#00BCD4;">version 3</span>
[DEBUG] status label set: ✅ 🎧 On version line — 🎵 Session branch: <span style="color:#00BCD4;">alt_branch</span> — Current take: <span style="color:#00BCD4;">version 3</span>
ℹ️ Existing Git repo found — checking status...
[DEBUG] status label set: ✅ 🎧 On version line — 🎵 Session branch: <span style="color:#00BCD4;">alt_branch</span> — Current take: <span style="color:#00BCD4;">version 3</span>
[DEBUG] self.current_commit_id before update_log: 6d45bf63416c558ea2656f00d50bc1ef19fa90e4
[DEBUG] ✅ Matched HEAD SHA: 6d45bf6 → row 2
[DEBUG] Selected row = 2, SHA = 6d45bf63416c558ea2656f00d50bc1ef19fa90e4
[DEBUG] ✅ SHA set from selected row: 6d45bf63416c558ea2656f00d50bc1ef19fa90e4
[DEBUG] status label set: ✅ 🎧 On version line — 🎵 Session branch: <span style="color:#00BCD4;">alt_branch</span> — Current take: <span style="color:#00BCD4;">version 3</span>
[DEBUG] ✅ Final scroll to HEAD row 2
[DEBUG] ✅ Matched HEAD SHA: 6d45bf6 → row 2
[DEBUG] Selected row = 2, SHA = 6d45bf63416c558ea2656f00d50bc1ef19fa90e4
[DEBUG] ✅ SHA set from selected row: 6d45bf63416c558ea2656f00d50bc1ef19fa90e4
[DEBUG] status label set: ✅ 🎧 On version line — 🎵 Session branch: <span style="color:#00BCD4;">alt_branch</span> — Current take: <span style="color:#00BCD4;">version 3</span>
[DEBUG] ✅ Final scroll to HEAD row 2
[DEBUG] Full status --porcelain output:
  →  D dummy.als
  →  D session.als
[DEBUG] Raw Git status --porcelain:
[DEBUG] Checking cleaned file path: dummy.als
[DEBUG] Unsaved change detected: dummy.als
[DEBUG] Full status --porcelain output:
[DEBUG] Raw Git status --porcelain:
[DEBUG] Recently modified .als detected: track.als
[32mPASSED[0m[CLEANUP] Removed file: /var/folders/yx/c_cp834d18v7ptq75l5x7twm0000gn/T/tmpke5emaj9/track.als

tests_dawgit/test_commit_cancel_modal.py::test_commit_cancel_does_not_change_repo [DEBUG] Skipping QTimer.singleShot — parent not visible.
[WARN] Could not load take label for branch main: 'NoneType' object has no attribute 'head'
[WARN] Could not load take label for branch experiment: 'NoneType' object has no attribute 'head'
[WARN] Could not load take label for branch alt_mix: 'NoneType' object has no attribute 'head'
[DEBUG] Skipping QTimer.singleShot — parent not visible.
[WARNING] Stylesheet not loaded: [Errno 2] No such file or directory: 'styles/dawgit_styles.qss'
[DEBUG] Loaded project path: /private/var/folders/yx/c_cp834d18v7ptq75l5x7twm0000gn/T/pytest-of-niccavendish/pytest-0/test_commit_cancel_does_not_ch0/CommitCancelTest
[DEBUG] Initializing Git...
[DEBUG] Found DAW files: [PosixPath('/private/var/folders/yx/c_cp834d18v7ptq75l5x7twm0000gn/T/pytest-of-niccavendish/pytest-0/test_commit_cancel_does_not_ch0/CommitCancelTest/dummy.als')]
[DEBUG] No existing repo found. Initializing new repo at /private/var/folders/yx/c_cp834d18v7ptq75l5x7twm0000gn/T/pytest-of-niccavendish/pytest-0/test_commit_cancel_does_not_ch0/CommitCancelTest
✅ New Git repo initialized.
✅ Saved last project path: /private/var/folders/yx/c_cp834d18v7ptq75l5x7twm0000gn/T/pytest-of-niccavendish/pytest-0/test_commit_cancel_does_not_ch0/CommitCancelTest
[DEBUG] status label set: ✅ 🎧 On version line — 🎵 Session branch: <span style="color:#00BCD4;">main</span> — Current take: <span style="color:#00BCD4;">version 1</span>
[DEBUG] self.current_commit_id before update_log: 1758cbb48d291c6db6228f87fe55b3a24bdf416c
[DEBUG] ✅ Matched HEAD SHA: 1758cbb → row 0
[DEBUG] Selected row = 0, SHA = 1758cbb48d291c6db6228f87fe55b3a24bdf416c
[DEBUG] ✅ SHA set from selected row: 1758cbb48d291c6db6228f87fe55b3a24bdf416c
[DEBUG] status label set: ✅ 🎧 On version line — 🎵 Session branch: <span style="color:#00BCD4;">main</span> — Current take: <span style="color:#00BCD4;">version 1</span>
[DEBUG] ✅ Final scroll to HEAD row 0
[DEBUG] ✅ Matched HEAD SHA: 1758cbb → row 0
[DEBUG] Selected row = 0, SHA = 1758cbb48d291c6db6228f87fe55b3a24bdf416c
[DEBUG] ✅ SHA set from selected row: 1758cbb48d291c6db6228f87fe55b3a24bdf416c
[DEBUG] status label set: ✅ 🎧 On version line — 🎵 Session branch: <span style="color:#00BCD4;">main</span> — Current take: <span style="color:#00BCD4;">version 1</span>
[DEBUG] ✅ Final scroll to HEAD row 0
[DEBUG] status label set: ✅ 🎧 On version line — 🎵 Session branch: <span style="color:#00BCD4;">main</span> — Current take: <span style="color:#00BCD4;">version 1</span>
[DEBUG] Initializing Git...
[DEBUG] Found DAW files: [PosixPath('/private/var/folders/yx/c_cp834d18v7ptq75l5x7twm0000gn/T/pytest-of-niccavendish/pytest-0/test_commit_cancel_does_not_ch0/CommitCancelTest/dummy.als')]
[DEBUG] Found existing Git repo at /private/var/folders/yx/c_cp834d18v7ptq75l5x7twm0000gn/T/pytest-of-niccavendish/pytest-0/test_commit_cancel_does_not_ch0/CommitCancelTest
[DEBUG] Repo rebound: HEAD = 1758cbb
[DEBUG] ✅ Matched HEAD SHA: 1758cbb → row 0
[DEBUG] Selected row = 0, SHA = 1758cbb48d291c6db6228f87fe55b3a24bdf416c
[DEBUG] ✅ SHA set from selected row: 1758cbb48d291c6db6228f87fe55b3a24bdf416c
[DEBUG] status label set: ✅ 🎧 On version line — 🎵 Session branch: <span style="color:#00BCD4;">main</span> — Current take: <span style="color:#00BCD4;">version 1</span>
[DEBUG] ✅ Final scroll to HEAD row 0
[DEBUG] status label set: ✅ 🎧 On version line — 🎵 Session branch: <span style="color:#00BCD4;">main</span> — Current take: <span style="color:#00BCD4;">version 1</span>
[DEBUG] status label set: ✅ 🎧 On version line — 🎵 Session branch: <span style="color:#00BCD4;">main</span> — Current take: <span style="color:#00BCD4;">version 1</span>
ℹ️ Existing Git repo found — checking status...
[DEBUG] status label set: ✅ 🎧 On version line — 🎵 Session branch: <span style="color:#00BCD4;">main</span> — Current take: <span style="color:#00BCD4;">version 1</span>
[DEBUG] self.current_commit_id before update_log: 1758cbb48d291c6db6228f87fe55b3a24bdf416c
[DEBUG] ✅ Matched HEAD SHA: 1758cbb → row 0
[DEBUG] Selected row = 0, SHA = 1758cbb48d291c6db6228f87fe55b3a24bdf416c
[DEBUG] ✅ SHA set from selected row: 1758cbb48d291c6db6228f87fe55b3a24bdf416c
[DEBUG] status label set: ✅ 🎧 On version line — 🎵 Session branch: <span style="color:#00BCD4;">main</span> — Current take: <span style="color:#00BCD4;">version 1</span>
[DEBUG] ✅ Final scroll to HEAD row 0
[DEBUG] Full status --porcelain output:
  →  D dummy.als
  →  D session.als
[DEBUG] Raw Git status --porcelain:
[DEBUG] Checking cleaned file path: dummy.als
[DEBUG] Unsaved change detected: dummy.als
[DEBUG] Full status --porcelain output:
  →  D track.als
[DEBUG] Raw Git status --porcelain:
[DEBUG] Checking cleaned file path: track.als
[DEBUG] Unsaved change detected: track.als
[DEBUG] Full status --porcelain output:
[DEBUG] Raw Git status --porcelain:
[DEBUG] Recently modified .als detected: dummy.als
[32mPASSED[0m
tests_dawgit/test_commit_deletion.py::test_delete_commit [WARNING] Stylesheet not loaded: [Errno 2] No such file or directory: 'styles/dawgit_styles.qss'
[DEBUG] Loaded project path: /private/var/folders/yx/c_cp834d18v7ptq75l5x7twm0000gn/T/pytest-of-niccavendish/pytest-0/test_delete_commit0/DeleteCommitRepo
[DEBUG] Initializing Git...
[DEBUG] Found DAW files: [PosixPath('/private/var/folders/yx/c_cp834d18v7ptq75l5x7twm0000gn/T/pytest-of-niccavendish/pytest-0/test_delete_commit0/DeleteCommitRepo/second.als'), PosixPath('/private/var/folders/yx/c_cp834d18v7ptq75l5x7twm0000gn/T/pytest-of-niccavendish/pytest-0/test_delete_commit0/DeleteCommitRepo/file.als')]
[DEBUG] Found existing Git repo at /private/var/folders/yx/c_cp834d18v7ptq75l5x7twm0000gn/T/pytest-of-niccavendish/pytest-0/test_delete_commit0/DeleteCommitRepo
[DEBUG] Repo rebound: HEAD = f2f49b5
ℹ️ Existing Git repo found — checking status...
⚠️ Skipping update_log(): history_table not initialized yet.
[DEBUG] Initializing Git...
[DEBUG] Found DAW files: [PosixPath('/private/var/folders/yx/c_cp834d18v7ptq75l5x7twm0000gn/T/pytest-of-niccavendish/pytest-0/test_delete_commit0/DeleteCommitRepo/second.als'), PosixPath('/private/var/folders/yx/c_cp834d18v7ptq75l5x7twm0000gn/T/pytest-of-niccavendish/pytest-0/test_delete_commit0/DeleteCommitRepo/file.als')]
[DEBUG] Found existing Git repo at /private/var/folders/yx/c_cp834d18v7ptq75l5x7twm0000gn/T/pytest-of-niccavendish/pytest-0/test_delete_commit0/DeleteCommitRepo
[DEBUG] Repo rebound: HEAD = f2f49b5
ℹ️ Existing Git repo found — checking status...
⚠️ Skipping update_log(): history_table not initialized yet.
[DEBUG] Full status --porcelain output:
[DEBUG] Raw Git status --porcelain:
[DEBUG] Recently modified .als detected: second.als
🔒 Unsaved changes backed up to: /private/var/folders/yx/c_cp834d18v7ptq75l5x7twm0000gn/T/pytest-of-niccavendish/pytest-0/test_delete_commit0/Backup_DeleteCommitRepo_20250520_191258
[DEBUG] Initializing Git...
[DEBUG] Found DAW files: [PosixPath('/private/var/folders/yx/c_cp834d18v7ptq75l5x7twm0000gn/T/pytest-of-niccavendish/pytest-0/test_delete_commit0/DeleteCommitRepo/second.als'), PosixPath('/private/var/folders/yx/c_cp834d18v7ptq75l5x7twm0000gn/T/pytest-of-niccavendish/pytest-0/test_delete_commit0/DeleteCommitRepo/file.als')]
[DEBUG] Found existing Git repo at /private/var/folders/yx/c_cp834d18v7ptq75l5x7twm0000gn/T/pytest-of-niccavendish/pytest-0/test_delete_commit0/DeleteCommitRepo
[DEBUG] Repo rebound: HEAD = f2f49b5
[DEBUG] ✅ Matched HEAD SHA: f2f49b5 → row 1
[DEBUG] Selected row = 1, SHA = f2f49b5b459fecc244571b6816f6322c8e15e5b9
[DEBUG] ✅ SHA set from selected row: f2f49b5b459fecc244571b6816f6322c8e15e5b9
[DEBUG] ✅ Final scroll to HEAD row 1
ℹ️ Existing Git repo found — checking status...
[DEBUG] self.current_commit_id before update_log: f2f49b5b459fecc244571b6816f6322c8e15e5b9
[DEBUG] ✅ Matched HEAD SHA: f2f49b5 → row 1
[DEBUG] Selected row = 1, SHA = f2f49b5b459fecc244571b6816f6322c8e15e5b9
[DEBUG] ✅ SHA set from selected row: f2f49b5b459fecc244571b6816f6322c8e15e5b9
[DEBUG] ✅ Final scroll to HEAD row 1
[DEBUG] ✅ Matched HEAD SHA: f2f49b5 → row 1
[DEBUG] Selected row = 1, SHA = f2f49b5b459fecc244571b6816f6322c8e15e5b9
[DEBUG] ✅ SHA set from selected row: f2f49b5b459fecc244571b6816f6322c8e15e5b9
[DEBUG] ✅ Final scroll to HEAD row 1
[STATUS] 🗑️ Snapshot deleted using rebase --onto.
[DEBUG] Skipping test/placeholder file: /private/var/folders/yx/c_cp834d18v7ptq75l5x7twm0000gn/T/pytest-of-niccavendish/pytest-0/test_delete_commit0/DeleteCommitRepo/second.als
[DEBUG] Full status --porcelain output:
  →  D dummy.als
  →  D session.als
[DEBUG] Raw Git status --porcelain:
[DEBUG] Checking cleaned file path: dummy.als
[DEBUG] Unsaved change detected: dummy.als
[DEBUG] Full status --porcelain output:
  →  D track.als
[DEBUG] Raw Git status --porcelain:
[DEBUG] Checking cleaned file path: track.als
[DEBUG] Unsaved change detected: track.als
[32mPASSED[0m
tests_dawgit/test_commit_deletion_effect.py::test_deleted_commit_disappears_from_history [WARNING] Stylesheet not loaded: [Errno 2] No such file or directory: 'styles/dawgit_styles.qss'
[DEBUG] Loaded project path: /private/var/folders/yx/c_cp834d18v7ptq75l5x7twm0000gn/T/pytest-of-niccavendish/pytest-0/test_deleted_commit_disappears0/DeleteCommitTest
[DEBUG] Initializing Git...
[DEBUG] Found DAW files: [PosixPath('/private/var/folders/yx/c_cp834d18v7ptq75l5x7twm0000gn/T/pytest-of-niccavendish/pytest-0/test_deleted_commit_disappears0/DeleteCommitTest/a.als'), PosixPath('/private/var/folders/yx/c_cp834d18v7ptq75l5x7twm0000gn/T/pytest-of-niccavendish/pytest-0/test_deleted_commit_disappears0/DeleteCommitTest/b.als')]
[DEBUG] Found existing Git repo at /private/var/folders/yx/c_cp834d18v7ptq75l5x7twm0000gn/T/pytest-of-niccavendish/pytest-0/test_deleted_commit_disappears0/DeleteCommitTest
[DEBUG] Repo rebound: HEAD = f880e78
ℹ️ Existing Git repo found — checking status...
⚠️ Skipping update_log(): history_table not initialized yet.
[DEBUG] Initializing Git...
[DEBUG] Found DAW files: [PosixPath('/private/var/folders/yx/c_cp834d18v7ptq75l5x7twm0000gn/T/pytest-of-niccavendish/pytest-0/test_deleted_commit_disappears0/DeleteCommitTest/a.als'), PosixPath('/private/var/folders/yx/c_cp834d18v7ptq75l5x7twm0000gn/T/pytest-of-niccavendish/pytest-0/test_deleted_commit_disappears0/DeleteCommitTest/b.als')]
[DEBUG] Found existing Git repo at /private/var/folders/yx/c_cp834d18v7ptq75l5x7twm0000gn/T/pytest-of-niccavendish/pytest-0/test_deleted_commit_disappears0/DeleteCommitTest
[DEBUG] Repo rebound: HEAD = f880e78
ℹ️ Existing Git repo found — checking status...
⚠️ Skipping update_log(): history_table not initialized yet.
[WARNING] Stylesheet not loaded: [Errno 2] No such file or directory: 'styles/dawgit_styles.qss'
[DEBUG] Loaded project path: /private/var/folders/yx/c_cp834d18v7ptq75l5x7twm0000gn/T/pytest-of-niccavendish/pytest-0/test_deleted_commit_disappears0/DeleteCommitTest
[DEBUG] Initializing Git...
[DEBUG] Found DAW files: [PosixPath('/private/var/folders/yx/c_cp834d18v7ptq75l5x7twm0000gn/T/pytest-of-niccavendish/pytest-0/test_deleted_commit_disappears0/DeleteCommitTest/a.als'), PosixPath('/private/var/folders/yx/c_cp834d18v7ptq75l5x7twm0000gn/T/pytest-of-niccavendish/pytest-0/test_deleted_commit_disappears0/DeleteCommitTest/b.als')]
[DEBUG] Found existing Git repo at /private/var/folders/yx/c_cp834d18v7ptq75l5x7twm0000gn/T/pytest-of-niccavendish/pytest-0/test_deleted_commit_disappears0/DeleteCommitTest
[DEBUG] Repo rebound: HEAD = 95fb725
ℹ️ Existing Git repo found — checking status...
⚠️ Skipping update_log(): history_table not initialized yet.
[DEBUG] Initializing Git...
[DEBUG] Found DAW files: [PosixPath('/private/var/folders/yx/c_cp834d18v7ptq75l5x7twm0000gn/T/pytest-of-niccavendish/pytest-0/test_deleted_commit_disappears0/DeleteCommitTest/a.als'), PosixPath('/private/var/folders/yx/c_cp834d18v7ptq75l5x7twm0000gn/T/pytest-of-niccavendish/pytest-0/test_deleted_commit_disappears0/DeleteCommitTest/b.als')]
[DEBUG] Found existing Git repo at /private/var/folders/yx/c_cp834d18v7ptq75l5x7twm0000gn/T/pytest-of-niccavendish/pytest-0/test_deleted_commit_disappears0/DeleteCommitTest
[DEBUG] Repo rebound: HEAD = 95fb725
ℹ️ Existing Git repo found — checking status...
⚠️ Skipping update_log(): history_table not initialized yet.
[DEBUG] Full status --porcelain output:
[DEBUG] Raw Git status --porcelain:
[DEBUG] Recently modified .als detected: a.als
🔒 Unsaved changes backed up to: /private/var/folders/yx/c_cp834d18v7ptq75l5x7twm0000gn/T/pytest-of-niccavendish/pytest-0/test_deleted_commit_disappears0/Backup_DeleteCommitTest_20250520_191259
[DEBUG] Initializing Git...
[DEBUG] Found DAW files: [PosixPath('/private/var/folders/yx/c_cp834d18v7ptq75l5x7twm0000gn/T/pytest-of-niccavendish/pytest-0/test_deleted_commit_disappears0/DeleteCommitTest/a.als'), PosixPath('/private/var/folders/yx/c_cp834d18v7ptq75l5x7twm0000gn/T/pytest-of-niccavendish/pytest-0/test_deleted_commit_disappears0/DeleteCommitTest/b.als')]
[DEBUG] Found existing Git repo at /private/var/folders/yx/c_cp834d18v7ptq75l5x7twm0000gn/T/pytest-of-niccavendish/pytest-0/test_deleted_commit_disappears0/DeleteCommitTest
[DEBUG] Repo rebound: HEAD = f880e78
[DEBUG] ✅ Matched HEAD SHA: f880e78 → row 0
[DEBUG] Selected row = 0, SHA = f880e78766566e508f9b2211724408d264ec75c3
[DEBUG] ✅ SHA set from selected row: f880e78766566e508f9b2211724408d264ec75c3
[DEBUG] ✅ Final scroll to HEAD row 0
ℹ️ Existing Git repo found — checking status...
[DEBUG] self.current_commit_id before update_log: f880e78766566e508f9b2211724408d264ec75c3
[DEBUG] ✅ Matched HEAD SHA: f880e78 → row 0
[DEBUG] Selected row = 0, SHA = f880e78766566e508f9b2211724408d264ec75c3
[DEBUG] ✅ SHA set from selected row: f880e78766566e508f9b2211724408d264ec75c3
[DEBUG] ✅ Final scroll to HEAD row 0
[DEBUG] ✅ Matched HEAD SHA: f880e78 → row 0
[DEBUG] Selected row = 0, SHA = f880e78766566e508f9b2211724408d264ec75c3
[DEBUG] ✅ SHA set from selected row: f880e78766566e508f9b2211724408d264ec75c3
[DEBUG] ✅ Final scroll to HEAD row 0
[STATUS] 🗑️ Snapshot deleted using rebase --onto.
[DEBUG] Skipping test/placeholder file: /private/var/folders/yx/c_cp834d18v7ptq75l5x7twm0000gn/T/pytest-of-niccavendish/pytest-0/test_deleted_commit_disappears0/DeleteCommitTest/b.als
[DEBUG] Full status --porcelain output:
  →  D dummy.als
  →  D session.als
[DEBUG] Raw Git status --porcelain:
[DEBUG] Checking cleaned file path: dummy.als
[DEBUG] Unsaved change detected: dummy.als
[DEBUG] Full status --porcelain output:
  →  D track.als
[DEBUG] Raw Git status --porcelain:
[DEBUG] Checking cleaned file path: track.als
[DEBUG] Unsaved change detected: track.als
[32mPASSED[0m
tests_dawgit/test_commit_logic.py::test_commit_requires_daw_file [TEST MODE] Forced project path via env var: /var/folders/yx/c_cp834d18v7ptq75l5x7twm0000gn/T/tmpke5emaj9
[DEBUG] Skipping QTimer.singleShot — parent not visible.
[WARN] Could not load take label for branch main: 'NoneType' object has no attribute 'head'
[WARN] Could not load take label for branch experiment: 'NoneType' object has no attribute 'head'
[WARN] Could not load take label for branch alt_mix: 'NoneType' object has no attribute 'head'
[DEBUG] Skipping QTimer.singleShot — parent not visible.
[WARNING] Stylesheet not loaded: [Errno 2] No such file or directory: 'styles/dawgit_styles.qss'
[DEBUG] Loaded project path: /var/folders/yx/c_cp834d18v7ptq75l5x7twm0000gn/T/tmpke5emaj9
[DEBUG] Initializing Git...
[DEBUG] Found DAW files: []
🧪 [Test Mode] No DAW files found — continuing with empty project.
[DEBUG] Found existing Git repo at /var/folders/yx/c_cp834d18v7ptq75l5x7twm0000gn/T/tmpke5emaj9
[DEBUG] Repo rebound: HEAD = 877cd70
[DEBUG] ✅ Matched HEAD SHA: 877cd70 → row 1
[DEBUG] Selected row = 1, SHA = 877cd70cffb8c5b0e7777f3bf3b9d4e7e85e929a
[DEBUG] ✅ SHA set from selected row: 877cd70cffb8c5b0e7777f3bf3b9d4e7e85e929a
[DEBUG] status label set: ✅ 🎧 On version line — 🎵 Session branch: <span style="color:#00BCD4;">main</span> — Current take: <span style="color:#00BCD4;">version 2</span>
[DEBUG] ✅ Final scroll to HEAD row 1
[DEBUG] status label set: ✅ 🎧 On version line — 🎵 Session branch: <span style="color:#00BCD4;">main</span> — Current take: <span style="color:#00BCD4;">version 2</span>
[DEBUG] status label set: ✅ 🎧 On version line — 🎵 Session branch: <span style="color:#00BCD4;">main</span> — Current take: <span style="color:#00BCD4;">version 2</span>
ℹ️ Existing Git repo found — checking status...
[DEBUG] status label set: ✅ 🎧 On version line — 🎵 Session branch: <span style="color:#00BCD4;">main</span> — Current take: <span style="color:#00BCD4;">version 2</span>
[DEBUG] self.current_commit_id before update_log: 877cd70cffb8c5b0e7777f3bf3b9d4e7e85e929a
[DEBUG] ✅ Matched HEAD SHA: 877cd70 → row 1
[DEBUG] Selected row = 1, SHA = 877cd70cffb8c5b0e7777f3bf3b9d4e7e85e929a
[DEBUG] ✅ SHA set from selected row: 877cd70cffb8c5b0e7777f3bf3b9d4e7e85e929a
[DEBUG] status label set: ✅ 🎧 On version line — 🎵 Session branch: <span style="color:#00BCD4;">main</span> — Current take: <span style="color:#00BCD4;">version 2</span>
[DEBUG] ✅ Final scroll to HEAD row 1
[DEBUG] ✅ Matched HEAD SHA: 877cd70 → row 1
[DEBUG] Selected row = 1, SHA = 877cd70cffb8c5b0e7777f3bf3b9d4e7e85e929a
[DEBUG] ✅ SHA set from selected row: 877cd70cffb8c5b0e7777f3bf3b9d4e7e85e929a
[DEBUG] status label set: ✅ 🎧 On version line — 🎵 Session branch: <span style="color:#00BCD4;">main</span> — Current take: <span style="color:#00BCD4;">version 2</span>
[DEBUG] ✅ Final scroll to HEAD row 1
[DEBUG] status label set: ✅ 🎧 On version line — 🎵 Session branch: <span style="color:#00BCD4;">main</span> — Current take: <span style="color:#00BCD4;">version 2</span>
[DEBUG] Full status --porcelain output:
  →  D dummy.als
  →  D session.als
[DEBUG] Raw Git status --porcelain:
[DEBUG] Checking cleaned file path: dummy.als
[DEBUG] Unsaved change detected: dummy.als
[DEBUG] Full status --porcelain output:
  →  D track.als
[DEBUG] Raw Git status --porcelain:
[DEBUG] Checking cleaned file path: track.als
[DEBUG] Unsaved change detected: track.als
[32mPASSED[0m
tests_dawgit/test_commit_logic.py::test_commit_with_als_file [TEST MODE] Forced project path via env var: /var/folders/yx/c_cp834d18v7ptq75l5x7twm0000gn/T/tmpke5emaj9
[DEBUG] Skipping QTimer.singleShot — parent not visible.
[WARN] Could not load take label for branch main: 'NoneType' object has no attribute 'head'
[WARN] Could not load take label for branch experiment: 'NoneType' object has no attribute 'head'
[WARN] Could not load take label for branch alt_mix: 'NoneType' object has no attribute 'head'
[DEBUG] Skipping QTimer.singleShot — parent not visible.
[WARNING] Stylesheet not loaded: [Errno 2] No such file or directory: 'styles/dawgit_styles.qss'
[DEBUG] Loaded project path: /var/folders/yx/c_cp834d18v7ptq75l5x7twm0000gn/T/tmpke5emaj9
[DEBUG] Initializing Git...
[DEBUG] Found DAW files: []
🧪 [Test Mode] No DAW files found — continuing with empty project.
[DEBUG] Found existing Git repo at /var/folders/yx/c_cp834d18v7ptq75l5x7twm0000gn/T/tmpke5emaj9
[DEBUG] Repo rebound: HEAD = 877cd70
[DEBUG] ✅ Matched HEAD SHA: 877cd70 → row 1
[DEBUG] Selected row = 1, SHA = 877cd70cffb8c5b0e7777f3bf3b9d4e7e85e929a
[DEBUG] ✅ SHA set from selected row: 877cd70cffb8c5b0e7777f3bf3b9d4e7e85e929a
[DEBUG] status label set: ✅ 🎧 On version line — 🎵 Session branch: <span style="color:#00BCD4;">main</span> — Current take: <span style="color:#00BCD4;">version 2</span>
[DEBUG] ✅ Final scroll to HEAD row 1
[DEBUG] status label set: ✅ 🎧 On version line — 🎵 Session branch: <span style="color:#00BCD4;">main</span> — Current take: <span style="color:#00BCD4;">version 2</span>
[DEBUG] status label set: ✅ 🎧 On version line — 🎵 Session branch: <span style="color:#00BCD4;">main</span> — Current take: <span style="color:#00BCD4;">version 2</span>
ℹ️ Existing Git repo found — checking status...
[DEBUG] status label set: ✅ 🎧 On version line — 🎵 Session branch: <span style="color:#00BCD4;">main</span> — Current take: <span style="color:#00BCD4;">version 2</span>
[DEBUG] self.current_commit_id before update_log: 877cd70cffb8c5b0e7777f3bf3b9d4e7e85e929a
[DEBUG] ✅ Matched HEAD SHA: 877cd70 → row 1
[DEBUG] Selected row = 1, SHA = 877cd70cffb8c5b0e7777f3bf3b9d4e7e85e929a
[DEBUG] ✅ SHA set from selected row: 877cd70cffb8c5b0e7777f3bf3b9d4e7e85e929a
[DEBUG] status label set: ✅ 🎧 On version line — 🎵 Session branch: <span style="color:#00BCD4;">main</span> — Current take: <span style="color:#00BCD4;">version 2</span>
[DEBUG] ✅ Final scroll to HEAD row 1
[DEBUG] ✅ Matched HEAD SHA: 877cd70 → row 1
[DEBUG] Selected row = 1, SHA = 877cd70cffb8c5b0e7777f3bf3b9d4e7e85e929a
[DEBUG] ✅ SHA set from selected row: 877cd70cffb8c5b0e7777f3bf3b9d4e7e85e929a
[DEBUG] status label set: ✅ 🎧 On version line — 🎵 Session branch: <span style="color:#00BCD4;">main</span> — Current take: <span style="color:#00BCD4;">version 2</span>
[DEBUG] ✅ Final scroll to HEAD row 1
[DEBUG] status label set: ✅ 🎧 On version line — 🎵 Session branch: <span style="color:#00BCD4;">main</span> — Current take: <span style="color:#00BCD4;">version 2</span>
[DEBUG] Starting commit with message: 'Updated .als'
[DEBUG] Project path: /private/var/folders/yx/c_cp834d18v7ptq75l5x7twm0000gn/T/pytest-of-niccavendish/pytest-0/test_commit_with_als_file0/WithALS
[DEBUG] Repo is None? False
[DEBUG] DAW files found: [PosixPath('/private/var/folders/yx/c_cp834d18v7ptq75l5x7twm0000gn/T/pytest-of-niccavendish/pytest-0/test_commit_with_als_file0/WithALS/song.als')]
[DEBUG] ✅ Matched HEAD SHA: f277a9b → row 1
[DEBUG] Selected row = 1, SHA = f277a9ba73e421e5276fe5cdf7d07922d8a817d6
[DEBUG] ✅ SHA set from selected row: f277a9ba73e421e5276fe5cdf7d07922d8a817d6
[DEBUG] status label set: ✅ 🎧 On version line — 🎵 Session branch: <span style="color:#00BCD4;">main</span> — Current take: <span style="color:#00BCD4;">version 2</span>
[DEBUG] ✅ Final scroll to HEAD row 1
[DEBUG] status label set: ✅ 🎧 On version line — 🎵 Session branch: <span style="color:#00BCD4;">main</span> — Current take: <span style="color:#00BCD4;">version 2</span>
[DEBUG] Commit successful: Updated .als → f277a9b
[DEBUG] status label set: ✅ 🎧 On version line — 🎵 Session branch: <span style="color:#00BCD4;">main</span> — Current take: <span style="color:#00BCD4;">version 2</span>
[DEBUG] Full status --porcelain output:
  →  D dummy.als
  →  D session.als
[DEBUG] Raw Git status --porcelain:
[DEBUG] Checking cleaned file path: dummy.als
[DEBUG] Unsaved change detected: dummy.als
[DEBUG] Full status --porcelain output:
  →  D track.als
[DEBUG] Raw Git status --porcelain:
[DEBUG] Checking cleaned file path: track.als
[DEBUG] Unsaved change detected: track.als
[DEBUG] Full status --porcelain output:
[DEBUG] Raw Git status --porcelain:
[DEBUG] Recently modified .als detected: song.als
[32mPASSED[0m
tests_dawgit/test_commit_logic.py::test_commit_with_logicx_file [TEST MODE] Forced project path via env var: /var/folders/yx/c_cp834d18v7ptq75l5x7twm0000gn/T/tmpke5emaj9
[DEBUG] Skipping QTimer.singleShot — parent not visible.
[WARN] Could not load take label for branch main: 'NoneType' object has no attribute 'head'
[WARN] Could not load take label for branch experiment: 'NoneType' object has no attribute 'head'
[WARN] Could not load take label for branch alt_mix: 'NoneType' object has no attribute 'head'
[DEBUG] Skipping QTimer.singleShot — parent not visible.
[WARNING] Stylesheet not loaded: [Errno 2] No such file or directory: 'styles/dawgit_styles.qss'
[DEBUG] Loaded project path: /var/folders/yx/c_cp834d18v7ptq75l5x7twm0000gn/T/tmpke5emaj9
[DEBUG] Initializing Git...
[DEBUG] Found DAW files: []
🧪 [Test Mode] No DAW files found — continuing with empty project.
[DEBUG] Found existing Git repo at /var/folders/yx/c_cp834d18v7ptq75l5x7twm0000gn/T/tmpke5emaj9
[DEBUG] Repo rebound: HEAD = 877cd70
[DEBUG] ✅ Matched HEAD SHA: 877cd70 → row 1
[DEBUG] Selected row = 1, SHA = 877cd70cffb8c5b0e7777f3bf3b9d4e7e85e929a
[DEBUG] ✅ SHA set from selected row: 877cd70cffb8c5b0e7777f3bf3b9d4e7e85e929a
[DEBUG] status label set: ✅ 🎧 On version line — 🎵 Session branch: <span style="color:#00BCD4;">main</span> — Current take: <span style="color:#00BCD4;">version 2</span>
[DEBUG] ✅ Final scroll to HEAD row 1
[DEBUG] status label set: ✅ 🎧 On version line — 🎵 Session branch: <span style="color:#00BCD4;">main</span> — Current take: <span style="color:#00BCD4;">version 2</span>
[DEBUG] status label set: ✅ 🎧 On version line — 🎵 Session branch: <span style="color:#00BCD4;">main</span> — Current take: <span style="color:#00BCD4;">version 2</span>
ℹ️ Existing Git repo found — checking status...
[DEBUG] status label set: ✅ 🎧 On version line — 🎵 Session branch: <span style="color:#00BCD4;">main</span> — Current take: <span style="color:#00BCD4;">version 2</span>
[DEBUG] self.current_commit_id before update_log: 877cd70cffb8c5b0e7777f3bf3b9d4e7e85e929a
[DEBUG] ✅ Matched HEAD SHA: 877cd70 → row 1
[DEBUG] Selected row = 1, SHA = 877cd70cffb8c5b0e7777f3bf3b9d4e7e85e929a
[DEBUG] ✅ SHA set from selected row: 877cd70cffb8c5b0e7777f3bf3b9d4e7e85e929a
[DEBUG] status label set: ✅ 🎧 On version line — 🎵 Session branch: <span style="color:#00BCD4;">main</span> — Current take: <span style="color:#00BCD4;">version 2</span>
[DEBUG] ✅ Final scroll to HEAD row 1
[DEBUG] ✅ Matched HEAD SHA: 877cd70 → row 1
[DEBUG] Selected row = 1, SHA = 877cd70cffb8c5b0e7777f3bf3b9d4e7e85e929a
[DEBUG] ✅ SHA set from selected row: 877cd70cffb8c5b0e7777f3bf3b9d4e7e85e929a
[DEBUG] status label set: ✅ 🎧 On version line — 🎵 Session branch: <span style="color:#00BCD4;">main</span> — Current take: <span style="color:#00BCD4;">version 2</span>
[DEBUG] ✅ Final scroll to HEAD row 1
[DEBUG] status label set: ✅ 🎧 On version line — 🎵 Session branch: <span style="color:#00BCD4;">main</span> — Current take: <span style="color:#00BCD4;">version 2</span>
[DEBUG] Starting commit with message: 'Logic update'
[DEBUG] Project path: /private/var/folders/yx/c_cp834d18v7ptq75l5x7twm0000gn/T/pytest-of-niccavendish/pytest-0/test_commit_with_logicx_file0/WithLogic
[DEBUG] Repo is None? False
[DEBUG] DAW files found: [PosixPath('/private/var/folders/yx/c_cp834d18v7ptq75l5x7twm0000gn/T/pytest-of-niccavendish/pytest-0/test_commit_with_logicx_file0/WithLogic/beat.logicx')]
[DEBUG] ✅ Matched HEAD SHA: c0c39c0 → row 1
[DEBUG] Selected row = 1, SHA = c0c39c0e5d0cfd700c496b4d1a02338659ba0e96
[DEBUG] ✅ SHA set from selected row: c0c39c0e5d0cfd700c496b4d1a02338659ba0e96
[DEBUG] status label set: ✅ 🎧 On version line — 🎵 Session branch: <span style="color:#00BCD4;">main</span> — Current take: <span style="color:#00BCD4;">version 2</span>
[DEBUG] ✅ Final scroll to HEAD row 1
[DEBUG] status label set: ✅ 🎧 On version line — 🎵 Session branch: <span style="color:#00BCD4;">main</span> — Current take: <span style="color:#00BCD4;">version 2</span>
[DEBUG] Commit successful: Logic update → c0c39c0
[DEBUG] status label set: ✅ 🎧 On version line — 🎵 Session branch: <span style="color:#00BCD4;">main</span> — Current take: <span style="color:#00BCD4;">version 2</span>
[DEBUG] Full status --porcelain output:
  →  D dummy.als
  →  D session.als
[DEBUG] Raw Git status --porcelain:
[DEBUG] Checking cleaned file path: dummy.als
[DEBUG] Unsaved change detected: dummy.als
[DEBUG] Full status --porcelain output:
  →  D track.als
[DEBUG] Raw Git status --porcelain:
[DEBUG] Checking cleaned file path: track.als
[DEBUG] Unsaved change detected: track.als
[DEBUG] Full status --porcelain output:
[DEBUG] Raw Git status --porcelain:
[DEBUG] Recently modified .logicx detected: beat.logicx
[32mPASSED[0m
tests_dawgit/test_commit_logic.py::test_placeholder_file_created_if_none_exist [TEST MODE] Forced project path via env var: /var/folders/yx/c_cp834d18v7ptq75l5x7twm0000gn/T/tmpke5emaj9
[DEBUG] Skipping QTimer.singleShot — parent not visible.
[WARN] Could not load take label for branch main: 'NoneType' object has no attribute 'head'
[WARN] Could not load take label for branch experiment: 'NoneType' object has no attribute 'head'
[WARN] Could not load take label for branch alt_mix: 'NoneType' object has no attribute 'head'
[DEBUG] Skipping QTimer.singleShot — parent not visible.
[WARNING] Stylesheet not loaded: [Errno 2] No such file or directory: 'styles/dawgit_styles.qss'
[DEBUG] Loaded project path: /var/folders/yx/c_cp834d18v7ptq75l5x7twm0000gn/T/tmpke5emaj9
[DEBUG] Initializing Git...
[DEBUG] Found DAW files: []
🧪 [Test Mode] No DAW files found — continuing with empty project.
[DEBUG] Found existing Git repo at /var/folders/yx/c_cp834d18v7ptq75l5x7twm0000gn/T/tmpke5emaj9
[DEBUG] Repo rebound: HEAD = 877cd70
[DEBUG] ✅ Matched HEAD SHA: 877cd70 → row 1
[DEBUG] Selected row = 1, SHA = 877cd70cffb8c5b0e7777f3bf3b9d4e7e85e929a
[DEBUG] ✅ SHA set from selected row: 877cd70cffb8c5b0e7777f3bf3b9d4e7e85e929a
[DEBUG] status label set: ✅ 🎧 On version line — 🎵 Session branch: <span style="color:#00BCD4;">main</span> — Current take: <span style="color:#00BCD4;">version 2</span>
[DEBUG] ✅ Final scroll to HEAD row 1
[DEBUG] status label set: ✅ 🎧 On version line — 🎵 Session branch: <span style="color:#00BCD4;">main</span> — Current take: <span style="color:#00BCD4;">version 2</span>
[DEBUG] status label set: ✅ 🎧 On version line — 🎵 Session branch: <span style="color:#00BCD4;">main</span> — Current take: <span style="color:#00BCD4;">version 2</span>
ℹ️ Existing Git repo found — checking status...
[DEBUG] status label set: ✅ 🎧 On version line — 🎵 Session branch: <span style="color:#00BCD4;">main</span> — Current take: <span style="color:#00BCD4;">version 2</span>
[DEBUG] self.current_commit_id before update_log: 877cd70cffb8c5b0e7777f3bf3b9d4e7e85e929a
[DEBUG] ✅ Matched HEAD SHA: 877cd70 → row 1
[DEBUG] Selected row = 1, SHA = 877cd70cffb8c5b0e7777f3bf3b9d4e7e85e929a
[DEBUG] ✅ SHA set from selected row: 877cd70cffb8c5b0e7777f3bf3b9d4e7e85e929a
[DEBUG] status label set: ✅ 🎧 On version line — 🎵 Session branch: <span style="color:#00BCD4;">main</span> — Current take: <span style="color:#00BCD4;">version 2</span>
[DEBUG] ✅ Final scroll to HEAD row 1
[DEBUG] ✅ Matched HEAD SHA: 877cd70 → row 1
[DEBUG] Selected row = 1, SHA = 877cd70cffb8c5b0e7777f3bf3b9d4e7e85e929a
[DEBUG] ✅ SHA set from selected row: 877cd70cffb8c5b0e7777f3bf3b9d4e7e85e929a
[DEBUG] status label set: ✅ 🎧 On version line — 🎵 Session branch: <span style="color:#00BCD4;">main</span> — Current take: <span style="color:#00BCD4;">version 2</span>
[DEBUG] ✅ Final scroll to HEAD row 1
[DEBUG] status label set: ✅ 🎧 On version line — 🎵 Session branch: <span style="color:#00BCD4;">main</span> — Current take: <span style="color:#00BCD4;">version 2</span>
[DEBUG] ✅ Matched HEAD SHA: 5992bd1 → row 1
[DEBUG] Selected row = 1, SHA = 5992bd10ad181b0f449b157b4ea3568eaef8deef
[DEBUG] ✅ SHA set from selected row: 5992bd10ad181b0f449b157b4ea3568eaef8deef
[DEBUG] status label set: ✅ 🎧 On version line — 🎵 Session branch: <span style="color:#00BCD4;">v1-experiment</span> — Current take: <span style="color:#00BCD4;">version 2</span>
[DEBUG] ✅ Final scroll to HEAD row 1
[DEBUG] status label set: ✅ 🎧 On version line — 🎵 Session branch: <span style="color:#00BCD4;">v1-experiment</span> — Current take: <span style="color:#00BCD4;">version 2</span>
[DEBUG] Full status --porcelain output:
  →  D dummy.als
  →  D session.als
[DEBUG] Raw Git status --porcelain:
[DEBUG] Checking cleaned file path: dummy.als
[DEBUG] Unsaved change detected: dummy.als
[DEBUG] Full status --porcelain output:
  →  D track.als
[DEBUG] Raw Git status --porcelain:
[DEBUG] Checking cleaned file path: track.als
[DEBUG] Unsaved change detected: track.als
[DEBUG] Full status --porcelain output:
[DEBUG] Raw Git status --porcelain:
[DEBUG] Recently modified .als detected: auto_placeholder.als
[32mPASSED[0m
tests_dawgit/test_commit_role_persistence.py::test_tag_role_persists_across_restart [DEBUG] Skipping QTimer.singleShot — parent not visible.
[WARN] Could not load take label for branch main: 'NoneType' object has no attribute 'head'
[WARN] Could not load take label for branch experiment: 'NoneType' object has no attribute 'head'
[WARN] Could not load take label for branch alt_mix: 'NoneType' object has no attribute 'head'
[DEBUG] Skipping QTimer.singleShot — parent not visible.
[WARNING] Stylesheet not loaded: [Errno 2] No such file or directory: 'styles/dawgit_styles.qss'
[DEBUG] Loaded project path: /private/var/folders/yx/c_cp834d18v7ptq75l5x7twm0000gn/T/pytest-of-niccavendish/pytest-0/test_tag_role_persists_across_0/TestProject
[DEBUG] Initializing Git...
[DEBUG] Found DAW files: []
🧪 [Test Mode] No DAW files found — continuing with empty project.
[DEBUG] No existing repo found. Initializing new repo at /private/var/folders/yx/c_cp834d18v7ptq75l5x7twm0000gn/T/pytest-of-niccavendish/pytest-0/test_tag_role_persists_across_0/TestProject
✅ New Git repo initialized.
✅ Saved last project path: /private/var/folders/yx/c_cp834d18v7ptq75l5x7twm0000gn/T/pytest-of-niccavendish/pytest-0/test_tag_role_persists_across_0/TestProject
[DEBUG] status label set: ✅ 🎧 On version line — 🎵 Session branch: <span style="color:#00BCD4;">main</span> — Current take: <span style="color:#00BCD4;">version 1</span>
[DEBUG] self.current_commit_id before update_log: 7ceb8257b1d4ed4f95b7d1bd21174d40cce94e7d
[DEBUG] ✅ Matched HEAD SHA: 7ceb825 → row 0
[DEBUG] Selected row = 0, SHA = 7ceb8257b1d4ed4f95b7d1bd21174d40cce94e7d
[DEBUG] ✅ SHA set from selected row: 7ceb8257b1d4ed4f95b7d1bd21174d40cce94e7d
[DEBUG] status label set: ✅ 🎧 On version line — 🎵 Session branch: <span style="color:#00BCD4;">main</span> — Current take: <span style="color:#00BCD4;">version 1</span>
[DEBUG] ✅ Final scroll to HEAD row 0
[DEBUG] ✅ Matched HEAD SHA: 7ceb825 → row 0
[DEBUG] Selected row = 0, SHA = 7ceb8257b1d4ed4f95b7d1bd21174d40cce94e7d
[DEBUG] ✅ SHA set from selected row: 7ceb8257b1d4ed4f95b7d1bd21174d40cce94e7d
[DEBUG] status label set: ✅ 🎧 On version line — 🎵 Session branch: <span style="color:#00BCD4;">main</span> — Current take: <span style="color:#00BCD4;">version 1</span>
[DEBUG] ✅ Final scroll to HEAD row 0
[DEBUG] status label set: ✅ 🎧 On version line — 🎵 Session branch: <span style="color:#00BCD4;">main</span> — Current take: <span style="color:#00BCD4;">version 1</span>
[DEBUG] Initializing Git...
[DEBUG] Found DAW files: []
🧪 [Test Mode] No DAW files found — continuing with empty project.
[DEBUG] Found existing Git repo at /private/var/folders/yx/c_cp834d18v7ptq75l5x7twm0000gn/T/pytest-of-niccavendish/pytest-0/test_tag_role_persists_across_0/TestProject
[DEBUG] Repo rebound: HEAD = 7ceb825
[DEBUG] ✅ Matched HEAD SHA: 7ceb825 → row 0
[DEBUG] Selected row = 0, SHA = 7ceb8257b1d4ed4f95b7d1bd21174d40cce94e7d
[DEBUG] ✅ SHA set from selected row: 7ceb8257b1d4ed4f95b7d1bd21174d40cce94e7d
[DEBUG] status label set: ✅ 🎧 On version line — 🎵 Session branch: <span style="color:#00BCD4;">main</span> — Current take: <span style="color:#00BCD4;">version 1</span>
[DEBUG] ✅ Final scroll to HEAD row 0
[DEBUG] status label set: ✅ 🎧 On version line — 🎵 Session branch: <span style="color:#00BCD4;">main</span> — Current take: <span style="color:#00BCD4;">version 1</span>
[DEBUG] status label set: ✅ 🎧 On version line — 🎵 Session branch: <span style="color:#00BCD4;">main</span> — Current take: <span style="color:#00BCD4;">version 1</span>
ℹ️ Existing Git repo found — checking status...
[DEBUG] status label set: ✅ 🎧 On version line — 🎵 Session branch: <span style="color:#00BCD4;">main</span> — Current take: <span style="color:#00BCD4;">version 1</span>
[DEBUG] self.current_commit_id before update_log: 7ceb8257b1d4ed4f95b7d1bd21174d40cce94e7d
[DEBUG] ✅ Matched HEAD SHA: 7ceb825 → row 0
[DEBUG] Selected row = 0, SHA = 7ceb8257b1d4ed4f95b7d1bd21174d40cce94e7d
[DEBUG] ✅ SHA set from selected row: 7ceb8257b1d4ed4f95b7d1bd21174d40cce94e7d
[DEBUG] status label set: ✅ 🎧 On version line — 🎵 Session branch: <span style="color:#00BCD4;">main</span> — Current take: <span style="color:#00BCD4;">version 1</span>
[DEBUG] ✅ Final scroll to HEAD row 0
[DEBUG] ✅ Matched HEAD SHA: 6401151 → row 1
[DEBUG] Selected row = 1, SHA = 64011510e3ad7d8f601723893a67e6362841ad87
[DEBUG] ✅ SHA set from selected row: 64011510e3ad7d8f601723893a67e6362841ad87
[DEBUG] status label set: ✅ 🎧 On version line — 🎵 Session branch: <span style="color:#00BCD4;">main</span> — Current take: <span style="color:#00BCD4;">version 2</span>
[DEBUG] ✅ Final scroll to HEAD row 1
[DEBUG] Full status --porcelain output:
[DEBUG] Raw Git status --porcelain:
[DEBUG] Recently modified .als detected: auto_placeholder.als
[DEBUG] Full status --porcelain output:
  →  D dummy.als
  →  D session.als
[DEBUG] Raw Git status --porcelain:
[DEBUG] Checking cleaned file path: dummy.als
[DEBUG] Unsaved change detected: dummy.als
[DEBUG] Full status --porcelain output:
  →  D track.als
[DEBUG] Raw Git status --porcelain:
[DEBUG] Checking cleaned file path: track.als
[DEBUG] Unsaved change detected: track.als
[DEBUG] Full status --porcelain output:
[DEBUG] Raw Git status --porcelain:
[DEBUG] Recently modified .als detected: dummy.als
[DEBUG] Starting commit with message: 'Initial test commit'
[DEBUG] Project path: /private/var/folders/yx/c_cp834d18v7ptq75l5x7twm0000gn/T/pytest-of-niccavendish/pytest-0/test_tag_role_persists_across_0/TestProject
[DEBUG] Repo is None? False
[DEBUG] DAW files found: [PosixPath('/private/var/folders/yx/c_cp834d18v7ptq75l5x7twm0000gn/T/pytest-of-niccavendish/pytest-0/test_tag_role_persists_across_0/TestProject/dummy.als')]
[DEBUG] ✅ Matched HEAD SHA: b53e4f7 → row 2
[DEBUG] Selected row = 2, SHA = b53e4f74c1b5efc2569b2bddca1251589701921c
[DEBUG] ✅ SHA set from selected row: b53e4f74c1b5efc2569b2bddca1251589701921c
[DEBUG] status label set: ✅ 🎧 On version line — 🎵 Session branch: <span style="color:#00BCD4;">main</span> — Current take: <span style="color:#00BCD4;">version 3</span>
[DEBUG] ✅ Final scroll to HEAD row 2
[DEBUG] status label set: ✅ 🎧 On version line — 🎵 Session branch: <span style="color:#00BCD4;">main</span> — Current take: <span style="color:#00BCD4;">version 3</span>
[DEBUG] Commit successful: Initial test commit → b53e4f7
[DEBUG] status label set: ✅ 🎧 On version line — 🎵 Session branch: <span style="color:#00BCD4;">main</span> — Current take: <span style="color:#00BCD4;">version 3</span>
[DEBUG] Full status --porcelain output:
  →  D dummy.als
  →  D session.als
[DEBUG] Raw Git status --porcelain:
[DEBUG] Checking cleaned file path: dummy.als
[DEBUG] Unsaved change detected: dummy.als
[DEBUG] Full status --porcelain output:
  →  D track.als
[DEBUG] Raw Git status --porcelain:
[DEBUG] Checking cleaned file path: track.als
[DEBUG] Unsaved change detected: track.als
[DEBUG] Full status --porcelain output:
[DEBUG] Raw Git status --porcelain:
[DEBUG] Recently modified .als detected: dummy.als
[DEBUG] Full status --porcelain output:
[DEBUG] Raw Git status --porcelain:
[DEBUG] Recently modified .als detected: auto_placeholder.als
[DEBUG] Selected row = 2, SHA = b53e4f74c1b5efc2569b2bddca1251589701921c
[DEBUG] ✅ SHA set from selected row: b53e4f74c1b5efc2569b2bddca1251589701921c
[DEBUG] Selected row = 2, SHA = b53e4f74c1b5efc2569b2bddca1251589701921c
[DEBUG] Saved commit roles to /private/var/folders/yx/c_cp834d18v7ptq75l5x7twm0000gn/T/pytest-of-niccavendish/pytest-0/test_tag_role_persists_across_0/TestProject/.dawgit_roles.json
[DEBUG] Assigned role 'Main Mix' to commit b53e4f74c1b5efc2569b2bddca1251589701921c
[DEBUG] Saved commit roles to /private/var/folders/yx/c_cp834d18v7ptq75l5x7twm0000gn/T/pytest-of-niccavendish/pytest-0/test_tag_role_persists_across_0/TestProject/.dawgit_roles.json
[DEBUG] Skipping QTimer.singleShot — parent not visible.
[WARN] Could not load take label for branch main: 'NoneType' object has no attribute 'head'
[WARN] Could not load take label for branch experiment: 'NoneType' object has no attribute 'head'
[WARN] Could not load take label for branch alt_mix: 'NoneType' object has no attribute 'head'
[DEBUG] Skipping QTimer.singleShot — parent not visible.
[WARNING] Stylesheet not loaded: [Errno 2] No such file or directory: 'styles/dawgit_styles.qss'
[DEBUG] Loaded project path: /private/var/folders/yx/c_cp834d18v7ptq75l5x7twm0000gn/T/pytest-of-niccavendish/pytest-0/test_tag_role_persists_across_0/TestProject
[DEBUG] Initializing Git...
[DEBUG] Found DAW files: [PosixPath('/private/var/folders/yx/c_cp834d18v7ptq75l5x7twm0000gn/T/pytest-of-niccavendish/pytest-0/test_tag_role_persists_across_0/TestProject/dummy.als')]
[DEBUG] Found existing Git repo at /private/var/folders/yx/c_cp834d18v7ptq75l5x7twm0000gn/T/pytest-of-niccavendish/pytest-0/test_tag_role_persists_across_0/TestProject
[DEBUG] Loaded commit roles from /private/var/folders/yx/c_cp834d18v7ptq75l5x7twm0000gn/T/pytest-of-niccavendish/pytest-0/test_tag_role_persists_across_0/TestProject/.dawgit_roles.json
[DEBUG] Repo rebound: HEAD = b53e4f7
[DEBUG] Loaded commit roles from /private/var/folders/yx/c_cp834d18v7ptq75l5x7twm0000gn/T/pytest-of-niccavendish/pytest-0/test_tag_role_persists_across_0/TestProject/.dawgit_roles.json
[DEBUG] ✅ Matched HEAD SHA: b53e4f7 → row 2
[DEBUG] Selected row = 2, SHA = b53e4f74c1b5efc2569b2bddca1251589701921c
[DEBUG] ✅ SHA set from selected row: b53e4f74c1b5efc2569b2bddca1251589701921c
[DEBUG] status label set: ✅ 🎧 On version line — 🎵 Session branch: <span style="color:#00BCD4;">main</span> — Current take: <span style="color:#00BCD4;">version 3</span>
[DEBUG] ✅ Final scroll to HEAD row 2
[DEBUG] status label set: ✅ 🎧 On version line — 🎵 Session branch: <span style="color:#00BCD4;">main</span> — Current take: <span style="color:#00BCD4;">version 3</span>
[DEBUG] status label set: ✅ 🎧 On version line — 🎵 Session branch: <span style="color:#00BCD4;">main</span> — Current take: <span style="color:#00BCD4;">version 3</span>
ℹ️ Existing Git repo found — checking status...
[DEBUG] status label set: ✅ 🎧 On version line — 🎵 Session branch: <span style="color:#00BCD4;">main</span> — Current take: <span style="color:#00BCD4;">version 3</span>
[DEBUG] self.current_commit_id before update_log: b53e4f74c1b5efc2569b2bddca1251589701921c
[DEBUG] Loaded commit roles from /private/var/folders/yx/c_cp834d18v7ptq75l5x7twm0000gn/T/pytest-of-niccavendish/pytest-0/test_tag_role_persists_across_0/TestProject/.dawgit_roles.json
[DEBUG] ✅ Matched HEAD SHA: b53e4f7 → row 2
[DEBUG] Selected row = 2, SHA = b53e4f74c1b5efc2569b2bddca1251589701921c
[DEBUG] ✅ SHA set from selected row: b53e4f74c1b5efc2569b2bddca1251589701921c
[DEBUG] status label set: ✅ 🎧 On version line — 🎵 Session branch: <span style="color:#00BCD4;">main</span> — Current take: <span style="color:#00BCD4;">version 3</span>
[DEBUG] ✅ Final scroll to HEAD row 2
[DEBUG] Loaded commit roles from /private/var/folders/yx/c_cp834d18v7ptq75l5x7twm0000gn/T/pytest-of-niccavendish/pytest-0/test_tag_role_persists_across_0/TestProject/.dawgit_roles.json
[DEBUG] Loaded commit roles from /private/var/folders/yx/c_cp834d18v7ptq75l5x7twm0000gn/T/pytest-of-niccavendish/pytest-0/test_tag_role_persists_across_0/TestProject/.dawgit_roles.json
[DEBUG] ✅ Matched HEAD SHA: b53e4f7 → row 2
[DEBUG] Selected row = 2, SHA = b53e4f74c1b5efc2569b2bddca1251589701921c
[DEBUG] ✅ SHA set from selected row: b53e4f74c1b5efc2569b2bddca1251589701921c
[DEBUG] status label set: ✅ 🎧 On version line — 🎵 Session branch: <span style="color:#00BCD4;">main</span> — Current take: <span style="color:#00BCD4;">version 3</span>
[DEBUG] ✅ Final scroll to HEAD row 2
[DEBUG] status label set: ✅ 🎧 On version line — 🎵 Session branch: <span style="color:#00BCD4;">main</span> — Current take: <span style="color:#00BCD4;">version 3</span>
[DEBUG] Full status --porcelain output:
  → ?? .dawgit_roles.json
[DEBUG] Raw Git status --porcelain:
[DEBUG] Checking cleaned file path: .dawgit_roles.json
[DEBUG] Other file change detected: .dawgit_roles.json
[DEBUG] Full status --porcelain output:
[DEBUG] Raw Git status --porcelain:
[DEBUG] Recently modified .als detected: auto_placeholder.als
[DEBUG] Full status --porcelain output:
  → ?? .dawgit_roles.json
[DEBUG] Raw Git status --porcelain:
[DEBUG] Checking cleaned file path: .dawgit_roles.json
[DEBUG] Other file change detected: .dawgit_roles.json
[DEBUG] Full status --porcelain output:
  → ?? .dawgit_roles.json
[DEBUG] Raw Git status --porcelain:
[DEBUG] Checking cleaned file path: .dawgit_roles.json
[DEBUG] Other file change detected: .dawgit_roles.json
[DEBUG] Full status --porcelain output:
[DEBUG] Raw Git status --porcelain:
[DEBUG] has_unsaved_changes() = False
[DEBUG] Full status --porcelain output:
  → ?? .dawgit_roles.json
[DEBUG] Raw Git status --porcelain:
[DEBUG] Checking cleaned file path: .dawgit_roles.json
[DEBUG] Other file change detected: .dawgit_roles.json
[DEBUG] Full status --porcelain output:
  → ?? .dawgit_roles.json
[DEBUG] Raw Git status --porcelain:
[DEBUG] Checking cleaned file path: .dawgit_roles.json
[DEBUG] Other file change detected: .dawgit_roles.json
[DEBUG] Full status --porcelain output:
[DEBUG] Raw Git status --porcelain:
[DEBUG] has_unsaved_changes() = False
[DEBUG] Full status --porcelain output:
  → ?? .dawgit_roles.json
[DEBUG] Raw Git status --porcelain:
[DEBUG] Checking cleaned file path: .dawgit_roles.json
[DEBUG] Other file change detected: .dawgit_roles.json
[DEBUG] Selected row = 2, SHA = b53e4f74c1b5efc2569b2bddca1251589701921c
[DEBUG] ✅ SHA set from selected row: b53e4f74c1b5efc2569b2bddca1251589701921c
[DEBUG] Selected row = 2, SHA = b53e4f74c1b5efc2569b2bddca1251589701921c
[32mPASSED[0m
tests_dawgit/test_commit_role_persistence.py::test_tag_role_can_be_updated [DEBUG] Skipping QTimer.singleShot — parent not visible.
[WARN] Could not load take label for branch main: 'NoneType' object has no attribute 'head'
[WARN] Could not load take label for branch experiment: 'NoneType' object has no attribute 'head'
[WARN] Could not load take label for branch alt_mix: 'NoneType' object has no attribute 'head'
[DEBUG] Skipping QTimer.singleShot — parent not visible.
[WARNING] Stylesheet not loaded: [Errno 2] No such file or directory: 'styles/dawgit_styles.qss'
[DEBUG] Loaded project path: /private/var/folders/yx/c_cp834d18v7ptq75l5x7twm0000gn/T/pytest-of-niccavendish/pytest-0/test_tag_role_can_be_updated0/TestProject
[DEBUG] Initializing Git...
[DEBUG] Found DAW files: []
🧪 [Test Mode] No DAW files found — continuing with empty project.
[DEBUG] No existing repo found. Initializing new repo at /private/var/folders/yx/c_cp834d18v7ptq75l5x7twm0000gn/T/pytest-of-niccavendish/pytest-0/test_tag_role_can_be_updated0/TestProject
✅ New Git repo initialized.
✅ Saved last project path: /private/var/folders/yx/c_cp834d18v7ptq75l5x7twm0000gn/T/pytest-of-niccavendish/pytest-0/test_tag_role_can_be_updated0/TestProject
[DEBUG] status label set: ✅ 🎧 On version line — 🎵 Session branch: <span style="color:#00BCD4;">main</span> — Current take: <span style="color:#00BCD4;">version 1</span>
[DEBUG] self.current_commit_id before update_log: 794919a09e576127170088092160e18939bd9c88
[DEBUG] ✅ Matched HEAD SHA: 794919a → row 0
[DEBUG] Selected row = 0, SHA = 794919a09e576127170088092160e18939bd9c88
[DEBUG] ✅ SHA set from selected row: 794919a09e576127170088092160e18939bd9c88
[DEBUG] status label set: ✅ 🎧 On version line — 🎵 Session branch: <span style="color:#00BCD4;">main</span> — Current take: <span style="color:#00BCD4;">version 1</span>
[DEBUG] ✅ Final scroll to HEAD row 0
[DEBUG] ✅ Matched HEAD SHA: 794919a → row 0
[DEBUG] Selected row = 0, SHA = 794919a09e576127170088092160e18939bd9c88
[DEBUG] ✅ SHA set from selected row: 794919a09e576127170088092160e18939bd9c88
[DEBUG] status label set: ✅ 🎧 On version line — 🎵 Session branch: <span style="color:#00BCD4;">main</span> — Current take: <span style="color:#00BCD4;">version 1</span>
[DEBUG] ✅ Final scroll to HEAD row 0
[DEBUG] status label set: ✅ 🎧 On version line — 🎵 Session branch: <span style="color:#00BCD4;">main</span> — Current take: <span style="color:#00BCD4;">version 1</span>
[DEBUG] Initializing Git...
[DEBUG] Found DAW files: []
🧪 [Test Mode] No DAW files found — continuing with empty project.
[DEBUG] Found existing Git repo at /private/var/folders/yx/c_cp834d18v7ptq75l5x7twm0000gn/T/pytest-of-niccavendish/pytest-0/test_tag_role_can_be_updated0/TestProject
[DEBUG] Repo rebound: HEAD = 794919a
[DEBUG] ✅ Matched HEAD SHA: 794919a → row 0
[DEBUG] Selected row = 0, SHA = 794919a09e576127170088092160e18939bd9c88
[DEBUG] ✅ SHA set from selected row: 794919a09e576127170088092160e18939bd9c88
[DEBUG] status label set: ✅ 🎧 On version line — 🎵 Session branch: <span style="color:#00BCD4;">main</span> — Current take: <span style="color:#00BCD4;">version 1</span>
[DEBUG] ✅ Final scroll to HEAD row 0
[DEBUG] status label set: ✅ 🎧 On version line — 🎵 Session branch: <span style="color:#00BCD4;">main</span> — Current take: <span style="color:#00BCD4;">version 1</span>
[DEBUG] status label set: ✅ 🎧 On version line — 🎵 Session branch: <span style="color:#00BCD4;">main</span> — Current take: <span style="color:#00BCD4;">version 1</span>
ℹ️ Existing Git repo found — checking status...
[DEBUG] status label set: ✅ 🎧 On version line — 🎵 Session branch: <span style="color:#00BCD4;">main</span> — Current take: <span style="color:#00BCD4;">version 1</span>
[DEBUG] self.current_commit_id before update_log: 794919a09e576127170088092160e18939bd9c88
[DEBUG] ✅ Matched HEAD SHA: 794919a → row 0
[DEBUG] Selected row = 0, SHA = 794919a09e576127170088092160e18939bd9c88
[DEBUG] ✅ SHA set from selected row: 794919a09e576127170088092160e18939bd9c88
[DEBUG] status label set: ✅ 🎧 On version line — 🎵 Session branch: <span style="color:#00BCD4;">main</span> — Current take: <span style="color:#00BCD4;">version 1</span>
[DEBUG] ✅ Final scroll to HEAD row 0
[DEBUG] ✅ Matched HEAD SHA: 3716df9 → row 1
[DEBUG] Selected row = 1, SHA = 3716df99fffb4476e9a5df99c3908d6b4ab9e234
[DEBUG] ✅ SHA set from selected row: 3716df99fffb4476e9a5df99c3908d6b4ab9e234
[DEBUG] status label set: ✅ 🎧 On version line — 🎵 Session branch: <span style="color:#00BCD4;">main</span> — Current take: <span style="color:#00BCD4;">version 2</span>
[DEBUG] ✅ Final scroll to HEAD row 1
[DEBUG] Full status --porcelain output:
  → ?? .dawgit_roles.json
[DEBUG] Raw Git status --porcelain:
[DEBUG] Checking cleaned file path: .dawgit_roles.json
[DEBUG] Other file change detected: .dawgit_roles.json
[DEBUG] Full status --porcelain output:
[DEBUG] Raw Git status --porcelain:
[DEBUG] has_unsaved_changes() = False
[DEBUG] Full status --porcelain output:
[DEBUG] Raw Git status --porcelain:
[DEBUG] Recently modified .als detected: dummy.als
[DEBUG] Starting commit with message: 'Initial test commit'
[DEBUG] Project path: /private/var/folders/yx/c_cp834d18v7ptq75l5x7twm0000gn/T/pytest-of-niccavendish/pytest-0/test_tag_role_can_be_updated0/TestProject
[DEBUG] Repo is None? False
[DEBUG] DAW files found: [PosixPath('/private/var/folders/yx/c_cp834d18v7ptq75l5x7twm0000gn/T/pytest-of-niccavendish/pytest-0/test_tag_role_can_be_updated0/TestProject/dummy.als')]
[DEBUG] ✅ Matched HEAD SHA: 213c7f7 → row 2
[DEBUG] Selected row = 2, SHA = 213c7f788e050fa3c8ae52a6f8a28a3d397afa5f
[DEBUG] ✅ SHA set from selected row: 213c7f788e050fa3c8ae52a6f8a28a3d397afa5f
[DEBUG] status label set: ✅ 🎧 On version line — 🎵 Session branch: <span style="color:#00BCD4;">main</span> — Current take: <span style="color:#00BCD4;">version 3</span>
[DEBUG] ✅ Final scroll to HEAD row 2
[DEBUG] status label set: ✅ 🎧 On version line — 🎵 Session branch: <span style="color:#00BCD4;">main</span> — Current take: <span style="color:#00BCD4;">version 3</span>
[DEBUG] Commit successful: Initial test commit → 213c7f7
[DEBUG] status label set: ✅ 🎧 On version line — 🎵 Session branch: <span style="color:#00BCD4;">main</span> — Current take: <span style="color:#00BCD4;">version 3</span>
[DEBUG] Full status --porcelain output:
  → ?? .dawgit_roles.json
[DEBUG] Raw Git status --porcelain:
[DEBUG] Checking cleaned file path: .dawgit_roles.json
[DEBUG] Other file change detected: .dawgit_roles.json
[DEBUG] Full status --porcelain output:
[DEBUG] Raw Git status --porcelain:
[DEBUG] has_unsaved_changes() = False
[DEBUG] Full status --porcelain output:
[DEBUG] Raw Git status --porcelain:
[DEBUG] Recently modified .als detected: dummy.als
[DEBUG] Full status --porcelain output:
  → ?? .dawgit_roles.json
[DEBUG] Raw Git status --porcelain:
[DEBUG] Checking cleaned file path: .dawgit_roles.json
[DEBUG] Other file change detected: .dawgit_roles.json
[DEBUG] Full status --porcelain output:
[DEBUG] Raw Git status --porcelain:
[DEBUG] has_unsaved_changes() = False
[DEBUG] Full status --porcelain output:
[DEBUG] Raw Git status --porcelain:
[DEBUG] Recently modified .als detected: dummy.als
[DEBUG] Full status --porcelain output:
[DEBUG] Raw Git status --porcelain:
[DEBUG] has_unsaved_changes() = False
[DEBUG] Full status --porcelain output:
[DEBUG] Raw Git status --porcelain:
[DEBUG] Recently modified .als detected: dummy.als
[DEBUG] Selected row = 2, SHA = 213c7f788e050fa3c8ae52a6f8a28a3d397afa5f
[DEBUG] ✅ SHA set from selected row: 213c7f788e050fa3c8ae52a6f8a28a3d397afa5f
[DEBUG] Selected row = 2, SHA = 213c7f788e050fa3c8ae52a6f8a28a3d397afa5f
[DEBUG] Saved commit roles to /private/var/folders/yx/c_cp834d18v7ptq75l5x7twm0000gn/T/pytest-of-niccavendish/pytest-0/test_tag_role_can_be_updated0/TestProject/.dawgit_roles.json
[DEBUG] Assigned role 'Creative Take' to commit 213c7f788e050fa3c8ae52a6f8a28a3d397afa5f
[DEBUG] Saved commit roles to /private/var/folders/yx/c_cp834d18v7ptq75l5x7twm0000gn/T/pytest-of-niccavendish/pytest-0/test_tag_role_can_be_updated0/TestProject/.dawgit_roles.json
[DEBUG] Assigned role 'Alt Mixdown' to commit 213c7f788e050fa3c8ae52a6f8a28a3d397afa5f
[32mPASSED[0m
tests_dawgit/test_commit_role_persistence.py::test_multiple_commits_have_distinct_roles [DEBUG] Skipping QTimer.singleShot — parent not visible.
[WARN] Could not load take label for branch main: 'NoneType' object has no attribute 'head'
[WARN] Could not load take label for branch experiment: 'NoneType' object has no attribute 'head'
[WARN] Could not load take label for branch alt_mix: 'NoneType' object has no attribute 'head'
[DEBUG] Skipping QTimer.singleShot — parent not visible.
[WARNING] Stylesheet not loaded: [Errno 2] No such file or directory: 'styles/dawgit_styles.qss'
[DEBUG] Loaded project path: /private/var/folders/yx/c_cp834d18v7ptq75l5x7twm0000gn/T/pytest-of-niccavendish/pytest-0/test_multiple_commits_have_dis0/TestProject
[DEBUG] Initializing Git...
[DEBUG] Found DAW files: []
🧪 [Test Mode] No DAW files found — continuing with empty project.
[DEBUG] No existing repo found. Initializing new repo at /private/var/folders/yx/c_cp834d18v7ptq75l5x7twm0000gn/T/pytest-of-niccavendish/pytest-0/test_multiple_commits_have_dis0/TestProject
✅ New Git repo initialized.
✅ Saved last project path: /private/var/folders/yx/c_cp834d18v7ptq75l5x7twm0000gn/T/pytest-of-niccavendish/pytest-0/test_multiple_commits_have_dis0/TestProject
[DEBUG] status label set: ✅ 🎧 On version line — 🎵 Session branch: <span style="color:#00BCD4;">main</span> — Current take: <span style="color:#00BCD4;">version 1</span>
[DEBUG] self.current_commit_id before update_log: fd125573c8153b8481f4e2daef41bfe4f52f213d
[DEBUG] ✅ Matched HEAD SHA: fd12557 → row 0
[DEBUG] Selected row = 0, SHA = fd125573c8153b8481f4e2daef41bfe4f52f213d
[DEBUG] ✅ SHA set from selected row: fd125573c8153b8481f4e2daef41bfe4f52f213d
[DEBUG] status label set: ✅ 🎧 On version line — 🎵 Session branch: <span style="color:#00BCD4;">main</span> — Current take: <span style="color:#00BCD4;">version 1</span>
[DEBUG] ✅ Final scroll to HEAD row 0
[DEBUG] ✅ Matched HEAD SHA: fd12557 → row 0
[DEBUG] Selected row = 0, SHA = fd125573c8153b8481f4e2daef41bfe4f52f213d
[DEBUG] ✅ SHA set from selected row: fd125573c8153b8481f4e2daef41bfe4f52f213d
[DEBUG] status label set: ✅ 🎧 On version line — 🎵 Session branch: <span style="color:#00BCD4;">main</span> — Current take: <span style="color:#00BCD4;">version 1</span>
[DEBUG] ✅ Final scroll to HEAD row 0
[DEBUG] status label set: ✅ 🎧 On version line — 🎵 Session branch: <span style="color:#00BCD4;">main</span> — Current take: <span style="color:#00BCD4;">version 1</span>
[DEBUG] Initializing Git...
[DEBUG] Found DAW files: []
🧪 [Test Mode] No DAW files found — continuing with empty project.
[DEBUG] Found existing Git repo at /private/var/folders/yx/c_cp834d18v7ptq75l5x7twm0000gn/T/pytest-of-niccavendish/pytest-0/test_multiple_commits_have_dis0/TestProject
[DEBUG] Repo rebound: HEAD = fd12557
[DEBUG] ✅ Matched HEAD SHA: fd12557 → row 0
[DEBUG] Selected row = 0, SHA = fd125573c8153b8481f4e2daef41bfe4f52f213d
[DEBUG] ✅ SHA set from selected row: fd125573c8153b8481f4e2daef41bfe4f52f213d
[DEBUG] status label set: ✅ 🎧 On version line — 🎵 Session branch: <span style="color:#00BCD4;">main</span> — Current take: <span style="color:#00BCD4;">version 1</span>
[DEBUG] ✅ Final scroll to HEAD row 0
[DEBUG] status label set: ✅ 🎧 On version line — 🎵 Session branch: <span style="color:#00BCD4;">main</span> — Current take: <span style="color:#00BCD4;">version 1</span>
[DEBUG] status label set: ✅ 🎧 On version line — 🎵 Session branch: <span style="color:#00BCD4;">main</span> — Current take: <span style="color:#00BCD4;">version 1</span>
ℹ️ Existing Git repo found — checking status...
[DEBUG] status label set: ✅ 🎧 On version line — 🎵 Session branch: <span style="color:#00BCD4;">main</span> — Current take: <span style="color:#00BCD4;">version 1</span>
[DEBUG] self.current_commit_id before update_log: fd125573c8153b8481f4e2daef41bfe4f52f213d
[DEBUG] ✅ Matched HEAD SHA: fd12557 → row 0
[DEBUG] Selected row = 0, SHA = fd125573c8153b8481f4e2daef41bfe4f52f213d
[DEBUG] ✅ SHA set from selected row: fd125573c8153b8481f4e2daef41bfe4f52f213d
[DEBUG] status label set: ✅ 🎧 On version line — 🎵 Session branch: <span style="color:#00BCD4;">main</span> — Current take: <span style="color:#00BCD4;">version 1</span>
[DEBUG] ✅ Final scroll to HEAD row 0
[DEBUG] ✅ Matched HEAD SHA: 70928a6 → row 1
[DEBUG] Selected row = 1, SHA = 70928a6f7fe4d183f7ff6a2c73fc0baf47421a89
[DEBUG] ✅ SHA set from selected row: 70928a6f7fe4d183f7ff6a2c73fc0baf47421a89
[DEBUG] status label set: ✅ 🎧 On version line — 🎵 Session branch: <span style="color:#00BCD4;">main</span> — Current take: <span style="color:#00BCD4;">version 2</span>
[DEBUG] ✅ Final scroll to HEAD row 1
[DEBUG] Full status --porcelain output:
[DEBUG] Raw Git status --porcelain:
[DEBUG] has_unsaved_changes() = False
[DEBUG] Full status --porcelain output:
  → ?? .dawgit_roles.json
[DEBUG] Raw Git status --porcelain:
[DEBUG] Checking cleaned file path: .dawgit_roles.json
[DEBUG] Other file change detected: .dawgit_roles.json
[DEBUG] Full status --porcelain output:
[DEBUG] Raw Git status --porcelain:
[DEBUG] Recently modified .als detected: dummy.als
[DEBUG] Starting commit with message: 'Initial test commit'
[DEBUG] Project path: /private/var/folders/yx/c_cp834d18v7ptq75l5x7twm0000gn/T/pytest-of-niccavendish/pytest-0/test_multiple_commits_have_dis0/TestProject
[DEBUG] Repo is None? False
[DEBUG] DAW files found: [PosixPath('/private/var/folders/yx/c_cp834d18v7ptq75l5x7twm0000gn/T/pytest-of-niccavendish/pytest-0/test_multiple_commits_have_dis0/TestProject/dummy.als')]
[DEBUG] ✅ Matched HEAD SHA: 0172f85 → row 2
[DEBUG] Selected row = 2, SHA = 0172f855073af1e8366bce13f566de424583612b
[DEBUG] ✅ SHA set from selected row: 0172f855073af1e8366bce13f566de424583612b
[DEBUG] status label set: ✅ 🎧 On version line — 🎵 Session branch: <span style="color:#00BCD4;">main</span> — Current take: <span style="color:#00BCD4;">version 3</span>
[DEBUG] ✅ Final scroll to HEAD row 2
[DEBUG] status label set: ✅ 🎧 On version line — 🎵 Session branch: <span style="color:#00BCD4;">main</span> — Current take: <span style="color:#00BCD4;">version 3</span>
[DEBUG] Commit successful: Initial test commit → 0172f85
[DEBUG] status label set: ✅ 🎧 On version line — 🎵 Session branch: <span style="color:#00BCD4;">main</span> — Current take: <span style="color:#00BCD4;">version 3</span>
[DEBUG] Full status --porcelain output:
[DEBUG] Raw Git status --porcelain:
[DEBUG] has_unsaved_changes() = False
[DEBUG] Full status --porcelain output:
  → ?? .dawgit_roles.json
[DEBUG] Raw Git status --porcelain:
[DEBUG] Checking cleaned file path: .dawgit_roles.json
[DEBUG] Other file change detected: .dawgit_roles.json
[DEBUG] Full status --porcelain output:
[DEBUG] Raw Git status --porcelain:
[DEBUG] Recently modified .als detected: dummy.als
[DEBUG] ✅ Matched HEAD SHA: 0172f85 → row 2
[DEBUG] Selected row = 2, SHA = 0172f855073af1e8366bce13f566de424583612b
[DEBUG] ✅ SHA set from selected row: 0172f855073af1e8366bce13f566de424583612b
[DEBUG] status label set: ✅ 🎧 On version line — 🎵 Session branch: <span style="color:#00BCD4;">main</span> — Current take: <span style="color:#00BCD4;">version 3</span>
[DEBUG] ✅ Final scroll to HEAD row 2
[DEBUG] Saved commit roles to /private/var/folders/yx/c_cp834d18v7ptq75l5x7twm0000gn/T/pytest-of-niccavendish/pytest-0/test_multiple_commits_have_dis0/TestProject/.dawgit_roles.json
[DEBUG] Assigned role 'Main Mix' to commit 0172f855073af1e8366bce13f566de424583612b
[DEBUG] Full status --porcelain output:
[DEBUG] Raw Git status --porcelain:
[DEBUG] has_unsaved_changes() = False
[DEBUG] Full status --porcelain output:
  → ?? .dawgit_roles.json
[DEBUG] Raw Git status --porcelain:
[DEBUG] Checking cleaned file path: .dawgit_roles.json
[DEBUG] Other file change detected: .dawgit_roles.json
[DEBUG] Loaded commit roles from /private/var/folders/yx/c_cp834d18v7ptq75l5x7twm0000gn/T/pytest-of-niccavendish/pytest-0/test_multiple_commits_have_dis0/TestProject/.dawgit_roles.json
[DEBUG] ✅ Matched HEAD SHA: 0172f85 → row 2
[DEBUG] Selected row = 2, SHA = 0172f855073af1e8366bce13f566de424583612b
[DEBUG] ✅ SHA set from selected row: 0172f855073af1e8366bce13f566de424583612b
[DEBUG] status label set: ✅ 🎧 On version line — 🎵 Session branch: <span style="color:#00BCD4;">main</span> — Current take: <span style="color:#00BCD4;">version 3</span>
[DEBUG] ✅ Final scroll to HEAD row 2
[DEBUG] Saved commit roles to /private/var/folders/yx/c_cp834d18v7ptq75l5x7twm0000gn/T/pytest-of-niccavendish/pytest-0/test_multiple_commits_have_dis0/TestProject/.dawgit_roles.json
[DEBUG] Assigned role 'Creative Take' to commit 70928a6f7fe4d183f7ff6a2c73fc0baf47421a89
[32mPASSED[0m
tests_dawgit/test_commit_role_persistence.py::test_retag_commit_with_new_role [DEBUG] Skipping QTimer.singleShot — parent not visible.
[WARN] Could not load take label for branch main: 'NoneType' object has no attribute 'head'
[WARN] Could not load take label for branch experiment: 'NoneType' object has no attribute 'head'
[WARN] Could not load take label for branch alt_mix: 'NoneType' object has no attribute 'head'
[DEBUG] Skipping QTimer.singleShot — parent not visible.
[WARNING] Stylesheet not loaded: [Errno 2] No such file or directory: 'styles/dawgit_styles.qss'
[DEBUG] Loaded project path: /private/var/folders/yx/c_cp834d18v7ptq75l5x7twm0000gn/T/pytest-of-niccavendish/pytest-0/test_retag_commit_with_new_rol0/TestProject
[DEBUG] Initializing Git...
[DEBUG] Found DAW files: []
🧪 [Test Mode] No DAW files found — continuing with empty project.
[DEBUG] No existing repo found. Initializing new repo at /private/var/folders/yx/c_cp834d18v7ptq75l5x7twm0000gn/T/pytest-of-niccavendish/pytest-0/test_retag_commit_with_new_rol0/TestProject
✅ New Git repo initialized.
✅ Saved last project path: /private/var/folders/yx/c_cp834d18v7ptq75l5x7twm0000gn/T/pytest-of-niccavendish/pytest-0/test_retag_commit_with_new_rol0/TestProject
[DEBUG] status label set: ✅ 🎧 On version line — 🎵 Session branch: <span style="color:#00BCD4;">main</span> — Current take: <span style="color:#00BCD4;">version 1</span>
[DEBUG] self.current_commit_id before update_log: 6015581f9e9c40fa1c27373cab7759a15761c187
[DEBUG] ✅ Matched HEAD SHA: 6015581 → row 0
[DEBUG] Selected row = 0, SHA = 6015581f9e9c40fa1c27373cab7759a15761c187
[DEBUG] ✅ SHA set from selected row: 6015581f9e9c40fa1c27373cab7759a15761c187
[DEBUG] status label set: ✅ 🎧 On version line — 🎵 Session branch: <span style="color:#00BCD4;">main</span> — Current take: <span style="color:#00BCD4;">version 1</span>
[DEBUG] ✅ Final scroll to HEAD row 0
[DEBUG] ✅ Matched HEAD SHA: 6015581 → row 0
[DEBUG] Selected row = 0, SHA = 6015581f9e9c40fa1c27373cab7759a15761c187
[DEBUG] ✅ SHA set from selected row: 6015581f9e9c40fa1c27373cab7759a15761c187
[DEBUG] status label set: ✅ 🎧 On version line — 🎵 Session branch: <span style="color:#00BCD4;">main</span> — Current take: <span style="color:#00BCD4;">version 1</span>
[DEBUG] ✅ Final scroll to HEAD row 0
[DEBUG] status label set: ✅ 🎧 On version line — 🎵 Session branch: <span style="color:#00BCD4;">main</span> — Current take: <span style="color:#00BCD4;">version 1</span>
[DEBUG] Initializing Git...
[DEBUG] Found DAW files: []
🧪 [Test Mode] No DAW files found — continuing with empty project.
[DEBUG] Found existing Git repo at /private/var/folders/yx/c_cp834d18v7ptq75l5x7twm0000gn/T/pytest-of-niccavendish/pytest-0/test_retag_commit_with_new_rol0/TestProject
[DEBUG] Repo rebound: HEAD = 6015581
[DEBUG] ✅ Matched HEAD SHA: 6015581 → row 0
[DEBUG] Selected row = 0, SHA = 6015581f9e9c40fa1c27373cab7759a15761c187
[DEBUG] ✅ SHA set from selected row: 6015581f9e9c40fa1c27373cab7759a15761c187
[DEBUG] status label set: ✅ 🎧 On version line — 🎵 Session branch: <span style="color:#00BCD4;">main</span> — Current take: <span style="color:#00BCD4;">version 1</span>
[DEBUG] ✅ Final scroll to HEAD row 0
[DEBUG] status label set: ✅ 🎧 On version line — 🎵 Session branch: <span style="color:#00BCD4;">main</span> — Current take: <span style="color:#00BCD4;">version 1</span>
[DEBUG] status label set: ✅ 🎧 On version line — 🎵 Session branch: <span style="color:#00BCD4;">main</span> — Current take: <span style="color:#00BCD4;">version 1</span>
ℹ️ Existing Git repo found — checking status...
[DEBUG] status label set: ✅ 🎧 On version line — 🎵 Session branch: <span style="color:#00BCD4;">main</span> — Current take: <span style="color:#00BCD4;">version 1</span>
[DEBUG] self.current_commit_id before update_log: 6015581f9e9c40fa1c27373cab7759a15761c187
[DEBUG] ✅ Matched HEAD SHA: 6015581 → row 0
[DEBUG] Selected row = 0, SHA = 6015581f9e9c40fa1c27373cab7759a15761c187
[DEBUG] ✅ SHA set from selected row: 6015581f9e9c40fa1c27373cab7759a15761c187
[DEBUG] status label set: ✅ 🎧 On version line — 🎵 Session branch: <span style="color:#00BCD4;">main</span> — Current take: <span style="color:#00BCD4;">version 1</span>
[DEBUG] ✅ Final scroll to HEAD row 0
[DEBUG] ✅ Matched HEAD SHA: 5f149bc → row 1
[DEBUG] Selected row = 1, SHA = 5f149bcb4df47a0348b7a0eeb0c22207fc271e1b
[DEBUG] ✅ SHA set from selected row: 5f149bcb4df47a0348b7a0eeb0c22207fc271e1b
[DEBUG] status label set: ✅ 🎧 On version line — 🎵 Session branch: <span style="color:#00BCD4;">main</span> — Current take: <span style="color:#00BCD4;">version 2</span>
[DEBUG] ✅ Final scroll to HEAD row 1
[DEBUG] Full status --porcelain output:
[DEBUG] Raw Git status --porcelain:
[DEBUG] has_unsaved_changes() = False
[DEBUG] Full status --porcelain output:
  → ?? .dawgit_roles.json
[DEBUG] Raw Git status --porcelain:
[DEBUG] Checking cleaned file path: .dawgit_roles.json
[DEBUG] Other file change detected: .dawgit_roles.json
[DEBUG] Full status --porcelain output:
[DEBUG] Raw Git status --porcelain:
[DEBUG] Recently modified .als detected: dummy.als
[DEBUG] Starting commit with message: 'Initial test commit'
[DEBUG] Project path: /private/var/folders/yx/c_cp834d18v7ptq75l5x7twm0000gn/T/pytest-of-niccavendish/pytest-0/test_retag_commit_with_new_rol0/TestProject
[DEBUG] Repo is None? False
[DEBUG] DAW files found: [PosixPath('/private/var/folders/yx/c_cp834d18v7ptq75l5x7twm0000gn/T/pytest-of-niccavendish/pytest-0/test_retag_commit_with_new_rol0/TestProject/dummy.als')]
[DEBUG] ✅ Matched HEAD SHA: c1a9150 → row 2
[DEBUG] Selected row = 2, SHA = c1a915008227d1f852db0c35aad5cf6e175efa3b
[DEBUG] ✅ SHA set from selected row: c1a915008227d1f852db0c35aad5cf6e175efa3b
[DEBUG] status label set: ✅ 🎧 On version line — 🎵 Session branch: <span style="color:#00BCD4;">main</span> — Current take: <span style="color:#00BCD4;">version 3</span>
[DEBUG] ✅ Final scroll to HEAD row 2
[DEBUG] status label set: ✅ 🎧 On version line — 🎵 Session branch: <span style="color:#00BCD4;">main</span> — Current take: <span style="color:#00BCD4;">version 3</span>
[DEBUG] Commit successful: Initial test commit → c1a9150
[DEBUG] status label set: ✅ 🎧 On version line — 🎵 Session branch: <span style="color:#00BCD4;">main</span> — Current take: <span style="color:#00BCD4;">version 3</span>
[DEBUG] Full status --porcelain output:
[DEBUG] Raw Git status --porcelain:
[DEBUG] has_unsaved_changes() = False
[DEBUG] Full status --porcelain output:
  → ?? .dawgit_roles.json
[DEBUG] Raw Git status --porcelain:
[DEBUG] Checking cleaned file path: .dawgit_roles.json
[DEBUG] Other file change detected: .dawgit_roles.json
[DEBUG] Full status --porcelain output:
[DEBUG] Raw Git status --porcelain:
[DEBUG] Recently modified .als detected: dummy.als
[DEBUG] Full status --porcelain output:
[DEBUG] Raw Git status --porcelain:
[DEBUG] has_unsaved_changes() = False
[DEBUG] Full status --porcelain output:
[DEBUG] Raw Git status --porcelain:
[DEBUG] Recently modified .als detected: dummy.als
[DEBUG] Selected row = 2, SHA = c1a915008227d1f852db0c35aad5cf6e175efa3b
[DEBUG] ✅ SHA set from selected row: c1a915008227d1f852db0c35aad5cf6e175efa3b
[DEBUG] Selected row = 2, SHA = c1a915008227d1f852db0c35aad5cf6e175efa3b
[DEBUG] Saved commit roles to /private/var/folders/yx/c_cp834d18v7ptq75l5x7twm0000gn/T/pytest-of-niccavendish/pytest-0/test_retag_commit_with_new_rol0/TestProject/.dawgit_roles.json
[DEBUG] Assigned role 'Alt Mixdown' to commit c1a915008227d1f852db0c35aad5cf6e175efa3b
[DEBUG] Saved commit roles to /private/var/folders/yx/c_cp834d18v7ptq75l5x7twm0000gn/T/pytest-of-niccavendish/pytest-0/test_retag_commit_with_new_rol0/TestProject/.dawgit_roles.json
[DEBUG] Assigned role 'Main Mix' to commit c1a915008227d1f852db0c35aad5cf6e175efa3b
[32mPASSED[0m
tests_dawgit/test_commit_role_persistence.py::test_switch_to_creative_take_commit [DEBUG] Skipping QTimer.singleShot — parent not visible.
[WARN] Could not load take label for branch main: 'NoneType' object has no attribute 'head'
[WARN] Could not load take label for branch experiment: 'NoneType' object has no attribute 'head'
[WARN] Could not load take label for branch alt_mix: 'NoneType' object has no attribute 'head'
[DEBUG] Skipping QTimer.singleShot — parent not visible.
[WARNING] Stylesheet not loaded: [Errno 2] No such file or directory: 'styles/dawgit_styles.qss'
[DEBUG] Loaded project path: /private/var/folders/yx/c_cp834d18v7ptq75l5x7twm0000gn/T/pytest-of-niccavendish/pytest-0/test_switch_to_creative_take_c0/TestProject
[DEBUG] Initializing Git...
[DEBUG] Found DAW files: []
🧪 [Test Mode] No DAW files found — continuing with empty project.
[DEBUG] No existing repo found. Initializing new repo at /private/var/folders/yx/c_cp834d18v7ptq75l5x7twm0000gn/T/pytest-of-niccavendish/pytest-0/test_switch_to_creative_take_c0/TestProject
✅ New Git repo initialized.
✅ Saved last project path: /private/var/folders/yx/c_cp834d18v7ptq75l5x7twm0000gn/T/pytest-of-niccavendish/pytest-0/test_switch_to_creative_take_c0/TestProject
[DEBUG] status label set: ✅ 🎧 On version line — 🎵 Session branch: <span style="color:#00BCD4;">main</span> — Current take: <span style="color:#00BCD4;">version 1</span>
[DEBUG] self.current_commit_id before update_log: f228b0bbe7e2eb1953893549c4a2ed52394a79be
[DEBUG] ✅ Matched HEAD SHA: f228b0b → row 0
[DEBUG] Selected row = 0, SHA = f228b0bbe7e2eb1953893549c4a2ed52394a79be
[DEBUG] ✅ SHA set from selected row: f228b0bbe7e2eb1953893549c4a2ed52394a79be
[DEBUG] status label set: ✅ 🎧 On version line — 🎵 Session branch: <span style="color:#00BCD4;">main</span> — Current take: <span style="color:#00BCD4;">version 1</span>
[DEBUG] ✅ Final scroll to HEAD row 0
[DEBUG] ✅ Matched HEAD SHA: f228b0b → row 0
[DEBUG] Selected row = 0, SHA = f228b0bbe7e2eb1953893549c4a2ed52394a79be
[DEBUG] ✅ SHA set from selected row: f228b0bbe7e2eb1953893549c4a2ed52394a79be
[DEBUG] status label set: ✅ 🎧 On version line — 🎵 Session branch: <span style="color:#00BCD4;">main</span> — Current take: <span style="color:#00BCD4;">version 1</span>
[DEBUG] ✅ Final scroll to HEAD row 0
[DEBUG] status label set: ✅ 🎧 On version line — 🎵 Session branch: <span style="color:#00BCD4;">main</span> — Current take: <span style="color:#00BCD4;">version 1</span>
[DEBUG] Initializing Git...
[DEBUG] Found DAW files: []
🧪 [Test Mode] No DAW files found — continuing with empty project.
[DEBUG] Found existing Git repo at /private/var/folders/yx/c_cp834d18v7ptq75l5x7twm0000gn/T/pytest-of-niccavendish/pytest-0/test_switch_to_creative_take_c0/TestProject
[DEBUG] Repo rebound: HEAD = f228b0b
[DEBUG] ✅ Matched HEAD SHA: f228b0b → row 0
[DEBUG] Selected row = 0, SHA = f228b0bbe7e2eb1953893549c4a2ed52394a79be
[DEBUG] ✅ SHA set from selected row: f228b0bbe7e2eb1953893549c4a2ed52394a79be
[DEBUG] status label set: ✅ 🎧 On version line — 🎵 Session branch: <span style="color:#00BCD4;">main</span> — Current take: <span style="color:#00BCD4;">version 1</span>
[DEBUG] ✅ Final scroll to HEAD row 0
[DEBUG] status label set: ✅ 🎧 On version line — 🎵 Session branch: <span style="color:#00BCD4;">main</span> — Current take: <span style="color:#00BCD4;">version 1</span>
[DEBUG] status label set: ✅ 🎧 On version line — 🎵 Session branch: <span style="color:#00BCD4;">main</span> — Current take: <span style="color:#00BCD4;">version 1</span>
ℹ️ Existing Git repo found — checking status...
[DEBUG] status label set: ✅ 🎧 On version line — 🎵 Session branch: <span style="color:#00BCD4;">main</span> — Current take: <span style="color:#00BCD4;">version 1</span>
[DEBUG] self.current_commit_id before update_log: f228b0bbe7e2eb1953893549c4a2ed52394a79be
[DEBUG] ✅ Matched HEAD SHA: f228b0b → row 0
[DEBUG] Selected row = 0, SHA = f228b0bbe7e2eb1953893549c4a2ed52394a79be
[DEBUG] ✅ SHA set from selected row: f228b0bbe7e2eb1953893549c4a2ed52394a79be
[DEBUG] status label set: ✅ 🎧 On version line — 🎵 Session branch: <span style="color:#00BCD4;">main</span> — Current take: <span style="color:#00BCD4;">version 1</span>
[DEBUG] ✅ Final scroll to HEAD row 0
[DEBUG] ✅ Matched HEAD SHA: 0a82262 → row 1
[DEBUG] Selected row = 1, SHA = 0a82262353bf63a8a97e16415244bf608d1b48ab
[DEBUG] ✅ SHA set from selected row: 0a82262353bf63a8a97e16415244bf608d1b48ab
[DEBUG] status label set: ✅ 🎧 On version line — 🎵 Session branch: <span style="color:#00BCD4;">main</span> — Current take: <span style="color:#00BCD4;">version 2</span>
[DEBUG] ✅ Final scroll to HEAD row 1
[DEBUG] Full status --porcelain output:
[DEBUG] Raw Git status --porcelain:
[DEBUG] has_unsaved_changes() = False
[DEBUG] Full status --porcelain output:
  → ?? .dawgit_roles.json
[DEBUG] Raw Git status --porcelain:
[DEBUG] Checking cleaned file path: .dawgit_roles.json
[DEBUG] Other file change detected: .dawgit_roles.json
[DEBUG] Full status --porcelain output:
[DEBUG] Raw Git status --porcelain:
[DEBUG] Recently modified .als detected: dummy.als
[DEBUG] Starting commit with message: 'Initial test commit'
[DEBUG] Project path: /private/var/folders/yx/c_cp834d18v7ptq75l5x7twm0000gn/T/pytest-of-niccavendish/pytest-0/test_switch_to_creative_take_c0/TestProject
[DEBUG] Repo is None? False
[DEBUG] DAW files found: [PosixPath('/private/var/folders/yx/c_cp834d18v7ptq75l5x7twm0000gn/T/pytest-of-niccavendish/pytest-0/test_switch_to_creative_take_c0/TestProject/dummy.als')]
[DEBUG] ✅ Matched HEAD SHA: aa9e935 → row 2
[DEBUG] Selected row = 2, SHA = aa9e935ba0533e89f382022a69aff95fad3ae3ba
[DEBUG] ✅ SHA set from selected row: aa9e935ba0533e89f382022a69aff95fad3ae3ba
[DEBUG] status label set: ✅ 🎧 On version line — 🎵 Session branch: <span style="color:#00BCD4;">main</span> — Current take: <span style="color:#00BCD4;">version 3</span>
[DEBUG] ✅ Final scroll to HEAD row 2
[DEBUG] status label set: ✅ 🎧 On version line — 🎵 Session branch: <span style="color:#00BCD4;">main</span> — Current take: <span style="color:#00BCD4;">version 3</span>
[DEBUG] Commit successful: Initial test commit → aa9e935
[DEBUG] status label set: ✅ 🎧 On version line — 🎵 Session branch: <span style="color:#00BCD4;">main</span> — Current take: <span style="color:#00BCD4;">version 3</span>
[DEBUG] Full status --porcelain output:
[DEBUG] Raw Git status --porcelain:
[DEBUG] has_unsaved_changes() = False
[DEBUG] Full status --porcelain output:
  → ?? .dawgit_roles.json
[DEBUG] Raw Git status --porcelain:
[DEBUG] Checking cleaned file path: .dawgit_roles.json
[DEBUG] Other file change detected: .dawgit_roles.json
[DEBUG] Full status --porcelain output:
[DEBUG] Raw Git status --porcelain:
[DEBUG] Recently modified .als detected: dummy.als
[DEBUG] Full status --porcelain output:
[DEBUG] Raw Git status --porcelain:
[DEBUG] has_unsaved_changes() = False
[DEBUG] Full status --porcelain output:
  → ?? .dawgit_roles.json
[DEBUG] Raw Git status --porcelain:
[DEBUG] Checking cleaned file path: .dawgit_roles.json
[DEBUG] Other file change detected: .dawgit_roles.json
[DEBUG] Full status --porcelain output:
[DEBUG] Raw Git status --porcelain:
[DEBUG] Recently modified .als detected: dummy.als
[DEBUG] Selected row = 2, SHA = aa9e935ba0533e89f382022a69aff95fad3ae3ba
[DEBUG] ✅ SHA set from selected row: aa9e935ba0533e89f382022a69aff95fad3ae3ba
[DEBUG] Selected row = 2, SHA = aa9e935ba0533e89f382022a69aff95fad3ae3ba
[DEBUG] Saved commit roles to /private/var/folders/yx/c_cp834d18v7ptq75l5x7twm0000gn/T/pytest-of-niccavendish/pytest-0/test_switch_to_creative_take_c0/TestProject/.dawgit_roles.json
[DEBUG] Assigned role 'Creative Take' to commit aa9e935ba0533e89f382022a69aff95fad3ae3ba
[32mPASSED[0m
tests_dawgit/test_commit_role_persistence.py::test_switch_to_alt_mixdown_commit [DEBUG] Skipping QTimer.singleShot — parent not visible.
[WARN] Could not load take label for branch main: 'NoneType' object has no attribute 'head'
[WARN] Could not load take label for branch experiment: 'NoneType' object has no attribute 'head'
[WARN] Could not load take label for branch alt_mix: 'NoneType' object has no attribute 'head'
[DEBUG] Skipping QTimer.singleShot — parent not visible.
[WARNING] Stylesheet not loaded: [Errno 2] No such file or directory: 'styles/dawgit_styles.qss'
[DEBUG] Loaded project path: /private/var/folders/yx/c_cp834d18v7ptq75l5x7twm0000gn/T/pytest-of-niccavendish/pytest-0/test_switch_to_alt_mixdown_com0/TestProject
[DEBUG] Initializing Git...
[DEBUG] Found DAW files: []
🧪 [Test Mode] No DAW files found — continuing with empty project.
[DEBUG] No existing repo found. Initializing new repo at /private/var/folders/yx/c_cp834d18v7ptq75l5x7twm0000gn/T/pytest-of-niccavendish/pytest-0/test_switch_to_alt_mixdown_com0/TestProject
✅ New Git repo initialized.
✅ Saved last project path: /private/var/folders/yx/c_cp834d18v7ptq75l5x7twm0000gn/T/pytest-of-niccavendish/pytest-0/test_switch_to_alt_mixdown_com0/TestProject
[DEBUG] status label set: ✅ 🎧 On version line — 🎵 Session branch: <span style="color:#00BCD4;">main</span> — Current take: <span style="color:#00BCD4;">version 1</span>
[DEBUG] self.current_commit_id before update_log: e2f1af8e5f8ae0320959aea18f16141af0a319ec
[DEBUG] ✅ Matched HEAD SHA: e2f1af8 → row 0
[DEBUG] Selected row = 0, SHA = e2f1af8e5f8ae0320959aea18f16141af0a319ec
[DEBUG] ✅ SHA set from selected row: e2f1af8e5f8ae0320959aea18f16141af0a319ec
[DEBUG] status label set: ✅ 🎧 On version line — 🎵 Session branch: <span style="color:#00BCD4;">main</span> — Current take: <span style="color:#00BCD4;">version 1</span>
[DEBUG] ✅ Final scroll to HEAD row 0
[DEBUG] ✅ Matched HEAD SHA: e2f1af8 → row 0
[DEBUG] Selected row = 0, SHA = e2f1af8e5f8ae0320959aea18f16141af0a319ec
[DEBUG] ✅ SHA set from selected row: e2f1af8e5f8ae0320959aea18f16141af0a319ec
[DEBUG] status label set: ✅ 🎧 On version line — 🎵 Session branch: <span style="color:#00BCD4;">main</span> — Current take: <span style="color:#00BCD4;">version 1</span>
[DEBUG] ✅ Final scroll to HEAD row 0
[DEBUG] status label set: ✅ 🎧 On version line — 🎵 Session branch: <span style="color:#00BCD4;">main</span> — Current take: <span style="color:#00BCD4;">version 1</span>
[DEBUG] Initializing Git...
[DEBUG] Found DAW files: []
🧪 [Test Mode] No DAW files found — continuing with empty project.
[DEBUG] Found existing Git repo at /private/var/folders/yx/c_cp834d18v7ptq75l5x7twm0000gn/T/pytest-of-niccavendish/pytest-0/test_switch_to_alt_mixdown_com0/TestProject
[DEBUG] Repo rebound: HEAD = e2f1af8
[DEBUG] ✅ Matched HEAD SHA: e2f1af8 → row 0
[DEBUG] Selected row = 0, SHA = e2f1af8e5f8ae0320959aea18f16141af0a319ec
[DEBUG] ✅ SHA set from selected row: e2f1af8e5f8ae0320959aea18f16141af0a319ec
[DEBUG] status label set: ✅ 🎧 On version line — 🎵 Session branch: <span style="color:#00BCD4;">main</span> — Current take: <span style="color:#00BCD4;">version 1</span>
[DEBUG] ✅ Final scroll to HEAD row 0
[DEBUG] status label set: ✅ 🎧 On version line — 🎵 Session branch: <span style="color:#00BCD4;">main</span> — Current take: <span style="color:#00BCD4;">version 1</span>
[DEBUG] status label set: ✅ 🎧 On version line — 🎵 Session branch: <span style="color:#00BCD4;">main</span> — Current take: <span style="color:#00BCD4;">version 1</span>
ℹ️ Existing Git repo found — checking status...
[DEBUG] status label set: ✅ 🎧 On version line — 🎵 Session branch: <span style="color:#00BCD4;">main</span> — Current take: <span style="color:#00BCD4;">version 1</span>
[DEBUG] self.current_commit_id before update_log: e2f1af8e5f8ae0320959aea18f16141af0a319ec
[DEBUG] ✅ Matched HEAD SHA: e2f1af8 → row 0
[DEBUG] Selected row = 0, SHA = e2f1af8e5f8ae0320959aea18f16141af0a319ec
[DEBUG] ✅ SHA set from selected row: e2f1af8e5f8ae0320959aea18f16141af0a319ec
[DEBUG] status label set: ✅ 🎧 On version line — 🎵 Session branch: <span style="color:#00BCD4;">main</span> — Current take: <span style="color:#00BCD4;">version 1</span>
[DEBUG] ✅ Final scroll to HEAD row 0
[DEBUG] ✅ Matched HEAD SHA: 3f07435 → row 1
[DEBUG] Selected row = 1, SHA = 3f07435ee854f2e608de7f81802b96d925e516d2
[DEBUG] ✅ SHA set from selected row: 3f07435ee854f2e608de7f81802b96d925e516d2
[DEBUG] status label set: ✅ 🎧 On version line — 🎵 Session branch: <span style="color:#00BCD4;">main</span> — Current take: <span style="color:#00BCD4;">version 2</span>
[DEBUG] ✅ Final scroll to HEAD row 1
[DEBUG] Full status --porcelain output:
[DEBUG] Raw Git status --porcelain:
[DEBUG] has_unsaved_changes() = False
[DEBUG] Full status --porcelain output:
  → ?? .dawgit_roles.json
[DEBUG] Raw Git status --porcelain:
[DEBUG] Checking cleaned file path: .dawgit_roles.json
[DEBUG] Other file change detected: .dawgit_roles.json
[DEBUG] Full status --porcelain output:
[DEBUG] Raw Git status --porcelain:
[DEBUG] Recently modified .als detected: dummy.als
[DEBUG] Starting commit with message: 'Initial test commit'
[DEBUG] Project path: /private/var/folders/yx/c_cp834d18v7ptq75l5x7twm0000gn/T/pytest-of-niccavendish/pytest-0/test_switch_to_alt_mixdown_com0/TestProject
[DEBUG] Repo is None? False
[DEBUG] DAW files found: [PosixPath('/private/var/folders/yx/c_cp834d18v7ptq75l5x7twm0000gn/T/pytest-of-niccavendish/pytest-0/test_switch_to_alt_mixdown_com0/TestProject/dummy.als')]
[DEBUG] ✅ Matched HEAD SHA: 3450966 → row 2
[DEBUG] Selected row = 2, SHA = 34509668f70130678fd8aa0a2b528948107c7451
[DEBUG] ✅ SHA set from selected row: 34509668f70130678fd8aa0a2b528948107c7451
[DEBUG] status label set: ✅ 🎧 On version line — 🎵 Session branch: <span style="color:#00BCD4;">main</span> — Current take: <span style="color:#00BCD4;">version 3</span>
[DEBUG] ✅ Final scroll to HEAD row 2
[DEBUG] status label set: ✅ 🎧 On version line — 🎵 Session branch: <span style="color:#00BCD4;">main</span> — Current take: <span style="color:#00BCD4;">version 3</span>
[DEBUG] Commit successful: Initial test commit → 3450966
[DEBUG] status label set: ✅ 🎧 On version line — 🎵 Session branch: <span style="color:#00BCD4;">main</span> — Current take: <span style="color:#00BCD4;">version 3</span>
[DEBUG] Full status --porcelain output:
[DEBUG] Raw Git status --porcelain:
[DEBUG] has_unsaved_changes() = False
[DEBUG] Full status --porcelain output:
  → ?? .dawgit_roles.json
[DEBUG] Raw Git status --porcelain:
[DEBUG] Checking cleaned file path: .dawgit_roles.json
[DEBUG] Other file change detected: .dawgit_roles.json
[DEBUG] Full status --porcelain output:
[DEBUG] Raw Git status --porcelain:
[DEBUG] Recently modified .als detected: dummy.als
[DEBUG] Full status --porcelain output:
[DEBUG] Raw Git status --porcelain:
[DEBUG] has_unsaved_changes() = False
[DEBUG] Full status --porcelain output:
  → ?? .dawgit_roles.json
[DEBUG] Raw Git status --porcelain:
[DEBUG] Checking cleaned file path: .dawgit_roles.json
[DEBUG] Other file change detected: .dawgit_roles.json
[DEBUG] Full status --porcelain output:
[DEBUG] Raw Git status --porcelain:
[DEBUG] Recently modified .als detected: dummy.als
[DEBUG] Full status --porcelain output:
[DEBUG] Raw Git status --porcelain:
[DEBUG] has_unsaved_changes() = False
[DEBUG] Full status --porcelain output:
[DEBUG] Raw Git status --porcelain:
[DEBUG] Recently modified .als detected: dummy.als
[DEBUG] Selected row = 2, SHA = 34509668f70130678fd8aa0a2b528948107c7451
[DEBUG] ✅ SHA set from selected row: 34509668f70130678fd8aa0a2b528948107c7451
[DEBUG] Selected row = 2, SHA = 34509668f70130678fd8aa0a2b528948107c7451
[DEBUG] Saved commit roles to /private/var/folders/yx/c_cp834d18v7ptq75l5x7twm0000gn/T/pytest-of-niccavendish/pytest-0/test_switch_to_alt_mixdown_com0/TestProject/.dawgit_roles.json
[DEBUG] Assigned role 'Alt Mixdown' to commit 34509668f70130678fd8aa0a2b528948107c7451
[32mPASSED[0m
tests_dawgit/test_commit_role_persistence.py::test_repeated_tag_untag_commit_role [DEBUG] Skipping QTimer.singleShot — parent not visible.
[WARN] Could not load take label for branch main: 'NoneType' object has no attribute 'head'
[WARN] Could not load take label for branch experiment: 'NoneType' object has no attribute 'head'
[WARN] Could not load take label for branch alt_mix: 'NoneType' object has no attribute 'head'
[DEBUG] Skipping QTimer.singleShot — parent not visible.
[WARNING] Stylesheet not loaded: [Errno 2] No such file or directory: 'styles/dawgit_styles.qss'
[DEBUG] Loaded project path: /private/var/folders/yx/c_cp834d18v7ptq75l5x7twm0000gn/T/pytest-of-niccavendish/pytest-0/test_repeated_tag_untag_commit0/TestProject
[DEBUG] Initializing Git...
[DEBUG] Found DAW files: []
🧪 [Test Mode] No DAW files found — continuing with empty project.
[DEBUG] No existing repo found. Initializing new repo at /private/var/folders/yx/c_cp834d18v7ptq75l5x7twm0000gn/T/pytest-of-niccavendish/pytest-0/test_repeated_tag_untag_commit0/TestProject
✅ New Git repo initialized.
✅ Saved last project path: /private/var/folders/yx/c_cp834d18v7ptq75l5x7twm0000gn/T/pytest-of-niccavendish/pytest-0/test_repeated_tag_untag_commit0/TestProject
[DEBUG] status label set: ✅ 🎧 On version line — 🎵 Session branch: <span style="color:#00BCD4;">main</span> — Current take: <span style="color:#00BCD4;">version 1</span>
[DEBUG] self.current_commit_id before update_log: effb0669e8d4ce750db8f4a15dda0cb38ee80335
[DEBUG] ✅ Matched HEAD SHA: effb066 → row 0
[DEBUG] Selected row = 0, SHA = effb0669e8d4ce750db8f4a15dda0cb38ee80335
[DEBUG] ✅ SHA set from selected row: effb0669e8d4ce750db8f4a15dda0cb38ee80335
[DEBUG] status label set: ✅ 🎧 On version line — 🎵 Session branch: <span style="color:#00BCD4;">main</span> — Current take: <span style="color:#00BCD4;">version 1</span>
[DEBUG] ✅ Final scroll to HEAD row 0
[DEBUG] ✅ Matched HEAD SHA: effb066 → row 0
[DEBUG] Selected row = 0, SHA = effb0669e8d4ce750db8f4a15dda0cb38ee80335
[DEBUG] ✅ SHA set from selected row: effb0669e8d4ce750db8f4a15dda0cb38ee80335
[DEBUG] status label set: ✅ 🎧 On version line — 🎵 Session branch: <span style="color:#00BCD4;">main</span> — Current take: <span style="color:#00BCD4;">version 1</span>
[DEBUG] ✅ Final scroll to HEAD row 0
[DEBUG] status label set: ✅ 🎧 On version line — 🎵 Session branch: <span style="color:#00BCD4;">main</span> — Current take: <span style="color:#00BCD4;">version 1</span>
[DEBUG] Initializing Git...
[DEBUG] Found DAW files: []
🧪 [Test Mode] No DAW files found — continuing with empty project.
[DEBUG] Found existing Git repo at /private/var/folders/yx/c_cp834d18v7ptq75l5x7twm0000gn/T/pytest-of-niccavendish/pytest-0/test_repeated_tag_untag_commit0/TestProject
[DEBUG] Repo rebound: HEAD = effb066
[DEBUG] ✅ Matched HEAD SHA: effb066 → row 0
[DEBUG] Selected row = 0, SHA = effb0669e8d4ce750db8f4a15dda0cb38ee80335
[DEBUG] ✅ SHA set from selected row: effb0669e8d4ce750db8f4a15dda0cb38ee80335
[DEBUG] status label set: ✅ 🎧 On version line — 🎵 Session branch: <span style="color:#00BCD4;">main</span> — Current take: <span style="color:#00BCD4;">version 1</span>
[DEBUG] ✅ Final scroll to HEAD row 0
[DEBUG] status label set: ✅ 🎧 On version line — 🎵 Session branch: <span style="color:#00BCD4;">main</span> — Current take: <span style="color:#00BCD4;">version 1</span>
[DEBUG] status label set: ✅ 🎧 On version line — 🎵 Session branch: <span style="color:#00BCD4;">main</span> — Current take: <span style="color:#00BCD4;">version 1</span>
ℹ️ Existing Git repo found — checking status...
[DEBUG] status label set: ✅ 🎧 On version line — 🎵 Session branch: <span style="color:#00BCD4;">main</span> — Current take: <span style="color:#00BCD4;">version 1</span>
[DEBUG] self.current_commit_id before update_log: effb0669e8d4ce750db8f4a15dda0cb38ee80335
[DEBUG] ✅ Matched HEAD SHA: effb066 → row 0
[DEBUG] Selected row = 0, SHA = effb0669e8d4ce750db8f4a15dda0cb38ee80335
[DEBUG] ✅ SHA set from selected row: effb0669e8d4ce750db8f4a15dda0cb38ee80335
[DEBUG] status label set: ✅ 🎧 On version line — 🎵 Session branch: <span style="color:#00BCD4;">main</span> — Current take: <span style="color:#00BCD4;">version 1</span>
[DEBUG] ✅ Final scroll to HEAD row 0
[DEBUG] ✅ Matched HEAD SHA: 7fcf616 → row 1
[DEBUG] Selected row = 1, SHA = 7fcf6168c68dae664adacc7c95e97606b992b429
[DEBUG] ✅ SHA set from selected row: 7fcf6168c68dae664adacc7c95e97606b992b429
[DEBUG] status label set: ✅ 🎧 On version line — 🎵 Session branch: <span style="color:#00BCD4;">main</span> — Current take: <span style="color:#00BCD4;">version 2</span>
[DEBUG] ✅ Final scroll to HEAD row 1
[DEBUG] Full status --porcelain output:
[DEBUG] Raw Git status --porcelain:
[DEBUG] has_unsaved_changes() = False
[DEBUG] Full status --porcelain output:
  → ?? .dawgit_roles.json
[DEBUG] Raw Git status --porcelain:
[DEBUG] Checking cleaned file path: .dawgit_roles.json
[DEBUG] Other file change detected: .dawgit_roles.json
[DEBUG] Full status --porcelain output:
[DEBUG] Raw Git status --porcelain:
[DEBUG] Recently modified .als detected: dummy.als
[DEBUG] Starting commit with message: 'Initial test commit'
[DEBUG] Project path: /private/var/folders/yx/c_cp834d18v7ptq75l5x7twm0000gn/T/pytest-of-niccavendish/pytest-0/test_repeated_tag_untag_commit0/TestProject
[DEBUG] Repo is None? False
[DEBUG] DAW files found: [PosixPath('/private/var/folders/yx/c_cp834d18v7ptq75l5x7twm0000gn/T/pytest-of-niccavendish/pytest-0/test_repeated_tag_untag_commit0/TestProject/dummy.als')]
[DEBUG] ✅ Matched HEAD SHA: 579399c → row 2
[DEBUG] Selected row = 2, SHA = 579399cd5e087d5787a98f435e80c380f943f425
[DEBUG] ✅ SHA set from selected row: 579399cd5e087d5787a98f435e80c380f943f425
[DEBUG] status label set: ✅ 🎧 On version line — 🎵 Session branch: <span style="color:#00BCD4;">main</span> — Current take: <span style="color:#00BCD4;">version 3</span>
[DEBUG] ✅ Final scroll to HEAD row 2
[DEBUG] status label set: ✅ 🎧 On version line — 🎵 Session branch: <span style="color:#00BCD4;">main</span> — Current take: <span style="color:#00BCD4;">version 3</span>
[DEBUG] Commit successful: Initial test commit → 579399c
[DEBUG] status label set: ✅ 🎧 On version line — 🎵 Session branch: <span style="color:#00BCD4;">main</span> — Current take: <span style="color:#00BCD4;">version 3</span>
[DEBUG] Full status --porcelain output:
[DEBUG] Raw Git status --porcelain:
[DEBUG] Recently modified .als detected: dummy.als
[DEBUG] Selected row = 2, SHA = 579399cd5e087d5787a98f435e80c380f943f425
[DEBUG] ✅ SHA set from selected row: 579399cd5e087d5787a98f435e80c380f943f425
[DEBUG] Selected row = 2, SHA = 579399cd5e087d5787a98f435e80c380f943f425
[DEBUG] Saved commit roles to /private/var/folders/yx/c_cp834d18v7ptq75l5x7twm0000gn/T/pytest-of-niccavendish/pytest-0/test_repeated_tag_untag_commit0/TestProject/.dawgit_roles.json
[DEBUG] Assigned role 'Main Mix' to commit 579399cd5e087d5787a98f435e80c380f943f425
[DEBUG] Saved commit roles to /private/var/folders/yx/c_cp834d18v7ptq75l5x7twm0000gn/T/pytest-of-niccavendish/pytest-0/test_repeated_tag_untag_commit0/TestProject/.dawgit_roles.json
[DEBUG] Assigned role '' to commit 579399cd5e087d5787a98f435e80c380f943f425
[DEBUG] Saved commit roles to /private/var/folders/yx/c_cp834d18v7ptq75l5x7twm0000gn/T/pytest-of-niccavendish/pytest-0/test_repeated_tag_untag_commit0/TestProject/.dawgit_roles.json
[DEBUG] Assigned role 'Creative Take' to commit 579399cd5e087d5787a98f435e80c380f943f425
[DEBUG] Full status --porcelain output:
  → ?? .dawgit_roles.json
[DEBUG] Raw Git status --porcelain:
[DEBUG] Checking cleaned file path: .dawgit_roles.json
[DEBUG] Other file change detected: .dawgit_roles.json
[32mPASSED[0m
tests_dawgit/test_commit_role_persistence.py::test_delete_commit_with_role_tagged [DEBUG] Skipping QTimer.singleShot — parent not visible.
[WARN] Could not load take label for branch main: 'NoneType' object has no attribute 'head'
[WARN] Could not load take label for branch experiment: 'NoneType' object has no attribute 'head'
[WARN] Could not load take label for branch alt_mix: 'NoneType' object has no attribute 'head'
[DEBUG] Skipping QTimer.singleShot — parent not visible.
[WARNING] Stylesheet not loaded: [Errno 2] No such file or directory: 'styles/dawgit_styles.qss'
[DEBUG] Loaded project path: /private/var/folders/yx/c_cp834d18v7ptq75l5x7twm0000gn/T/pytest-of-niccavendish/pytest-0/test_delete_commit_with_role_t0/TestProject
[DEBUG] Initializing Git...
[DEBUG] Found DAW files: []
🧪 [Test Mode] No DAW files found — continuing with empty project.
[DEBUG] No existing repo found. Initializing new repo at /private/var/folders/yx/c_cp834d18v7ptq75l5x7twm0000gn/T/pytest-of-niccavendish/pytest-0/test_delete_commit_with_role_t0/TestProject
✅ New Git repo initialized.
✅ Saved last project path: /private/var/folders/yx/c_cp834d18v7ptq75l5x7twm0000gn/T/pytest-of-niccavendish/pytest-0/test_delete_commit_with_role_t0/TestProject
[DEBUG] status label set: ✅ 🎧 On version line — 🎵 Session branch: <span style="color:#00BCD4;">main</span> — Current take: <span style="color:#00BCD4;">version 1</span>
[DEBUG] self.current_commit_id before update_log: 7194d370ddc44c2f1f39af53d794fb7cb43d82af
[DEBUG] ✅ Matched HEAD SHA: 7194d37 → row 0
[DEBUG] Selected row = 0, SHA = 7194d370ddc44c2f1f39af53d794fb7cb43d82af
[DEBUG] ✅ SHA set from selected row: 7194d370ddc44c2f1f39af53d794fb7cb43d82af
[DEBUG] status label set: ✅ 🎧 On version line — 🎵 Session branch: <span style="color:#00BCD4;">main</span> — Current take: <span style="color:#00BCD4;">version 1</span>
[DEBUG] ✅ Final scroll to HEAD row 0
[DEBUG] ✅ Matched HEAD SHA: 7194d37 → row 0
[DEBUG] Selected row = 0, SHA = 7194d370ddc44c2f1f39af53d794fb7cb43d82af
[DEBUG] ✅ SHA set from selected row: 7194d370ddc44c2f1f39af53d794fb7cb43d82af
[DEBUG] status label set: ✅ 🎧 On version line — 🎵 Session branch: <span style="color:#00BCD4;">main</span> — Current take: <span style="color:#00BCD4;">version 1</span>
[DEBUG] ✅ Final scroll to HEAD row 0
[DEBUG] status label set: ✅ 🎧 On version line — 🎵 Session branch: <span style="color:#00BCD4;">main</span> — Current take: <span style="color:#00BCD4;">version 1</span>
[DEBUG] Initializing Git...
[DEBUG] Found DAW files: []
🧪 [Test Mode] No DAW files found — continuing with empty project.
[DEBUG] Found existing Git repo at /private/var/folders/yx/c_cp834d18v7ptq75l5x7twm0000gn/T/pytest-of-niccavendish/pytest-0/test_delete_commit_with_role_t0/TestProject
[DEBUG] Repo rebound: HEAD = 7194d37
[DEBUG] ✅ Matched HEAD SHA: 7194d37 → row 0
[DEBUG] Selected row = 0, SHA = 7194d370ddc44c2f1f39af53d794fb7cb43d82af
[DEBUG] ✅ SHA set from selected row: 7194d370ddc44c2f1f39af53d794fb7cb43d82af
[DEBUG] status label set: ✅ 🎧 On version line — 🎵 Session branch: <span style="color:#00BCD4;">main</span> — Current take: <span style="color:#00BCD4;">version 1</span>
[DEBUG] ✅ Final scroll to HEAD row 0
[DEBUG] status label set: ✅ 🎧 On version line — 🎵 Session branch: <span style="color:#00BCD4;">main</span> — Current take: <span style="color:#00BCD4;">version 1</span>
[DEBUG] status label set: ✅ 🎧 On version line — 🎵 Session branch: <span style="color:#00BCD4;">main</span> — Current take: <span style="color:#00BCD4;">version 1</span>
ℹ️ Existing Git repo found — checking status...
[DEBUG] status label set: ✅ 🎧 On version line — 🎵 Session branch: <span style="color:#00BCD4;">main</span> — Current take: <span style="color:#00BCD4;">version 1</span>
[DEBUG] self.current_commit_id before update_log: 7194d370ddc44c2f1f39af53d794fb7cb43d82af
[DEBUG] ✅ Matched HEAD SHA: 7194d37 → row 0
[DEBUG] Selected row = 0, SHA = 7194d370ddc44c2f1f39af53d794fb7cb43d82af
[DEBUG] ✅ SHA set from selected row: 7194d370ddc44c2f1f39af53d794fb7cb43d82af
[DEBUG] status label set: ✅ 🎧 On version line — 🎵 Session branch: <span style="color:#00BCD4;">main</span> — Current take: <span style="color:#00BCD4;">version 1</span>
[DEBUG] ✅ Final scroll to HEAD row 0
[DEBUG] ✅ Matched HEAD SHA: f668dc8 → row 1
[DEBUG] Selected row = 1, SHA = f668dc84687e032d110be4ca4ef579ff7bef99c8
[DEBUG] ✅ SHA set from selected row: f668dc84687e032d110be4ca4ef579ff7bef99c8
[DEBUG] status label set: ✅ 🎧 On version line — 🎵 Session branch: <span style="color:#00BCD4;">main</span> — Current take: <span style="color:#00BCD4;">version 2</span>
[DEBUG] ✅ Final scroll to HEAD row 1
[DEBUG] Full status --porcelain output:
  → ?? .dawgit_roles.json
[DEBUG] Raw Git status --porcelain:
[DEBUG] Checking cleaned file path: .dawgit_roles.json
[DEBUG] Other file change detected: .dawgit_roles.json
[DEBUG] Full status --porcelain output:
[DEBUG] Raw Git status --porcelain:
[DEBUG] Recently modified .als detected: dummy.als
[DEBUG] Starting commit with message: 'Initial test commit'
[DEBUG] Project path: /private/var/folders/yx/c_cp834d18v7ptq75l5x7twm0000gn/T/pytest-of-niccavendish/pytest-0/test_delete_commit_with_role_t0/TestProject
[DEBUG] Repo is None? False
[DEBUG] DAW files found: [PosixPath('/private/var/folders/yx/c_cp834d18v7ptq75l5x7twm0000gn/T/pytest-of-niccavendish/pytest-0/test_delete_commit_with_role_t0/TestProject/dummy.als')]
[DEBUG] ✅ Matched HEAD SHA: 476d9b0 → row 2
[DEBUG] Selected row = 2, SHA = 476d9b034359f2594135c024ee4fbe7af676f8b7
[DEBUG] ✅ SHA set from selected row: 476d9b034359f2594135c024ee4fbe7af676f8b7
[DEBUG] status label set: ✅ 🎧 On version line — 🎵 Session branch: <span style="color:#00BCD4;">main</span> — Current take: <span style="color:#00BCD4;">version 3</span>
[DEBUG] ✅ Final scroll to HEAD row 2
[DEBUG] status label set: ✅ 🎧 On version line — 🎵 Session branch: <span style="color:#00BCD4;">main</span> — Current take: <span style="color:#00BCD4;">version 3</span>
[DEBUG] Commit successful: Initial test commit → 476d9b0
[DEBUG] status label set: ✅ 🎧 On version line — 🎵 Session branch: <span style="color:#00BCD4;">main</span> — Current take: <span style="color:#00BCD4;">version 3</span>
[DEBUG] Full status --porcelain output:
  → ?? .dawgit_roles.json
[DEBUG] Raw Git status --porcelain:
[DEBUG] Checking cleaned file path: .dawgit_roles.json
[DEBUG] Other file change detected: .dawgit_roles.json
[DEBUG] Full status --porcelain output:
[DEBUG] Raw Git status --porcelain:
[DEBUG] Recently modified .als detected: dummy.als
[DEBUG] Full status --porcelain output:
  → ?? .dawgit_roles.json
[DEBUG] Raw Git status --porcelain:
[DEBUG] Checking cleaned file path: .dawgit_roles.json
[DEBUG] Other file change detected: .dawgit_roles.json
[DEBUG] Full status --porcelain output:
[DEBUG] Raw Git status --porcelain:
[DEBUG] Recently modified .als detected: dummy.als
[DEBUG] Full status --porcelain output:
[DEBUG] Raw Git status --porcelain:
[DEBUG] Recently modified .als detected: dummy.als
[DEBUG] Selected row = 2, SHA = 476d9b034359f2594135c024ee4fbe7af676f8b7
[DEBUG] ✅ SHA set from selected row: 476d9b034359f2594135c024ee4fbe7af676f8b7
[DEBUG] Selected row = 2, SHA = 476d9b034359f2594135c024ee4fbe7af676f8b7
[DEBUG] Saved commit roles to /private/var/folders/yx/c_cp834d18v7ptq75l5x7twm0000gn/T/pytest-of-niccavendish/pytest-0/test_delete_commit_with_role_t0/TestProject/.dawgit_roles.json
[DEBUG] Assigned role 'Alt Mixdown' to commit 476d9b034359f2594135c024ee4fbe7af676f8b7
[32mPASSED[0m
tests_dawgit/test_commits.py::test_commit_requires_als_file[True] [DEBUG] Skipping QTimer.singleShot — parent not visible.
[WARN] Could not load take label for branch main: 'NoneType' object has no attribute 'head'
[WARN] Could not load take label for branch experiment: 'NoneType' object has no attribute 'head'
[WARN] Could not load take label for branch alt_mix: 'NoneType' object has no attribute 'head'
[DEBUG] Skipping QTimer.singleShot — parent not visible.
[WARNING] Stylesheet not loaded: [Errno 2] No such file or directory: 'styles/dawgit_styles.qss'
[DEBUG] Loaded project path: /var/folders/yx/c_cp834d18v7ptq75l5x7twm0000gn/T/tmplpes623m
[DEBUG] Initializing Git...
[DEBUG] Found DAW files: []
🧪 [Test Mode] No DAW files found — continuing with empty project.
[DEBUG] Found existing Git repo at /var/folders/yx/c_cp834d18v7ptq75l5x7twm0000gn/T/tmplpes623m
[DEBUG] Repo rebound: HEAD = fdc8db4
[DEBUG] ✅ Matched HEAD SHA: fdc8db4 → row 0
[DEBUG] Selected row = 0, SHA = fdc8db44832a0e7513bda08561e288964667bbe3
[DEBUG] ✅ SHA set from selected row: fdc8db44832a0e7513bda08561e288964667bbe3
[DEBUG] status label set: ✅ 🎧 On version line — 🎵 Session branch: <span style="color:#00BCD4;">main</span> — Current take: <span style="color:#00BCD4;">version 1</span>
[DEBUG] ✅ Final scroll to HEAD row 0
[DEBUG] status label set: ✅ 🎧 On version line — 🎵 Session branch: <span style="color:#00BCD4;">main</span> — Current take: <span style="color:#00BCD4;">version 1</span>
[DEBUG] status label set: ✅ 🎧 On version line — 🎵 Session branch: <span style="color:#00BCD4;">main</span> — Current take: <span style="color:#00BCD4;">version 1</span>
ℹ️ Existing Git repo found — checking status...
[DEBUG] status label set: ✅ 🎧 On version line — 🎵 Session branch: <span style="color:#00BCD4;">main</span> — Current take: <span style="color:#00BCD4;">version 1</span>
[DEBUG] self.current_commit_id before update_log: fdc8db44832a0e7513bda08561e288964667bbe3
[DEBUG] ✅ Matched HEAD SHA: fdc8db4 → row 0
[DEBUG] Selected row = 0, SHA = fdc8db44832a0e7513bda08561e288964667bbe3
[DEBUG] ✅ SHA set from selected row: fdc8db44832a0e7513bda08561e288964667bbe3
[DEBUG] status label set: ✅ 🎧 On version line — 🎵 Session branch: <span style="color:#00BCD4;">main</span> — Current take: <span style="color:#00BCD4;">version 1</span>
[DEBUG] ✅ Final scroll to HEAD row 0
[DEBUG] ✅ Matched HEAD SHA: fdc8db4 → row 0
[DEBUG] Selected row = 0, SHA = fdc8db44832a0e7513bda08561e288964667bbe3
[DEBUG] ✅ SHA set from selected row: fdc8db44832a0e7513bda08561e288964667bbe3
[DEBUG] status label set: ✅ 🎧 On version line — 🎵 Session branch: <span style="color:#00BCD4;">main</span> — Current take: <span style="color:#00BCD4;">version 1</span>
[DEBUG] ✅ Final scroll to HEAD row 0
[DEBUG] status label set: ✅ 🎧 On version line — 🎵 Session branch: <span style="color:#00BCD4;">main</span> — Current take: <span style="color:#00BCD4;">version 1</span>
[DEBUG] Full status --porcelain output:
  → ?? .dawgit_roles.json
[DEBUG] Raw Git status --porcelain:
[DEBUG] Checking cleaned file path: .dawgit_roles.json
[DEBUG] Other file change detected: .dawgit_roles.json
[32mPASSED[0m
tests_dawgit/test_commits.py::test_commit_requires_logicx_file[True] [DEBUG] Skipping QTimer.singleShot — parent not visible.
[WARN] Could not load take label for branch main: 'NoneType' object has no attribute 'head'
[WARN] Could not load take label for branch experiment: 'NoneType' object has no attribute 'head'
[WARN] Could not load take label for branch alt_mix: 'NoneType' object has no attribute 'head'
[DEBUG] Skipping QTimer.singleShot — parent not visible.
[WARNING] Stylesheet not loaded: [Errno 2] No such file or directory: 'styles/dawgit_styles.qss'
[DEBUG] Loaded project path: /var/folders/yx/c_cp834d18v7ptq75l5x7twm0000gn/T/tmpcb2g73ag
[DEBUG] Initializing Git...
[DEBUG] Found DAW files: []
🧪 [Test Mode] No DAW files found — continuing with empty project.
[DEBUG] Found existing Git repo at /var/folders/yx/c_cp834d18v7ptq75l5x7twm0000gn/T/tmpcb2g73ag
[DEBUG] Repo rebound: HEAD = 7dc9080
[DEBUG] ✅ Matched HEAD SHA: 7dc9080 → row 0
[DEBUG] Selected row = 0, SHA = 7dc908048e09f269264fbe57373de63a47a63a41
[DEBUG] ✅ SHA set from selected row: 7dc908048e09f269264fbe57373de63a47a63a41
[DEBUG] status label set: ✅ 🎧 On version line — 🎵 Session branch: <span style="color:#00BCD4;">main</span> — Current take: <span style="color:#00BCD4;">version 1</span>
[DEBUG] ✅ Final scroll to HEAD row 0
[DEBUG] status label set: ✅ 🎧 On version line — 🎵 Session branch: <span style="color:#00BCD4;">main</span> — Current take: <span style="color:#00BCD4;">version 1</span>
[DEBUG] status label set: ✅ 🎧 On version line — 🎵 Session branch: <span style="color:#00BCD4;">main</span> — Current take: <span style="color:#00BCD4;">version 1</span>
ℹ️ Existing Git repo found — checking status...
[DEBUG] status label set: ✅ 🎧 On version line — 🎵 Session branch: <span style="color:#00BCD4;">main</span> — Current take: <span style="color:#00BCD4;">version 1</span>
[DEBUG] self.current_commit_id before update_log: 7dc908048e09f269264fbe57373de63a47a63a41
[DEBUG] ✅ Matched HEAD SHA: 7dc9080 → row 0
[DEBUG] Selected row = 0, SHA = 7dc908048e09f269264fbe57373de63a47a63a41
[DEBUG] ✅ SHA set from selected row: 7dc908048e09f269264fbe57373de63a47a63a41
[DEBUG] status label set: ✅ 🎧 On version line — 🎵 Session branch: <span style="color:#00BCD4;">main</span> — Current take: <span style="color:#00BCD4;">version 1</span>
[DEBUG] ✅ Final scroll to HEAD row 0
[DEBUG] ✅ Matched HEAD SHA: 7dc9080 → row 0
[DEBUG] Selected row = 0, SHA = 7dc908048e09f269264fbe57373de63a47a63a41
[DEBUG] ✅ SHA set from selected row: 7dc908048e09f269264fbe57373de63a47a63a41
[DEBUG] status label set: ✅ 🎧 On version line — 🎵 Session branch: <span style="color:#00BCD4;">main</span> — Current take: <span style="color:#00BCD4;">version 1</span>
[DEBUG] ✅ Final scroll to HEAD row 0
[DEBUG] status label set: ✅ 🎧 On version line — 🎵 Session branch: <span style="color:#00BCD4;">main</span> — Current take: <span style="color:#00BCD4;">version 1</span>
[DEBUG] Full status --porcelain output:
  → ?? .dawgit_roles.json
[DEBUG] Raw Git status --porcelain:
[DEBUG] Checking cleaned file path: .dawgit_roles.json
[DEBUG] Other file change detected: .dawgit_roles.json
[32mPASSED[0m
tests_dawgit/test_commits.py::test_prevent_commit_without_project_loaded [TEST MODE] Forced project path via env var: /var/folders/yx/c_cp834d18v7ptq75l5x7twm0000gn/T/tmpke5emaj9
[DEBUG] Skipping QTimer.singleShot — parent not visible.
[WARN] Could not load take label for branch main: 'NoneType' object has no attribute 'head'
[WARN] Could not load take label for branch experiment: 'NoneType' object has no attribute 'head'
[WARN] Could not load take label for branch alt_mix: 'NoneType' object has no attribute 'head'
[DEBUG] Skipping QTimer.singleShot — parent not visible.
[WARNING] Stylesheet not loaded: [Errno 2] No such file or directory: 'styles/dawgit_styles.qss'
[DEBUG] Loaded project path: /var/folders/yx/c_cp834d18v7ptq75l5x7twm0000gn/T/tmpke5emaj9
[DEBUG] Initializing Git...
[DEBUG] Found DAW files: []
🧪 [Test Mode] No DAW files found — continuing with empty project.
[DEBUG] Found existing Git repo at /var/folders/yx/c_cp834d18v7ptq75l5x7twm0000gn/T/tmpke5emaj9
[DEBUG] Repo rebound: HEAD = 877cd70
[DEBUG] ✅ Matched HEAD SHA: 877cd70 → row 1
[DEBUG] Selected row = 1, SHA = 877cd70cffb8c5b0e7777f3bf3b9d4e7e85e929a
[DEBUG] ✅ SHA set from selected row: 877cd70cffb8c5b0e7777f3bf3b9d4e7e85e929a
[DEBUG] status label set: ✅ 🎧 On version line — 🎵 Session branch: <span style="color:#00BCD4;">main</span> — Current take: <span style="color:#00BCD4;">version 2</span>
[DEBUG] ✅ Final scroll to HEAD row 1
[DEBUG] status label set: ✅ 🎧 On version line — 🎵 Session branch: <span style="color:#00BCD4;">main</span> — Current take: <span style="color:#00BCD4;">version 2</span>
[DEBUG] status label set: ✅ 🎧 On version line — 🎵 Session branch: <span style="color:#00BCD4;">main</span> — Current take: <span style="color:#00BCD4;">version 2</span>
ℹ️ Existing Git repo found — checking status...
[DEBUG] status label set: ✅ 🎧 On version line — 🎵 Session branch: <span style="color:#00BCD4;">main</span> — Current take: <span style="color:#00BCD4;">version 2</span>
[DEBUG] self.current_commit_id before update_log: 877cd70cffb8c5b0e7777f3bf3b9d4e7e85e929a
[DEBUG] ✅ Matched HEAD SHA: 877cd70 → row 1
[DEBUG] Selected row = 1, SHA = 877cd70cffb8c5b0e7777f3bf3b9d4e7e85e929a
[DEBUG] ✅ SHA set from selected row: 877cd70cffb8c5b0e7777f3bf3b9d4e7e85e929a
[DEBUG] status label set: ✅ 🎧 On version line — 🎵 Session branch: <span style="color:#00BCD4;">main</span> — Current take: <span style="color:#00BCD4;">version 2</span>
[DEBUG] ✅ Final scroll to HEAD row 1
[DEBUG] ✅ Matched HEAD SHA: 877cd70 → row 1
[DEBUG] Selected row = 1, SHA = 877cd70cffb8c5b0e7777f3bf3b9d4e7e85e929a
[DEBUG] ✅ SHA set from selected row: 877cd70cffb8c5b0e7777f3bf3b9d4e7e85e929a
[DEBUG] status label set: ✅ 🎧 On version line — 🎵 Session branch: <span style="color:#00BCD4;">main</span> — Current take: <span style="color:#00BCD4;">version 2</span>
[DEBUG] ✅ Final scroll to HEAD row 1
[DEBUG] status label set: ✅ 🎧 On version line — 🎵 Session branch: <span style="color:#00BCD4;">main</span> — Current take: <span style="color:#00BCD4;">version 2</span>
Returned message: No project loaded.
[DEBUG] Full status --porcelain output:
  → ?? notes.txt
[DEBUG] Raw Git status --porcelain:
[DEBUG] Checking cleaned file path: notes.txt
[DEBUG] Other file change detected: notes.txt
[DEBUG] Full status --porcelain output:
  → ?? .dawgit_roles.json
[DEBUG] Raw Git status --porcelain:
[DEBUG] Checking cleaned file path: .dawgit_roles.json
[DEBUG] Other file change detected: .dawgit_roles.json
[32mPASSED[0m
tests_dawgit/test_daw_git_app.py::test_no_path_selection_resets_project [TEST MODE] Forced project path via env var: /var/folders/yx/c_cp834d18v7ptq75l5x7twm0000gn/T/tmpke5emaj9
[DEBUG] Skipping QTimer.singleShot — parent not visible.
[WARN] Could not load take label for branch main: 'NoneType' object has no attribute 'head'
[WARN] Could not load take label for branch experiment: 'NoneType' object has no attribute 'head'
[WARN] Could not load take label for branch alt_mix: 'NoneType' object has no attribute 'head'
[DEBUG] Skipping QTimer.singleShot — parent not visible.
[WARNING] Stylesheet not loaded: [Errno 2] No such file or directory: 'styles/dawgit_styles.qss'
[DEBUG] Loaded project path: /var/folders/yx/c_cp834d18v7ptq75l5x7twm0000gn/T/tmpke5emaj9
[DEBUG] Initializing Git...
[DEBUG] Found DAW files: []
🧪 [Test Mode] No DAW files found — continuing with empty project.
[DEBUG] Found existing Git repo at /var/folders/yx/c_cp834d18v7ptq75l5x7twm0000gn/T/tmpke5emaj9
[DEBUG] Repo rebound: HEAD = 877cd70
[DEBUG] ✅ Matched HEAD SHA: 877cd70 → row 1
[DEBUG] Selected row = 1, SHA = 877cd70cffb8c5b0e7777f3bf3b9d4e7e85e929a
[DEBUG] ✅ SHA set from selected row: 877cd70cffb8c5b0e7777f3bf3b9d4e7e85e929a
[DEBUG] status label set: ✅ 🎧 On version line — 🎵 Session branch: <span style="color:#00BCD4;">main</span> — Current take: <span style="color:#00BCD4;">version 2</span>
[DEBUG] ✅ Final scroll to HEAD row 1
[DEBUG] status label set: ✅ 🎧 On version line — 🎵 Session branch: <span style="color:#00BCD4;">main</span> — Current take: <span style="color:#00BCD4;">version 2</span>
[DEBUG] status label set: ✅ 🎧 On version line — 🎵 Session branch: <span style="color:#00BCD4;">main</span> — Current take: <span style="color:#00BCD4;">version 2</span>
ℹ️ Existing Git repo found — checking status...
[DEBUG] status label set: ✅ 🎧 On version line — 🎵 Session branch: <span style="color:#00BCD4;">main</span> — Current take: <span style="color:#00BCD4;">version 2</span>
[DEBUG] self.current_commit_id before update_log: 877cd70cffb8c5b0e7777f3bf3b9d4e7e85e929a
[DEBUG] ✅ Matched HEAD SHA: 877cd70 → row 1
[DEBUG] Selected row = 1, SHA = 877cd70cffb8c5b0e7777f3bf3b9d4e7e85e929a
[DEBUG] ✅ SHA set from selected row: 877cd70cffb8c5b0e7777f3bf3b9d4e7e85e929a
[DEBUG] status label set: ✅ 🎧 On version line — 🎵 Session branch: <span style="color:#00BCD4;">main</span> — Current take: <span style="color:#00BCD4;">version 2</span>
[DEBUG] ✅ Final scroll to HEAD row 1
[DEBUG] ✅ Matched HEAD SHA: 877cd70 → row 1
[DEBUG] Selected row = 1, SHA = 877cd70cffb8c5b0e7777f3bf3b9d4e7e85e929a
[DEBUG] ✅ SHA set from selected row: 877cd70cffb8c5b0e7777f3bf3b9d4e7e85e929a
[DEBUG] status label set: ✅ 🎧 On version line — 🎵 Session branch: <span style="color:#00BCD4;">main</span> — Current take: <span style="color:#00BCD4;">version 2</span>
[DEBUG] ✅ Final scroll to HEAD row 1
[DEBUG] status label set: ✅ 🎧 On version line — 🎵 Session branch: <span style="color:#00BCD4;">main</span> — Current take: <span style="color:#00BCD4;">version 2</span>
[DEBUG] Full status --porcelain output:
  → ?? notes.txt
[DEBUG] Raw Git status --porcelain:
[DEBUG] Checking cleaned file path: notes.txt
[DEBUG] Other file change detected: notes.txt
[DEBUG] Full status --porcelain output:
  → ?? .dawgit_roles.json
[DEBUG] Raw Git status --porcelain:
[DEBUG] Checking cleaned file path: .dawgit_roles.json
[DEBUG] Other file change detected: .dawgit_roles.json
[DEBUG] Clearing last project path...
[DEBUG] Current last_project_path: 
[DEBUG] Cleared last project path in settings.
[DEBUG] Current last_project_path: /private/var/folders/.../VersionMarkerTest
[DEBUG] status label set: ❌ No Git repo loaded.
[DEBUG] Cleared last project path in settings.
[DEBUG] Full status --porcelain output:
  → ?? notes.txt
[DEBUG] Raw Git status --porcelain:
[DEBUG] Checking cleaned file path: notes.txt
[DEBUG] Other file change detected: notes.txt
[32mPASSED[0m
tests_dawgit/test_first_time_launch_shows_welcome_modal.py::test_first_time_launch_shows_welcome_modal [DEBUG] Skipping QTimer.singleShot — parent not visible.
[WARN] Could not load take label for branch main: 'NoneType' object has no attribute 'head'
[WARN] Could not load take label for branch experiment: 'NoneType' object has no attribute 'head'
[WARN] Could not load take label for branch alt_mix: 'NoneType' object has no attribute 'head'
[DEBUG] Skipping QTimer.singleShot — parent not visible.
[WARNING] Stylesheet not loaded: [Errno 2] No such file or directory: 'styles/dawgit_styles.qss'
[DEBUG] Entering maybe_show_welcome_modal()
[DEBUG] No project path set, showing modal...
[DEBUG] Skipping last path loading and repo setup after 'No' selected.
[DEBUG] Current last_project_path: 
[DEBUG] status label set: ❌ No Git repo loaded.
[DEBUG] Cleared last project path in settings.
[32mPASSED[0m
tests_dawgit/test_full_workflow.py::test_daw_git_end_to_end Updated Git hooks.
Git LFS initialized.
Tracking "*.logicx/**"
Updated Git hooks.
Git LFS initialized.
Tracking "*.als"
[DEBUG] Full status --porcelain output:
  → ?? .dawgit_roles.json
[DEBUG] Raw Git status --porcelain:
[DEBUG] Checking cleaned file path: .dawgit_roles.json
[DEBUG] Other file change detected: .dawgit_roles.json
[DEBUG] Full status --porcelain output:
  → ?? notes.txt
[DEBUG] Raw Git status --porcelain:
[DEBUG] Checking cleaned file path: notes.txt
[DEBUG] Other file change detected: notes.txt
[32mPASSED[0m
tests_dawgit/test_latest_commit_flow.py::test_commit_and_return_to_latest Cannot checkout LFS objects, Git LFS is not installed.
Cannot checkout LFS objects, Git LFS is not installed.
[TEST MODE] Forced project path via env var: /var/folders/yx/c_cp834d18v7ptq75l5x7twm0000gn/T/tmpke5emaj9
[DEBUG] Skipping QTimer.singleShot — parent not visible.
[WARN] Could not load take label for branch main: 'NoneType' object has no attribute 'head'
[WARN] Could not load take label for branch experiment: 'NoneType' object has no attribute 'head'
[WARN] Could not load take label for branch alt_mix: 'NoneType' object has no attribute 'head'
[DEBUG] Skipping QTimer.singleShot — parent not visible.
[WARNING] Stylesheet not loaded: [Errno 2] No such file or directory: 'styles/dawgit_styles.qss'
[DEBUG] Loaded project path: /var/folders/yx/c_cp834d18v7ptq75l5x7twm0000gn/T/tmpke5emaj9
[DEBUG] Initializing Git...
[DEBUG] Found DAW files: []
🧪 [Test Mode] No DAW files found — continuing with empty project.
[DEBUG] Found existing Git repo at /var/folders/yx/c_cp834d18v7ptq75l5x7twm0000gn/T/tmpke5emaj9
[DEBUG] Repo rebound: HEAD = 877cd70
[DEBUG] ✅ Matched HEAD SHA: 877cd70 → row 1
[DEBUG] Selected row = 1, SHA = 877cd70cffb8c5b0e7777f3bf3b9d4e7e85e929a
[DEBUG] ✅ SHA set from selected row: 877cd70cffb8c5b0e7777f3bf3b9d4e7e85e929a
[DEBUG] status label set: ✅ 🎧 On version line — 🎵 Session branch: <span style="color:#00BCD4;">main</span> — Current take: <span style="color:#00BCD4;">version 2</span>
[DEBUG] ✅ Final scroll to HEAD row 1
[DEBUG] status label set: ✅ 🎧 On version line — 🎵 Session branch: <span style="color:#00BCD4;">main</span> — Current take: <span style="color:#00BCD4;">version 2</span>
[DEBUG] status label set: ✅ 🎧 On version line — 🎵 Session branch: <span style="color:#00BCD4;">main</span> — Current take: <span style="color:#00BCD4;">version 2</span>
ℹ️ Existing Git repo found — checking status...
[DEBUG] status label set: ✅ 🎧 On version line — 🎵 Session branch: <span style="color:#00BCD4;">main</span> — Current take: <span style="color:#00BCD4;">version 2</span>
[DEBUG] self.current_commit_id before update_log: 877cd70cffb8c5b0e7777f3bf3b9d4e7e85e929a
[DEBUG] ✅ Matched HEAD SHA: 877cd70 → row 1
[DEBUG] Selected row = 1, SHA = 877cd70cffb8c5b0e7777f3bf3b9d4e7e85e929a
[DEBUG] ✅ SHA set from selected row: 877cd70cffb8c5b0e7777f3bf3b9d4e7e85e929a
[DEBUG] status label set: ✅ 🎧 On version line — 🎵 Session branch: <span style="color:#00BCD4;">main</span> — Current take: <span style="color:#00BCD4;">version 2</span>
[DEBUG] ✅ Final scroll to HEAD row 1
[DEBUG] ✅ Matched HEAD SHA: 877cd70 → row 1
[DEBUG] Selected row = 1, SHA = 877cd70cffb8c5b0e7777f3bf3b9d4e7e85e929a
[DEBUG] ✅ SHA set from selected row: 877cd70cffb8c5b0e7777f3bf3b9d4e7e85e929a
[DEBUG] status label set: ✅ 🎧 On version line — 🎵 Session branch: <span style="color:#00BCD4;">main</span> — Current take: <span style="color:#00BCD4;">version 2</span>
[DEBUG] ✅ Final scroll to HEAD row 1
[DEBUG] status label set: ✅ 🎧 On version line — 🎵 Session branch: <span style="color:#00BCD4;">main</span> — Current take: <span style="color:#00BCD4;">version 2</span>
[DEBUG] Starting commit with message: 'Added update'
[DEBUG] Project path: /private/var/folders/yx/c_cp834d18v7ptq75l5x7twm0000gn/T/pytest-of-niccavendish/pytest-0/test_commit_and_return_to_late0/TestProject
[DEBUG] Repo is None? False
[DEBUG] DAW files found: [PosixPath('/private/var/folders/yx/c_cp834d18v7ptq75l5x7twm0000gn/T/pytest-of-niccavendish/pytest-0/test_commit_and_return_to_late0/TestProject/dummy.als')]
[DEBUG] ✅ Matched HEAD SHA: fb0669f → row 1
[DEBUG] Selected row = 1, SHA = fb0669f4b990d60387234767516e3f16f541f7fe
[DEBUG] ✅ SHA set from selected row: fb0669f4b990d60387234767516e3f16f541f7fe
[DEBUG] status label set: ✅ 🎧 On version line — 🎵 Session branch: <span style="color:#00BCD4;">main</span> — Current take: <span style="color:#00BCD4;">version 2</span>
[DEBUG] ✅ Final scroll to HEAD row 1
[DEBUG] status label set: ✅ 🎧 On version line — 🎵 Session branch: <span style="color:#00BCD4;">main</span> — Current take: <span style="color:#00BCD4;">version 2</span>
[DEBUG] Commit successful: Added update → fb0669f
[DEBUG] status label set: ✅ 🎧 On version line — 🎵 Session branch: <span style="color:#00BCD4;">main</span> — Current take: <span style="color:#00BCD4;">version 2</span>
[DEBUG] Full status --porcelain output:
[DEBUG] Raw Git status --porcelain:
[DEBUG] Recently modified .als detected: dummy.als
🔒 Unsaved changes backed up to: /private/var/folders/yx/c_cp834d18v7ptq75l5x7twm0000gn/T/pytest-of-niccavendish/pytest-0/test_commit_and_return_to_late0/Backup_TestProject_20250520_191415
[DEBUG] Checking out commit: 51c720427c173e1de705c8a42f89ba60ce5e2a41
[DEBUG] Repo rebound: HEAD = 51c7204
[DEBUG] ✅ Matched HEAD SHA: 51c7204 → row 0
[DEBUG] Selected row = 0, SHA = 51c720427c173e1de705c8a42f89ba60ce5e2a41
[DEBUG] ✅ SHA set from selected row: 51c720427c173e1de705c8a42f89ba60ce5e2a41
[DEBUG] status label set: ℹ️ Detached snapshot — not on an active version line
[DEBUG] ✅ Final scroll to HEAD row 0
[DEBUG] status label set: ℹ️ Detached snapshot — not on an active version line
[DEBUG] Initializing Git...
[DEBUG] Found DAW files: [PosixPath('/private/var/folders/yx/c_cp834d18v7ptq75l5x7twm0000gn/T/pytest-of-niccavendish/pytest-0/test_commit_and_return_to_late0/TestProject/dummy.als')]
[DEBUG] Found existing Git repo at /private/var/folders/yx/c_cp834d18v7ptq75l5x7twm0000gn/T/pytest-of-niccavendish/pytest-0/test_commit_and_return_to_late0/TestProject
🎯 Repo is in detached HEAD state — skipping bind_repo() to preserve HEAD.
[DEBUG] ✅ Matched HEAD SHA: 51c7204 → row 0
[DEBUG] Selected row = 0, SHA = 51c720427c173e1de705c8a42f89ba60ce5e2a41
[DEBUG] ✅ SHA set from selected row: 51c720427c173e1de705c8a42f89ba60ce5e2a41
[DEBUG] status label set: ℹ️ Detached snapshot — not on an active version line
[DEBUG] ✅ Final scroll to HEAD row 0
[DEBUG] Repo is in detached HEAD. Attempting to switch to 'main'
[DEBUG] Repo rebound: HEAD = fb0669f
[DEBUG] ✅ Matched HEAD SHA: fb0669f → row 1
[DEBUG] Selected row = 1, SHA = fb0669f4b990d60387234767516e3f16f541f7fe
[DEBUG] ✅ SHA set from selected row: fb0669f4b990d60387234767516e3f16f541f7fe
[DEBUG] status label set: ✅ 🎧 On version line — 🎵 Session branch: <span style="color:#00BCD4;">main</span> — Current take: <span style="color:#00BCD4;">version 2</span>
[DEBUG] ✅ Final scroll to HEAD row 1
[DEBUG] status label set: ✅ 🎧 On version line — 🎵 Session branch: <span style="color:#00BCD4;">main</span> — Current take: <span style="color:#00BCD4;">version 2</span>
[DEBUG] Seeking to highlight SHA: fb0669f
[DEBUG] Repo rebound: HEAD = fb0669f
[DEBUG] ✅ Matched HEAD SHA: fb0669f → row 1
[DEBUG] Selected row = 1, SHA = fb0669f4b990d60387234767516e3f16f541f7fe
[DEBUG] ✅ SHA set from selected row: fb0669f4b990d60387234767516e3f16f541f7fe
[DEBUG] status label set: ✅ 🎧 On version line — 🎵 Session branch: <span style="color:#00BCD4;">main</span> — Current take: <span style="color:#00BCD4;">version 2</span>
[DEBUG] ✅ Final scroll to HEAD row 1
[DEBUG] ✅ Matched HEAD SHA in tooltip — selected row 1
[DEBUG] status label set: ✅ 🎧 On version line — 🎵 Session branch: <span style="color:#00BCD4;">main</span> — Current take: <span style="color:#00BCD4;">version 2</span>
[DEBUG] Full status --porcelain output:
  → ?? .dawgit_roles.json
[DEBUG] Raw Git status --porcelain:
[DEBUG] Checking cleaned file path: .dawgit_roles.json
[DEBUG] Other file change detected: .dawgit_roles.json
[DEBUG] Full status --porcelain output:
  → ?? notes.txt
[DEBUG] Raw Git status --porcelain:
[DEBUG] Checking cleaned file path: notes.txt
[DEBUG] Other file change detected: notes.txt
[DEBUG] Full status --porcelain output:
[DEBUG] Raw Git status --porcelain:
[DEBUG] Recently modified .als detected: dummy.als
[DEBUG] ✅ Forced scroll to row 1
[32mPASSED[0m
tests_dawgit/test_no_project_path.py::test_repo_no_changes [DEBUG] Skipping QTimer.singleShot — parent not visible.
[WARN] Could not load take label for branch main: 'NoneType' object has no attribute 'head'
[WARN] Could not load take label for branch experiment: 'NoneType' object has no attribute 'head'
[WARN] Could not load take label for branch alt_mix: 'NoneType' object has no attribute 'head'
[DEBUG] Skipping QTimer.singleShot — parent not visible.
[WARNING] Stylesheet not loaded: [Errno 2] No such file or directory: 'styles/dawgit_styles.qss'
[DEBUG] Loaded project path: /private/var/folders/yx/c_cp834d18v7ptq75l5x7twm0000gn/T/pytest-of-niccavendish/pytest-0/test_repo_no_changes0/TestProject
[DEBUG] Initializing Git...
[DEBUG] Found DAW files: []
🧪 [Test Mode] No DAW files found — continuing with empty project.
[DEBUG] No existing repo found. Initializing new repo at /private/var/folders/yx/c_cp834d18v7ptq75l5x7twm0000gn/T/pytest-of-niccavendish/pytest-0/test_repo_no_changes0/TestProject
✅ New Git repo initialized.
✅ Saved last project path: /private/var/folders/yx/c_cp834d18v7ptq75l5x7twm0000gn/T/pytest-of-niccavendish/pytest-0/test_repo_no_changes0/TestProject
[DEBUG] status label set: ✅ 🎧 On version line — 🎵 Session branch: <span style="color:#00BCD4;">main</span> — Current take: <span style="color:#00BCD4;">version 1</span>
[DEBUG] self.current_commit_id before update_log: d38d0d1e08d5e13a0e2f17ab620cd220fb83ed3b
[DEBUG] ✅ Matched HEAD SHA: d38d0d1 → row 0
[DEBUG] Selected row = 0, SHA = d38d0d1e08d5e13a0e2f17ab620cd220fb83ed3b
[DEBUG] ✅ SHA set from selected row: d38d0d1e08d5e13a0e2f17ab620cd220fb83ed3b
[DEBUG] status label set: ✅ 🎧 On version line — 🎵 Session branch: <span style="color:#00BCD4;">main</span> — Current take: <span style="color:#00BCD4;">version 1</span>
[DEBUG] ✅ Final scroll to HEAD row 0
[DEBUG] ✅ Matched HEAD SHA: d38d0d1 → row 0
[DEBUG] Selected row = 0, SHA = d38d0d1e08d5e13a0e2f17ab620cd220fb83ed3b
[DEBUG] ✅ SHA set from selected row: d38d0d1e08d5e13a0e2f17ab620cd220fb83ed3b
[DEBUG] status label set: ✅ 🎧 On version line — 🎵 Session branch: <span style="color:#00BCD4;">main</span> — Current take: <span style="color:#00BCD4;">version 1</span>
[DEBUG] ✅ Final scroll to HEAD row 0
[DEBUG] status label set: ✅ 🎧 On version line — 🎵 Session branch: <span style="color:#00BCD4;">main</span> — Current take: <span style="color:#00BCD4;">version 1</span>
[DEBUG] Full status --porcelain output:
  → ?? .dawgit_roles.json
[DEBUG] Raw Git status --porcelain:
[DEBUG] Checking cleaned file path: .dawgit_roles.json
[DEBUG] Other file change detected: .dawgit_roles.json
[DEBUG] Full status --porcelain output:
  → ?? notes.txt
[DEBUG] Raw Git status --porcelain:
[DEBUG] Checking cleaned file path: notes.txt
[DEBUG] Other file change detected: notes.txt
[DEBUG] Full status --porcelain output:
[DEBUG] Raw Git status --porcelain:
[DEBUG] Recently modified .als detected: dummy.als
[DEBUG] Full status --porcelain output:
[DEBUG] Raw Git status --porcelain:
[DEBUG] has_unsaved_changes() = False
[DEBUG] status label set: ✅ 🎧 On version line — 🎵 Session branch: <span style="color:#00BCD4;">main</span> — Current take: <span style="color:#00BCD4;">version 0</span>
[32mPASSED[0m
tests_dawgit/test_no_project_path.py::test_repo_unsaved_changes [DEBUG] Skipping QTimer.singleShot — parent not visible.
[WARN] Could not load take label for branch main: 'NoneType' object has no attribute 'head'
[WARN] Could not load take label for branch experiment: 'NoneType' object has no attribute 'head'
[WARN] Could not load take label for branch alt_mix: 'NoneType' object has no attribute 'head'
[DEBUG] Skipping QTimer.singleShot — parent not visible.
[WARNING] Stylesheet not loaded: [Errno 2] No such file or directory: 'styles/dawgit_styles.qss'
[DEBUG] Loaded project path: /private/var/folders/yx/c_cp834d18v7ptq75l5x7twm0000gn/T/pytest-of-niccavendish/pytest-0/test_repo_unsaved_changes0/TestProject
[DEBUG] Initializing Git...
[DEBUG] Found DAW files: []
🧪 [Test Mode] No DAW files found — continuing with empty project.
[DEBUG] No existing repo found. Initializing new repo at /private/var/folders/yx/c_cp834d18v7ptq75l5x7twm0000gn/T/pytest-of-niccavendish/pytest-0/test_repo_unsaved_changes0/TestProject
✅ New Git repo initialized.
✅ Saved last project path: /private/var/folders/yx/c_cp834d18v7ptq75l5x7twm0000gn/T/pytest-of-niccavendish/pytest-0/test_repo_unsaved_changes0/TestProject
[DEBUG] status label set: ✅ 🎧 On version line — 🎵 Session branch: <span style="color:#00BCD4;">main</span> — Current take: <span style="color:#00BCD4;">version 1</span>
[DEBUG] self.current_commit_id before update_log: e1834e357e5a4bced4afaa9a1c3315b155360af5
[DEBUG] ✅ Matched HEAD SHA: e1834e3 → row 0
[DEBUG] Selected row = 0, SHA = e1834e357e5a4bced4afaa9a1c3315b155360af5
[DEBUG] ✅ SHA set from selected row: e1834e357e5a4bced4afaa9a1c3315b155360af5
[DEBUG] status label set: ✅ 🎧 On version line — 🎵 Session branch: <span style="color:#00BCD4;">main</span> — Current take: <span style="color:#00BCD4;">version 1</span>
[DEBUG] ✅ Final scroll to HEAD row 0
[DEBUG] ✅ Matched HEAD SHA: e1834e3 → row 0
[DEBUG] Selected row = 0, SHA = e1834e357e5a4bced4afaa9a1c3315b155360af5
[DEBUG] ✅ SHA set from selected row: e1834e357e5a4bced4afaa9a1c3315b155360af5
[DEBUG] status label set: ✅ 🎧 On version line — 🎵 Session branch: <span style="color:#00BCD4;">main</span> — Current take: <span style="color:#00BCD4;">version 1</span>
[DEBUG] ✅ Final scroll to HEAD row 0
[DEBUG] status label set: ✅ 🎧 On version line — 🎵 Session branch: <span style="color:#00BCD4;">main</span> — Current take: <span style="color:#00BCD4;">version 1</span>
[DEBUG] Full status --porcelain output:
  → ?? .dawgit_roles.json
[DEBUG] Raw Git status --porcelain:
[DEBUG] Checking cleaned file path: .dawgit_roles.json
[DEBUG] Other file change detected: .dawgit_roles.json
[DEBUG] Full status --porcelain output:
  → ?? notes.txt
[DEBUG] Raw Git status --porcelain:
[DEBUG] Checking cleaned file path: notes.txt
[DEBUG] Other file change detected: notes.txt
[DEBUG] Full status --porcelain output:
[DEBUG] Raw Git status --porcelain:
[DEBUG] Recently modified .als detected: dummy.als
[DEBUG] Full status --porcelain output:
[DEBUG] Raw Git status --porcelain:
[DEBUG] has_unsaved_changes() = False
[DEBUG] status label set: ✅ 🎧 On version line — 🎵 Session branch: <span style="color:#00BCD4;">main</span> — Current take: <span style="color:#00BCD4;">version 0</span>
[32mPASSED[0m
tests_dawgit/test_no_project_path.py::test_repo_with_branch_and_commit [DEBUG] Skipping QTimer.singleShot — parent not visible.
[WARN] Could not load take label for branch main: 'NoneType' object has no attribute 'head'
[WARN] Could not load take label for branch experiment: 'NoneType' object has no attribute 'head'
[WARN] Could not load take label for branch alt_mix: 'NoneType' object has no attribute 'head'
[DEBUG] Skipping QTimer.singleShot — parent not visible.
[WARNING] Stylesheet not loaded: [Errno 2] No such file or directory: 'styles/dawgit_styles.qss'
[DEBUG] Loaded project path: /private/var/folders/yx/c_cp834d18v7ptq75l5x7twm0000gn/T/pytest-of-niccavendish/pytest-0/test_repo_with_branch_and_comm0/TestProject
[DEBUG] Initializing Git...
[DEBUG] Found DAW files: []
🧪 [Test Mode] No DAW files found — continuing with empty project.
[DEBUG] No existing repo found. Initializing new repo at /private/var/folders/yx/c_cp834d18v7ptq75l5x7twm0000gn/T/pytest-of-niccavendish/pytest-0/test_repo_with_branch_and_comm0/TestProject
✅ New Git repo initialized.
✅ Saved last project path: /private/var/folders/yx/c_cp834d18v7ptq75l5x7twm0000gn/T/pytest-of-niccavendish/pytest-0/test_repo_with_branch_and_comm0/TestProject
[DEBUG] status label set: ✅ 🎧 On version line — 🎵 Session branch: <span style="color:#00BCD4;">main</span> — Current take: <span style="color:#00BCD4;">version 1</span>
[DEBUG] self.current_commit_id before update_log: 9592fc2105a1d30480802f57a9767f92b13196c5
[DEBUG] ✅ Matched HEAD SHA: 9592fc2 → row 0
[DEBUG] Selected row = 0, SHA = 9592fc2105a1d30480802f57a9767f92b13196c5
[DEBUG] ✅ SHA set from selected row: 9592fc2105a1d30480802f57a9767f92b13196c5
[DEBUG] status label set: ✅ 🎧 On version line — 🎵 Session branch: <span style="color:#00BCD4;">main</span> — Current take: <span style="color:#00BCD4;">version 1</span>
[DEBUG] ✅ Final scroll to HEAD row 0
[DEBUG] ✅ Matched HEAD SHA: 9592fc2 → row 0
[DEBUG] Selected row = 0, SHA = 9592fc2105a1d30480802f57a9767f92b13196c5
[DEBUG] ✅ SHA set from selected row: 9592fc2105a1d30480802f57a9767f92b13196c5
[DEBUG] status label set: ✅ 🎧 On version line — 🎵 Session branch: <span style="color:#00BCD4;">main</span> — Current take: <span style="color:#00BCD4;">version 1</span>
[DEBUG] ✅ Final scroll to HEAD row 0
[DEBUG] status label set: ✅ 🎧 On version line — 🎵 Session branch: <span style="color:#00BCD4;">main</span> — Current take: <span style="color:#00BCD4;">version 1</span>
[DEBUG] Full status --porcelain output:
  → ?? .dawgit_roles.json
[DEBUG] Raw Git status --porcelain:
[DEBUG] Checking cleaned file path: .dawgit_roles.json
[DEBUG] Other file change detected: .dawgit_roles.json
[DEBUG] Full status --porcelain output:
  → ?? notes.txt
[DEBUG] Raw Git status --porcelain:
[DEBUG] Checking cleaned file path: notes.txt
[DEBUG] Other file change detected: notes.txt
[DEBUG] Full status --porcelain output:
[DEBUG] Raw Git status --porcelain:
[DEBUG] Recently modified .als detected: dummy.als
[DEBUG] Full status --porcelain output:
[DEBUG] Raw Git status --porcelain:
[DEBUG] has_unsaved_changes() = False
[DEBUG] status label set: ✅ 🎧 On version line — 🎵 Session branch: <span style="color:#00BCD4;">main</span> — Current take: <span style="color:#00BCD4;">version 3</span>
[32mPASSED[0m
tests_dawgit/test_path_handling.py::test_path_change_and_clear [TEST MODE] Forced project path via env var: /var/folders/yx/c_cp834d18v7ptq75l5x7twm0000gn/T/tmpke5emaj9
[DEBUG] Skipping QTimer.singleShot — parent not visible.
[WARN] Could not load take label for branch main: 'NoneType' object has no attribute 'head'
[WARN] Could not load take label for branch experiment: 'NoneType' object has no attribute 'head'
[WARN] Could not load take label for branch alt_mix: 'NoneType' object has no attribute 'head'
[DEBUG] Skipping QTimer.singleShot — parent not visible.
[WARNING] Stylesheet not loaded: [Errno 2] No such file or directory: 'styles/dawgit_styles.qss'
[DEBUG] Loaded project path: /var/folders/yx/c_cp834d18v7ptq75l5x7twm0000gn/T/tmpke5emaj9
[DEBUG] Initializing Git...
[DEBUG] Found DAW files: []
🧪 [Test Mode] No DAW files found — continuing with empty project.
[DEBUG] Found existing Git repo at /var/folders/yx/c_cp834d18v7ptq75l5x7twm0000gn/T/tmpke5emaj9
[DEBUG] Repo rebound: HEAD = 877cd70
[DEBUG] ✅ Matched HEAD SHA: 877cd70 → row 1
[DEBUG] Selected row = 1, SHA = 877cd70cffb8c5b0e7777f3bf3b9d4e7e85e929a
[DEBUG] ✅ SHA set from selected row: 877cd70cffb8c5b0e7777f3bf3b9d4e7e85e929a
[DEBUG] status label set: ✅ 🎧 On version line — 🎵 Session branch: <span style="color:#00BCD4;">main</span> — Current take: <span style="color:#00BCD4;">version 2</span>
[DEBUG] ✅ Final scroll to HEAD row 1
[DEBUG] status label set: ✅ 🎧 On version line — 🎵 Session branch: <span style="color:#00BCD4;">main</span> — Current take: <span style="color:#00BCD4;">version 2</span>
[DEBUG] status label set: ✅ 🎧 On version line — 🎵 Session branch: <span style="color:#00BCD4;">main</span> — Current take: <span style="color:#00BCD4;">version 2</span>
ℹ️ Existing Git repo found — checking status...
[DEBUG] status label set: ✅ 🎧 On version line — 🎵 Session branch: <span style="color:#00BCD4;">main</span> — Current take: <span style="color:#00BCD4;">version 2</span>
[DEBUG] self.current_commit_id before update_log: 877cd70cffb8c5b0e7777f3bf3b9d4e7e85e929a
[DEBUG] ✅ Matched HEAD SHA: 877cd70 → row 1
[DEBUG] Selected row = 1, SHA = 877cd70cffb8c5b0e7777f3bf3b9d4e7e85e929a
[DEBUG] ✅ SHA set from selected row: 877cd70cffb8c5b0e7777f3bf3b9d4e7e85e929a
[DEBUG] status label set: ✅ 🎧 On version line — 🎵 Session branch: <span style="color:#00BCD4;">main</span> — Current take: <span style="color:#00BCD4;">version 2</span>
[DEBUG] ✅ Final scroll to HEAD row 1
[DEBUG] ✅ Matched HEAD SHA: 877cd70 → row 1
[DEBUG] Selected row = 1, SHA = 877cd70cffb8c5b0e7777f3bf3b9d4e7e85e929a
[DEBUG] ✅ SHA set from selected row: 877cd70cffb8c5b0e7777f3bf3b9d4e7e85e929a
[DEBUG] status label set: ✅ 🎧 On version line — 🎵 Session branch: <span style="color:#00BCD4;">main</span> — Current take: <span style="color:#00BCD4;">version 2</span>
[DEBUG] ✅ Final scroll to HEAD row 1
[DEBUG] status label set: ✅ 🎧 On version line — 🎵 Session branch: <span style="color:#00BCD4;">main</span> — Current take: <span style="color:#00BCD4;">version 2</span>
[DEBUG] Full status --porcelain output:
  → ?? .dawgit_roles.json
[DEBUG] Raw Git status --porcelain:
[DEBUG] Checking cleaned file path: .dawgit_roles.json
[DEBUG] Other file change detected: .dawgit_roles.json
[DEBUG] Full status --porcelain output:
  → ?? notes.txt
[DEBUG] Raw Git status --porcelain:
[DEBUG] Checking cleaned file path: notes.txt
[DEBUG] Other file change detected: notes.txt
[DEBUG] Full status --porcelain output:
[DEBUG] Raw Git status --porcelain:
[DEBUG] Recently modified .als detected: dummy.als
[32mPASSED[0m[DEBUG] Full status --porcelain output:
  →  D track.als
[DEBUG] Raw Git status --porcelain:
[DEBUG] Checking cleaned file path: track.als
[DEBUG] Unsaved change detected: track.als
[DEBUG] Full status --porcelain output:
  → ?? .dawgit_roles.json
[DEBUG] Raw Git status --porcelain:
[DEBUG] Checking cleaned file path: .dawgit_roles.json
[DEBUG] Other file change detected: .dawgit_roles.json
[DEBUG] Full status --porcelain output:
  → ?? notes.txt
[DEBUG] Raw Git status --porcelain:
[DEBUG] Checking cleaned file path: notes.txt
[DEBUG] Other file change detected: notes.txt
[DEBUG] Full status --porcelain output:
[DEBUG] Raw Git status --porcelain:
[DEBUG] Recently modified .als detected: dummy.als

tests_dawgit/test_placeholder_behavior.py::test_placeholder_file_created_on_version_line_start [WARNING] Stylesheet not loaded: [Errno 2] No such file or directory: 'styles/dawgit_styles.qss'
[DEBUG] Loaded project path: /private/var/folders/yx/c_cp834d18v7ptq75l5x7twm0000gn/T/pytest-of-niccavendish/pytest-0/test_placeholder_file_created_1
[DEBUG] Initializing Git...
[DEBUG] Found DAW files: [PosixPath('/private/var/folders/yx/c_cp834d18v7ptq75l5x7twm0000gn/T/pytest-of-niccavendish/pytest-0/test_placeholder_file_created_1/base.als')]
[DEBUG] Found existing Git repo at /private/var/folders/yx/c_cp834d18v7ptq75l5x7twm0000gn/T/pytest-of-niccavendish/pytest-0/test_placeholder_file_created_1
🎯 Repo is in detached HEAD state — skipping bind_repo() to preserve HEAD.
[DEBUG] Repo is in detached HEAD state
[DEBUG] Initializing Git...
[DEBUG] Found DAW files: [PosixPath('/private/var/folders/yx/c_cp834d18v7ptq75l5x7twm0000gn/T/pytest-of-niccavendish/pytest-0/test_placeholder_file_created_1/base.als')]
[DEBUG] Found existing Git repo at /private/var/folders/yx/c_cp834d18v7ptq75l5x7twm0000gn/T/pytest-of-niccavendish/pytest-0/test_placeholder_file_created_1
🎯 Repo is in detached HEAD state — skipping bind_repo() to preserve HEAD.
[DEBUG] Skipping update_log(): no history_table in test mode.
[32mPASSED[0m
tests_dawgit/test_placeholder_behavior.py::test_placeholder_file_committed_to_repo [WARNING] Stylesheet not loaded: [Errno 2] No such file or directory: 'styles/dawgit_styles.qss'
[DEBUG] Loaded project path: /private/var/folders/yx/c_cp834d18v7ptq75l5x7twm0000gn/T/pytest-of-niccavendish/pytest-0/test_placeholder_file_committe0/PlaceholderTest
[DEBUG] Initializing Git...
[DEBUG] Found DAW files: []
🧪 [Test Mode] No DAW files found — continuing with empty project.
[DEBUG] No existing repo found. Initializing new repo at /private/var/folders/yx/c_cp834d18v7ptq75l5x7twm0000gn/T/pytest-of-niccavendish/pytest-0/test_placeholder_file_committe0/PlaceholderTest
✅ New Git repo initialized.
✅ Saved last project path: /private/var/folders/yx/c_cp834d18v7ptq75l5x7twm0000gn/T/pytest-of-niccavendish/pytest-0/test_placeholder_file_committe0/PlaceholderTest
⚠️ Skipping update_log(): history_table not initialized yet.
[DEBUG] Initializing Git...
[DEBUG] Found DAW files: []
🧪 [Test Mode] No DAW files found — continuing with empty project.
[DEBUG] Found existing Git repo at /private/var/folders/yx/c_cp834d18v7ptq75l5x7twm0000gn/T/pytest-of-niccavendish/pytest-0/test_placeholder_file_committe0/PlaceholderTest
[DEBUG] Repo rebound: HEAD = ed51c6d
ℹ️ Existing Git repo found — checking status...
⚠️ Skipping update_log(): history_table not initialized yet.
[DEBUG] Skipping update_log(): no history_table in test mode.
[32mPASSED[0m
tests_dawgit/test_repo_setup.py::test_git_init_creates_repo Initialized empty Git repository in /private/var/folders/yx/c_cp834d18v7ptq75l5x7twm0000gn/T/pytest-of-niccavendish/pytest-0/test_git_init_creates_repo0/.git/
Updated Git hooks.
Git LFS initialized.
[main (root-commit) 41f4dbf] Initial commit
 3 files changed, 10 insertions(+)
 create mode 100644 .gitattributes
 create mode 100644 .gitignore
 create mode 100644 dummy.als
[TEST MODE] Forced project path via env var: /private/var/folders/yx/c_cp834d18v7ptq75l5x7twm0000gn/T/pytest-of-niccavendish/pytest-0/test_placeholder_file_committe0/PlaceholderTest
[DEBUG] Skipping QTimer.singleShot — parent not visible.
[WARN] Could not load take label for branch main: 'NoneType' object has no attribute 'head'
[WARN] Could not load take label for branch experiment: 'NoneType' object has no attribute 'head'
[WARN] Could not load take label for branch alt_mix: 'NoneType' object has no attribute 'head'
[DEBUG] Skipping QTimer.singleShot — parent not visible.
[WARNING] Stylesheet not loaded: [Errno 2] No such file or directory: 'styles/dawgit_styles.qss'
[DEBUG] Loaded project path: /private/var/folders/yx/c_cp834d18v7ptq75l5x7twm0000gn/T/pytest-of-niccavendish/pytest-0/test_placeholder_file_committe0/PlaceholderTest
[DEBUG] Initializing Git...
[DEBUG] Found DAW files: [PosixPath('/private/var/folders/yx/c_cp834d18v7ptq75l5x7twm0000gn/T/pytest-of-niccavendish/pytest-0/test_placeholder_file_committe0/PlaceholderTest/auto_placeholder.als')]
[DEBUG] Found existing Git repo at /private/var/folders/yx/c_cp834d18v7ptq75l5x7twm0000gn/T/pytest-of-niccavendish/pytest-0/test_placeholder_file_committe0/PlaceholderTest
[DEBUG] Repo rebound: HEAD = 7a4c799
[DEBUG] ✅ Matched HEAD SHA: 7a4c799 → row 1
[DEBUG] Selected row = 1, SHA = 7a4c7993e6042d20c5207ba08d28311fd7ee564c
[DEBUG] ✅ SHA set from selected row: 7a4c7993e6042d20c5207ba08d28311fd7ee564c
[DEBUG] status label set: ✅ 🎧 On version line — 🎵 Session branch: <span style="color:#00BCD4;">with-placeholder</span> — Current take: <span style="color:#00BCD4;">version 2</span>
[DEBUG] ✅ Final scroll to HEAD row 1
[DEBUG] status label set: ✅ 🎧 On version line — 🎵 Session branch: <span style="color:#00BCD4;">with-placeholder</span> — Current take: <span style="color:#00BCD4;">version 2</span>
[DEBUG] status label set: ✅ 🎧 On version line — 🎵 Session branch: <span style="color:#00BCD4;">with-placeholder</span> — Current take: <span style="color:#00BCD4;">version 2</span>
ℹ️ Existing Git repo found — checking status...
[DEBUG] status label set: ✅ 🎧 On version line — 🎵 Session branch: <span style="color:#00BCD4;">with-placeholder</span> — Current take: <span style="color:#00BCD4;">version 2</span>
[DEBUG] self.current_commit_id before update_log: 7a4c7993e6042d20c5207ba08d28311fd7ee564c
[DEBUG] ✅ Matched HEAD SHA: 7a4c799 → row 1
[DEBUG] Selected row = 1, SHA = 7a4c7993e6042d20c5207ba08d28311fd7ee564c
[DEBUG] ✅ SHA set from selected row: 7a4c7993e6042d20c5207ba08d28311fd7ee564c
[DEBUG] status label set: ✅ 🎧 On version line — 🎵 Session branch: <span style="color:#00BCD4;">with-placeholder</span> — Current take: <span style="color:#00BCD4;">version 2</span>
[DEBUG] ✅ Final scroll to HEAD row 1
[DEBUG] ✅ Matched HEAD SHA: 7a4c799 → row 1
[DEBUG] Selected row = 1, SHA = 7a4c7993e6042d20c5207ba08d28311fd7ee564c
[DEBUG] ✅ SHA set from selected row: 7a4c7993e6042d20c5207ba08d28311fd7ee564c
[DEBUG] status label set: ✅ 🎧 On version line — 🎵 Session branch: <span style="color:#00BCD4;">with-placeholder</span> — Current take: <span style="color:#00BCD4;">version 2</span>
[DEBUG] ✅ Final scroll to HEAD row 1
[DEBUG] status label set: ✅ 🎧 On version line — 🎵 Session branch: <span style="color:#00BCD4;">with-placeholder</span> — Current take: <span style="color:#00BCD4;">version 2</span>
✅ User confirmed project setup.
🚀 Initializing Git at: /private/var/folders/yx/c_cp834d18v7ptq75l5x7twm0000gn/T/pytest-of-niccavendish/pytest-0/test_git_init_creates_repo0
[DEBUG] Added to .gitignore: ['*.als~', '*.logicx~', '*.asd', '*.tmp', '.DS_Store', 'Backup/']
[DEBUG] HEAD not valid or detached
⚠️ Repo exists but has no commits yet.
[DEBUG] status label set: ⚠️ Git status error: Reference at 'refs/heads/main' does not exist
[DEBUG] status label set: ⚠️ Git status error: Reference at 'refs/heads/main' does not exist
[DEBUG] Repo rebound: HEAD = 41f4dbf
[DEBUG] ✅ Matched HEAD SHA: 41f4dbf → row 0
[DEBUG] Selected row = 0, SHA = 41f4dbfb13576613f2aa43cfeecb278ee4ebc2c6
[DEBUG] ✅ SHA set from selected row: 41f4dbfb13576613f2aa43cfeecb278ee4ebc2c6
[DEBUG] status label set: ✅ 🎧 On version line — 🎵 Session branch: <span style="color:#00BCD4;">main</span> — Current take: <span style="color:#00BCD4;">version 1</span>
[DEBUG] ✅ Final scroll to HEAD row 0
[DEBUG] status label set: ✅ 🎧 On version line — 🎵 Session branch: <span style="color:#00BCD4;">main</span> — Current take: <span style="color:#00BCD4;">version 1</span>
[DEBUG] Initializing Git...
[DEBUG] Found DAW files: [PosixPath('/private/var/folders/yx/c_cp834d18v7ptq75l5x7twm0000gn/T/pytest-of-niccavendish/pytest-0/test_git_init_creates_repo0/dummy.als')]
[DEBUG] Found existing Git repo at /private/var/folders/yx/c_cp834d18v7ptq75l5x7twm0000gn/T/pytest-of-niccavendish/pytest-0/test_git_init_creates_repo0
[DEBUG] Repo rebound: HEAD = 41f4dbf
[DEBUG] ✅ Matched HEAD SHA: 41f4dbf → row 0
[DEBUG] Selected row = 0, SHA = 41f4dbfb13576613f2aa43cfeecb278ee4ebc2c6
[DEBUG] ✅ SHA set from selected row: 41f4dbfb13576613f2aa43cfeecb278ee4ebc2c6
[DEBUG] status label set: ✅ 🎧 On version line — 🎵 Session branch: <span style="color:#00BCD4;">main</span> — Current take: <span style="color:#00BCD4;">version 1</span>
[DEBUG] ✅ Final scroll to HEAD row 0
[DEBUG] status label set: ✅ 🎧 On version line — 🎵 Session branch: <span style="color:#00BCD4;">main</span> — Current take: <span style="color:#00BCD4;">version 1</span>
[DEBUG] status label set: ✅ 🎧 On version line — 🎵 Session branch: <span style="color:#00BCD4;">main</span> — Current take: <span style="color:#00BCD4;">version 1</span>
ℹ️ Existing Git repo found — checking status...
[DEBUG] status label set: ✅ 🎧 On version line — 🎵 Session branch: <span style="color:#00BCD4;">main</span> — Current take: <span style="color:#00BCD4;">version 1</span>
[DEBUG] self.current_commit_id before update_log: 41f4dbfb13576613f2aa43cfeecb278ee4ebc2c6
[DEBUG] ✅ Matched HEAD SHA: 41f4dbf → row 0
[DEBUG] Selected row = 0, SHA = 41f4dbfb13576613f2aa43cfeecb278ee4ebc2c6
[DEBUG] ✅ SHA set from selected row: 41f4dbfb13576613f2aa43cfeecb278ee4ebc2c6
[DEBUG] status label set: ✅ 🎧 On version line — 🎵 Session branch: <span style="color:#00BCD4;">main</span> — Current take: <span style="color:#00BCD4;">version 1</span>
[DEBUG] ✅ Final scroll to HEAD row 0
[DEBUG] Full status --porcelain output:
[DEBUG] Raw Git status --porcelain:
[DEBUG] Recently modified .als detected: dummy.als
[32mPASSED[0m
tests_dawgit/test_rich_output.py::test_colored_output 🔥 This is red
✅ This is green
⚠️ This is yellow
[32mPASSED[0m
tests_dawgit/test_safe_branch_switching.py::test_prevent_branch_switch_with_uncommitted_changes [WARNING] Stylesheet not loaded: [Errno 2] No such file or directory: 'styles/dawgit_styles.qss'
[DEBUG] Loaded project path: /private/var/folders/yx/c_cp834d18v7ptq75l5x7twm0000gn/T/pytest-of-niccavendish/pytest-0/test_prevent_branch_switch_wit0
[DEBUG] Initializing Git...
[DEBUG] Found DAW files: [PosixPath('/private/var/folders/yx/c_cp834d18v7ptq75l5x7twm0000gn/T/pytest-of-niccavendish/pytest-0/test_prevent_branch_switch_wit0/track.als')]
[DEBUG] Found existing Git repo at /private/var/folders/yx/c_cp834d18v7ptq75l5x7twm0000gn/T/pytest-of-niccavendish/pytest-0/test_prevent_branch_switch_wit0
[DEBUG] Repo rebound: HEAD = 4ca4e59
ℹ️ Existing Git repo found — checking status...
⚠️ Skipping update_log(): history_table not initialized yet.
[DEBUG] Initializing Git...
[DEBUG] Found DAW files: [PosixPath('/private/var/folders/yx/c_cp834d18v7ptq75l5x7twm0000gn/T/pytest-of-niccavendish/pytest-0/test_prevent_branch_switch_wit0/track.als')]
[DEBUG] Found existing Git repo at /private/var/folders/yx/c_cp834d18v7ptq75l5x7twm0000gn/T/pytest-of-niccavendish/pytest-0/test_prevent_branch_switch_wit0
[DEBUG] Repo rebound: HEAD = 4ca4e59
ℹ️ Existing Git repo found — checking status...
⚠️ Skipping update_log(): history_table not initialized yet.
[SAFE SWITCH] Uncommitted changes detected — triggering backup.
🔒 Unsaved changes backed up to: /private/var/folders/yx/c_cp834d18v7ptq75l5x7twm0000gn/T/pytest-of-niccavendish/pytest-0/Backup_test_prevent_branch_switch_wit0_20250520_191428
[DEBUG] Full status --porcelain output:
[DEBUG] Raw Git status --porcelain:
[DEBUG] Recently modified .als detected: dummy.als
[32mPASSED[0m
tests_dawgit/test_safe_commit_checkout.py::test_untracked_file_warning_on_checkout [WARNING] Stylesheet not loaded: [Errno 2] No such file or directory: 'styles/dawgit_styles.qss'
[DEBUG] Loaded project path: /private/var/folders/yx/c_cp834d18v7ptq75l5x7twm0000gn/T/pytest-of-niccavendish/pytest-0/test_untracked_file_warning_on0
[DEBUG] Initializing Git...
[DEBUG] Found DAW files: [PosixPath('/private/var/folders/yx/c_cp834d18v7ptq75l5x7twm0000gn/T/pytest-of-niccavendish/pytest-0/test_untracked_file_warning_on0/session.als')]
[DEBUG] Found existing Git repo at /private/var/folders/yx/c_cp834d18v7ptq75l5x7twm0000gn/T/pytest-of-niccavendish/pytest-0/test_untracked_file_warning_on0
[DEBUG] Repo rebound: HEAD = 4eaa0db
ℹ️ Existing Git repo found — checking status...
⚠️ Skipping update_log(): history_table not initialized yet.
[DEBUG] Initializing Git...
[DEBUG] Found DAW files: [PosixPath('/private/var/folders/yx/c_cp834d18v7ptq75l5x7twm0000gn/T/pytest-of-niccavendish/pytest-0/test_untracked_file_warning_on0/session.als')]
[DEBUG] Found existing Git repo at /private/var/folders/yx/c_cp834d18v7ptq75l5x7twm0000gn/T/pytest-of-niccavendish/pytest-0/test_untracked_file_warning_on0
[DEBUG] Repo rebound: HEAD = 4eaa0db
ℹ️ Existing Git repo found — checking status...
⚠️ Skipping update_log(): history_table not initialized yet.
[DEBUG] Full status --porcelain output:
  → ?? notes.txt
[DEBUG] Raw Git status --porcelain:
[DEBUG] Checking cleaned file path: notes.txt
[DEBUG] Other file change detected: notes.txt
🔒 Unsaved changes backed up to: /private/var/folders/yx/c_cp834d18v7ptq75l5x7twm0000gn/T/pytest-of-niccavendish/pytest-0/Backup_test_untracked_file_warning_on0_20250520_191429
[WARNING] Untracked files: ['notes.txt']
[DEBUG] Full status --porcelain output:
[DEBUG] Raw Git status --porcelain:
[DEBUG] Recently modified .als detected: dummy.als
[32mPASSED[0m
tests_dawgit/test_safe_version_line.py::test_autocommit_marker_before_version_branch [WARNING] Stylesheet not loaded: [Errno 2] No such file or directory: 'styles/dawgit_styles.qss'
[DEBUG] Loaded project path: /private/var/folders/yx/c_cp834d18v7ptq75l5x7twm0000gn/T/pytest-of-niccavendish/pytest-0/test_autocommit_marker_before_0
[DEBUG] Initializing Git...
[DEBUG] Found DAW files: [PosixPath('/private/var/folders/yx/c_cp834d18v7ptq75l5x7twm0000gn/T/pytest-of-niccavendish/pytest-0/test_autocommit_marker_before_0/track.als')]
[DEBUG] Found existing Git repo at /private/var/folders/yx/c_cp834d18v7ptq75l5x7twm0000gn/T/pytest-of-niccavendish/pytest-0/test_autocommit_marker_before_0
🎯 Repo is in detached HEAD state — skipping bind_repo() to preserve HEAD.
[DEBUG] Repo is in detached HEAD state
[DEBUG] Initializing Git...
[DEBUG] Found DAW files: [PosixPath('/private/var/folders/yx/c_cp834d18v7ptq75l5x7twm0000gn/T/pytest-of-niccavendish/pytest-0/test_autocommit_marker_before_0/track.als')]
[DEBUG] Found existing Git repo at /private/var/folders/yx/c_cp834d18v7ptq75l5x7twm0000gn/T/pytest-of-niccavendish/pytest-0/test_autocommit_marker_before_0
🎯 Repo is in detached HEAD state — skipping bind_repo() to preserve HEAD.
[DEBUG] Skipping update_log(): no history_table in test mode.
🔖 Commit message: 🎼 Start New Version Line: MyNewIdea
[DEBUG] Full status --porcelain output:
[DEBUG] Raw Git status --porcelain:
[DEBUG] Recently modified .als detected: dummy.als
[32mPASSED[0m
tests_dawgit/test_snapshot_restore.py::test_restore_snapshot [TEST MODE] Forced project path via env var: /private/var/folders/yx/c_cp834d18v7ptq75l5x7twm0000gn/T/pytest-of-niccavendish/pytest-0/test_placeholder_file_committe0/PlaceholderTest
[WARNING] Stylesheet not loaded: [Errno 2] No such file or directory: 'styles/dawgit_styles.qss'
[DEBUG] Loaded project path: /private/var/folders/yx/c_cp834d18v7ptq75l5x7twm0000gn/T/pytest-of-niccavendish/pytest-0/test_placeholder_file_committe0/PlaceholderTest
[DEBUG] Initializing Git...
[DEBUG] Found DAW files: [PosixPath('/private/var/folders/yx/c_cp834d18v7ptq75l5x7twm0000gn/T/pytest-of-niccavendish/pytest-0/test_placeholder_file_committe0/PlaceholderTest/auto_placeholder.als')]
[DEBUG] Found existing Git repo at /private/var/folders/yx/c_cp834d18v7ptq75l5x7twm0000gn/T/pytest-of-niccavendish/pytest-0/test_placeholder_file_committe0/PlaceholderTest
[DEBUG] Repo rebound: HEAD = 7a4c799
ℹ️ Existing Git repo found — checking status...
⚠️ Skipping update_log(): history_table not initialized yet.
[32mPASSED[0m
tests_dawgit/test_startup_state.py::test_startup_loads_saved_project_path [DEBUG] Skipping QTimer.singleShot — parent not visible.
[WARN] Could not load take label for branch main: 'NoneType' object has no attribute 'head'
[WARN] Could not load take label for branch experiment: 'NoneType' object has no attribute 'head'
[WARN] Could not load take label for branch alt_mix: 'NoneType' object has no attribute 'head'
[DEBUG] Skipping QTimer.singleShot — parent not visible.
[WARNING] Stylesheet not loaded: [Errno 2] No such file or directory: 'styles/dawgit_styles.qss'
[DEBUG] Loaded project path: /private/var/folders/yx/c_cp834d18v7ptq75l5x7twm0000gn/T/pytest-of-niccavendish/pytest-0/test_startup_loads_saved_proje0/MyProject
[DEBUG] Initializing Git...
[DEBUG] Found DAW files: [PosixPath('/private/var/folders/yx/c_cp834d18v7ptq75l5x7twm0000gn/T/pytest-of-niccavendish/pytest-0/test_startup_loads_saved_proje0/MyProject/track.als')]
[DEBUG] Found existing Git repo at /private/var/folders/yx/c_cp834d18v7ptq75l5x7twm0000gn/T/pytest-of-niccavendish/pytest-0/test_startup_loads_saved_proje0/MyProject
[DEBUG] Repo rebound: HEAD = 7e4a6b3
[DEBUG] ✅ Matched HEAD SHA: 7e4a6b3 → row 0
[DEBUG] Selected row = 0, SHA = 7e4a6b3d70387391e81a357257a20668d5c84966
[DEBUG] ✅ SHA set from selected row: 7e4a6b3d70387391e81a357257a20668d5c84966
[DEBUG] status label set: ✅ 🎧 On version line — 🎵 Session branch: <span style="color:#00BCD4;">main</span> — Current take: <span style="color:#00BCD4;">version 1</span>
[DEBUG] ✅ Final scroll to HEAD row 0
[DEBUG] status label set: ✅ 🎧 On version line — 🎵 Session branch: <span style="color:#00BCD4;">main</span> — Current take: <span style="color:#00BCD4;">version 1</span>
[DEBUG] status label set: ✅ 🎧 On version line — 🎵 Session branch: <span style="color:#00BCD4;">main</span> — Current take: <span style="color:#00BCD4;">version 1</span>
ℹ️ Existing Git repo found — checking status...
[DEBUG] status label set: ✅ 🎧 On version line — 🎵 Session branch: <span style="color:#00BCD4;">main</span> — Current take: <span style="color:#00BCD4;">version 1</span>
[DEBUG] self.current_commit_id before update_log: 7e4a6b3d70387391e81a357257a20668d5c84966
[DEBUG] ✅ Matched HEAD SHA: 7e4a6b3 → row 0
[DEBUG] Selected row = 0, SHA = 7e4a6b3d70387391e81a357257a20668d5c84966
[DEBUG] ✅ SHA set from selected row: 7e4a6b3d70387391e81a357257a20668d5c84966
[DEBUG] status label set: ✅ 🎧 On version line — 🎵 Session branch: <span style="color:#00BCD4;">main</span> — Current take: <span style="color:#00BCD4;">version 1</span>
[DEBUG] ✅ Final scroll to HEAD row 0
[DEBUG] ✅ Matched HEAD SHA: 7e4a6b3 → row 0
[DEBUG] Selected row = 0, SHA = 7e4a6b3d70387391e81a357257a20668d5c84966
[DEBUG] ✅ SHA set from selected row: 7e4a6b3d70387391e81a357257a20668d5c84966
[DEBUG] status label set: ✅ 🎧 On version line — 🎵 Session branch: <span style="color:#00BCD4;">main</span> — Current take: <span style="color:#00BCD4;">version 1</span>
[DEBUG] ✅ Final scroll to HEAD row 0
[DEBUG] status label set: ✅ 🎧 On version line — 🎵 Session branch: <span style="color:#00BCD4;">main</span> — Current take: <span style="color:#00BCD4;">version 1</span>
[DEBUG] Full status --porcelain output:
[DEBUG] Raw Git status --porcelain:
[DEBUG] Recently modified .als detected: dummy.als
[32mPASSED[0m
tests_dawgit/test_startup_state.py::test_commit_log_display_on_startup [DEBUG] Skipping QTimer.singleShot — parent not visible.
[WARN] Could not load take label for branch main: 'NoneType' object has no attribute 'head'
[WARN] Could not load take label for branch experiment: 'NoneType' object has no attribute 'head'
[WARN] Could not load take label for branch alt_mix: 'NoneType' object has no attribute 'head'
[DEBUG] Skipping QTimer.singleShot — parent not visible.
[WARNING] Stylesheet not loaded: [Errno 2] No such file or directory: 'styles/dawgit_styles.qss'
[DEBUG] Loaded project path: /private/var/folders/yx/c_cp834d18v7ptq75l5x7twm0000gn/T/pytest-of-niccavendish/pytest-0/test_commit_log_display_on_sta0/StartupLog
[DEBUG] Initializing Git...
[DEBUG] Found DAW files: [PosixPath('/private/var/folders/yx/c_cp834d18v7ptq75l5x7twm0000gn/T/pytest-of-niccavendish/pytest-0/test_commit_log_display_on_sta0/StartupLog/song.als')]
[DEBUG] Found existing Git repo at /private/var/folders/yx/c_cp834d18v7ptq75l5x7twm0000gn/T/pytest-of-niccavendish/pytest-0/test_commit_log_display_on_sta0/StartupLog
[DEBUG] Repo rebound: HEAD = d72d3b7
[DEBUG] ✅ Matched HEAD SHA: d72d3b7 → row 0
[DEBUG] Selected row = 0, SHA = d72d3b7e421f4f272e199c84ab55b89584534ec3
[DEBUG] ✅ SHA set from selected row: d72d3b7e421f4f272e199c84ab55b89584534ec3
[DEBUG] status label set: ✅ 🎧 On version line — 🎵 Session branch: <span style="color:#00BCD4;">main</span> — Current take: <span style="color:#00BCD4;">version 1</span>
[DEBUG] ✅ Final scroll to HEAD row 0
[DEBUG] status label set: ✅ 🎧 On version line — 🎵 Session branch: <span style="color:#00BCD4;">main</span> — Current take: <span style="color:#00BCD4;">version 1</span>
[DEBUG] status label set: ✅ 🎧 On version line — 🎵 Session branch: <span style="color:#00BCD4;">main</span> — Current take: <span style="color:#00BCD4;">version 1</span>
ℹ️ Existing Git repo found — checking status...
[DEBUG] status label set: ✅ 🎧 On version line — 🎵 Session branch: <span style="color:#00BCD4;">main</span> — Current take: <span style="color:#00BCD4;">version 1</span>
[DEBUG] self.current_commit_id before update_log: d72d3b7e421f4f272e199c84ab55b89584534ec3
[DEBUG] ✅ Matched HEAD SHA: d72d3b7 → row 0
[DEBUG] Selected row = 0, SHA = d72d3b7e421f4f272e199c84ab55b89584534ec3
[DEBUG] ✅ SHA set from selected row: d72d3b7e421f4f272e199c84ab55b89584534ec3
[DEBUG] status label set: ✅ 🎧 On version line — 🎵 Session branch: <span style="color:#00BCD4;">main</span> — Current take: <span style="color:#00BCD4;">version 1</span>
[DEBUG] ✅ Final scroll to HEAD row 0
[DEBUG] ✅ Matched HEAD SHA: d72d3b7 → row 0
[DEBUG] Selected row = 0, SHA = d72d3b7e421f4f272e199c84ab55b89584534ec3
[DEBUG] ✅ SHA set from selected row: d72d3b7e421f4f272e199c84ab55b89584534ec3
[DEBUG] status label set: ✅ 🎧 On version line — 🎵 Session branch: <span style="color:#00BCD4;">main</span> — Current take: <span style="color:#00BCD4;">version 1</span>
[DEBUG] ✅ Final scroll to HEAD row 0
[DEBUG] status label set: ✅ 🎧 On version line — 🎵 Session branch: <span style="color:#00BCD4;">main</span> — Current take: <span style="color:#00BCD4;">version 1</span>
[DEBUG] Initializing Git...
[DEBUG] Found DAW files: [PosixPath('/private/var/folders/yx/c_cp834d18v7ptq75l5x7twm0000gn/T/pytest-of-niccavendish/pytest-0/test_commit_log_display_on_sta0/StartupLog/song.als')]
[DEBUG] Found existing Git repo at /private/var/folders/yx/c_cp834d18v7ptq75l5x7twm0000gn/T/pytest-of-niccavendish/pytest-0/test_commit_log_display_on_sta0/StartupLog
[DEBUG] Repo rebound: HEAD = d72d3b7
[DEBUG] ✅ Matched HEAD SHA: d72d3b7 → row 0
[DEBUG] Selected row = 0, SHA = d72d3b7e421f4f272e199c84ab55b89584534ec3
[DEBUG] ✅ SHA set from selected row: d72d3b7e421f4f272e199c84ab55b89584534ec3
[DEBUG] status label set: ✅ 🎧 On version line — 🎵 Session branch: <span style="color:#00BCD4;">main</span> — Current take: <span style="color:#00BCD4;">version 1</span>
[DEBUG] ✅ Final scroll to HEAD row 0
[DEBUG] status label set: ✅ 🎧 On version line — 🎵 Session branch: <span style="color:#00BCD4;">main</span> — Current take: <span style="color:#00BCD4;">version 1</span>
[DEBUG] status label set: ✅ 🎧 On version line — 🎵 Session branch: <span style="color:#00BCD4;">main</span> — Current take: <span style="color:#00BCD4;">version 1</span>
ℹ️ Existing Git repo found — checking status...
[DEBUG] status label set: ✅ 🎧 On version line — 🎵 Session branch: <span style="color:#00BCD4;">main</span> — Current take: <span style="color:#00BCD4;">version 1</span>
[DEBUG] self.current_commit_id before update_log: d72d3b7e421f4f272e199c84ab55b89584534ec3
[DEBUG] ✅ Matched HEAD SHA: d72d3b7 → row 0
[DEBUG] Selected row = 0, SHA = d72d3b7e421f4f272e199c84ab55b89584534ec3
[DEBUG] ✅ SHA set from selected row: d72d3b7e421f4f272e199c84ab55b89584534ec3
[DEBUG] status label set: ✅ 🎧 On version line — 🎵 Session branch: <span style="color:#00BCD4;">main</span> — Current take: <span style="color:#00BCD4;">version 1</span>
[DEBUG] ✅ Final scroll to HEAD row 0
[DEBUG] ✅ Matched HEAD SHA: d72d3b7 → row 0
[DEBUG] Selected row = 0, SHA = d72d3b7e421f4f272e199c84ab55b89584534ec3
[DEBUG] ✅ SHA set from selected row: d72d3b7e421f4f272e199c84ab55b89584534ec3
[DEBUG] status label set: ✅ 🎧 On version line — 🎵 Session branch: <span style="color:#00BCD4;">main</span> — Current take: <span style="color:#00BCD4;">version 1</span>
[DEBUG] ✅ Final scroll to HEAD row 0
[DEBUG] Full status --porcelain output:
[DEBUG] Raw Git status --porcelain:
[DEBUG] Recently modified .als detected: track.als
[DEBUG] Full status --porcelain output:
[DEBUG] Raw Git status --porcelain:
[DEBUG] has_unsaved_changes() = False
[DEBUG] Full status --porcelain output:
[DEBUG] Raw Git status --porcelain:
[DEBUG] Recently modified .als detected: song.als
[32mPASSED[0m
tests_dawgit/test_startup_state.py::test_checked_out_commit_highlighted_on_startup [DEBUG] Skipping QTimer.singleShot — parent not visible.
[WARN] Could not load take label for branch main: 'NoneType' object has no attribute 'head'
[WARN] Could not load take label for branch experiment: 'NoneType' object has no attribute 'head'
[WARN] Could not load take label for branch alt_mix: 'NoneType' object has no attribute 'head'
[DEBUG] Skipping QTimer.singleShot — parent not visible.
[WARNING] Stylesheet not loaded: [Errno 2] No such file or directory: 'styles/dawgit_styles.qss'
[DEBUG] Loaded project path: /private/var/folders/yx/c_cp834d18v7ptq75l5x7twm0000gn/T/pytest-of-niccavendish/pytest-0/test_checked_out_commit_highli0/HighlightStart
[DEBUG] Initializing Git...
[DEBUG] Found DAW files: [PosixPath('/private/var/folders/yx/c_cp834d18v7ptq75l5x7twm0000gn/T/pytest-of-niccavendish/pytest-0/test_checked_out_commit_highli0/HighlightStart/a.als')]
[DEBUG] Found existing Git repo at /private/var/folders/yx/c_cp834d18v7ptq75l5x7twm0000gn/T/pytest-of-niccavendish/pytest-0/test_checked_out_commit_highli0/HighlightStart
[DEBUG] Repo rebound: HEAD = 90e2faf
[DEBUG] ✅ Matched HEAD SHA: 90e2faf → row 0
[DEBUG] Selected row = 0, SHA = 90e2faff5f6e13c7900c6cebf614458a2cb150d4
[DEBUG] ✅ SHA set from selected row: 90e2faff5f6e13c7900c6cebf614458a2cb150d4
[DEBUG] status label set: ✅ 🎧 On version line — 🎵 Session branch: <span style="color:#00BCD4;">main</span> — Current take: <span style="color:#00BCD4;">version 1</span>
[DEBUG] ✅ Final scroll to HEAD row 0
[DEBUG] status label set: ✅ 🎧 On version line — 🎵 Session branch: <span style="color:#00BCD4;">main</span> — Current take: <span style="color:#00BCD4;">version 1</span>
[DEBUG] status label set: ✅ 🎧 On version line — 🎵 Session branch: <span style="color:#00BCD4;">main</span> — Current take: <span style="color:#00BCD4;">version 1</span>
ℹ️ Existing Git repo found — checking status...
[DEBUG] status label set: ✅ 🎧 On version line — 🎵 Session branch: <span style="color:#00BCD4;">main</span> — Current take: <span style="color:#00BCD4;">version 1</span>
[DEBUG] self.current_commit_id before update_log: 90e2faff5f6e13c7900c6cebf614458a2cb150d4
[DEBUG] ✅ Matched HEAD SHA: 90e2faf → row 0
[DEBUG] Selected row = 0, SHA = 90e2faff5f6e13c7900c6cebf614458a2cb150d4
[DEBUG] ✅ SHA set from selected row: 90e2faff5f6e13c7900c6cebf614458a2cb150d4
[DEBUG] status label set: ✅ 🎧 On version line — 🎵 Session branch: <span style="color:#00BCD4;">main</span> — Current take: <span style="color:#00BCD4;">version 1</span>
[DEBUG] ✅ Final scroll to HEAD row 0
[DEBUG] ✅ Matched HEAD SHA: 90e2faf → row 0
[DEBUG] Selected row = 0, SHA = 90e2faff5f6e13c7900c6cebf614458a2cb150d4
[DEBUG] ✅ SHA set from selected row: 90e2faff5f6e13c7900c6cebf614458a2cb150d4
[DEBUG] status label set: ✅ 🎧 On version line — 🎵 Session branch: <span style="color:#00BCD4;">main</span> — Current take: <span style="color:#00BCD4;">version 1</span>
[DEBUG] ✅ Final scroll to HEAD row 0
[DEBUG] status label set: ✅ 🎧 On version line — 🎵 Session branch: <span style="color:#00BCD4;">main</span> — Current take: <span style="color:#00BCD4;">version 1</span>
[DEBUG] Initializing Git...
[DEBUG] Found DAW files: [PosixPath('/private/var/folders/yx/c_cp834d18v7ptq75l5x7twm0000gn/T/pytest-of-niccavendish/pytest-0/test_checked_out_commit_highli0/HighlightStart/a.als')]
[DEBUG] Found existing Git repo at /private/var/folders/yx/c_cp834d18v7ptq75l5x7twm0000gn/T/pytest-of-niccavendish/pytest-0/test_checked_out_commit_highli0/HighlightStart
[DEBUG] Repo rebound: HEAD = 90e2faf
[DEBUG] ✅ Matched HEAD SHA: 90e2faf → row 0
[DEBUG] Selected row = 0, SHA = 90e2faff5f6e13c7900c6cebf614458a2cb150d4
[DEBUG] ✅ SHA set from selected row: 90e2faff5f6e13c7900c6cebf614458a2cb150d4
[DEBUG] status label set: ✅ 🎧 On version line — 🎵 Session branch: <span style="color:#00BCD4;">main</span> — Current take: <span style="color:#00BCD4;">version 1</span>
[DEBUG] ✅ Final scroll to HEAD row 0
[DEBUG] status label set: ✅ 🎧 On version line — 🎵 Session branch: <span style="color:#00BCD4;">main</span> — Current take: <span style="color:#00BCD4;">version 1</span>
[DEBUG] status label set: ✅ 🎧 On version line — 🎵 Session branch: <span style="color:#00BCD4;">main</span> — Current take: <span style="color:#00BCD4;">version 1</span>
ℹ️ Existing Git repo found — checking status...
[DEBUG] status label set: ✅ 🎧 On version line — 🎵 Session branch: <span style="color:#00BCD4;">main</span> — Current take: <span style="color:#00BCD4;">version 1</span>
[DEBUG] self.current_commit_id before update_log: 90e2faff5f6e13c7900c6cebf614458a2cb150d4
[DEBUG] ✅ Matched HEAD SHA: 90e2faf → row 0
[DEBUG] Selected row = 0, SHA = 90e2faff5f6e13c7900c6cebf614458a2cb150d4
[DEBUG] ✅ SHA set from selected row: 90e2faff5f6e13c7900c6cebf614458a2cb150d4
[DEBUG] status label set: ✅ 🎧 On version line — 🎵 Session branch: <span style="color:#00BCD4;">main</span> — Current take: <span style="color:#00BCD4;">version 1</span>
[DEBUG] ✅ Final scroll to HEAD row 0
[DEBUG] ✅ Matched HEAD SHA: 90e2faf → row 0
[DEBUG] Selected row = 0, SHA = 90e2faff5f6e13c7900c6cebf614458a2cb150d4
[DEBUG] ✅ SHA set from selected row: 90e2faff5f6e13c7900c6cebf614458a2cb150d4
[DEBUG] status label set: ✅ 🎧 On version line — 🎵 Session branch: <span style="color:#00BCD4;">main</span> — Current take: <span style="color:#00BCD4;">version 1</span>
[DEBUG] ✅ Final scroll to HEAD row 0
[DEBUG] Full status --porcelain output:
[DEBUG] Raw Git status --porcelain:
[DEBUG] Recently modified .als detected: song.als
[DEBUG] Full status --porcelain output:
[DEBUG] Raw Git status --porcelain:
[DEBUG] Recently modified .als detected: track.als
[DEBUG] Full status --porcelain output:
[DEBUG] Raw Git status --porcelain:
[DEBUG] has_unsaved_changes() = False
[DEBUG] Full status --porcelain output:
[DEBUG] Raw Git status --porcelain:
[DEBUG] Recently modified .als detected: a.als
[32mPASSED[0m
tests_dawgit/test_startup_state.py::test_branch_dropdown_shows_active_branch [DEBUG] Skipping QTimer.singleShot — parent not visible.
[WARN] Could not load take label for branch main: 'NoneType' object has no attribute 'head'
[WARN] Could not load take label for branch experiment: 'NoneType' object has no attribute 'head'
[WARN] Could not load take label for branch alt_mix: 'NoneType' object has no attribute 'head'
[DEBUG] Skipping QTimer.singleShot — parent not visible.
[WARNING] Stylesheet not loaded: [Errno 2] No such file or directory: 'styles/dawgit_styles.qss'
[DEBUG] Loaded project path: /private/var/folders/yx/c_cp834d18v7ptq75l5x7twm0000gn/T/pytest-of-niccavendish/pytest-0/test_branch_dropdown_shows_act0/BranchDrop
[DEBUG] Initializing Git...
[DEBUG] Found DAW files: [PosixPath('/private/var/folders/yx/c_cp834d18v7ptq75l5x7twm0000gn/T/pytest-of-niccavendish/pytest-0/test_branch_dropdown_shows_act0/BranchDrop/a.als')]
[DEBUG] Found existing Git repo at /private/var/folders/yx/c_cp834d18v7ptq75l5x7twm0000gn/T/pytest-of-niccavendish/pytest-0/test_branch_dropdown_shows_act0/BranchDrop
[DEBUG] Repo rebound: HEAD = c0e8f55
[DEBUG] ✅ Matched HEAD SHA: c0e8f55 → row 0
[DEBUG] Selected row = 0, SHA = c0e8f5590939e21e883e64b48b02b9bb4d60d1e5
[DEBUG] ✅ SHA set from selected row: c0e8f5590939e21e883e64b48b02b9bb4d60d1e5
[DEBUG] status label set: ✅ 🎧 On version line — 🎵 Session branch: <span style="color:#00BCD4;">main</span> — Current take: <span style="color:#00BCD4;">version 1</span>
[DEBUG] ✅ Final scroll to HEAD row 0
[DEBUG] status label set: ✅ 🎧 On version line — 🎵 Session branch: <span style="color:#00BCD4;">main</span> — Current take: <span style="color:#00BCD4;">version 1</span>
[DEBUG] status label set: ✅ 🎧 On version line — 🎵 Session branch: <span style="color:#00BCD4;">main</span> — Current take: <span style="color:#00BCD4;">version 1</span>
ℹ️ Existing Git repo found — checking status...
[DEBUG] status label set: ✅ 🎧 On version line — 🎵 Session branch: <span style="color:#00BCD4;">main</span> — Current take: <span style="color:#00BCD4;">version 1</span>
[DEBUG] self.current_commit_id before update_log: c0e8f5590939e21e883e64b48b02b9bb4d60d1e5
[DEBUG] ✅ Matched HEAD SHA: c0e8f55 → row 0
[DEBUG] Selected row = 0, SHA = c0e8f5590939e21e883e64b48b02b9bb4d60d1e5
[DEBUG] ✅ SHA set from selected row: c0e8f5590939e21e883e64b48b02b9bb4d60d1e5
[DEBUG] status label set: ✅ 🎧 On version line — 🎵 Session branch: <span style="color:#00BCD4;">main</span> — Current take: <span style="color:#00BCD4;">version 1</span>
[DEBUG] ✅ Final scroll to HEAD row 0
[DEBUG] ✅ Matched HEAD SHA: c0e8f55 → row 0
[DEBUG] Selected row = 0, SHA = c0e8f5590939e21e883e64b48b02b9bb4d60d1e5
[DEBUG] ✅ SHA set from selected row: c0e8f5590939e21e883e64b48b02b9bb4d60d1e5
[DEBUG] status label set: ✅ 🎧 On version line — 🎵 Session branch: <span style="color:#00BCD4;">main</span> — Current take: <span style="color:#00BCD4;">version 1</span>
[DEBUG] ✅ Final scroll to HEAD row 0
[DEBUG] status label set: ✅ 🎧 On version line — 🎵 Session branch: <span style="color:#00BCD4;">main</span> — Current take: <span style="color:#00BCD4;">version 1</span>
[DEBUG] Initializing Git...
[DEBUG] Found DAW files: [PosixPath('/private/var/folders/yx/c_cp834d18v7ptq75l5x7twm0000gn/T/pytest-of-niccavendish/pytest-0/test_branch_dropdown_shows_act0/BranchDrop/a.als')]
[DEBUG] Found existing Git repo at /private/var/folders/yx/c_cp834d18v7ptq75l5x7twm0000gn/T/pytest-of-niccavendish/pytest-0/test_branch_dropdown_shows_act0/BranchDrop
[DEBUG] Repo rebound: HEAD = c0e8f55
[DEBUG] ✅ Matched HEAD SHA: c0e8f55 → row 0
[DEBUG] Selected row = 0, SHA = c0e8f5590939e21e883e64b48b02b9bb4d60d1e5
[DEBUG] ✅ SHA set from selected row: c0e8f5590939e21e883e64b48b02b9bb4d60d1e5
[DEBUG] status label set: ✅ 🎧 On version line — 🎵 Session branch: <span style="color:#00BCD4;">main</span> — Current take: <span style="color:#00BCD4;">version 1</span>
[DEBUG] ✅ Final scroll to HEAD row 0
[DEBUG] status label set: ✅ 🎧 On version line — 🎵 Session branch: <span style="color:#00BCD4;">main</span> — Current take: <span style="color:#00BCD4;">version 1</span>
[DEBUG] status label set: ✅ 🎧 On version line — 🎵 Session branch: <span style="color:#00BCD4;">main</span> — Current take: <span style="color:#00BCD4;">version 1</span>
ℹ️ Existing Git repo found — checking status...
[DEBUG] status label set: ✅ 🎧 On version line — 🎵 Session branch: <span style="color:#00BCD4;">main</span> — Current take: <span style="color:#00BCD4;">version 1</span>
[DEBUG] self.current_commit_id before update_log: c0e8f5590939e21e883e64b48b02b9bb4d60d1e5
[DEBUG] ✅ Matched HEAD SHA: c0e8f55 → row 0
[DEBUG] Selected row = 0, SHA = c0e8f5590939e21e883e64b48b02b9bb4d60d1e5
[DEBUG] ✅ SHA set from selected row: c0e8f5590939e21e883e64b48b02b9bb4d60d1e5
[DEBUG] status label set: ✅ 🎧 On version line — 🎵 Session branch: <span style="color:#00BCD4;">main</span> — Current take: <span style="color:#00BCD4;">version 1</span>
[DEBUG] ✅ Final scroll to HEAD row 0
[31mFAILED[0m[DEBUG] Full status --porcelain output:
[DEBUG] Raw Git status --porcelain:
[DEBUG] Recently modified .als detected: song.als
[DEBUG] Full status --porcelain output:
[DEBUG] Raw Git status --porcelain:
[DEBUG] Recently modified .als detected: track.als
[DEBUG] Full status --porcelain output:
[DEBUG] Raw Git status --porcelain:
[DEBUG] has_unsaved_changes() = False
[DEBUG] Full status --porcelain output:
[DEBUG] Raw Git status --porcelain:
[DEBUG] Recently modified .als detected: a.als

tests_dawgit/test_startup_state.py::test_startup_in_detached_head_warns_user [DEBUG] Skipping QTimer.singleShot — parent not visible.
[WARN] Could not load take label for branch main: 'NoneType' object has no attribute 'head'
[WARN] Could not load take label for branch experiment: 'NoneType' object has no attribute 'head'
[WARN] Could not load take label for branch alt_mix: 'NoneType' object has no attribute 'head'
[DEBUG] Skipping QTimer.singleShot — parent not visible.
[WARNING] Stylesheet not loaded: [Errno 2] No such file or directory: 'styles/dawgit_styles.qss'
[DEBUG] Loaded project path: /private/var/folders/yx/c_cp834d18v7ptq75l5x7twm0000gn/T/pytest-of-niccavendish/pytest-0/test_startup_in_detached_head_0/DetachedStartup
[DEBUG] Initializing Git...
[DEBUG] Found DAW files: [PosixPath('/private/var/folders/yx/c_cp834d18v7ptq75l5x7twm0000gn/T/pytest-of-niccavendish/pytest-0/test_startup_in_detached_head_0/DetachedStartup/clip.als')]
[DEBUG] Found existing Git repo at /private/var/folders/yx/c_cp834d18v7ptq75l5x7twm0000gn/T/pytest-of-niccavendish/pytest-0/test_startup_in_detached_head_0/DetachedStartup
🎯 Repo is in detached HEAD state — skipping bind_repo() to preserve HEAD.
[DEBUG] Repo is in detached HEAD state
[DEBUG] ✅ Matched HEAD SHA: 259733c → row 0
[DEBUG] Selected row = 0, SHA = 259733c6d1bb2c9ad69e882593faa9df1e8a7d2d
[DEBUG] ✅ SHA set from selected row: 259733c6d1bb2c9ad69e882593faa9df1e8a7d2d
[DEBUG] status label set: ℹ️ Detached snapshot — not on an active version line
[DEBUG] ✅ Final scroll to HEAD row 0
[DEBUG] status label set: ℹ️ Detached snapshot — not on an active version line
[DEBUG] Initializing Git...
[DEBUG] Found DAW files: [PosixPath('/private/var/folders/yx/c_cp834d18v7ptq75l5x7twm0000gn/T/pytest-of-niccavendish/pytest-0/test_startup_in_detached_head_0/DetachedStartup/clip.als')]
[DEBUG] Found existing Git repo at /private/var/folders/yx/c_cp834d18v7ptq75l5x7twm0000gn/T/pytest-of-niccavendish/pytest-0/test_startup_in_detached_head_0/DetachedStartup
🎯 Repo is in detached HEAD state — skipping bind_repo() to preserve HEAD.
[DEBUG] Full status --porcelain output:
[DEBUG] Raw Git status --porcelain:
[DEBUG] Recently modified .als detected: a.als
[DEBUG] Full status --porcelain output:
[DEBUG] Raw Git status --porcelain:
[DEBUG] Recently modified .als detected: song.als
[DEBUG] Full status --porcelain output:
[DEBUG] Raw Git status --porcelain:
[DEBUG] Recently modified .als detected: track.als
[DEBUG] Full status --porcelain output:
[DEBUG] Raw Git status --porcelain:
[DEBUG] has_unsaved_changes() = False
[32mPASSED[0m[DEBUG] Full status --porcelain output:
[DEBUG] Raw Git status --porcelain:
[DEBUG] Recently modified .als detected: a.als

tests_dawgit/test_status_label_logic.py::test_status_label_shows_clean_on_fresh_start [DEBUG] Full status --porcelain output:
[DEBUG] Raw Git status --porcelain:
[DEBUG] Recently modified .als detected: song.als
[DEBUG] Full status --porcelain output:
[DEBUG] Raw Git status --porcelain:
[DEBUG] Recently modified .als detected: track.als
[DEBUG] Full status --porcelain output:
[DEBUG] Raw Git status --porcelain:
[DEBUG] has_unsaved_changes() = False
[DEBUG] Skipping QTimer.singleShot — parent not visible.
[WARN] Could not load take label for branch main: 'NoneType' object has no attribute 'head'
[WARN] Could not load take label for branch experiment: 'NoneType' object has no attribute 'head'
[WARN] Could not load take label for branch alt_mix: 'NoneType' object has no attribute 'head'
[DEBUG] Skipping QTimer.singleShot — parent not visible.
[WARNING] Stylesheet not loaded: [Errno 2] No such file or directory: 'styles/dawgit_styles.qss'
[DEBUG] Loaded project path: /private/var/folders/yx/c_cp834d18v7ptq75l5x7twm0000gn/T/pytest-of-niccavendish/pytest-0/test_status_label_shows_clean_0/TestProject
[DEBUG] Initializing Git...
[DEBUG] Found DAW files: [PosixPath('/private/var/folders/yx/c_cp834d18v7ptq75l5x7twm0000gn/T/pytest-of-niccavendish/pytest-0/test_status_label_shows_clean_0/TestProject/dummy.als')]
[DEBUG] No existing repo found. Initializing new repo at /private/var/folders/yx/c_cp834d18v7ptq75l5x7twm0000gn/T/pytest-of-niccavendish/pytest-0/test_status_label_shows_clean_0/TestProject
✅ New Git repo initialized.
✅ Saved last project path: /private/var/folders/yx/c_cp834d18v7ptq75l5x7twm0000gn/T/pytest-of-niccavendish/pytest-0/test_status_label_shows_clean_0/TestProject
[DEBUG] status label set: ✅ 🎧 On version line — 🎵 Session branch: <span style="color:#00BCD4;">main</span> — Current take: <span style="color:#00BCD4;">version 1</span>
[DEBUG] self.current_commit_id before update_log: 38aca2220ed7f504a77e7badbe92513afb819932
[DEBUG] ✅ Matched HEAD SHA: 38aca22 → row 0
[DEBUG] Selected row = 0, SHA = 38aca2220ed7f504a77e7badbe92513afb819932
[DEBUG] ✅ SHA set from selected row: 38aca2220ed7f504a77e7badbe92513afb819932
[DEBUG] status label set: ✅ 🎧 On version line — 🎵 Session branch: <span style="color:#00BCD4;">main</span> — Current take: <span style="color:#00BCD4;">version 1</span>
[DEBUG] ✅ Final scroll to HEAD row 0
[DEBUG] ✅ Matched HEAD SHA: 38aca22 → row 0
[DEBUG] Selected row = 0, SHA = 38aca2220ed7f504a77e7badbe92513afb819932
[DEBUG] ✅ SHA set from selected row: 38aca2220ed7f504a77e7badbe92513afb819932
[DEBUG] status label set: ✅ 🎧 On version line — 🎵 Session branch: <span style="color:#00BCD4;">main</span> — Current take: <span style="color:#00BCD4;">version 1</span>
[DEBUG] ✅ Final scroll to HEAD row 0
[DEBUG] status label set: ✅ 🎧 On version line — 🎵 Session branch: <span style="color:#00BCD4;">main</span> — Current take: <span style="color:#00BCD4;">version 1</span>
[DEBUG] Full status --porcelain output:
[DEBUG] Raw Git status --porcelain:
[DEBUG] Recently modified .als detected: a.als
[DEBUG] Full status --porcelain output:
[DEBUG] Raw Git status --porcelain:
[DEBUG] has_unsaved_changes() = False
[DEBUG] Full status --porcelain output:
[DEBUG] Raw Git status --porcelain:
[DEBUG] has_unsaved_changes() = False
[DEBUG] Full status --porcelain output:
[DEBUG] Raw Git status --porcelain:
[DEBUG] has_unsaved_changes() = False
[DEBUG] Full status --porcelain output:
[DEBUG] Raw Git status --porcelain:
[DEBUG] has_unsaved_changes() = False
[32mPASSED[0m
tests_dawgit/test_status_label_logic.py::test_status_label_ignores_non_daw_files [DEBUG] Full status --porcelain output:
[DEBUG] Raw Git status --porcelain:
[DEBUG] has_unsaved_changes() = False
[DEBUG] Skipping QTimer.singleShot — parent not visible.
[WARN] Could not load take label for branch main: 'NoneType' object has no attribute 'head'
[WARN] Could not load take label for branch experiment: 'NoneType' object has no attribute 'head'
[WARN] Could not load take label for branch alt_mix: 'NoneType' object has no attribute 'head'
[DEBUG] Skipping QTimer.singleShot — parent not visible.
[WARNING] Stylesheet not loaded: [Errno 2] No such file or directory: 'styles/dawgit_styles.qss'
[DEBUG] Loaded project path: /private/var/folders/yx/c_cp834d18v7ptq75l5x7twm0000gn/T/pytest-of-niccavendish/pytest-0/test_status_label_ignores_non_0/TestProject
[DEBUG] Initializing Git...
[DEBUG] Found DAW files: [PosixPath('/private/var/folders/yx/c_cp834d18v7ptq75l5x7twm0000gn/T/pytest-of-niccavendish/pytest-0/test_status_label_ignores_non_0/TestProject/dummy.als')]
[DEBUG] No existing repo found. Initializing new repo at /private/var/folders/yx/c_cp834d18v7ptq75l5x7twm0000gn/T/pytest-of-niccavendish/pytest-0/test_status_label_ignores_non_0/TestProject
✅ New Git repo initialized.
✅ Saved last project path: /private/var/folders/yx/c_cp834d18v7ptq75l5x7twm0000gn/T/pytest-of-niccavendish/pytest-0/test_status_label_ignores_non_0/TestProject
[DEBUG] status label set: ✅ 🎧 On version line — 🎵 Session branch: <span style="color:#00BCD4;">main</span> — Current take: <span style="color:#00BCD4;">version 1</span>
[DEBUG] self.current_commit_id before update_log: 400be375a55e6fab286a66ed984db43b486ab459
[DEBUG] ✅ Matched HEAD SHA: 400be37 → row 0
[DEBUG] Selected row = 0, SHA = 400be375a55e6fab286a66ed984db43b486ab459
[DEBUG] ✅ SHA set from selected row: 400be375a55e6fab286a66ed984db43b486ab459
[DEBUG] status label set: ✅ 🎧 On version line — 🎵 Session branch: <span style="color:#00BCD4;">main</span> — Current take: <span style="color:#00BCD4;">version 1</span>
[DEBUG] ✅ Final scroll to HEAD row 0
[DEBUG] ✅ Matched HEAD SHA: 400be37 → row 0
[DEBUG] Selected row = 0, SHA = 400be375a55e6fab286a66ed984db43b486ab459
[DEBUG] ✅ SHA set from selected row: 400be375a55e6fab286a66ed984db43b486ab459
[DEBUG] status label set: ✅ 🎧 On version line — 🎵 Session branch: <span style="color:#00BCD4;">main</span> — Current take: <span style="color:#00BCD4;">version 1</span>
[DEBUG] ✅ Final scroll to HEAD row 0
[DEBUG] status label set: ✅ 🎧 On version line — 🎵 Session branch: <span style="color:#00BCD4;">main</span> — Current take: <span style="color:#00BCD4;">version 1</span>
[DEBUG] Full status --porcelain output:
[DEBUG] Raw Git status --porcelain:
[DEBUG] Recently modified .als detected: a.als
[DEBUG] Full status --porcelain output:
[DEBUG] Raw Git status --porcelain:
[DEBUG] has_unsaved_changes() = False
[DEBUG] Full status --porcelain output:
[DEBUG] Raw Git status --porcelain:
[DEBUG] has_unsaved_changes() = False
[DEBUG] Full status --porcelain output:
[DEBUG] Raw Git status --porcelain:
[DEBUG] has_unsaved_changes() = False
[DEBUG] Full status --porcelain output:
[DEBUG] Raw Git status --porcelain:
[DEBUG] has_unsaved_changes() = False
[DEBUG] Full status --porcelain output:
  → ?? "Icon\r"
[DEBUG] Raw Git status --porcelain:
[DEBUG] Checking cleaned file path: Icon\r
[DEBUG] Other file change detected: Icon\r
[32mPASSED[0m
tests_dawgit/test_status_label_logic.py::test_status_label_detects_modified_als [DEBUG] Full status --porcelain output:
  → ?? "Icon\r"
[DEBUG] Raw Git status --porcelain:
[DEBUG] Checking cleaned file path: Icon\r
[DEBUG] Other file change detected: Icon\r
[DEBUG] Skipping QTimer.singleShot — parent not visible.
[WARN] Could not load take label for branch main: 'NoneType' object has no attribute 'head'
[WARN] Could not load take label for branch experiment: 'NoneType' object has no attribute 'head'
[WARN] Could not load take label for branch alt_mix: 'NoneType' object has no attribute 'head'
[DEBUG] Skipping QTimer.singleShot — parent not visible.
[WARNING] Stylesheet not loaded: [Errno 2] No such file or directory: 'styles/dawgit_styles.qss'
[DEBUG] Loaded project path: /private/var/folders/yx/c_cp834d18v7ptq75l5x7twm0000gn/T/pytest-of-niccavendish/pytest-0/test_status_label_detects_modi0/TestProject
[DEBUG] Initializing Git...
[DEBUG] Found DAW files: [PosixPath('/private/var/folders/yx/c_cp834d18v7ptq75l5x7twm0000gn/T/pytest-of-niccavendish/pytest-0/test_status_label_detects_modi0/TestProject/dummy.als')]
[DEBUG] No existing repo found. Initializing new repo at /private/var/folders/yx/c_cp834d18v7ptq75l5x7twm0000gn/T/pytest-of-niccavendish/pytest-0/test_status_label_detects_modi0/TestProject
✅ New Git repo initialized.
✅ Saved last project path: /private/var/folders/yx/c_cp834d18v7ptq75l5x7twm0000gn/T/pytest-of-niccavendish/pytest-0/test_status_label_detects_modi0/TestProject
[DEBUG] status label set: ✅ 🎧 On version line — 🎵 Session branch: <span style="color:#00BCD4;">main</span> — Current take: <span style="color:#00BCD4;">version 1</span>
[DEBUG] self.current_commit_id before update_log: a5472dbdc2a08535cbe4e15545cb0163740a1395
[DEBUG] ✅ Matched HEAD SHA: a5472db → row 0
[DEBUG] Selected row = 0, SHA = a5472dbdc2a08535cbe4e15545cb0163740a1395
[DEBUG] ✅ SHA set from selected row: a5472dbdc2a08535cbe4e15545cb0163740a1395
[DEBUG] status label set: ✅ 🎧 On version line — 🎵 Session branch: <span style="color:#00BCD4;">main</span> — Current take: <span style="color:#00BCD4;">version 1</span>
[DEBUG] ✅ Final scroll to HEAD row 0
[DEBUG] ✅ Matched HEAD SHA: a5472db → row 0
[DEBUG] Selected row = 0, SHA = a5472dbdc2a08535cbe4e15545cb0163740a1395
[DEBUG] ✅ SHA set from selected row: a5472dbdc2a08535cbe4e15545cb0163740a1395
[DEBUG] status label set: ✅ 🎧 On version line — 🎵 Session branch: <span style="color:#00BCD4;">main</span> — Current take: <span style="color:#00BCD4;">version 1</span>
[DEBUG] ✅ Final scroll to HEAD row 0
[DEBUG] status label set: ✅ 🎧 On version line — 🎵 Session branch: <span style="color:#00BCD4;">main</span> — Current take: <span style="color:#00BCD4;">version 1</span>
[DEBUG] Full status --porcelain output:
[DEBUG] Raw Git status --porcelain:
[DEBUG] has_unsaved_changes() = False
[DEBUG] ✅ Matched HEAD SHA: a5472db → row 0
[DEBUG] Selected row = 0, SHA = a5472dbdc2a08535cbe4e15545cb0163740a1395
[DEBUG] ✅ SHA set from selected row: a5472dbdc2a08535cbe4e15545cb0163740a1395
[DEBUG] status label set: ✅ 🎧 On version line — 🎵 Session branch: <span style="color:#00BCD4;">main</span> — Current take: <span style="color:#00BCD4;">version 1</span>
[DEBUG] ✅ Final scroll to HEAD row 0
[DEBUG] status label set: ✅ 🎧 On version line — 🎵 Session branch: <span style="color:#00BCD4;">main</span> — Current take: <span style="color:#00BCD4;">version 1</span>
[DEBUG] Full status --porcelain output:
  →  M dummy.als
[DEBUG] Raw Git status --porcelain:
[DEBUG] Checking cleaned file path: dummy.als
[DEBUG] Unsaved change detected: dummy.als
[DEBUG] Full status --porcelain output:
[DEBUG] Raw Git status --porcelain:
[DEBUG] has_unsaved_changes() = False
[DEBUG] Full status --porcelain output:
[DEBUG] Raw Git status --porcelain:
[DEBUG] has_unsaved_changes() = False
[DEBUG] Full status --porcelain output:
[DEBUG] Raw Git status --porcelain:
[DEBUG] has_unsaved_changes() = False
[DEBUG] Full status --porcelain output:
[DEBUG] Raw Git status --porcelain:
[DEBUG] has_unsaved_changes() = False
[DEBUG] Full status --porcelain output:
[DEBUG] Raw Git status --porcelain:
[DEBUG] has_unsaved_changes() = False
[DEBUG] Full status --porcelain output:
  → ?? "Icon\r"
[DEBUG] Raw Git status --porcelain:
[DEBUG] Checking cleaned file path: Icon\r
[DEBUG] Other file change detected: Icon\r
[DEBUG] Full status --porcelain output:
  →  M dummy.als
[DEBUG] Raw Git status --porcelain:
[DEBUG] Checking cleaned file path: dummy.als
[DEBUG] Unsaved change detected: dummy.als
[32mPASSED[0m[DEBUG] Full status --porcelain output:
[DEBUG] Raw Git status --porcelain:
[DEBUG] has_unsaved_changes() = False
[DEBUG] Full status --porcelain output:
[DEBUG] Raw Git status --porcelain:
[DEBUG] has_unsaved_changes() = False
[DEBUG] Full status --porcelain output:
[DEBUG] Raw Git status --porcelain:
[DEBUG] has_unsaved_changes() = False
[DEBUG] Full status --porcelain output:
[DEBUG] Raw Git status --porcelain:
[DEBUG] has_unsaved_changes() = False
[DEBUG] Full status --porcelain output:
[DEBUG] Raw Git status --porcelain:
[DEBUG] has_unsaved_changes() = False
[DEBUG] Full status --porcelain output:
  → ?? "Icon\r"
[DEBUG] Raw Git status --porcelain:
[DEBUG] Checking cleaned file path: Icon\r
[DEBUG] Other file change detected: Icon\r
[DEBUG] Full status --porcelain output:
  →  M dummy.als
[DEBUG] Raw Git status --porcelain:
[DEBUG] Checking cleaned file path: dummy.als
[DEBUG] Unsaved change detected: dummy.als

tests_dawgit/test_ui_logic.py::test_project_display_label [TEST MODE] Forced project path via env var: /private/var/folders/yx/c_cp834d18v7ptq75l5x7twm0000gn/T/pytest-of-niccavendish/pytest-0/test_placeholder_file_committe0/PlaceholderTest
[DEBUG] Skipping QTimer.singleShot — parent not visible.
[WARN] Could not load take label for branch main: 'NoneType' object has no attribute 'head'
[WARN] Could not load take label for branch experiment: 'NoneType' object has no attribute 'head'
[WARN] Could not load take label for branch alt_mix: 'NoneType' object has no attribute 'head'
[DEBUG] Skipping QTimer.singleShot — parent not visible.
[WARNING] Stylesheet not loaded: [Errno 2] No such file or directory: 'styles/dawgit_styles.qss'
[DEBUG] Loaded project path: /private/var/folders/yx/c_cp834d18v7ptq75l5x7twm0000gn/T/pytest-of-niccavendish/pytest-0/test_placeholder_file_committe0/PlaceholderTest
[DEBUG] Initializing Git...
[DEBUG] Found DAW files: [PosixPath('/private/var/folders/yx/c_cp834d18v7ptq75l5x7twm0000gn/T/pytest-of-niccavendish/pytest-0/test_placeholder_file_committe0/PlaceholderTest/auto_placeholder.als')]
[DEBUG] Found existing Git repo at /private/var/folders/yx/c_cp834d18v7ptq75l5x7twm0000gn/T/pytest-of-niccavendish/pytest-0/test_placeholder_file_committe0/PlaceholderTest
[DEBUG] Repo rebound: HEAD = 7a4c799
[DEBUG] ✅ Matched HEAD SHA: 7a4c799 → row 1
[DEBUG] Selected row = 1, SHA = 7a4c7993e6042d20c5207ba08d28311fd7ee564c
[DEBUG] ✅ SHA set from selected row: 7a4c7993e6042d20c5207ba08d28311fd7ee564c
[DEBUG] status label set: ✅ 🎧 On version line — 🎵 Session branch: <span style="color:#00BCD4;">with-placeholder</span> — Current take: <span style="color:#00BCD4;">version 2</span>
[DEBUG] ✅ Final scroll to HEAD row 1
[DEBUG] status label set: ✅ 🎧 On version line — 🎵 Session branch: <span style="color:#00BCD4;">with-placeholder</span> — Current take: <span style="color:#00BCD4;">version 2</span>
[DEBUG] status label set: ✅ 🎧 On version line — 🎵 Session branch: <span style="color:#00BCD4;">with-placeholder</span> — Current take: <span style="color:#00BCD4;">version 2</span>
ℹ️ Existing Git repo found — checking status...
[DEBUG] status label set: ✅ 🎧 On version line — 🎵 Session branch: <span style="color:#00BCD4;">with-placeholder</span> — Current take: <span style="color:#00BCD4;">version 2</span>
[DEBUG] self.current_commit_id before update_log: 7a4c7993e6042d20c5207ba08d28311fd7ee564c
[DEBUG] ✅ Matched HEAD SHA: 7a4c799 → row 1
[DEBUG] Selected row = 1, SHA = 7a4c7993e6042d20c5207ba08d28311fd7ee564c
[DEBUG] ✅ SHA set from selected row: 7a4c7993e6042d20c5207ba08d28311fd7ee564c
[DEBUG] status label set: ✅ 🎧 On version line — 🎵 Session branch: <span style="color:#00BCD4;">with-placeholder</span> — Current take: <span style="color:#00BCD4;">version 2</span>
[DEBUG] ✅ Final scroll to HEAD row 1
[DEBUG] ✅ Matched HEAD SHA: 7a4c799 → row 1
[DEBUG] Selected row = 1, SHA = 7a4c7993e6042d20c5207ba08d28311fd7ee564c
[DEBUG] ✅ SHA set from selected row: 7a4c7993e6042d20c5207ba08d28311fd7ee564c
[DEBUG] status label set: ✅ 🎧 On version line — 🎵 Session branch: <span style="color:#00BCD4;">with-placeholder</span> — Current take: <span style="color:#00BCD4;">version 2</span>
[DEBUG] ✅ Final scroll to HEAD row 1
[DEBUG] status label set: ✅ 🎧 On version line — 🎵 Session branch: <span style="color:#00BCD4;">with-placeholder</span> — Current take: <span style="color:#00BCD4;">version 2</span>
[DEBUG] Full status --porcelain output:
[DEBUG] Raw Git status --porcelain:
[DEBUG] has_unsaved_changes() = False
[DEBUG] Full status --porcelain output:
[DEBUG] Raw Git status --porcelain:
[DEBUG] has_unsaved_changes() = False
[DEBUG] Full status --porcelain output:
[DEBUG] Raw Git status --porcelain:
[DEBUG] has_unsaved_changes() = False
[DEBUG] Full status --porcelain output:
[DEBUG] Raw Git status --porcelain:
[DEBUG] has_unsaved_changes() = False
[DEBUG] Full status --porcelain output:
[DEBUG] Raw Git status --porcelain:
[DEBUG] has_unsaved_changes() = False
[DEBUG] Full status --porcelain output:
  → ?? "Icon\r"
[DEBUG] Raw Git status --porcelain:
[DEBUG] Checking cleaned file path: Icon\r
[DEBUG] Other file change detected: Icon\r
[DEBUG] Full status --porcelain output:
[DEBUG] Raw Git status --porcelain:
[DEBUG] has_unsaved_changes() = False
[32mPASSED[0m[DEBUG] Full status --porcelain output:
[DEBUG] Raw Git status --porcelain:
[DEBUG] has_unsaved_changes() = False
[DEBUG] Full status --porcelain output:
[DEBUG] Raw Git status --porcelain:
[DEBUG] has_unsaved_changes() = False
[DEBUG] Full status --porcelain output:
[DEBUG] Raw Git status --porcelain:
[DEBUG] has_unsaved_changes() = False
[DEBUG] Full status --porcelain output:
[DEBUG] Raw Git status --porcelain:
[DEBUG] has_unsaved_changes() = False
[DEBUG] Full status --porcelain output:
[DEBUG] Raw Git status --porcelain:
[DEBUG] has_unsaved_changes() = False

tests_dawgit/test_version_marker_commits.py::test_version_marker_commit_creates_file_and_commit [WARNING] Stylesheet not loaded: [Errno 2] No such file or directory: 'styles/dawgit_styles.qss'
[DEBUG] Loaded project path: /private/var/folders/yx/c_cp834d18v7ptq75l5x7twm0000gn/T/pytest-of-niccavendish/pytest-0/test_version_marker_commit_cre0
[DEBUG] Initializing Git...
[DEBUG] Found DAW files: []
🧪 [Test Mode] No DAW files found — continuing with empty project.
[DEBUG] Found existing Git repo at /private/var/folders/yx/c_cp834d18v7ptq75l5x7twm0000gn/T/pytest-of-niccavendish/pytest-0/test_version_marker_commit_cre0
🎯 Repo is in detached HEAD state — skipping bind_repo() to preserve HEAD.
[DEBUG] Repo is in detached HEAD state
[DEBUG] Initializing Git...
[DEBUG] Found DAW files: []
🧪 [Test Mode] No DAW files found — continuing with empty project.
[DEBUG] Found existing Git repo at /private/var/folders/yx/c_cp834d18v7ptq75l5x7twm0000gn/T/pytest-of-niccavendish/pytest-0/test_version_marker_commit_cre0
🎯 Repo is in detached HEAD state — skipping bind_repo() to preserve HEAD.
[DEBUG] Skipping update_log(): no history_table in test mode.
[DEBUG] Full status --porcelain output:
  → ?? "Icon\r"
[DEBUG] Raw Git status --porcelain:
[DEBUG] Checking cleaned file path: Icon\r
[DEBUG] Other file change detected: Icon\r
[DEBUG] Full status --porcelain output:
[DEBUG] Raw Git status --porcelain:
[DEBUG] has_unsaved_changes() = False
[DEBUG] Full status --porcelain output:
[DEBUG] Raw Git status --porcelain:
[DEBUG] has_unsaved_changes() = False
[DEBUG] Full status --porcelain output:
[DEBUG] Raw Git status --porcelain:
[DEBUG] has_unsaved_changes() = False
[DEBUG] Full status --porcelain output:
[DEBUG] Raw Git status --porcelain:
[DEBUG] has_unsaved_changes() = False
[DEBUG] Full status --porcelain output:
[DEBUG] Raw Git status --porcelain:
[DEBUG] has_unsaved_changes() = False
[DEBUG] Full status --porcelain output:
[DEBUG] Raw Git status --porcelain:
[DEBUG] has_unsaved_changes() = False
[32mPASSED[0m

=================================== FAILURES ===================================
[31m[1m_________________ test_load_alternate_session_switches_branch __________________[0m

qtbot = <pytestqt.qtbot.QtBot object at 0x1099bed20>
tmp_path = PosixPath('/private/var/folders/yx/c_cp834d18v7ptq75l5x7twm0000gn/T/pytest-of-niccavendish/pytest-0/test_load_alternate_session_sw0')
monkeypatch = <_pytest.monkeypatch.MonkeyPatch object at 0x1099be7e0>

    [0m[94mdef[39;49;00m[90m [39;49;00m[92mtest_load_alternate_session_switches_branch[39;49;00m(qtbot, tmp_path, monkeypatch):[90m[39;49;00m
    [90m    [39;49;00m[33m"""[39;49;00m
    [33m    AT-062 / MT-041 – Simulate '🎹 Load Alternate Session' button switching branches[39;49;00m
    [33m    """[39;49;00m[90m[39;49;00m
        [90m# 1️⃣ Setup project inside repo folder[39;49;00m[90m[39;49;00m
        project_path = tmp_path / [33m"[39;49;00m[33mTestProject[39;49;00m[33m"[39;49;00m[90m[39;49;00m
        project_path.mkdir()[90m[39;49;00m
    [90m[39;49;00m
        base_file = project_path / [33m"[39;49;00m[33msession.als[39;49;00m[33m"[39;49;00m[90m[39;49;00m
        base_file.write_text([33m"[39;49;00m[33mAbleton base[39;49;00m[33m"[39;49;00m)[90m[39;49;00m
    [90m[39;49;00m
>       repo = Repo.init(project_path)[90m[39;49;00m
[1m[31mE       NameError: name 'Repo' is not defined[0m

[1m[31m/Users/niccavendish/Projects/DAWGitApp/tests_dawgit/test_branching_logic.py[0m:125: NameError
[31m[1m___________________ test_branch_dropdown_shows_active_branch ___________________[0m

tmp_path = PosixPath('/private/var/folders/yx/c_cp834d18v7ptq75l5x7twm0000gn/T/pytest-of-niccavendish/pytest-0/test_branch_dropdown_shows_act0')
qtbot = <pytestqt.qtbot.QtBot object at 0x10aa7f110>

    [0m[94mdef[39;49;00m[90m [39;49;00m[92mtest_branch_dropdown_shows_active_branch[39;49;00m(tmp_path, qtbot):[90m[39;49;00m
        project_path = tmp_path / [33m"[39;49;00m[33mBranchDrop[39;49;00m[33m"[39;49;00m[90m[39;49;00m
        project_path.mkdir()[90m[39;49;00m
        (project_path / [33m"[39;49;00m[33ma.als[39;49;00m[33m"[39;49;00m).write_text([33m"[39;49;00m[33mB[39;49;00m[33m"[39;49;00m)[90m[39;49;00m
    [90m[39;49;00m
        repo = Repo.init(project_path)[90m[39;49;00m
        repo.index.add([[33m"[39;49;00m[33ma.als[39;49;00m[33m"[39;49;00m])[90m[39;49;00m
        repo.index.commit([33m"[39;49;00m[33mstart[39;49;00m[33m"[39;49;00m)[90m[39;49;00m
        repo.git.branch([33m"[39;49;00m[33m-M[39;49;00m[33m"[39;49;00m, [33m"[39;49;00m[33mmain[39;49;00m[33m"[39;49;00m)[90m[39;49;00m
    [90m[39;49;00m
        app = DAWGitApp(project_path=[96mstr[39;49;00m(project_path), build_ui=[94mTrue[39;49;00m)[90m[39;49;00m
        qtbot.addWidget(app)[90m[39;49;00m
        app.repo = repo[90m[39;49;00m
        app.init_git()[90m[39;49;00m
    [90m[39;49;00m
        [94mif[39;49;00m [96mhasattr[39;49;00m(app, [33m"[39;49;00m[33mupdate_branch_dropdown[39;49;00m[33m"[39;49;00m):[90m[39;49;00m
            app.update_branch_dropdown()[90m[39;49;00m
    [90m[39;49;00m
>       [94massert[39;49;00m [96mhasattr[39;49;00m(app, [33m"[39;49;00m[33mbranch_dropdown[39;49;00m[33m"[39;49;00m)[90m[39;49;00m
[1m[31mE       AssertionError: assert False[0m
[1m[31mE        +  where False = hasattr(<daw_git_gui.DAWGitApp object at 0x1099e96d0>, 'branch_dropdown')[0m

[1m[31m/Users/niccavendish/Projects/DAWGitApp/tests_dawgit/test_startup_state.py[0m:95: AssertionError
[36m[1m=========================== short test summary info ============================[0m
[31mFAILED[0m tests_dawgit/test_branching_logic.py::[1mtest_load_alternate_session_switches_branch[0m - NameError: name 'Repo' is not defined
[31mFAILED[0m tests_dawgit/test_startup_state.py::[1mtest_branch_dropdown_shows_active_branch[0m - AssertionError: assert False
[31m=================== [31m[1m2 failed[0m, [32m59 passed[0m[31m in 144.97s (0:02:24)[0m[31m ===================[0m
============================= test session starts ==============================
platform darwin -- Python 3.12.3, pytest-8.3.5, pluggy-1.5.0 -- /Users/niccavendish/.pyenv/versions/3.12.3/bin/python3.12
cachedir: .pytest_cache
PyQt6 6.9.0 -- Qt runtime 6.9.0 -- Qt compiled 6.9.0
rootdir: /Users/niccavendish/Projects/DAWGitApp
configfile: pytest.ini
plugins: qt-4.4.0, env-1.1.5, timeout-2.4.0, rich-0.2.0
timeout: 10.0s
timeout method: signal
timeout func_only: False
collecting ... collected 5 items

tests_dawgit/test_commit_tagging.py::test_assign_commit_role_variants[Main Mix] [DEBUG] No PROJECT_MARKER.json found — using defaults
[DEBUG] No commit role file found at /tmp/test_tagging_ba0186d6171c435fb1ce4c2d097dd3f6/.dawgit_roles.json
❌ No Git repo loaded.
[DEBUG] Skipping QTimer.singleShot — parent not visible.
[DEBUG] Loaded project path: /tmp/test_tagging_ba0186d6171c435fb1ce4c2d097dd3f6
[DEBUG] Calling GitProjectManager.init_repo()
[DEBUG] Initializing Git...
[DEBUG] Found DAW files: [PosixPath('/tmp/test_tagging_ba0186d6171c435fb1ce4c2d097dd3f6/track.als')]
[DEBUG] Found existing Git repo at /tmp/test_tagging_ba0186d6171c435fb1ce4c2d097dd3f6
✅ Saved last project path: /tmp/test_tagging_ba0186d6171c435fb1ce4c2d097dd3f6
[DEBUG] No commit role file found at /tmp/test_tagging_ba0186d6171c435fb1ce4c2d097dd3f6/.dawgit_roles.json
[DEBUG] status label set: Session branch: main — Take: version 1
[DEBUG] Repo valid: True
[DEBUG] HEAD SHA: 054079c0378d57211e62a2b5321a56c9cac5fc10
[DEBUG] Total commits: 1
[DEBUG] No commit role file found at /tmp/test_tagging_ba0186d6171c435fb1ce4c2d097dd3f6/.dawgit_roles.json
[DEBUG] Selected row = 0, SHA = 054079c0378d57211e62a2b5321a56c9cac5fc10
[DEBUG] ✅ SHA set from selected row: 054079c0378d57211e62a2b5321a56c9cac5fc10
[DEBUG] status label set: Session branch: main — Take: version 1
[DEBUG] No commit role file found at /tmp/test_tagging_ba0186d6171c435fb1ce4c2d097dd3f6/.dawgit_roles.json
[DEBUG] Repo valid: True
[DEBUG] HEAD SHA: 054079c0378d57211e62a2b5321a56c9cac5fc10
[DEBUG] Total commits: 1
[DEBUG] No commit role file found at /tmp/test_tagging_ba0186d6171c435fb1ce4c2d097dd3f6/.dawgit_roles.json
[DEBUG] Selected row = 0, SHA = 054079c0378d57211e62a2b5321a56c9cac5fc10
[DEBUG] ✅ SHA set from selected row: 054079c0378d57211e62a2b5321a56c9cac5fc10
[DEBUG] status label set: Session branch: main — Take: version 1
[DEBUG] status label set: Session branch: main — Take: version 1
[DEBUG] Saved commit roles to /tmp/test_tagging_ba0186d6171c435fb1ce4c2d097dd3f6/.dawgit_roles.json
[DEBUG] Assigned role 'Main Mix' to commit 054079c0378d57211e62a2b5321a56c9cac5fc10
[DEBUG] Saved PROJECT_MARKER.json to /tmp/test_tagging_ba0186d6171c435fb1ce4c2d097dd3f6/PROJECT_MARKER.json
[DEBUG] Saved commit roles to /tmp/test_tagging_ba0186d6171c435fb1ce4c2d097dd3f6/.dawgit_roles.json
PASSED
tests_dawgit/test_commit_tagging.py::test_assign_commit_role_variants[creative_take] [DEBUG] No PROJECT_MARKER.json found — using defaults
[DEBUG] No commit role file found at /tmp/test_tagging_299b41b587964f6d849153685bcc1b7a/.dawgit_roles.json
❌ No Git repo loaded.
[DEBUG] Skipping QTimer.singleShot — parent not visible.
[WARNING] Stylesheet not loaded: [Errno 2] No such file or directory: 'styles/dawgit_styles.qss'
[DEBUG] Loaded project path: /tmp/test_tagging_299b41b587964f6d849153685bcc1b7a
[DEBUG] Calling GitProjectManager.init_repo()
[DEBUG] Initializing Git...
[DEBUG] Found DAW files: [PosixPath('/tmp/test_tagging_299b41b587964f6d849153685bcc1b7a/track.als')]
[DEBUG] Found existing Git repo at /tmp/test_tagging_299b41b587964f6d849153685bcc1b7a
✅ Saved last project path: /tmp/test_tagging_299b41b587964f6d849153685bcc1b7a
[DEBUG] No commit role file found at /tmp/test_tagging_299b41b587964f6d849153685bcc1b7a/.dawgit_roles.json
[DEBUG] status label set: Session branch: main — Take: version 1
[DEBUG] Repo valid: True
[DEBUG] HEAD SHA: d8dbd82e07ca958b0080cada695af0aade6afd51
[DEBUG] Total commits: 1
[DEBUG] No commit role file found at /tmp/test_tagging_299b41b587964f6d849153685bcc1b7a/.dawgit_roles.json
[DEBUG] Selected row = 0, SHA = d8dbd82e07ca958b0080cada695af0aade6afd51
[DEBUG] ✅ SHA set from selected row: d8dbd82e07ca958b0080cada695af0aade6afd51
[DEBUG] status label set: Session branch: main — Take: version 1
[DEBUG] No commit role file found at /tmp/test_tagging_299b41b587964f6d849153685bcc1b7a/.dawgit_roles.json
[DEBUG] Repo valid: True
[DEBUG] HEAD SHA: d8dbd82e07ca958b0080cada695af0aade6afd51
[DEBUG] Total commits: 1
[DEBUG] No commit role file found at /tmp/test_tagging_299b41b587964f6d849153685bcc1b7a/.dawgit_roles.json
[DEBUG] Selected row = 0, SHA = d8dbd82e07ca958b0080cada695af0aade6afd51
[DEBUG] ✅ SHA set from selected row: d8dbd82e07ca958b0080cada695af0aade6afd51
[DEBUG] status label set: Session branch: main — Take: version 1
[DEBUG] status label set: Session branch: main — Take: version 1
[DEBUG] Saved commit roles to /tmp/test_tagging_299b41b587964f6d849153685bcc1b7a/.dawgit_roles.json
[DEBUG] Assigned role 'creative_take' to commit d8dbd82e07ca958b0080cada695af0aade6afd51
[DEBUG] Saved PROJECT_MARKER.json to /tmp/test_tagging_299b41b587964f6d849153685bcc1b7a/PROJECT_MARKER.json
[DEBUG] Saved commit roles to /tmp/test_tagging_299b41b587964f6d849153685bcc1b7a/.dawgit_roles.json
PASSED
tests_dawgit/test_commit_tagging.py::test_assign_commit_role_variants[alt_mixdown] [DEBUG] No PROJECT_MARKER.json found — using defaults
[DEBUG] No commit role file found at /tmp/test_tagging_5f5e6ec08b2842cc9761766ba4cfc34d/.dawgit_roles.json
❌ No Git repo loaded.
[DEBUG] Skipping QTimer.singleShot — parent not visible.
[WARNING] Stylesheet not loaded: [Errno 2] No such file or directory: 'styles/dawgit_styles.qss'
[DEBUG] Loaded project path: /tmp/test_tagging_5f5e6ec08b2842cc9761766ba4cfc34d
[DEBUG] Calling GitProjectManager.init_repo()
[DEBUG] Initializing Git...
[DEBUG] Found DAW files: [PosixPath('/tmp/test_tagging_5f5e6ec08b2842cc9761766ba4cfc34d/track.als')]
[DEBUG] Found existing Git repo at /tmp/test_tagging_5f5e6ec08b2842cc9761766ba4cfc34d
✅ Saved last project path: /tmp/test_tagging_5f5e6ec08b2842cc9761766ba4cfc34d
[DEBUG] No commit role file found at /tmp/test_tagging_5f5e6ec08b2842cc9761766ba4cfc34d/.dawgit_roles.json
[DEBUG] status label set: Session branch: main — Take: version 1
[DEBUG] Repo valid: True
[DEBUG] HEAD SHA: 114c306b5783ddad34b6e050308c267209d5f8f7
[DEBUG] Total commits: 1
[DEBUG] No commit role file found at /tmp/test_tagging_5f5e6ec08b2842cc9761766ba4cfc34d/.dawgit_roles.json
[DEBUG] Selected row = 0, SHA = 114c306b5783ddad34b6e050308c267209d5f8f7
[DEBUG] ✅ SHA set from selected row: 114c306b5783ddad34b6e050308c267209d5f8f7
[DEBUG] status label set: Session branch: main — Take: version 1
[DEBUG] No commit role file found at /tmp/test_tagging_5f5e6ec08b2842cc9761766ba4cfc34d/.dawgit_roles.json
[DEBUG] Repo valid: True
[DEBUG] HEAD SHA: 114c306b5783ddad34b6e050308c267209d5f8f7
[DEBUG] Total commits: 1
[DEBUG] No commit role file found at /tmp/test_tagging_5f5e6ec08b2842cc9761766ba4cfc34d/.dawgit_roles.json
[DEBUG] Selected row = 0, SHA = 114c306b5783ddad34b6e050308c267209d5f8f7
[DEBUG] ✅ SHA set from selected row: 114c306b5783ddad34b6e050308c267209d5f8f7
[DEBUG] status label set: Session branch: main — Take: version 1
[DEBUG] status label set: Session branch: main — Take: version 1
[DEBUG] Saved commit roles to /tmp/test_tagging_5f5e6ec08b2842cc9761766ba4cfc34d/.dawgit_roles.json
[DEBUG] Assigned role 'alt_mixdown' to commit 114c306b5783ddad34b6e050308c267209d5f8f7
[DEBUG] Saved PROJECT_MARKER.json to /tmp/test_tagging_5f5e6ec08b2842cc9761766ba4cfc34d/PROJECT_MARKER.json
[DEBUG] Saved commit roles to /tmp/test_tagging_5f5e6ec08b2842cc9761766ba4cfc34d/.dawgit_roles.json
PASSED
tests_dawgit/test_commit_tagging.py::test_assign_commit_role_variants[my_custom_tag] [DEBUG] No PROJECT_MARKER.json found — using defaults
[DEBUG] No commit role file found at /tmp/test_tagging_058ddb9f7d824633a351a8eb0b301b46/.dawgit_roles.json
❌ No Git repo loaded.
[DEBUG] Skipping QTimer.singleShot — parent not visible.
[WARNING] Stylesheet not loaded: [Errno 2] No such file or directory: 'styles/dawgit_styles.qss'
[DEBUG] Loaded project path: /tmp/test_tagging_058ddb9f7d824633a351a8eb0b301b46
[DEBUG] Calling GitProjectManager.init_repo()
[DEBUG] Initializing Git...
[DEBUG] Found DAW files: [PosixPath('/tmp/test_tagging_058ddb9f7d824633a351a8eb0b301b46/track.als')]
[DEBUG] Found existing Git repo at /tmp/test_tagging_058ddb9f7d824633a351a8eb0b301b46
✅ Saved last project path: /tmp/test_tagging_058ddb9f7d824633a351a8eb0b301b46
[DEBUG] No commit role file found at /tmp/test_tagging_058ddb9f7d824633a351a8eb0b301b46/.dawgit_roles.json
[DEBUG] status label set: Session branch: main — Take: version 1
[DEBUG] Repo valid: True
[DEBUG] HEAD SHA: a97a4099783a144916d3889b9ce376ab837fc807
[DEBUG] Total commits: 1
[DEBUG] No commit role file found at /tmp/test_tagging_058ddb9f7d824633a351a8eb0b301b46/.dawgit_roles.json
[DEBUG] Selected row = 0, SHA = a97a4099783a144916d3889b9ce376ab837fc807
[DEBUG] ✅ SHA set from selected row: a97a4099783a144916d3889b9ce376ab837fc807
[DEBUG] status label set: Session branch: main — Take: version 1
[DEBUG] No commit role file found at /tmp/test_tagging_058ddb9f7d824633a351a8eb0b301b46/.dawgit_roles.json
[DEBUG] Repo valid: True
[DEBUG] HEAD SHA: a97a4099783a144916d3889b9ce376ab837fc807
[DEBUG] Total commits: 1
[DEBUG] No commit role file found at /tmp/test_tagging_058ddb9f7d824633a351a8eb0b301b46/.dawgit_roles.json
[DEBUG] Selected row = 0, SHA = a97a4099783a144916d3889b9ce376ab837fc807
[DEBUG] ✅ SHA set from selected row: a97a4099783a144916d3889b9ce376ab837fc807
[DEBUG] status label set: Session branch: main — Take: version 1
[DEBUG] status label set: Session branch: main — Take: version 1
[DEBUG] Saved commit roles to /tmp/test_tagging_058ddb9f7d824633a351a8eb0b301b46/.dawgit_roles.json
[DEBUG] Assigned role 'my_custom_tag' to commit a97a4099783a144916d3889b9ce376ab837fc807
[DEBUG] Saved PROJECT_MARKER.json to /tmp/test_tagging_058ddb9f7d824633a351a8eb0b301b46/PROJECT_MARKER.json
[DEBUG] Saved commit roles to /tmp/test_tagging_058ddb9f7d824633a351a8eb0b301b46/.dawgit_roles.json
PASSED
tests_dawgit/test_commit_tagging.py::test_tag_custom_label_assigns_alt2 [DEBUG] No PROJECT_MARKER.json found — using defaults
[DEBUG] No commit role file found at /private/var/folders/yx/c_cp834d18v7ptq75l5x7twm0000gn/T/pytest-of-niccavendish/pytest-0/test_tag_custom_label_assigns_0/.dawgit_roles.json
❌ No Git repo loaded.
[DEBUG] Skipping QTimer.singleShot — parent not visible.
[WARNING] Stylesheet not loaded: [Errno 2] No such file or directory: 'styles/dawgit_styles.qss'
[DEBUG] Loaded project path: /private/var/folders/yx/c_cp834d18v7ptq75l5x7twm0000gn/T/pytest-of-niccavendish/pytest-0/test_tag_custom_label_assigns_0
[DEBUG] Calling GitProjectManager.init_repo()
[DEBUG] Initializing Git...
[DEBUG] Found DAW files: [PosixPath('/private/var/folders/yx/c_cp834d18v7ptq75l5x7twm0000gn/T/pytest-of-niccavendish/pytest-0/test_tag_custom_label_assigns_0/track.als')]
[DEBUG] Found existing Git repo at /private/var/folders/yx/c_cp834d18v7ptq75l5x7twm0000gn/T/pytest-of-niccavendish/pytest-0/test_tag_custom_label_assigns_0
✅ Saved last project path: /private/var/folders/yx/c_cp834d18v7ptq75l5x7twm0000gn/T/pytest-of-niccavendish/pytest-0/test_tag_custom_label_assigns_0
[DEBUG] No commit role file found at /private/var/folders/yx/c_cp834d18v7ptq75l5x7twm0000gn/T/pytest-of-niccavendish/pytest-0/test_tag_custom_label_assigns_0/.dawgit_roles.json
[DEBUG] status label set: Session branch: main — Take: version 1
[DEBUG] Repo valid: True
[DEBUG] HEAD SHA: 1fb2de752232f5f2b37f317d3b9bbaf60f4d11d7
[DEBUG] Total commits: 1
[DEBUG] No commit role file found at /private/var/folders/yx/c_cp834d18v7ptq75l5x7twm0000gn/T/pytest-of-niccavendish/pytest-0/test_tag_custom_label_assigns_0/.dawgit_roles.json
[DEBUG] Selected row = 0, SHA = 1fb2de752232f5f2b37f317d3b9bbaf60f4d11d7
[DEBUG] ✅ SHA set from selected row: 1fb2de752232f5f2b37f317d3b9bbaf60f4d11d7
[DEBUG] status label set: Session branch: main — Take: version 1
[DEBUG] No commit role file found at /private/var/folders/yx/c_cp834d18v7ptq75l5x7twm0000gn/T/pytest-of-niccavendish/pytest-0/test_tag_custom_label_assigns_0/.dawgit_roles.json
[DEBUG] Repo valid: True
[DEBUG] HEAD SHA: 1fb2de752232f5f2b37f317d3b9bbaf60f4d11d7
[DEBUG] Total commits: 1
[DEBUG] No commit role file found at /private/var/folders/yx/c_cp834d18v7ptq75l5x7twm0000gn/T/pytest-of-niccavendish/pytest-0/test_tag_custom_label_assigns_0/.dawgit_roles.json
[DEBUG] Selected row = 0, SHA = 1fb2de752232f5f2b37f317d3b9bbaf60f4d11d7
[DEBUG] ✅ SHA set from selected row: 1fb2de752232f5f2b37f317d3b9bbaf60f4d11d7
[DEBUG] status label set: Session branch: main — Take: version 1
[DEBUG] status label set: Session branch: main — Take: version 1
[DEBUG] Selected row = 0, SHA = 1fb2de752232f5f2b37f317d3b9bbaf60f4d11d7
[DEBUG] ✅ SHA set from selected row: 1fb2de752232f5f2b37f317d3b9bbaf60f4d11d7
[DEBUG] Saved commit roles to /private/var/folders/yx/c_cp834d18v7ptq75l5x7twm0000gn/T/pytest-of-niccavendish/pytest-0/test_tag_custom_label_assigns_0/.dawgit_roles.json
[DEBUG] Assigned role 'alt_2' to commit 1fb2de752232f5f2b37f317d3b9bbaf60f4d11d7
[DEBUG] Saved PROJECT_MARKER.json to /private/var/folders/yx/c_cp834d18v7ptq75l5x7twm0000gn/T/pytest-of-niccavendish/pytest-0/test_tag_custom_label_assigns_0/PROJECT_MARKER.json
[DEBUG] Saved commit roles to /private/var/folders/yx/c_cp834d18v7ptq75l5x7twm0000gn/T/pytest-of-niccavendish/pytest-0/test_tag_custom_label_assigns_0/.dawgit_roles.json
[STATUS] ✏️ Commit tagged as 'alt_2': 1fb2de7
[DEBUG] DAWGIT_TEST_MODE active — running load_commit_history directly
[DEBUG] Repo valid: True
[DEBUG] HEAD SHA: 1fb2de752232f5f2b37f317d3b9bbaf60f4d11d7
[DEBUG] Total commits: 1
[DEBUG] Loaded commit roles from /private/var/folders/yx/c_cp834d18v7ptq75l5x7twm0000gn/T/pytest-of-niccavendish/pytest-0/test_tag_custom_label_assigns_0/.dawgit_roles.json
[DEBUG] Selected row = 0, SHA = 1fb2de752232f5f2b37f317d3b9bbaf60f4d11d7
[DEBUG] ✅ SHA set from selected row: 1fb2de752232f5f2b37f317d3b9bbaf60f4d11d7
[DEBUG] status label set: Session branch: main — Take: version 1
PASSED

============================== 5 passed in 6.09s ===============================
============================= test session starts ==============================
platform darwin -- Python 3.12.3, pytest-8.3.5, pluggy-1.5.0 -- /Users/niccavendish/.pyenv/versions/3.12.3/bin/python3.12
cachedir: .pytest_cache
PyQt6 6.9.0 -- Qt runtime 6.9.0 -- Qt compiled 6.9.0
rootdir: /Users/niccavendish/Projects/DAWGitApp
configfile: pytest.ini
plugins: qt-4.4.0, env-1.1.5, timeout-2.4.0, rich-0.2.0
timeout: 10.0s
timeout method: signal
timeout func_only: False
collecting ... collected 5 items

tests_dawgit/test_commit_tagging.py::test_assign_commit_role_variants[Main Mix] [DEBUG] No PROJECT_MARKER.json found — using defaults
[DEBUG] No commit role file found at /tmp/test_tagging_ae921e378d4640e9ba2534f19b233798/.dawgit_roles.json
❌ No Git repo loaded.
[DEBUG] Skipping QTimer.singleShot — parent not visible.
[DEBUG] Loaded project path: /tmp/test_tagging_ae921e378d4640e9ba2534f19b233798
[DEBUG] Calling GitProjectManager.init_repo()
[DEBUG] Initializing Git...
[DEBUG] Found DAW files: [PosixPath('/tmp/test_tagging_ae921e378d4640e9ba2534f19b233798/track.als')]
[DEBUG] Found existing Git repo at /tmp/test_tagging_ae921e378d4640e9ba2534f19b233798
✅ Saved last project path: /tmp/test_tagging_ae921e378d4640e9ba2534f19b233798
[DEBUG] No commit role file found at /tmp/test_tagging_ae921e378d4640e9ba2534f19b233798/.dawgit_roles.json
[DEBUG] status label set: Session branch: main — Take: version 1
[DEBUG] Repo valid: True
[DEBUG] HEAD SHA: 7a1fcd824120906bde17b5f6f7325e0c6f9107ca
[DEBUG] Total commits: 1
[DEBUG] No commit role file found at /tmp/test_tagging_ae921e378d4640e9ba2534f19b233798/.dawgit_roles.json
[DEBUG] Selected row = 0, SHA = 7a1fcd824120906bde17b5f6f7325e0c6f9107ca
[DEBUG] ✅ SHA set from selected row: 7a1fcd824120906bde17b5f6f7325e0c6f9107ca
[DEBUG] status label set: Session branch: main — Take: version 1
[DEBUG] No commit role file found at /tmp/test_tagging_ae921e378d4640e9ba2534f19b233798/.dawgit_roles.json
[DEBUG] Repo valid: True
[DEBUG] HEAD SHA: 7a1fcd824120906bde17b5f6f7325e0c6f9107ca
[DEBUG] Total commits: 1
[DEBUG] No commit role file found at /tmp/test_tagging_ae921e378d4640e9ba2534f19b233798/.dawgit_roles.json
[DEBUG] Selected row = 0, SHA = 7a1fcd824120906bde17b5f6f7325e0c6f9107ca
[DEBUG] ✅ SHA set from selected row: 7a1fcd824120906bde17b5f6f7325e0c6f9107ca
[DEBUG] status label set: Session branch: main — Take: version 1
[DEBUG] status label set: Session branch: main — Take: version 1
[DEBUG] Saved commit roles to /tmp/test_tagging_ae921e378d4640e9ba2534f19b233798/.dawgit_roles.json
[DEBUG] Assigned role 'Main Mix' to commit 7a1fcd824120906bde17b5f6f7325e0c6f9107ca
[DEBUG] Saved PROJECT_MARKER.json to /tmp/test_tagging_ae921e378d4640e9ba2534f19b233798/PROJECT_MARKER.json
[DEBUG] Saved commit roles to /tmp/test_tagging_ae921e378d4640e9ba2534f19b233798/.dawgit_roles.json
PASSED
tests_dawgit/test_commit_tagging.py::test_assign_commit_role_variants[creative_take] [DEBUG] No PROJECT_MARKER.json found — using defaults
[DEBUG] No commit role file found at /tmp/test_tagging_2b88fd73b4174c569fd96e9454c6e58e/.dawgit_roles.json
❌ No Git repo loaded.
[DEBUG] Skipping QTimer.singleShot — parent not visible.
[WARNING] Stylesheet not loaded: [Errno 2] No such file or directory: 'styles/dawgit_styles.qss'
[DEBUG] Loaded project path: /tmp/test_tagging_2b88fd73b4174c569fd96e9454c6e58e
[DEBUG] Calling GitProjectManager.init_repo()
[DEBUG] Initializing Git...
[DEBUG] Found DAW files: [PosixPath('/tmp/test_tagging_2b88fd73b4174c569fd96e9454c6e58e/track.als')]
[DEBUG] Found existing Git repo at /tmp/test_tagging_2b88fd73b4174c569fd96e9454c6e58e
✅ Saved last project path: /tmp/test_tagging_2b88fd73b4174c569fd96e9454c6e58e
[DEBUG] No commit role file found at /tmp/test_tagging_2b88fd73b4174c569fd96e9454c6e58e/.dawgit_roles.json
[DEBUG] status label set: Session branch: main — Take: version 1
[DEBUG] Repo valid: True
[DEBUG] HEAD SHA: 1c22ffbbc5b5c9064cb856beea98a8667591ee38
[DEBUG] Total commits: 1
[DEBUG] No commit role file found at /tmp/test_tagging_2b88fd73b4174c569fd96e9454c6e58e/.dawgit_roles.json
[DEBUG] Selected row = 0, SHA = 1c22ffbbc5b5c9064cb856beea98a8667591ee38
[DEBUG] ✅ SHA set from selected row: 1c22ffbbc5b5c9064cb856beea98a8667591ee38
[DEBUG] status label set: Session branch: main — Take: version 1
[DEBUG] No commit role file found at /tmp/test_tagging_2b88fd73b4174c569fd96e9454c6e58e/.dawgit_roles.json
[DEBUG] Repo valid: True
[DEBUG] HEAD SHA: 1c22ffbbc5b5c9064cb856beea98a8667591ee38
[DEBUG] Total commits: 1
[DEBUG] No commit role file found at /tmp/test_tagging_2b88fd73b4174c569fd96e9454c6e58e/.dawgit_roles.json
[DEBUG] Selected row = 0, SHA = 1c22ffbbc5b5c9064cb856beea98a8667591ee38
[DEBUG] ✅ SHA set from selected row: 1c22ffbbc5b5c9064cb856beea98a8667591ee38
[DEBUG] status label set: Session branch: main — Take: version 1
[DEBUG] status label set: Session branch: main — Take: version 1
[DEBUG] Saved commit roles to /tmp/test_tagging_2b88fd73b4174c569fd96e9454c6e58e/.dawgit_roles.json
[DEBUG] Assigned role 'creative_take' to commit 1c22ffbbc5b5c9064cb856beea98a8667591ee38
[DEBUG] Saved PROJECT_MARKER.json to /tmp/test_tagging_2b88fd73b4174c569fd96e9454c6e58e/PROJECT_MARKER.json
[DEBUG] Saved commit roles to /tmp/test_tagging_2b88fd73b4174c569fd96e9454c6e58e/.dawgit_roles.json
PASSED
tests_dawgit/test_commit_tagging.py::test_assign_commit_role_variants[alt_mixdown] [DEBUG] No PROJECT_MARKER.json found — using defaults
[DEBUG] No commit role file found at /tmp/test_tagging_d06ae98dad0f4bd0ba8454514986d703/.dawgit_roles.json
❌ No Git repo loaded.
[DEBUG] Skipping QTimer.singleShot — parent not visible.
[WARNING] Stylesheet not loaded: [Errno 2] No such file or directory: 'styles/dawgit_styles.qss'
[DEBUG] Loaded project path: /tmp/test_tagging_d06ae98dad0f4bd0ba8454514986d703
[DEBUG] Calling GitProjectManager.init_repo()
[DEBUG] Initializing Git...
[DEBUG] Found DAW files: [PosixPath('/tmp/test_tagging_d06ae98dad0f4bd0ba8454514986d703/track.als')]
[DEBUG] Found existing Git repo at /tmp/test_tagging_d06ae98dad0f4bd0ba8454514986d703
✅ Saved last project path: /tmp/test_tagging_d06ae98dad0f4bd0ba8454514986d703
[DEBUG] No commit role file found at /tmp/test_tagging_d06ae98dad0f4bd0ba8454514986d703/.dawgit_roles.json
[DEBUG] status label set: Session branch: main — Take: version 1
[DEBUG] Repo valid: True
[DEBUG] HEAD SHA: 31039c348871257a27b494137e0c67788ccb3e38
[DEBUG] Total commits: 1
[DEBUG] No commit role file found at /tmp/test_tagging_d06ae98dad0f4bd0ba8454514986d703/.dawgit_roles.json
[DEBUG] Selected row = 0, SHA = 31039c348871257a27b494137e0c67788ccb3e38
[DEBUG] ✅ SHA set from selected row: 31039c348871257a27b494137e0c67788ccb3e38
[DEBUG] status label set: Session branch: main — Take: version 1
[DEBUG] No commit role file found at /tmp/test_tagging_d06ae98dad0f4bd0ba8454514986d703/.dawgit_roles.json
[DEBUG] Repo valid: True
[DEBUG] HEAD SHA: 31039c348871257a27b494137e0c67788ccb3e38
[DEBUG] Total commits: 1
[DEBUG] No commit role file found at /tmp/test_tagging_d06ae98dad0f4bd0ba8454514986d703/.dawgit_roles.json
[DEBUG] Selected row = 0, SHA = 31039c348871257a27b494137e0c67788ccb3e38
[DEBUG] ✅ SHA set from selected row: 31039c348871257a27b494137e0c67788ccb3e38
[DEBUG] status label set: Session branch: main — Take: version 1
[DEBUG] status label set: Session branch: main — Take: version 1
[DEBUG] Saved commit roles to /tmp/test_tagging_d06ae98dad0f4bd0ba8454514986d703/.dawgit_roles.json
[DEBUG] Assigned role 'alt_mixdown' to commit 31039c348871257a27b494137e0c67788ccb3e38
[DEBUG] Saved PROJECT_MARKER.json to /tmp/test_tagging_d06ae98dad0f4bd0ba8454514986d703/PROJECT_MARKER.json
[DEBUG] Saved commit roles to /tmp/test_tagging_d06ae98dad0f4bd0ba8454514986d703/.dawgit_roles.json
PASSED
tests_dawgit/test_commit_tagging.py::test_assign_commit_role_variants[my_custom_tag] [DEBUG] No PROJECT_MARKER.json found — using defaults
[DEBUG] No commit role file found at /tmp/test_tagging_bcbc349e19b04419a08df7887b316af1/.dawgit_roles.json
❌ No Git repo loaded.
[DEBUG] Skipping QTimer.singleShot — parent not visible.
[WARNING] Stylesheet not loaded: [Errno 2] No such file or directory: 'styles/dawgit_styles.qss'
[DEBUG] Loaded project path: /tmp/test_tagging_bcbc349e19b04419a08df7887b316af1
[DEBUG] Calling GitProjectManager.init_repo()
[DEBUG] Initializing Git...
[DEBUG] Found DAW files: [PosixPath('/tmp/test_tagging_bcbc349e19b04419a08df7887b316af1/track.als')]
[DEBUG] Found existing Git repo at /tmp/test_tagging_bcbc349e19b04419a08df7887b316af1
✅ Saved last project path: /tmp/test_tagging_bcbc349e19b04419a08df7887b316af1
[DEBUG] No commit role file found at /tmp/test_tagging_bcbc349e19b04419a08df7887b316af1/.dawgit_roles.json
[DEBUG] status label set: Session branch: main — Take: version 1
[DEBUG] Repo valid: True
[DEBUG] HEAD SHA: 70c1cbfc7fb88ea5a2cd7759b523abe701fbcc1b
[DEBUG] Total commits: 1
[DEBUG] No commit role file found at /tmp/test_tagging_bcbc349e19b04419a08df7887b316af1/.dawgit_roles.json
[DEBUG] Selected row = 0, SHA = 70c1cbfc7fb88ea5a2cd7759b523abe701fbcc1b
[DEBUG] ✅ SHA set from selected row: 70c1cbfc7fb88ea5a2cd7759b523abe701fbcc1b
[DEBUG] status label set: Session branch: main — Take: version 1
[DEBUG] No commit role file found at /tmp/test_tagging_bcbc349e19b04419a08df7887b316af1/.dawgit_roles.json
[DEBUG] Repo valid: True
[DEBUG] HEAD SHA: 70c1cbfc7fb88ea5a2cd7759b523abe701fbcc1b
[DEBUG] Total commits: 1
[DEBUG] No commit role file found at /tmp/test_tagging_bcbc349e19b04419a08df7887b316af1/.dawgit_roles.json
[DEBUG] Selected row = 0, SHA = 70c1cbfc7fb88ea5a2cd7759b523abe701fbcc1b
[DEBUG] ✅ SHA set from selected row: 70c1cbfc7fb88ea5a2cd7759b523abe701fbcc1b
[DEBUG] status label set: Session branch: main — Take: version 1
[DEBUG] status label set: Session branch: main — Take: version 1
[DEBUG] Saved commit roles to /tmp/test_tagging_bcbc349e19b04419a08df7887b316af1/.dawgit_roles.json
[DEBUG] Assigned role 'my_custom_tag' to commit 70c1cbfc7fb88ea5a2cd7759b523abe701fbcc1b
[DEBUG] Saved PROJECT_MARKER.json to /tmp/test_tagging_bcbc349e19b04419a08df7887b316af1/PROJECT_MARKER.json
[DEBUG] Saved commit roles to /tmp/test_tagging_bcbc349e19b04419a08df7887b316af1/.dawgit_roles.json
PASSED
tests_dawgit/test_commit_tagging.py::test_tag_custom_label_assigns_alt2 [DEBUG] No PROJECT_MARKER.json found — using defaults
[DEBUG] No commit role file found at /private/var/folders/yx/c_cp834d18v7ptq75l5x7twm0000gn/T/pytest-of-niccavendish/pytest-0/test_tag_custom_label_assigns_0/.dawgit_roles.json
❌ No Git repo loaded.
[DEBUG] Skipping QTimer.singleShot — parent not visible.
[WARNING] Stylesheet not loaded: [Errno 2] No such file or directory: 'styles/dawgit_styles.qss'
[DEBUG] Loaded project path: /private/var/folders/yx/c_cp834d18v7ptq75l5x7twm0000gn/T/pytest-of-niccavendish/pytest-0/test_tag_custom_label_assigns_0
[DEBUG] Calling GitProjectManager.init_repo()
[DEBUG] Initializing Git...
[DEBUG] Found DAW files: [PosixPath('/private/var/folders/yx/c_cp834d18v7ptq75l5x7twm0000gn/T/pytest-of-niccavendish/pytest-0/test_tag_custom_label_assigns_0/track.als')]
[DEBUG] Found existing Git repo at /private/var/folders/yx/c_cp834d18v7ptq75l5x7twm0000gn/T/pytest-of-niccavendish/pytest-0/test_tag_custom_label_assigns_0
✅ Saved last project path: /private/var/folders/yx/c_cp834d18v7ptq75l5x7twm0000gn/T/pytest-of-niccavendish/pytest-0/test_tag_custom_label_assigns_0
[DEBUG] No commit role file found at /private/var/folders/yx/c_cp834d18v7ptq75l5x7twm0000gn/T/pytest-of-niccavendish/pytest-0/test_tag_custom_label_assigns_0/.dawgit_roles.json
[DEBUG] status label set: Session branch: main — Take: version 1
[DEBUG] Repo valid: True
[DEBUG] HEAD SHA: c0a0865fb724f59ed5f8a4ac158d16473c24594b
[DEBUG] Total commits: 1
[DEBUG] No commit role file found at /private/var/folders/yx/c_cp834d18v7ptq75l5x7twm0000gn/T/pytest-of-niccavendish/pytest-0/test_tag_custom_label_assigns_0/.dawgit_roles.json
[DEBUG] Selected row = 0, SHA = c0a0865fb724f59ed5f8a4ac158d16473c24594b
[DEBUG] ✅ SHA set from selected row: c0a0865fb724f59ed5f8a4ac158d16473c24594b
[DEBUG] status label set: Session branch: main — Take: version 1
[DEBUG] No commit role file found at /private/var/folders/yx/c_cp834d18v7ptq75l5x7twm0000gn/T/pytest-of-niccavendish/pytest-0/test_tag_custom_label_assigns_0/.dawgit_roles.json
[DEBUG] Repo valid: True
[DEBUG] HEAD SHA: c0a0865fb724f59ed5f8a4ac158d16473c24594b
[DEBUG] Total commits: 1
[DEBUG] No commit role file found at /private/var/folders/yx/c_cp834d18v7ptq75l5x7twm0000gn/T/pytest-of-niccavendish/pytest-0/test_tag_custom_label_assigns_0/.dawgit_roles.json
[DEBUG] Selected row = 0, SHA = c0a0865fb724f59ed5f8a4ac158d16473c24594b
[DEBUG] ✅ SHA set from selected row: c0a0865fb724f59ed5f8a4ac158d16473c24594b
[DEBUG] status label set: Session branch: main — Take: version 1
[DEBUG] status label set: Session branch: main — Take: version 1
[DEBUG] Selected row = 0, SHA = c0a0865fb724f59ed5f8a4ac158d16473c24594b
[DEBUG] ✅ SHA set from selected row: c0a0865fb724f59ed5f8a4ac158d16473c24594b
[DEBUG] Saved commit roles to /private/var/folders/yx/c_cp834d18v7ptq75l5x7twm0000gn/T/pytest-of-niccavendish/pytest-0/test_tag_custom_label_assigns_0/.dawgit_roles.json
[DEBUG] Assigned role 'alt_2' to commit c0a0865fb724f59ed5f8a4ac158d16473c24594b
[DEBUG] Saved PROJECT_MARKER.json to /private/var/folders/yx/c_cp834d18v7ptq75l5x7twm0000gn/T/pytest-of-niccavendish/pytest-0/test_tag_custom_label_assigns_0/PROJECT_MARKER.json
[DEBUG] Saved commit roles to /private/var/folders/yx/c_cp834d18v7ptq75l5x7twm0000gn/T/pytest-of-niccavendish/pytest-0/test_tag_custom_label_assigns_0/.dawgit_roles.json
[STATUS] ✏️ Commit tagged as 'alt_2': c0a0865
[DEBUG] DAWGIT_TEST_MODE active — running load_commit_history directly
[DEBUG] Repo valid: True
[DEBUG] HEAD SHA: c0a0865fb724f59ed5f8a4ac158d16473c24594b
[DEBUG] Total commits: 1
[DEBUG] Loaded commit roles from /private/var/folders/yx/c_cp834d18v7ptq75l5x7twm0000gn/T/pytest-of-niccavendish/pytest-0/test_tag_custom_label_assigns_0/.dawgit_roles.json
[DEBUG] Selected row = 0, SHA = c0a0865fb724f59ed5f8a4ac158d16473c24594b
[DEBUG] ✅ SHA set from selected row: c0a0865fb724f59ed5f8a4ac158d16473c24594b
[DEBUG] status label set: Session branch: main — Take: version 1
PASSED

============================== 5 passed in 6.35s ===============================
============================= test session starts ==============================
platform darwin -- Python 3.12.3, pytest-8.3.5, pluggy-1.5.0 -- /Users/niccavendish/.pyenv/versions/3.12.3/bin/python3.12
cachedir: .pytest_cache
PyQt6 6.9.0 -- Qt runtime 6.9.0 -- Qt compiled 6.9.0
rootdir: /Users/niccavendish/Projects/DAWGitApp
configfile: pytest.ini
plugins: qt-4.4.0, env-1.1.5, timeout-2.4.0, rich-0.2.0
timeout: 10.0s
timeout method: signal
timeout func_only: False
collecting ... collected 5 items

tests_dawgit/test_commit_tagging.py::test_assign_commit_role_variants[Main Mix] [DEBUG] No PROJECT_MARKER.json found — using defaults
[DEBUG] No commit role file found at /tmp/test_tagging_ef5daf9e16e54807a13e36f7e45afbde/.dawgit_roles.json
❌ No Git repo loaded.
[DEBUG] Skipping QTimer.singleShot — parent not visible.
[DEBUG] Loaded project path: /tmp/test_tagging_ef5daf9e16e54807a13e36f7e45afbde
[DEBUG] Calling GitProjectManager.init_repo()
[DEBUG] Initializing Git...
[DEBUG] Found DAW files: [PosixPath('/tmp/test_tagging_ef5daf9e16e54807a13e36f7e45afbde/track.als')]
[DEBUG] Found existing Git repo at /tmp/test_tagging_ef5daf9e16e54807a13e36f7e45afbde
✅ Saved last project path: /tmp/test_tagging_ef5daf9e16e54807a13e36f7e45afbde
[DEBUG] No commit role file found at /tmp/test_tagging_ef5daf9e16e54807a13e36f7e45afbde/.dawgit_roles.json
[DEBUG] status label set: Session branch: main — Take: version 1
[DEBUG] Repo valid: True
[DEBUG] HEAD SHA: b6940dda9ff0ea29549b437e7bb3c2a90d77cffb
[DEBUG] Total commits: 1
[DEBUG] No commit role file found at /tmp/test_tagging_ef5daf9e16e54807a13e36f7e45afbde/.dawgit_roles.json
[DEBUG] Selected row = 0, SHA = b6940dda9ff0ea29549b437e7bb3c2a90d77cffb
[DEBUG] ✅ SHA set from selected row: b6940dda9ff0ea29549b437e7bb3c2a90d77cffb
[DEBUG] status label set: Session branch: main — Take: version 1
[DEBUG] No commit role file found at /tmp/test_tagging_ef5daf9e16e54807a13e36f7e45afbde/.dawgit_roles.json
[DEBUG] Repo valid: True
[DEBUG] HEAD SHA: b6940dda9ff0ea29549b437e7bb3c2a90d77cffb
[DEBUG] Total commits: 1
[DEBUG] No commit role file found at /tmp/test_tagging_ef5daf9e16e54807a13e36f7e45afbde/.dawgit_roles.json
[DEBUG] Selected row = 0, SHA = b6940dda9ff0ea29549b437e7bb3c2a90d77cffb
[DEBUG] ✅ SHA set from selected row: b6940dda9ff0ea29549b437e7bb3c2a90d77cffb
[DEBUG] status label set: Session branch: main — Take: version 1
[DEBUG] status label set: Session branch: main — Take: version 1
[DEBUG] Saved commit roles to /tmp/test_tagging_ef5daf9e16e54807a13e36f7e45afbde/.dawgit_roles.json
[DEBUG] Assigned role 'Main Mix' to commit b6940dda9ff0ea29549b437e7bb3c2a90d77cffb
[DEBUG] Saved PROJECT_MARKER.json to /tmp/test_tagging_ef5daf9e16e54807a13e36f7e45afbde/PROJECT_MARKER.json
[DEBUG] Saved commit roles to /tmp/test_tagging_ef5daf9e16e54807a13e36f7e45afbde/.dawgit_roles.json
PASSED
tests_dawgit/test_commit_tagging.py::test_assign_commit_role_variants[creative_take] [DEBUG] No PROJECT_MARKER.json found — using defaults
[DEBUG] No commit role file found at /tmp/test_tagging_b62785008f834db79d09c6a88289b272/.dawgit_roles.json
❌ No Git repo loaded.
[DEBUG] Skipping QTimer.singleShot — parent not visible.
[WARNING] Stylesheet not loaded: [Errno 2] No such file or directory: 'styles/dawgit_styles.qss'
[DEBUG] Loaded project path: /tmp/test_tagging_b62785008f834db79d09c6a88289b272
[DEBUG] Calling GitProjectManager.init_repo()
[DEBUG] Initializing Git...
[DEBUG] Found DAW files: [PosixPath('/tmp/test_tagging_b62785008f834db79d09c6a88289b272/track.als')]
[DEBUG] Found existing Git repo at /tmp/test_tagging_b62785008f834db79d09c6a88289b272
✅ Saved last project path: /tmp/test_tagging_b62785008f834db79d09c6a88289b272
[DEBUG] No commit role file found at /tmp/test_tagging_b62785008f834db79d09c6a88289b272/.dawgit_roles.json
[DEBUG] status label set: Session branch: main — Take: version 1
[DEBUG] Repo valid: True
[DEBUG] HEAD SHA: 8e22f34c12cab623ca635cde4d536ab25c104694
[DEBUG] Total commits: 1
[DEBUG] No commit role file found at /tmp/test_tagging_b62785008f834db79d09c6a88289b272/.dawgit_roles.json
[DEBUG] Selected row = 0, SHA = 8e22f34c12cab623ca635cde4d536ab25c104694
[DEBUG] ✅ SHA set from selected row: 8e22f34c12cab623ca635cde4d536ab25c104694
[DEBUG] status label set: Session branch: main — Take: version 1
[DEBUG] No commit role file found at /tmp/test_tagging_b62785008f834db79d09c6a88289b272/.dawgit_roles.json
[DEBUG] Repo valid: True
[DEBUG] HEAD SHA: 8e22f34c12cab623ca635cde4d536ab25c104694
[DEBUG] Total commits: 1
[DEBUG] No commit role file found at /tmp/test_tagging_b62785008f834db79d09c6a88289b272/.dawgit_roles.json
[DEBUG] Selected row = 0, SHA = 8e22f34c12cab623ca635cde4d536ab25c104694
[DEBUG] ✅ SHA set from selected row: 8e22f34c12cab623ca635cde4d536ab25c104694
[DEBUG] status label set: Session branch: main — Take: version 1
[DEBUG] status label set: Session branch: main — Take: version 1
[DEBUG] Saved commit roles to /tmp/test_tagging_b62785008f834db79d09c6a88289b272/.dawgit_roles.json
[DEBUG] Assigned role 'creative_take' to commit 8e22f34c12cab623ca635cde4d536ab25c104694
[DEBUG] Saved PROJECT_MARKER.json to /tmp/test_tagging_b62785008f834db79d09c6a88289b272/PROJECT_MARKER.json
[DEBUG] Saved commit roles to /tmp/test_tagging_b62785008f834db79d09c6a88289b272/.dawgit_roles.json
PASSED
tests_dawgit/test_commit_tagging.py::test_assign_commit_role_variants[alt_mixdown] [DEBUG] No PROJECT_MARKER.json found — using defaults
[DEBUG] No commit role file found at /tmp/test_tagging_d78d79ef968c43dda84d123c49e7a199/.dawgit_roles.json
❌ No Git repo loaded.
[DEBUG] Skipping QTimer.singleShot — parent not visible.
[WARNING] Stylesheet not loaded: [Errno 2] No such file or directory: 'styles/dawgit_styles.qss'
[DEBUG] Loaded project path: /tmp/test_tagging_d78d79ef968c43dda84d123c49e7a199
[DEBUG] Calling GitProjectManager.init_repo()
[DEBUG] Initializing Git...
[DEBUG] Found DAW files: [PosixPath('/tmp/test_tagging_d78d79ef968c43dda84d123c49e7a199/track.als')]
[DEBUG] Found existing Git repo at /tmp/test_tagging_d78d79ef968c43dda84d123c49e7a199
✅ Saved last project path: /tmp/test_tagging_d78d79ef968c43dda84d123c49e7a199
[DEBUG] No commit role file found at /tmp/test_tagging_d78d79ef968c43dda84d123c49e7a199/.dawgit_roles.json
[DEBUG] status label set: Session branch: main — Take: version 1
[DEBUG] Repo valid: True
[DEBUG] HEAD SHA: b1056fb235a4784132bf48ee35f034b40db0420c
[DEBUG] Total commits: 1
[DEBUG] No commit role file found at /tmp/test_tagging_d78d79ef968c43dda84d123c49e7a199/.dawgit_roles.json
[DEBUG] Selected row = 0, SHA = b1056fb235a4784132bf48ee35f034b40db0420c
[DEBUG] ✅ SHA set from selected row: b1056fb235a4784132bf48ee35f034b40db0420c
[DEBUG] status label set: Session branch: main — Take: version 1
[DEBUG] No commit role file found at /tmp/test_tagging_d78d79ef968c43dda84d123c49e7a199/.dawgit_roles.json
[DEBUG] Repo valid: True
[DEBUG] HEAD SHA: b1056fb235a4784132bf48ee35f034b40db0420c
[DEBUG] Total commits: 1
[DEBUG] No commit role file found at /tmp/test_tagging_d78d79ef968c43dda84d123c49e7a199/.dawgit_roles.json
[DEBUG] Selected row = 0, SHA = b1056fb235a4784132bf48ee35f034b40db0420c
[DEBUG] ✅ SHA set from selected row: b1056fb235a4784132bf48ee35f034b40db0420c
[DEBUG] status label set: Session branch: main — Take: version 1
[DEBUG] status label set: Session branch: main — Take: version 1
[DEBUG] Saved commit roles to /tmp/test_tagging_d78d79ef968c43dda84d123c49e7a199/.dawgit_roles.json
[DEBUG] Assigned role 'alt_mixdown' to commit b1056fb235a4784132bf48ee35f034b40db0420c
[DEBUG] Saved PROJECT_MARKER.json to /tmp/test_tagging_d78d79ef968c43dda84d123c49e7a199/PROJECT_MARKER.json
[DEBUG] Saved commit roles to /tmp/test_tagging_d78d79ef968c43dda84d123c49e7a199/.dawgit_roles.json
PASSED
tests_dawgit/test_commit_tagging.py::test_assign_commit_role_variants[my_custom_tag] [DEBUG] No PROJECT_MARKER.json found — using defaults
[DEBUG] No commit role file found at /tmp/test_tagging_f1fb69cef26047d6b30b63a0671e8cd2/.dawgit_roles.json
❌ No Git repo loaded.
[DEBUG] Skipping QTimer.singleShot — parent not visible.
[WARNING] Stylesheet not loaded: [Errno 2] No such file or directory: 'styles/dawgit_styles.qss'
[DEBUG] Loaded project path: /tmp/test_tagging_f1fb69cef26047d6b30b63a0671e8cd2
[DEBUG] Calling GitProjectManager.init_repo()
[DEBUG] Initializing Git...
[DEBUG] Found DAW files: [PosixPath('/tmp/test_tagging_f1fb69cef26047d6b30b63a0671e8cd2/track.als')]
[DEBUG] Found existing Git repo at /tmp/test_tagging_f1fb69cef26047d6b30b63a0671e8cd2
✅ Saved last project path: /tmp/test_tagging_f1fb69cef26047d6b30b63a0671e8cd2
[DEBUG] No commit role file found at /tmp/test_tagging_f1fb69cef26047d6b30b63a0671e8cd2/.dawgit_roles.json
[DEBUG] status label set: Session branch: main — Take: version 1
[DEBUG] Repo valid: True
[DEBUG] HEAD SHA: 69a3975c0c45fdc6397e20934afc0d9c27d6e7ad
[DEBUG] Total commits: 1
[DEBUG] No commit role file found at /tmp/test_tagging_f1fb69cef26047d6b30b63a0671e8cd2/.dawgit_roles.json
[DEBUG] Selected row = 0, SHA = 69a3975c0c45fdc6397e20934afc0d9c27d6e7ad
[DEBUG] ✅ SHA set from selected row: 69a3975c0c45fdc6397e20934afc0d9c27d6e7ad
[DEBUG] status label set: Session branch: main — Take: version 1
[DEBUG] No commit role file found at /tmp/test_tagging_f1fb69cef26047d6b30b63a0671e8cd2/.dawgit_roles.json
[DEBUG] Repo valid: True
[DEBUG] HEAD SHA: 69a3975c0c45fdc6397e20934afc0d9c27d6e7ad
[DEBUG] Total commits: 1
[DEBUG] No commit role file found at /tmp/test_tagging_f1fb69cef26047d6b30b63a0671e8cd2/.dawgit_roles.json
[DEBUG] Selected row = 0, SHA = 69a3975c0c45fdc6397e20934afc0d9c27d6e7ad
[DEBUG] ✅ SHA set from selected row: 69a3975c0c45fdc6397e20934afc0d9c27d6e7ad
[DEBUG] status label set: Session branch: main — Take: version 1
[DEBUG] status label set: Session branch: main — Take: version 1
[DEBUG] Saved commit roles to /tmp/test_tagging_f1fb69cef26047d6b30b63a0671e8cd2/.dawgit_roles.json
[DEBUG] Assigned role 'my_custom_tag' to commit 69a3975c0c45fdc6397e20934afc0d9c27d6e7ad
[DEBUG] Saved PROJECT_MARKER.json to /tmp/test_tagging_f1fb69cef26047d6b30b63a0671e8cd2/PROJECT_MARKER.json
[DEBUG] Saved commit roles to /tmp/test_tagging_f1fb69cef26047d6b30b63a0671e8cd2/.dawgit_roles.json
PASSED
tests_dawgit/test_commit_tagging.py::test_tag_custom_label_assigns_alt2 [DEBUG] No PROJECT_MARKER.json found — using defaults
[DEBUG] No commit role file found at /private/var/folders/yx/c_cp834d18v7ptq75l5x7twm0000gn/T/pytest-of-niccavendish/pytest-0/test_tag_custom_label_assigns_0/.dawgit_roles.json
❌ No Git repo loaded.
[DEBUG] Skipping QTimer.singleShot — parent not visible.
[WARNING] Stylesheet not loaded: [Errno 2] No such file or directory: 'styles/dawgit_styles.qss'
[DEBUG] Loaded project path: /private/var/folders/yx/c_cp834d18v7ptq75l5x7twm0000gn/T/pytest-of-niccavendish/pytest-0/test_tag_custom_label_assigns_0
[DEBUG] Calling GitProjectManager.init_repo()
[DEBUG] Initializing Git...
[DEBUG] Found DAW files: [PosixPath('/private/var/folders/yx/c_cp834d18v7ptq75l5x7twm0000gn/T/pytest-of-niccavendish/pytest-0/test_tag_custom_label_assigns_0/track.als')]
[DEBUG] Found existing Git repo at /private/var/folders/yx/c_cp834d18v7ptq75l5x7twm0000gn/T/pytest-of-niccavendish/pytest-0/test_tag_custom_label_assigns_0
✅ Saved last project path: /private/var/folders/yx/c_cp834d18v7ptq75l5x7twm0000gn/T/pytest-of-niccavendish/pytest-0/test_tag_custom_label_assigns_0
[DEBUG] No commit role file found at /private/var/folders/yx/c_cp834d18v7ptq75l5x7twm0000gn/T/pytest-of-niccavendish/pytest-0/test_tag_custom_label_assigns_0/.dawgit_roles.json
[DEBUG] status label set: Session branch: main — Take: version 1
[DEBUG] Repo valid: True
[DEBUG] HEAD SHA: 64da63ad8af9bf9f1e687ebdbef8103741a3c9c4
[DEBUG] Total commits: 1
[DEBUG] No commit role file found at /private/var/folders/yx/c_cp834d18v7ptq75l5x7twm0000gn/T/pytest-of-niccavendish/pytest-0/test_tag_custom_label_assigns_0/.dawgit_roles.json
[DEBUG] Selected row = 0, SHA = 64da63ad8af9bf9f1e687ebdbef8103741a3c9c4
[DEBUG] ✅ SHA set from selected row: 64da63ad8af9bf9f1e687ebdbef8103741a3c9c4
[DEBUG] status label set: Session branch: main — Take: version 1
[DEBUG] No commit role file found at /private/var/folders/yx/c_cp834d18v7ptq75l5x7twm0000gn/T/pytest-of-niccavendish/pytest-0/test_tag_custom_label_assigns_0/.dawgit_roles.json
[DEBUG] Repo valid: True
[DEBUG] HEAD SHA: 64da63ad8af9bf9f1e687ebdbef8103741a3c9c4
[DEBUG] Total commits: 1
[DEBUG] No commit role file found at /private/var/folders/yx/c_cp834d18v7ptq75l5x7twm0000gn/T/pytest-of-niccavendish/pytest-0/test_tag_custom_label_assigns_0/.dawgit_roles.json
[DEBUG] Selected row = 0, SHA = 64da63ad8af9bf9f1e687ebdbef8103741a3c9c4
[DEBUG] ✅ SHA set from selected row: 64da63ad8af9bf9f1e687ebdbef8103741a3c9c4
[DEBUG] status label set: Session branch: main — Take: version 1
[DEBUG] status label set: Session branch: main — Take: version 1
[DEBUG] Selected row = 0, SHA = 64da63ad8af9bf9f1e687ebdbef8103741a3c9c4
[DEBUG] ✅ SHA set from selected row: 64da63ad8af9bf9f1e687ebdbef8103741a3c9c4
[DEBUG] Saved commit roles to /private/var/folders/yx/c_cp834d18v7ptq75l5x7twm0000gn/T/pytest-of-niccavendish/pytest-0/test_tag_custom_label_assigns_0/.dawgit_roles.json
[DEBUG] Assigned role 'alt_2' to commit 64da63ad8af9bf9f1e687ebdbef8103741a3c9c4
[DEBUG] Saved PROJECT_MARKER.json to /private/var/folders/yx/c_cp834d18v7ptq75l5x7twm0000gn/T/pytest-of-niccavendish/pytest-0/test_tag_custom_label_assigns_0/PROJECT_MARKER.json
[DEBUG] Saved commit roles to /private/var/folders/yx/c_cp834d18v7ptq75l5x7twm0000gn/T/pytest-of-niccavendish/pytest-0/test_tag_custom_label_assigns_0/.dawgit_roles.json
[STATUS] ✏️ Commit tagged as 'alt_2': 64da63a
[DEBUG] DAWGIT_TEST_MODE active — running load_commit_history directly
[DEBUG] Repo valid: True
[DEBUG] HEAD SHA: 64da63ad8af9bf9f1e687ebdbef8103741a3c9c4
[DEBUG] Total commits: 1
[DEBUG] Loaded commit roles from /private/var/folders/yx/c_cp834d18v7ptq75l5x7twm0000gn/T/pytest-of-niccavendish/pytest-0/test_tag_custom_label_assigns_0/.dawgit_roles.json
[DEBUG] Selected row = 0, SHA = 64da63ad8af9bf9f1e687ebdbef8103741a3c9c4
[DEBUG] ✅ SHA set from selected row: 64da63ad8af9bf9f1e687ebdbef8103741a3c9c4
[DEBUG] status label set: Session branch: main — Take: version 1
PASSED

============================== 5 passed in 5.49s ===============================
============================= test session starts ==============================
platform darwin -- Python 3.12.3, pytest-8.3.5, pluggy-1.5.0 -- /Users/niccavendish/.pyenv/versions/3.12.3/bin/python3.12
cachedir: .pytest_cache
PyQt6 6.9.0 -- Qt runtime 6.9.0 -- Qt compiled 6.9.0
rootdir: /Users/niccavendish/Projects/DAWGitApp
configfile: pytest.ini
plugins: qt-4.4.0, env-1.1.5, timeout-2.4.0, rich-0.2.0
timeout: 10.0s
timeout method: signal
timeout func_only: False
collecting ... collected 5 items

tests_dawgit/test_commit_tagging.py::test_assign_commit_role_variants[Main Mix] [DEBUG] No PROJECT_MARKER.json found — using defaults
[DEBUG] No commit role file found at /tmp/test_tagging_a8a7d3fa42ee4ae7b80f4ef0594d8e91/.dawgit_roles.json
❌ No Git repo loaded.
[DEBUG] Skipping QTimer.singleShot — parent not visible.
[DEBUG] Loaded project path: /tmp/test_tagging_a8a7d3fa42ee4ae7b80f4ef0594d8e91
[DEBUG] Calling GitProjectManager.init_repo()
[DEBUG] Initializing Git...
[DEBUG] Found DAW files: [PosixPath('/tmp/test_tagging_a8a7d3fa42ee4ae7b80f4ef0594d8e91/track.als')]
[DEBUG] Found existing Git repo at /tmp/test_tagging_a8a7d3fa42ee4ae7b80f4ef0594d8e91
✅ Saved last project path: /tmp/test_tagging_a8a7d3fa42ee4ae7b80f4ef0594d8e91
[DEBUG] No commit role file found at /tmp/test_tagging_a8a7d3fa42ee4ae7b80f4ef0594d8e91/.dawgit_roles.json
[DEBUG] status label set: Session branch: main — Take: version 1
[DEBUG] Repo valid: True
[DEBUG] HEAD SHA: b9ba5411c151e9df45b50e61501a2455f69311e1
[DEBUG] Total commits: 1
[DEBUG] No commit role file found at /tmp/test_tagging_a8a7d3fa42ee4ae7b80f4ef0594d8e91/.dawgit_roles.json
[DEBUG] Selected row = 0, SHA = b9ba5411c151e9df45b50e61501a2455f69311e1
[DEBUG] ✅ SHA set from selected row: b9ba5411c151e9df45b50e61501a2455f69311e1
[DEBUG] status label set: Session branch: main — Take: version 1
[DEBUG] No commit role file found at /tmp/test_tagging_a8a7d3fa42ee4ae7b80f4ef0594d8e91/.dawgit_roles.json
[DEBUG] Repo valid: True
[DEBUG] HEAD SHA: b9ba5411c151e9df45b50e61501a2455f69311e1
[DEBUG] Total commits: 1
[DEBUG] No commit role file found at /tmp/test_tagging_a8a7d3fa42ee4ae7b80f4ef0594d8e91/.dawgit_roles.json
[DEBUG] Selected row = 0, SHA = b9ba5411c151e9df45b50e61501a2455f69311e1
[DEBUG] ✅ SHA set from selected row: b9ba5411c151e9df45b50e61501a2455f69311e1
[DEBUG] status label set: Session branch: main — Take: version 1
[DEBUG] status label set: Session branch: main — Take: version 1
[DEBUG] Saved commit roles to /tmp/test_tagging_a8a7d3fa42ee4ae7b80f4ef0594d8e91/.dawgit_roles.json
[DEBUG] Assigned role 'Main Mix' to commit b9ba5411c151e9df45b50e61501a2455f69311e1
[DEBUG] Saved PROJECT_MARKER.json to /tmp/test_tagging_a8a7d3fa42ee4ae7b80f4ef0594d8e91/PROJECT_MARKER.json
[DEBUG] Saved commit roles to /tmp/test_tagging_a8a7d3fa42ee4ae7b80f4ef0594d8e91/.dawgit_roles.json
PASSED
tests_dawgit/test_commit_tagging.py::test_assign_commit_role_variants[creative_take] [DEBUG] No PROJECT_MARKER.json found — using defaults
[DEBUG] No commit role file found at /tmp/test_tagging_8b06c2adecef4bda9b0341f88260271b/.dawgit_roles.json
❌ No Git repo loaded.
[DEBUG] Skipping QTimer.singleShot — parent not visible.
[WARNING] Stylesheet not loaded: [Errno 2] No such file or directory: 'styles/dawgit_styles.qss'
[DEBUG] Loaded project path: /tmp/test_tagging_8b06c2adecef4bda9b0341f88260271b
[DEBUG] Calling GitProjectManager.init_repo()
[DEBUG] Initializing Git...
[DEBUG] Found DAW files: [PosixPath('/tmp/test_tagging_8b06c2adecef4bda9b0341f88260271b/track.als')]
[DEBUG] Found existing Git repo at /tmp/test_tagging_8b06c2adecef4bda9b0341f88260271b
✅ Saved last project path: /tmp/test_tagging_8b06c2adecef4bda9b0341f88260271b
[DEBUG] No commit role file found at /tmp/test_tagging_8b06c2adecef4bda9b0341f88260271b/.dawgit_roles.json
[DEBUG] status label set: Session branch: main — Take: version 1
[DEBUG] Repo valid: True
[DEBUG] HEAD SHA: c403f4dd35f09c180e1ed1e3c6b2758d2f932a02
[DEBUG] Total commits: 1
[DEBUG] No commit role file found at /tmp/test_tagging_8b06c2adecef4bda9b0341f88260271b/.dawgit_roles.json
[DEBUG] Selected row = 0, SHA = c403f4dd35f09c180e1ed1e3c6b2758d2f932a02
[DEBUG] ✅ SHA set from selected row: c403f4dd35f09c180e1ed1e3c6b2758d2f932a02
[DEBUG] status label set: Session branch: main — Take: version 1
[DEBUG] No commit role file found at /tmp/test_tagging_8b06c2adecef4bda9b0341f88260271b/.dawgit_roles.json
[DEBUG] Repo valid: True
[DEBUG] HEAD SHA: c403f4dd35f09c180e1ed1e3c6b2758d2f932a02
[DEBUG] Total commits: 1
[DEBUG] No commit role file found at /tmp/test_tagging_8b06c2adecef4bda9b0341f88260271b/.dawgit_roles.json
[DEBUG] Selected row = 0, SHA = c403f4dd35f09c180e1ed1e3c6b2758d2f932a02
[DEBUG] ✅ SHA set from selected row: c403f4dd35f09c180e1ed1e3c6b2758d2f932a02
[DEBUG] status label set: Session branch: main — Take: version 1
[DEBUG] status label set: Session branch: main — Take: version 1
[DEBUG] Saved commit roles to /tmp/test_tagging_8b06c2adecef4bda9b0341f88260271b/.dawgit_roles.json
[DEBUG] Assigned role 'creative_take' to commit c403f4dd35f09c180e1ed1e3c6b2758d2f932a02
[DEBUG] Saved PROJECT_MARKER.json to /tmp/test_tagging_8b06c2adecef4bda9b0341f88260271b/PROJECT_MARKER.json
[DEBUG] Saved commit roles to /tmp/test_tagging_8b06c2adecef4bda9b0341f88260271b/.dawgit_roles.json
PASSED
tests_dawgit/test_commit_tagging.py::test_assign_commit_role_variants[alt_mixdown] [DEBUG] No PROJECT_MARKER.json found — using defaults
[DEBUG] No commit role file found at /tmp/test_tagging_ffac4465e4b14e9d9d10b93283170e22/.dawgit_roles.json
❌ No Git repo loaded.
[DEBUG] Skipping QTimer.singleShot — parent not visible.
[WARNING] Stylesheet not loaded: [Errno 2] No such file or directory: 'styles/dawgit_styles.qss'
[DEBUG] Loaded project path: /tmp/test_tagging_ffac4465e4b14e9d9d10b93283170e22
[DEBUG] Calling GitProjectManager.init_repo()
[DEBUG] Initializing Git...
[DEBUG] Found DAW files: [PosixPath('/tmp/test_tagging_ffac4465e4b14e9d9d10b93283170e22/track.als')]
[DEBUG] Found existing Git repo at /tmp/test_tagging_ffac4465e4b14e9d9d10b93283170e22
✅ Saved last project path: /tmp/test_tagging_ffac4465e4b14e9d9d10b93283170e22
[DEBUG] No commit role file found at /tmp/test_tagging_ffac4465e4b14e9d9d10b93283170e22/.dawgit_roles.json
[DEBUG] status label set: Session branch: main — Take: version 1
[DEBUG] Repo valid: True
[DEBUG] HEAD SHA: 18dcb1da6cf44b4cd895086e097398701d4f8dc0
[DEBUG] Total commits: 1
[DEBUG] No commit role file found at /tmp/test_tagging_ffac4465e4b14e9d9d10b93283170e22/.dawgit_roles.json
[DEBUG] Selected row = 0, SHA = 18dcb1da6cf44b4cd895086e097398701d4f8dc0
[DEBUG] ✅ SHA set from selected row: 18dcb1da6cf44b4cd895086e097398701d4f8dc0
[DEBUG] status label set: Session branch: main — Take: version 1
[DEBUG] No commit role file found at /tmp/test_tagging_ffac4465e4b14e9d9d10b93283170e22/.dawgit_roles.json
[DEBUG] Repo valid: True
[DEBUG] HEAD SHA: 18dcb1da6cf44b4cd895086e097398701d4f8dc0
[DEBUG] Total commits: 1
[DEBUG] No commit role file found at /tmp/test_tagging_ffac4465e4b14e9d9d10b93283170e22/.dawgit_roles.json
[DEBUG] Selected row = 0, SHA = 18dcb1da6cf44b4cd895086e097398701d4f8dc0
[DEBUG] ✅ SHA set from selected row: 18dcb1da6cf44b4cd895086e097398701d4f8dc0
[DEBUG] status label set: Session branch: main — Take: version 1
[DEBUG] status label set: Session branch: main — Take: version 1
[DEBUG] Saved commit roles to /tmp/test_tagging_ffac4465e4b14e9d9d10b93283170e22/.dawgit_roles.json
[DEBUG] Assigned role 'alt_mixdown' to commit 18dcb1da6cf44b4cd895086e097398701d4f8dc0
[DEBUG] Saved PROJECT_MARKER.json to /tmp/test_tagging_ffac4465e4b14e9d9d10b93283170e22/PROJECT_MARKER.json
[DEBUG] Saved commit roles to /tmp/test_tagging_ffac4465e4b14e9d9d10b93283170e22/.dawgit_roles.json
PASSED
tests_dawgit/test_commit_tagging.py::test_assign_commit_role_variants[my_custom_tag] [DEBUG] No PROJECT_MARKER.json found — using defaults
[DEBUG] No commit role file found at /tmp/test_tagging_13baa919dd2a4811af71c97227204f29/.dawgit_roles.json
❌ No Git repo loaded.
[DEBUG] Skipping QTimer.singleShot — parent not visible.
[WARNING] Stylesheet not loaded: [Errno 2] No such file or directory: 'styles/dawgit_styles.qss'
[DEBUG] Loaded project path: /tmp/test_tagging_13baa919dd2a4811af71c97227204f29
[DEBUG] Calling GitProjectManager.init_repo()
[DEBUG] Initializing Git...
[DEBUG] Found DAW files: [PosixPath('/tmp/test_tagging_13baa919dd2a4811af71c97227204f29/track.als')]
[DEBUG] Found existing Git repo at /tmp/test_tagging_13baa919dd2a4811af71c97227204f29
✅ Saved last project path: /tmp/test_tagging_13baa919dd2a4811af71c97227204f29
[DEBUG] No commit role file found at /tmp/test_tagging_13baa919dd2a4811af71c97227204f29/.dawgit_roles.json
[DEBUG] status label set: Session branch: main — Take: version 1
[DEBUG] Repo valid: True
[DEBUG] HEAD SHA: 18dcb1da6cf44b4cd895086e097398701d4f8dc0
[DEBUG] Total commits: 1
[DEBUG] No commit role file found at /tmp/test_tagging_13baa919dd2a4811af71c97227204f29/.dawgit_roles.json
[DEBUG] Selected row = 0, SHA = 18dcb1da6cf44b4cd895086e097398701d4f8dc0
[DEBUG] ✅ SHA set from selected row: 18dcb1da6cf44b4cd895086e097398701d4f8dc0
[DEBUG] status label set: Session branch: main — Take: version 1
[DEBUG] No commit role file found at /tmp/test_tagging_13baa919dd2a4811af71c97227204f29/.dawgit_roles.json
[DEBUG] Repo valid: True
[DEBUG] HEAD SHA: 18dcb1da6cf44b4cd895086e097398701d4f8dc0
[DEBUG] Total commits: 1
[DEBUG] No commit role file found at /tmp/test_tagging_13baa919dd2a4811af71c97227204f29/.dawgit_roles.json
[DEBUG] Selected row = 0, SHA = 18dcb1da6cf44b4cd895086e097398701d4f8dc0
[DEBUG] ✅ SHA set from selected row: 18dcb1da6cf44b4cd895086e097398701d4f8dc0
[DEBUG] status label set: Session branch: main — Take: version 1
[DEBUG] status label set: Session branch: main — Take: version 1
[DEBUG] Saved commit roles to /tmp/test_tagging_13baa919dd2a4811af71c97227204f29/.dawgit_roles.json
[DEBUG] Assigned role 'my_custom_tag' to commit 18dcb1da6cf44b4cd895086e097398701d4f8dc0
[DEBUG] Saved PROJECT_MARKER.json to /tmp/test_tagging_13baa919dd2a4811af71c97227204f29/PROJECT_MARKER.json
[DEBUG] Saved commit roles to /tmp/test_tagging_13baa919dd2a4811af71c97227204f29/.dawgit_roles.json
PASSED
tests_dawgit/test_commit_tagging.py::test_tag_custom_label_assigns_alt2 [DEBUG] No PROJECT_MARKER.json found — using defaults
[DEBUG] No commit role file found at /private/var/folders/yx/c_cp834d18v7ptq75l5x7twm0000gn/T/pytest-of-niccavendish/pytest-2/test_tag_custom_label_assigns_0/.dawgit_roles.json
❌ No Git repo loaded.
[DEBUG] Skipping QTimer.singleShot — parent not visible.
[WARNING] Stylesheet not loaded: [Errno 2] No such file or directory: 'styles/dawgit_styles.qss'
[DEBUG] Loaded project path: /private/var/folders/yx/c_cp834d18v7ptq75l5x7twm0000gn/T/pytest-of-niccavendish/pytest-2/test_tag_custom_label_assigns_0
[DEBUG] Calling GitProjectManager.init_repo()
[DEBUG] Initializing Git...
[DEBUG] Found DAW files: [PosixPath('/private/var/folders/yx/c_cp834d18v7ptq75l5x7twm0000gn/T/pytest-of-niccavendish/pytest-2/test_tag_custom_label_assigns_0/track.als')]
[DEBUG] Found existing Git repo at /private/var/folders/yx/c_cp834d18v7ptq75l5x7twm0000gn/T/pytest-of-niccavendish/pytest-2/test_tag_custom_label_assigns_0
✅ Saved last project path: /private/var/folders/yx/c_cp834d18v7ptq75l5x7twm0000gn/T/pytest-of-niccavendish/pytest-2/test_tag_custom_label_assigns_0
[DEBUG] No commit role file found at /private/var/folders/yx/c_cp834d18v7ptq75l5x7twm0000gn/T/pytest-of-niccavendish/pytest-2/test_tag_custom_label_assigns_0/.dawgit_roles.json
[DEBUG] status label set: Session branch: main — Take: version 1
[DEBUG] Repo valid: True
[DEBUG] HEAD SHA: a2905a8e13d597914f73e5ed03ee647617b4bb2a
[DEBUG] Total commits: 1
[DEBUG] No commit role file found at /private/var/folders/yx/c_cp834d18v7ptq75l5x7twm0000gn/T/pytest-of-niccavendish/pytest-2/test_tag_custom_label_assigns_0/.dawgit_roles.json
[DEBUG] Selected row = 0, SHA = a2905a8e13d597914f73e5ed03ee647617b4bb2a
[DEBUG] ✅ SHA set from selected row: a2905a8e13d597914f73e5ed03ee647617b4bb2a
[DEBUG] status label set: Session branch: main — Take: version 1
[DEBUG] No commit role file found at /private/var/folders/yx/c_cp834d18v7ptq75l5x7twm0000gn/T/pytest-of-niccavendish/pytest-2/test_tag_custom_label_assigns_0/.dawgit_roles.json
[DEBUG] Repo valid: True
[DEBUG] HEAD SHA: a2905a8e13d597914f73e5ed03ee647617b4bb2a
[DEBUG] Total commits: 1
[DEBUG] No commit role file found at /private/var/folders/yx/c_cp834d18v7ptq75l5x7twm0000gn/T/pytest-of-niccavendish/pytest-2/test_tag_custom_label_assigns_0/.dawgit_roles.json
[DEBUG] Selected row = 0, SHA = a2905a8e13d597914f73e5ed03ee647617b4bb2a
[DEBUG] ✅ SHA set from selected row: a2905a8e13d597914f73e5ed03ee647617b4bb2a
[DEBUG] status label set: Session branch: main — Take: version 1
[DEBUG] status label set: Session branch: main — Take: version 1
[DEBUG] Selected row = 0, SHA = a2905a8e13d597914f73e5ed03ee647617b4bb2a
[DEBUG] ✅ SHA set from selected row: a2905a8e13d597914f73e5ed03ee647617b4bb2a
[DEBUG] Saved commit roles to /private/var/folders/yx/c_cp834d18v7ptq75l5x7twm0000gn/T/pytest-of-niccavendish/pytest-2/test_tag_custom_label_assigns_0/.dawgit_roles.json
[DEBUG] Assigned role 'alt_2' to commit a2905a8e13d597914f73e5ed03ee647617b4bb2a
[DEBUG] Saved PROJECT_MARKER.json to /private/var/folders/yx/c_cp834d18v7ptq75l5x7twm0000gn/T/pytest-of-niccavendish/pytest-2/test_tag_custom_label_assigns_0/PROJECT_MARKER.json
[DEBUG] Saved commit roles to /private/var/folders/yx/c_cp834d18v7ptq75l5x7twm0000gn/T/pytest-of-niccavendish/pytest-2/test_tag_custom_label_assigns_0/.dawgit_roles.json
[STATUS] ✏️ Commit tagged as 'alt_2': a2905a8
[DEBUG] DAWGIT_TEST_MODE active — running load_commit_history directly
[DEBUG] Repo valid: True
[DEBUG] HEAD SHA: a2905a8e13d597914f73e5ed03ee647617b4bb2a
[DEBUG] Total commits: 1
[DEBUG] Loaded commit roles from /private/var/folders/yx/c_cp834d18v7ptq75l5x7twm0000gn/T/pytest-of-niccavendish/pytest-2/test_tag_custom_label_assigns_0/.dawgit_roles.json
[DEBUG] Selected row = 0, SHA = a2905a8e13d597914f73e5ed03ee647617b4bb2a
[DEBUG] ✅ SHA set from selected row: a2905a8e13d597914f73e5ed03ee647617b4bb2a
[DEBUG] status label set: Session branch: main — Take: version 1
PASSED

============================== 5 passed in 5.48s ===============================
============================= test session starts ==============================
platform darwin -- Python 3.12.3, pytest-8.3.5, pluggy-1.5.0 -- /Users/niccavendish/.pyenv/versions/3.12.3/bin/python3.12
cachedir: .pytest_cache
PyQt6 6.9.0 -- Qt runtime 6.9.0 -- Qt compiled 6.9.0
rootdir: /Users/niccavendish/Projects/DAWGitApp
configfile: pytest.ini
plugins: qt-4.4.0, env-1.1.5, timeout-2.4.0, rich-0.2.0
timeout: 10.0s
timeout method: signal
timeout func_only: False
collecting ... collected 5 items

tests_dawgit/test_commit_tagging.py::test_assign_commit_role_variants[Main Mix] [DEBUG] No PROJECT_MARKER.json found — using defaults
[DEBUG] No commit role file found at /tmp/test_tagging_72ea618d05b241899352ce5d72e14d90/.dawgit_roles.json
❌ No Git repo loaded.
[DEBUG] Skipping QTimer.singleShot — parent not visible.
[DEBUG] Loaded project path: /tmp/test_tagging_72ea618d05b241899352ce5d72e14d90
[DEBUG] Calling GitProjectManager.init_repo()
[DEBUG] Initializing Git...
[DEBUG] Found DAW files: [PosixPath('/tmp/test_tagging_72ea618d05b241899352ce5d72e14d90/track.als')]
[DEBUG] Found existing Git repo at /tmp/test_tagging_72ea618d05b241899352ce5d72e14d90
✅ Saved last project path: /tmp/test_tagging_72ea618d05b241899352ce5d72e14d90
[DEBUG] No commit role file found at /tmp/test_tagging_72ea618d05b241899352ce5d72e14d90/.dawgit_roles.json
[DEBUG] status label set: Session branch: main — Take: version 1
[DEBUG] Repo valid: True
[DEBUG] HEAD SHA: adb3b3ea3e5d68c0eb5fc3c5925db81610d95878
[DEBUG] Total commits: 1
[DEBUG] No commit role file found at /tmp/test_tagging_72ea618d05b241899352ce5d72e14d90/.dawgit_roles.json
[DEBUG] Selected row = 0, SHA = adb3b3ea3e5d68c0eb5fc3c5925db81610d95878
[DEBUG] ✅ SHA set from selected row: adb3b3ea3e5d68c0eb5fc3c5925db81610d95878
[DEBUG] status label set: Session branch: main — Take: version 1
[DEBUG] No commit role file found at /tmp/test_tagging_72ea618d05b241899352ce5d72e14d90/.dawgit_roles.json
[DEBUG] Repo valid: True
[DEBUG] HEAD SHA: adb3b3ea3e5d68c0eb5fc3c5925db81610d95878
[DEBUG] Total commits: 1
[DEBUG] No commit role file found at /tmp/test_tagging_72ea618d05b241899352ce5d72e14d90/.dawgit_roles.json
[DEBUG] Selected row = 0, SHA = adb3b3ea3e5d68c0eb5fc3c5925db81610d95878
[DEBUG] ✅ SHA set from selected row: adb3b3ea3e5d68c0eb5fc3c5925db81610d95878
[DEBUG] status label set: Session branch: main — Take: version 1
[DEBUG] status label set: Session branch: main — Take: version 1
[DEBUG] Role 'Main Mix' assigned to commit adb3b3ea3e5d68c0eb5fc3c5925db81610d95878
[DEBUG] Saved commit roles to /tmp/test_tagging_72ea618d05b241899352ce5d72e14d90/.dawgit_roles.json
[DEBUG] Assigned role 'Main Mix' to commit adb3b3ea3e5d68c0eb5fc3c5925db81610d95878
[DEBUG] Saved PROJECT_MARKER.json to /tmp/test_tagging_72ea618d05b241899352ce5d72e14d90/PROJECT_MARKER.json
[DEBUG] Saved commit roles to /tmp/test_tagging_72ea618d05b241899352ce5d72e14d90/.dawgit_roles.json
PASSED
tests_dawgit/test_commit_tagging.py::test_assign_commit_role_variants[creative_take] [DEBUG] No PROJECT_MARKER.json found — using defaults
[DEBUG] No commit role file found at /tmp/test_tagging_a140f24f4857471292cc4b10ffcc6abf/.dawgit_roles.json
❌ No Git repo loaded.
[DEBUG] Skipping QTimer.singleShot — parent not visible.
[WARNING] Stylesheet not loaded: [Errno 2] No such file or directory: 'styles/dawgit_styles.qss'
[DEBUG] Loaded project path: /tmp/test_tagging_a140f24f4857471292cc4b10ffcc6abf
[DEBUG] Calling GitProjectManager.init_repo()
[DEBUG] Initializing Git...
[DEBUG] Found DAW files: [PosixPath('/tmp/test_tagging_a140f24f4857471292cc4b10ffcc6abf/track.als')]
[DEBUG] Found existing Git repo at /tmp/test_tagging_a140f24f4857471292cc4b10ffcc6abf
✅ Saved last project path: /tmp/test_tagging_a140f24f4857471292cc4b10ffcc6abf
[DEBUG] No commit role file found at /tmp/test_tagging_a140f24f4857471292cc4b10ffcc6abf/.dawgit_roles.json
[DEBUG] status label set: Session branch: main — Take: version 1
[DEBUG] Repo valid: True
[DEBUG] HEAD SHA: 12e3d948a6b28e2a153c527717bb4d3fda193a26
[DEBUG] Total commits: 1
[DEBUG] No commit role file found at /tmp/test_tagging_a140f24f4857471292cc4b10ffcc6abf/.dawgit_roles.json
[DEBUG] Selected row = 0, SHA = 12e3d948a6b28e2a153c527717bb4d3fda193a26
[DEBUG] ✅ SHA set from selected row: 12e3d948a6b28e2a153c527717bb4d3fda193a26
[DEBUG] status label set: Session branch: main — Take: version 1
[DEBUG] No commit role file found at /tmp/test_tagging_a140f24f4857471292cc4b10ffcc6abf/.dawgit_roles.json
[DEBUG] Repo valid: True
[DEBUG] HEAD SHA: 12e3d948a6b28e2a153c527717bb4d3fda193a26
[DEBUG] Total commits: 1
[DEBUG] No commit role file found at /tmp/test_tagging_a140f24f4857471292cc4b10ffcc6abf/.dawgit_roles.json
[DEBUG] Selected row = 0, SHA = 12e3d948a6b28e2a153c527717bb4d3fda193a26
[DEBUG] ✅ SHA set from selected row: 12e3d948a6b28e2a153c527717bb4d3fda193a26
[DEBUG] status label set: Session branch: main — Take: version 1
[DEBUG] status label set: Session branch: main — Take: version 1
[DEBUG] Role 'creative_take' assigned to commit 12e3d948a6b28e2a153c527717bb4d3fda193a26
[DEBUG] Saved commit roles to /tmp/test_tagging_a140f24f4857471292cc4b10ffcc6abf/.dawgit_roles.json
[DEBUG] Assigned role 'creative_take' to commit 12e3d948a6b28e2a153c527717bb4d3fda193a26
[DEBUG] Saved PROJECT_MARKER.json to /tmp/test_tagging_a140f24f4857471292cc4b10ffcc6abf/PROJECT_MARKER.json
[DEBUG] Saved commit roles to /tmp/test_tagging_a140f24f4857471292cc4b10ffcc6abf/.dawgit_roles.json
PASSED
tests_dawgit/test_commit_tagging.py::test_assign_commit_role_variants[alt_mixdown] [DEBUG] No PROJECT_MARKER.json found — using defaults
[DEBUG] No commit role file found at /tmp/test_tagging_6fb32ecb0eb043cb92b029893b2c6dd9/.dawgit_roles.json
❌ No Git repo loaded.
[DEBUG] Skipping QTimer.singleShot — parent not visible.
[WARNING] Stylesheet not loaded: [Errno 2] No such file or directory: 'styles/dawgit_styles.qss'
[DEBUG] Loaded project path: /tmp/test_tagging_6fb32ecb0eb043cb92b029893b2c6dd9
[DEBUG] Calling GitProjectManager.init_repo()
[DEBUG] Initializing Git...
[DEBUG] Found DAW files: [PosixPath('/tmp/test_tagging_6fb32ecb0eb043cb92b029893b2c6dd9/track.als')]
[DEBUG] Found existing Git repo at /tmp/test_tagging_6fb32ecb0eb043cb92b029893b2c6dd9
✅ Saved last project path: /tmp/test_tagging_6fb32ecb0eb043cb92b029893b2c6dd9
[DEBUG] No commit role file found at /tmp/test_tagging_6fb32ecb0eb043cb92b029893b2c6dd9/.dawgit_roles.json
[DEBUG] status label set: Session branch: main — Take: version 1
[DEBUG] Repo valid: True
[DEBUG] HEAD SHA: 12e3d948a6b28e2a153c527717bb4d3fda193a26
[DEBUG] Total commits: 1
[DEBUG] No commit role file found at /tmp/test_tagging_6fb32ecb0eb043cb92b029893b2c6dd9/.dawgit_roles.json
[DEBUG] Selected row = 0, SHA = 12e3d948a6b28e2a153c527717bb4d3fda193a26
[DEBUG] ✅ SHA set from selected row: 12e3d948a6b28e2a153c527717bb4d3fda193a26
[DEBUG] status label set: Session branch: main — Take: version 1
[DEBUG] No commit role file found at /tmp/test_tagging_6fb32ecb0eb043cb92b029893b2c6dd9/.dawgit_roles.json
[DEBUG] Repo valid: True
[DEBUG] HEAD SHA: 12e3d948a6b28e2a153c527717bb4d3fda193a26
[DEBUG] Total commits: 1
[DEBUG] No commit role file found at /tmp/test_tagging_6fb32ecb0eb043cb92b029893b2c6dd9/.dawgit_roles.json
[DEBUG] Selected row = 0, SHA = 12e3d948a6b28e2a153c527717bb4d3fda193a26
[DEBUG] ✅ SHA set from selected row: 12e3d948a6b28e2a153c527717bb4d3fda193a26
[DEBUG] status label set: Session branch: main — Take: version 1
[DEBUG] status label set: Session branch: main — Take: version 1
[DEBUG] Role 'alt_mixdown' assigned to commit 12e3d948a6b28e2a153c527717bb4d3fda193a26
[DEBUG] Saved commit roles to /tmp/test_tagging_6fb32ecb0eb043cb92b029893b2c6dd9/.dawgit_roles.json
[DEBUG] Assigned role 'alt_mixdown' to commit 12e3d948a6b28e2a153c527717bb4d3fda193a26
[DEBUG] Saved PROJECT_MARKER.json to /tmp/test_tagging_6fb32ecb0eb043cb92b029893b2c6dd9/PROJECT_MARKER.json
[DEBUG] Saved commit roles to /tmp/test_tagging_6fb32ecb0eb043cb92b029893b2c6dd9/.dawgit_roles.json
PASSED
tests_dawgit/test_commit_tagging.py::test_assign_commit_role_variants[my_custom_tag] [DEBUG] No PROJECT_MARKER.json found — using defaults
[DEBUG] No commit role file found at /tmp/test_tagging_79202b99a3544681b37906f8b725410b/.dawgit_roles.json
❌ No Git repo loaded.
[DEBUG] Skipping QTimer.singleShot — parent not visible.
[WARNING] Stylesheet not loaded: [Errno 2] No such file or directory: 'styles/dawgit_styles.qss'
[DEBUG] Loaded project path: /tmp/test_tagging_79202b99a3544681b37906f8b725410b
[DEBUG] Calling GitProjectManager.init_repo()
[DEBUG] Initializing Git...
[DEBUG] Found DAW files: [PosixPath('/tmp/test_tagging_79202b99a3544681b37906f8b725410b/track.als')]
[DEBUG] Found existing Git repo at /tmp/test_tagging_79202b99a3544681b37906f8b725410b
✅ Saved last project path: /tmp/test_tagging_79202b99a3544681b37906f8b725410b
[DEBUG] No commit role file found at /tmp/test_tagging_79202b99a3544681b37906f8b725410b/.dawgit_roles.json
[DEBUG] status label set: Session branch: main — Take: version 1
[DEBUG] Repo valid: True
[DEBUG] HEAD SHA: 31cb77328302f3664ac2beb2d9ac3a1fbbbd6340
[DEBUG] Total commits: 1
[DEBUG] No commit role file found at /tmp/test_tagging_79202b99a3544681b37906f8b725410b/.dawgit_roles.json
[DEBUG] Selected row = 0, SHA = 31cb77328302f3664ac2beb2d9ac3a1fbbbd6340
[DEBUG] ✅ SHA set from selected row: 31cb77328302f3664ac2beb2d9ac3a1fbbbd6340
[DEBUG] status label set: Session branch: main — Take: version 1
[DEBUG] No commit role file found at /tmp/test_tagging_79202b99a3544681b37906f8b725410b/.dawgit_roles.json
[DEBUG] Repo valid: True
[DEBUG] HEAD SHA: 31cb77328302f3664ac2beb2d9ac3a1fbbbd6340
[DEBUG] Total commits: 1
[DEBUG] No commit role file found at /tmp/test_tagging_79202b99a3544681b37906f8b725410b/.dawgit_roles.json
[DEBUG] Selected row = 0, SHA = 31cb77328302f3664ac2beb2d9ac3a1fbbbd6340
[DEBUG] ✅ SHA set from selected row: 31cb77328302f3664ac2beb2d9ac3a1fbbbd6340
[DEBUG] status label set: Session branch: main — Take: version 1
[DEBUG] status label set: Session branch: main — Take: version 1
[DEBUG] Role 'my_custom_tag' assigned to commit 31cb77328302f3664ac2beb2d9ac3a1fbbbd6340
[DEBUG] Saved commit roles to /tmp/test_tagging_79202b99a3544681b37906f8b725410b/.dawgit_roles.json
[DEBUG] Assigned role 'my_custom_tag' to commit 31cb77328302f3664ac2beb2d9ac3a1fbbbd6340
[DEBUG] Saved PROJECT_MARKER.json to /tmp/test_tagging_79202b99a3544681b37906f8b725410b/PROJECT_MARKER.json
[DEBUG] Saved commit roles to /tmp/test_tagging_79202b99a3544681b37906f8b725410b/.dawgit_roles.json
PASSED
tests_dawgit/test_commit_tagging.py::test_tag_custom_label_assigns_alt2 [DEBUG] No PROJECT_MARKER.json found — using defaults
[DEBUG] No commit role file found at /private/var/folders/yx/c_cp834d18v7ptq75l5x7twm0000gn/T/pytest-of-niccavendish/pytest-1/test_tag_custom_label_assigns_0/.dawgit_roles.json
❌ No Git repo loaded.
[DEBUG] Skipping QTimer.singleShot — parent not visible.
[WARNING] Stylesheet not loaded: [Errno 2] No such file or directory: 'styles/dawgit_styles.qss'
[DEBUG] Loaded project path: /private/var/folders/yx/c_cp834d18v7ptq75l5x7twm0000gn/T/pytest-of-niccavendish/pytest-1/test_tag_custom_label_assigns_0
[DEBUG] Calling GitProjectManager.init_repo()
[DEBUG] Initializing Git...
[DEBUG] Found DAW files: [PosixPath('/private/var/folders/yx/c_cp834d18v7ptq75l5x7twm0000gn/T/pytest-of-niccavendish/pytest-1/test_tag_custom_label_assigns_0/track.als')]
[DEBUG] Found existing Git repo at /private/var/folders/yx/c_cp834d18v7ptq75l5x7twm0000gn/T/pytest-of-niccavendish/pytest-1/test_tag_custom_label_assigns_0
✅ Saved last project path: /private/var/folders/yx/c_cp834d18v7ptq75l5x7twm0000gn/T/pytest-of-niccavendish/pytest-1/test_tag_custom_label_assigns_0
[DEBUG] No commit role file found at /private/var/folders/yx/c_cp834d18v7ptq75l5x7twm0000gn/T/pytest-of-niccavendish/pytest-1/test_tag_custom_label_assigns_0/.dawgit_roles.json
[DEBUG] status label set: Session branch: main — Take: version 1
[DEBUG] Repo valid: True
[DEBUG] HEAD SHA: 6078a0a03805fd561199777a4a76d415a6af649a
[DEBUG] Total commits: 1
[DEBUG] No commit role file found at /private/var/folders/yx/c_cp834d18v7ptq75l5x7twm0000gn/T/pytest-of-niccavendish/pytest-1/test_tag_custom_label_assigns_0/.dawgit_roles.json
[DEBUG] Selected row = 0, SHA = 6078a0a03805fd561199777a4a76d415a6af649a
[DEBUG] ✅ SHA set from selected row: 6078a0a03805fd561199777a4a76d415a6af649a
[DEBUG] status label set: Session branch: main — Take: version 1
[DEBUG] No commit role file found at /private/var/folders/yx/c_cp834d18v7ptq75l5x7twm0000gn/T/pytest-of-niccavendish/pytest-1/test_tag_custom_label_assigns_0/.dawgit_roles.json
[DEBUG] Repo valid: True
[DEBUG] HEAD SHA: 6078a0a03805fd561199777a4a76d415a6af649a
[DEBUG] Total commits: 1
[DEBUG] No commit role file found at /private/var/folders/yx/c_cp834d18v7ptq75l5x7twm0000gn/T/pytest-of-niccavendish/pytest-1/test_tag_custom_label_assigns_0/.dawgit_roles.json
[DEBUG] Selected row = 0, SHA = 6078a0a03805fd561199777a4a76d415a6af649a
[DEBUG] ✅ SHA set from selected row: 6078a0a03805fd561199777a4a76d415a6af649a
[DEBUG] status label set: Session branch: main — Take: version 1
[DEBUG] status label set: Session branch: main — Take: version 1
[DEBUG] Selected row = 0, SHA = 6078a0a03805fd561199777a4a76d415a6af649a
[DEBUG] ✅ SHA set from selected row: 6078a0a03805fd561199777a4a76d415a6af649a
[DEBUG] Role 'alt_2' assigned to commit 6078a0a03805fd561199777a4a76d415a6af649a
[DEBUG] Saved commit roles to /private/var/folders/yx/c_cp834d18v7ptq75l5x7twm0000gn/T/pytest-of-niccavendish/pytest-1/test_tag_custom_label_assigns_0/.dawgit_roles.json
[DEBUG] Assigned role 'alt_2' to commit 6078a0a03805fd561199777a4a76d415a6af649a
[DEBUG] Saved PROJECT_MARKER.json to /private/var/folders/yx/c_cp834d18v7ptq75l5x7twm0000gn/T/pytest-of-niccavendish/pytest-1/test_tag_custom_label_assigns_0/PROJECT_MARKER.json
[DEBUG] Saved commit roles to /private/var/folders/yx/c_cp834d18v7ptq75l5x7twm0000gn/T/pytest-of-niccavendish/pytest-1/test_tag_custom_label_assigns_0/.dawgit_roles.json
[STATUS] ✏️ Commit tagged as 'alt_2': 6078a0a
[DEBUG] DAWGIT_TEST_MODE active — running load_commit_history directly
[DEBUG] Repo valid: True
[DEBUG] HEAD SHA: 6078a0a03805fd561199777a4a76d415a6af649a
[DEBUG] Total commits: 1
[DEBUG] Loaded commit roles from /private/var/folders/yx/c_cp834d18v7ptq75l5x7twm0000gn/T/pytest-of-niccavendish/pytest-1/test_tag_custom_label_assigns_0/.dawgit_roles.json
[DEBUG] Selected row = 0, SHA = 6078a0a03805fd561199777a4a76d415a6af649a
[DEBUG] ✅ SHA set from selected row: 6078a0a03805fd561199777a4a76d415a6af649a
[DEBUG] status label set: Session branch: main — Take: version 1
PASSED

============================== 5 passed in 5.79s ===============================
============================= test session starts ==============================
platform darwin -- Python 3.12.3, pytest-8.3.5, pluggy-1.5.0 -- /Users/niccavendish/.pyenv/versions/3.12.3/bin/python3.12
cachedir: .pytest_cache
PyQt6 6.9.0 -- Qt runtime 6.9.0 -- Qt compiled 6.9.0
rootdir: /Users/niccavendish/Projects/DAWGitApp
configfile: pytest.ini
plugins: qt-4.4.0, env-1.1.5, timeout-2.4.0, rich-0.2.0
timeout: 10.0s
timeout method: signal
timeout func_only: False
collecting ... collected 5 items

tests_dawgit/test_commit_tagging.py::test_assign_commit_role_variants[Main Mix] [DEBUG] No PROJECT_MARKER.json found — using defaults
[DEBUG] No commit role file found at /tmp/test_tagging_b1ce41377c8d4ffd8e712ec9a518da99/.dawgit_roles.json
❌ No Git repo loaded.
[DEBUG] Skipping QTimer.singleShot — parent not visible.
[DEBUG] Loaded project path: /tmp/test_tagging_b1ce41377c8d4ffd8e712ec9a518da99
[DEBUG] Calling GitProjectManager.init_repo()
[DEBUG] Initializing Git...
[DEBUG] Found DAW files: [PosixPath('/tmp/test_tagging_b1ce41377c8d4ffd8e712ec9a518da99/track.als')]
[DEBUG] Found existing Git repo at /tmp/test_tagging_b1ce41377c8d4ffd8e712ec9a518da99
✅ Saved last project path: /tmp/test_tagging_b1ce41377c8d4ffd8e712ec9a518da99
[DEBUG] No commit role file found at /tmp/test_tagging_b1ce41377c8d4ffd8e712ec9a518da99/.dawgit_roles.json
[DEBUG] status label set: Session branch: main — Take: version 1
[DEBUG] Repo valid: True
[DEBUG] HEAD SHA: 16dd5420dae718076c1a3aec164ebb92b3acef37
[DEBUG] Total commits: 1
[DEBUG] No commit role file found at /tmp/test_tagging_b1ce41377c8d4ffd8e712ec9a518da99/.dawgit_roles.json
[DEBUG] Selected row = 0, SHA = 16dd5420dae718076c1a3aec164ebb92b3acef37
[DEBUG] ✅ SHA set from selected row: 16dd5420dae718076c1a3aec164ebb92b3acef37
[DEBUG] status label set: Session branch: main — Take: version 1
[DEBUG] No commit role file found at /tmp/test_tagging_b1ce41377c8d4ffd8e712ec9a518da99/.dawgit_roles.json
[DEBUG] Repo valid: True
[DEBUG] HEAD SHA: 16dd5420dae718076c1a3aec164ebb92b3acef37
[DEBUG] Total commits: 1
[DEBUG] No commit role file found at /tmp/test_tagging_b1ce41377c8d4ffd8e712ec9a518da99/.dawgit_roles.json
[DEBUG] Selected row = 0, SHA = 16dd5420dae718076c1a3aec164ebb92b3acef37
[DEBUG] ✅ SHA set from selected row: 16dd5420dae718076c1a3aec164ebb92b3acef37
[DEBUG] status label set: Session branch: main — Take: version 1
[DEBUG] status label set: Session branch: main — Take: version 1
[DEBUG] Role 'Main Mix' assigned to commit 16dd5420dae718076c1a3aec164ebb92b3acef37
[DEBUG] Saved commit roles to /tmp/test_tagging_b1ce41377c8d4ffd8e712ec9a518da99/.dawgit_roles.json
[DEBUG] Assigned role 'Main Mix' to commit 16dd5420dae718076c1a3aec164ebb92b3acef37
[DEBUG] Saved PROJECT_MARKER.json to /tmp/test_tagging_b1ce41377c8d4ffd8e712ec9a518da99/PROJECT_MARKER.json
[DEBUG] Saved commit roles to /tmp/test_tagging_b1ce41377c8d4ffd8e712ec9a518da99/.dawgit_roles.json
PASSED
tests_dawgit/test_commit_tagging.py::test_assign_commit_role_variants[creative_take] [DEBUG] No PROJECT_MARKER.json found — using defaults
[DEBUG] No commit role file found at /tmp/test_tagging_469bf55059614e1c925e0540c536ddc0/.dawgit_roles.json
❌ No Git repo loaded.
[DEBUG] Skipping QTimer.singleShot — parent not visible.
[WARNING] Stylesheet not loaded: [Errno 2] No such file or directory: 'styles/dawgit_styles.qss'
[DEBUG] Loaded project path: /tmp/test_tagging_469bf55059614e1c925e0540c536ddc0
[DEBUG] Calling GitProjectManager.init_repo()
[DEBUG] Initializing Git...
[DEBUG] Found DAW files: [PosixPath('/tmp/test_tagging_469bf55059614e1c925e0540c536ddc0/track.als')]
[DEBUG] Found existing Git repo at /tmp/test_tagging_469bf55059614e1c925e0540c536ddc0
✅ Saved last project path: /tmp/test_tagging_469bf55059614e1c925e0540c536ddc0
[DEBUG] No commit role file found at /tmp/test_tagging_469bf55059614e1c925e0540c536ddc0/.dawgit_roles.json
[DEBUG] status label set: Session branch: main — Take: version 1
[DEBUG] Repo valid: True
[DEBUG] HEAD SHA: c058fd67cab9bfc13162f08485767c55c29e3913
[DEBUG] Total commits: 1
[DEBUG] No commit role file found at /tmp/test_tagging_469bf55059614e1c925e0540c536ddc0/.dawgit_roles.json
[DEBUG] Selected row = 0, SHA = c058fd67cab9bfc13162f08485767c55c29e3913
[DEBUG] ✅ SHA set from selected row: c058fd67cab9bfc13162f08485767c55c29e3913
[DEBUG] status label set: Session branch: main — Take: version 1
[DEBUG] No commit role file found at /tmp/test_tagging_469bf55059614e1c925e0540c536ddc0/.dawgit_roles.json
[DEBUG] Repo valid: True
[DEBUG] HEAD SHA: c058fd67cab9bfc13162f08485767c55c29e3913
[DEBUG] Total commits: 1
[DEBUG] No commit role file found at /tmp/test_tagging_469bf55059614e1c925e0540c536ddc0/.dawgit_roles.json
[DEBUG] Selected row = 0, SHA = c058fd67cab9bfc13162f08485767c55c29e3913
[DEBUG] ✅ SHA set from selected row: c058fd67cab9bfc13162f08485767c55c29e3913
[DEBUG] status label set: Session branch: main — Take: version 1
[DEBUG] status label set: Session branch: main — Take: version 1
[DEBUG] Role 'creative_take' assigned to commit c058fd67cab9bfc13162f08485767c55c29e3913
[DEBUG] Saved commit roles to /tmp/test_tagging_469bf55059614e1c925e0540c536ddc0/.dawgit_roles.json
[DEBUG] Assigned role 'creative_take' to commit c058fd67cab9bfc13162f08485767c55c29e3913
[DEBUG] Saved PROJECT_MARKER.json to /tmp/test_tagging_469bf55059614e1c925e0540c536ddc0/PROJECT_MARKER.json
[DEBUG] Saved commit roles to /tmp/test_tagging_469bf55059614e1c925e0540c536ddc0/.dawgit_roles.json
PASSED
tests_dawgit/test_commit_tagging.py::test_assign_commit_role_variants[alt_mixdown] [DEBUG] No PROJECT_MARKER.json found — using defaults
[DEBUG] No commit role file found at /tmp/test_tagging_3c0969b0d8c045638d68c8f533dc7736/.dawgit_roles.json
❌ No Git repo loaded.
[DEBUG] Skipping QTimer.singleShot — parent not visible.
[WARNING] Stylesheet not loaded: [Errno 2] No such file or directory: 'styles/dawgit_styles.qss'
[DEBUG] Loaded project path: /tmp/test_tagging_3c0969b0d8c045638d68c8f533dc7736
[DEBUG] Calling GitProjectManager.init_repo()
[DEBUG] Initializing Git...
[DEBUG] Found DAW files: [PosixPath('/tmp/test_tagging_3c0969b0d8c045638d68c8f533dc7736/track.als')]
[DEBUG] Found existing Git repo at /tmp/test_tagging_3c0969b0d8c045638d68c8f533dc7736
✅ Saved last project path: /tmp/test_tagging_3c0969b0d8c045638d68c8f533dc7736
[DEBUG] No commit role file found at /tmp/test_tagging_3c0969b0d8c045638d68c8f533dc7736/.dawgit_roles.json
[DEBUG] status label set: Session branch: main — Take: version 1
[DEBUG] Repo valid: True
[DEBUG] HEAD SHA: ab14623644dad5b6dad3dcc39f6ec4a028fdddfc
[DEBUG] Total commits: 1
[DEBUG] No commit role file found at /tmp/test_tagging_3c0969b0d8c045638d68c8f533dc7736/.dawgit_roles.json
[DEBUG] Selected row = 0, SHA = ab14623644dad5b6dad3dcc39f6ec4a028fdddfc
[DEBUG] ✅ SHA set from selected row: ab14623644dad5b6dad3dcc39f6ec4a028fdddfc
[DEBUG] status label set: Session branch: main — Take: version 1
[DEBUG] No commit role file found at /tmp/test_tagging_3c0969b0d8c045638d68c8f533dc7736/.dawgit_roles.json
[DEBUG] Repo valid: True
[DEBUG] HEAD SHA: ab14623644dad5b6dad3dcc39f6ec4a028fdddfc
[DEBUG] Total commits: 1
[DEBUG] No commit role file found at /tmp/test_tagging_3c0969b0d8c045638d68c8f533dc7736/.dawgit_roles.json
[DEBUG] Selected row = 0, SHA = ab14623644dad5b6dad3dcc39f6ec4a028fdddfc
[DEBUG] ✅ SHA set from selected row: ab14623644dad5b6dad3dcc39f6ec4a028fdddfc
[DEBUG] status label set: Session branch: main — Take: version 1
[DEBUG] status label set: Session branch: main — Take: version 1
[DEBUG] Role 'alt_mixdown' assigned to commit ab14623644dad5b6dad3dcc39f6ec4a028fdddfc
[DEBUG] Saved commit roles to /tmp/test_tagging_3c0969b0d8c045638d68c8f533dc7736/.dawgit_roles.json
[DEBUG] Assigned role 'alt_mixdown' to commit ab14623644dad5b6dad3dcc39f6ec4a028fdddfc
[DEBUG] Saved PROJECT_MARKER.json to /tmp/test_tagging_3c0969b0d8c045638d68c8f533dc7736/PROJECT_MARKER.json
[DEBUG] Saved commit roles to /tmp/test_tagging_3c0969b0d8c045638d68c8f533dc7736/.dawgit_roles.json
PASSED
tests_dawgit/test_commit_tagging.py::test_assign_commit_role_variants[my_custom_tag] [DEBUG] No PROJECT_MARKER.json found — using defaults
[DEBUG] No commit role file found at /tmp/test_tagging_0cfa9b27d646402aaa6357367d89e995/.dawgit_roles.json
❌ No Git repo loaded.
[DEBUG] Skipping QTimer.singleShot — parent not visible.
[WARNING] Stylesheet not loaded: [Errno 2] No such file or directory: 'styles/dawgit_styles.qss'
[DEBUG] Loaded project path: /tmp/test_tagging_0cfa9b27d646402aaa6357367d89e995
[DEBUG] Calling GitProjectManager.init_repo()
[DEBUG] Initializing Git...
[DEBUG] Found DAW files: [PosixPath('/tmp/test_tagging_0cfa9b27d646402aaa6357367d89e995/track.als')]
[DEBUG] Found existing Git repo at /tmp/test_tagging_0cfa9b27d646402aaa6357367d89e995
✅ Saved last project path: /tmp/test_tagging_0cfa9b27d646402aaa6357367d89e995
[DEBUG] No commit role file found at /tmp/test_tagging_0cfa9b27d646402aaa6357367d89e995/.dawgit_roles.json
[DEBUG] status label set: Session branch: main — Take: version 1
[DEBUG] Repo valid: True
[DEBUG] HEAD SHA: 8f03c8e3fb51a1b252dcf5123c6e0bee9df01cb2
[DEBUG] Total commits: 1
[DEBUG] No commit role file found at /tmp/test_tagging_0cfa9b27d646402aaa6357367d89e995/.dawgit_roles.json
[DEBUG] Selected row = 0, SHA = 8f03c8e3fb51a1b252dcf5123c6e0bee9df01cb2
[DEBUG] ✅ SHA set from selected row: 8f03c8e3fb51a1b252dcf5123c6e0bee9df01cb2
[DEBUG] status label set: Session branch: main — Take: version 1
[DEBUG] No commit role file found at /tmp/test_tagging_0cfa9b27d646402aaa6357367d89e995/.dawgit_roles.json
[DEBUG] Repo valid: True
[DEBUG] HEAD SHA: 8f03c8e3fb51a1b252dcf5123c6e0bee9df01cb2
[DEBUG] Total commits: 1
[DEBUG] No commit role file found at /tmp/test_tagging_0cfa9b27d646402aaa6357367d89e995/.dawgit_roles.json
[DEBUG] Selected row = 0, SHA = 8f03c8e3fb51a1b252dcf5123c6e0bee9df01cb2
[DEBUG] ✅ SHA set from selected row: 8f03c8e3fb51a1b252dcf5123c6e0bee9df01cb2
[DEBUG] status label set: Session branch: main — Take: version 1
[DEBUG] status label set: Session branch: main — Take: version 1
[DEBUG] Role 'my_custom_tag' assigned to commit 8f03c8e3fb51a1b252dcf5123c6e0bee9df01cb2
[DEBUG] Saved commit roles to /tmp/test_tagging_0cfa9b27d646402aaa6357367d89e995/.dawgit_roles.json
[DEBUG] Assigned role 'my_custom_tag' to commit 8f03c8e3fb51a1b252dcf5123c6e0bee9df01cb2
[DEBUG] Saved PROJECT_MARKER.json to /tmp/test_tagging_0cfa9b27d646402aaa6357367d89e995/PROJECT_MARKER.json
[DEBUG] Saved commit roles to /tmp/test_tagging_0cfa9b27d646402aaa6357367d89e995/.dawgit_roles.json
PASSED
tests_dawgit/test_commit_tagging.py::test_tag_custom_label_assigns_alt2 [DEBUG] No PROJECT_MARKER.json found — using defaults
[DEBUG] No commit role file found at /private/var/folders/yx/c_cp834d18v7ptq75l5x7twm0000gn/T/pytest-of-niccavendish/pytest-0/test_tag_custom_label_assigns_0/.dawgit_roles.json
❌ No Git repo loaded.
[DEBUG] Skipping QTimer.singleShot — parent not visible.
[WARNING] Stylesheet not loaded: [Errno 2] No such file or directory: 'styles/dawgit_styles.qss'
[DEBUG] Loaded project path: /private/var/folders/yx/c_cp834d18v7ptq75l5x7twm0000gn/T/pytest-of-niccavendish/pytest-0/test_tag_custom_label_assigns_0
[DEBUG] Calling GitProjectManager.init_repo()
[DEBUG] Initializing Git...
[DEBUG] Found DAW files: [PosixPath('/private/var/folders/yx/c_cp834d18v7ptq75l5x7twm0000gn/T/pytest-of-niccavendish/pytest-0/test_tag_custom_label_assigns_0/track.als')]
[DEBUG] Found existing Git repo at /private/var/folders/yx/c_cp834d18v7ptq75l5x7twm0000gn/T/pytest-of-niccavendish/pytest-0/test_tag_custom_label_assigns_0
✅ Saved last project path: /private/var/folders/yx/c_cp834d18v7ptq75l5x7twm0000gn/T/pytest-of-niccavendish/pytest-0/test_tag_custom_label_assigns_0
[DEBUG] No commit role file found at /private/var/folders/yx/c_cp834d18v7ptq75l5x7twm0000gn/T/pytest-of-niccavendish/pytest-0/test_tag_custom_label_assigns_0/.dawgit_roles.json
[DEBUG] status label set: Session branch: main — Take: version 1
[DEBUG] Repo valid: True
[DEBUG] HEAD SHA: 89daab58051d96cd52721f69803bf495192f0215
[DEBUG] Total commits: 1
[DEBUG] No commit role file found at /private/var/folders/yx/c_cp834d18v7ptq75l5x7twm0000gn/T/pytest-of-niccavendish/pytest-0/test_tag_custom_label_assigns_0/.dawgit_roles.json
[DEBUG] Selected row = 0, SHA = 89daab58051d96cd52721f69803bf495192f0215
[DEBUG] ✅ SHA set from selected row: 89daab58051d96cd52721f69803bf495192f0215
[DEBUG] status label set: Session branch: main — Take: version 1
[DEBUG] No commit role file found at /private/var/folders/yx/c_cp834d18v7ptq75l5x7twm0000gn/T/pytest-of-niccavendish/pytest-0/test_tag_custom_label_assigns_0/.dawgit_roles.json
[DEBUG] Repo valid: True
[DEBUG] HEAD SHA: 89daab58051d96cd52721f69803bf495192f0215
[DEBUG] Total commits: 1
[DEBUG] No commit role file found at /private/var/folders/yx/c_cp834d18v7ptq75l5x7twm0000gn/T/pytest-of-niccavendish/pytest-0/test_tag_custom_label_assigns_0/.dawgit_roles.json
[DEBUG] Selected row = 0, SHA = 89daab58051d96cd52721f69803bf495192f0215
[DEBUG] ✅ SHA set from selected row: 89daab58051d96cd52721f69803bf495192f0215
[DEBUG] status label set: Session branch: main — Take: version 1
[DEBUG] status label set: Session branch: main — Take: version 1
[DEBUG] Selected row = 0, SHA = 89daab58051d96cd52721f69803bf495192f0215
[DEBUG] ✅ SHA set from selected row: 89daab58051d96cd52721f69803bf495192f0215
[DEBUG] Role 'alt_2' assigned to commit 89daab58051d96cd52721f69803bf495192f0215
[DEBUG] Saved commit roles to /private/var/folders/yx/c_cp834d18v7ptq75l5x7twm0000gn/T/pytest-of-niccavendish/pytest-0/test_tag_custom_label_assigns_0/.dawgit_roles.json
[DEBUG] Assigned role 'alt_2' to commit 89daab58051d96cd52721f69803bf495192f0215
[DEBUG] Saved PROJECT_MARKER.json to /private/var/folders/yx/c_cp834d18v7ptq75l5x7twm0000gn/T/pytest-of-niccavendish/pytest-0/test_tag_custom_label_assigns_0/PROJECT_MARKER.json
[DEBUG] Saved commit roles to /private/var/folders/yx/c_cp834d18v7ptq75l5x7twm0000gn/T/pytest-of-niccavendish/pytest-0/test_tag_custom_label_assigns_0/.dawgit_roles.json
[STATUS] ✏️ Commit tagged as 'alt_2': 89daab5
[DEBUG] DAWGIT_TEST_MODE active — running load_commit_history directly
[DEBUG] Repo valid: True
[DEBUG] HEAD SHA: 89daab58051d96cd52721f69803bf495192f0215
[DEBUG] Total commits: 1
[DEBUG] Loaded commit roles from /private/var/folders/yx/c_cp834d18v7ptq75l5x7twm0000gn/T/pytest-of-niccavendish/pytest-0/test_tag_custom_label_assigns_0/.dawgit_roles.json
[DEBUG] Selected row = 0, SHA = 89daab58051d96cd52721f69803bf495192f0215
[DEBUG] ✅ SHA set from selected row: 89daab58051d96cd52721f69803bf495192f0215
[DEBUG] status label set: Session branch: main — Take: version 1
PASSED

============================== 5 passed in 5.49s ===============================
============================= test session starts ==============================
platform darwin -- Python 3.12.3, pytest-8.3.5, pluggy-1.5.0 -- /Users/niccavendish/.pyenv/versions/3.12.3/bin/python3.12
cachedir: .pytest_cache
PyQt6 6.9.0 -- Qt runtime 6.9.0 -- Qt compiled 6.9.0
rootdir: /Users/niccavendish/Projects/DAWGitApp
configfile: pytest.ini
plugins: qt-4.4.0, env-1.1.5, timeout-2.4.0, rich-0.2.0
timeout: 10.0s
timeout method: signal
timeout func_only: False
collecting ... collected 5 items

tests_dawgit/test_commit_tagging.py::test_assign_commit_role_variants[Main Mix] [DEBUG] No PROJECT_MARKER.json found — using defaults
[DEBUG] No commit role file found at /tmp/test_tagging_3bf8d18b851e4e49a7d77ed92c0f7ad6/.dawgit_roles.json
❌ No Git repo loaded.
[DEBUG] Skipping QTimer.singleShot — parent not visible.
[DEBUG] Loaded project path: /tmp/test_tagging_3bf8d18b851e4e49a7d77ed92c0f7ad6
[DEBUG] Calling GitProjectManager.init_repo()
[DEBUG] Initializing Git...
[DEBUG] Found DAW files: [PosixPath('/tmp/test_tagging_3bf8d18b851e4e49a7d77ed92c0f7ad6/track.als')]
[DEBUG] Found existing Git repo at /tmp/test_tagging_3bf8d18b851e4e49a7d77ed92c0f7ad6
✅ Saved last project path: /tmp/test_tagging_3bf8d18b851e4e49a7d77ed92c0f7ad6
[DEBUG] No commit role file found at /tmp/test_tagging_3bf8d18b851e4e49a7d77ed92c0f7ad6/.dawgit_roles.json
[DEBUG] status label set: Session branch: main — Take: version 1
[DEBUG] Repo valid: True
[DEBUG] HEAD SHA: afa3da81d2172a7be3e308afa57ebf4945c0c03e
[DEBUG] Total commits: 1
[DEBUG] No commit role file found at /tmp/test_tagging_3bf8d18b851e4e49a7d77ed92c0f7ad6/.dawgit_roles.json
[DEBUG] Selected row = 0, SHA = afa3da81d2172a7be3e308afa57ebf4945c0c03e
[DEBUG] ✅ SHA set from selected row: afa3da81d2172a7be3e308afa57ebf4945c0c03e
[DEBUG] status label set: Session branch: main — Take: version 1
[DEBUG] No commit role file found at /tmp/test_tagging_3bf8d18b851e4e49a7d77ed92c0f7ad6/.dawgit_roles.json
[DEBUG] Repo valid: True
[DEBUG] HEAD SHA: afa3da81d2172a7be3e308afa57ebf4945c0c03e
[DEBUG] Total commits: 1
[DEBUG] No commit role file found at /tmp/test_tagging_3bf8d18b851e4e49a7d77ed92c0f7ad6/.dawgit_roles.json
[DEBUG] Selected row = 0, SHA = afa3da81d2172a7be3e308afa57ebf4945c0c03e
[DEBUG] ✅ SHA set from selected row: afa3da81d2172a7be3e308afa57ebf4945c0c03e
[DEBUG] status label set: Session branch: main — Take: version 1
[DEBUG] status label set: Session branch: main — Take: version 1
[DEBUG] Role 'Main Mix' assigned to commit afa3da81d2172a7be3e308afa57ebf4945c0c03e
[DEBUG] Saved commit roles to /tmp/test_tagging_3bf8d18b851e4e49a7d77ed92c0f7ad6/.dawgit_roles.json
[DEBUG] Assigned role 'Main Mix' to commit afa3da81d2172a7be3e308afa57ebf4945c0c03e
[DEBUG] Saved PROJECT_MARKER.json to /tmp/test_tagging_3bf8d18b851e4e49a7d77ed92c0f7ad6/PROJECT_MARKER.json
[DEBUG] Saved commit roles to /tmp/test_tagging_3bf8d18b851e4e49a7d77ed92c0f7ad6/.dawgit_roles.json
PASSED
tests_dawgit/test_commit_tagging.py::test_assign_commit_role_variants[creative_take] [DEBUG] No PROJECT_MARKER.json found — using defaults
[DEBUG] No commit role file found at /tmp/test_tagging_bfd925dca3ab4d169e9bbd6d889cec76/.dawgit_roles.json
❌ No Git repo loaded.
[DEBUG] Skipping QTimer.singleShot — parent not visible.
[WARNING] Stylesheet not loaded: [Errno 2] No such file or directory: 'styles/dawgit_styles.qss'
[DEBUG] Loaded project path: /tmp/test_tagging_bfd925dca3ab4d169e9bbd6d889cec76
[DEBUG] Calling GitProjectManager.init_repo()
[DEBUG] Initializing Git...
[DEBUG] Found DAW files: [PosixPath('/tmp/test_tagging_bfd925dca3ab4d169e9bbd6d889cec76/track.als')]
[DEBUG] Found existing Git repo at /tmp/test_tagging_bfd925dca3ab4d169e9bbd6d889cec76
✅ Saved last project path: /tmp/test_tagging_bfd925dca3ab4d169e9bbd6d889cec76
[DEBUG] No commit role file found at /tmp/test_tagging_bfd925dca3ab4d169e9bbd6d889cec76/.dawgit_roles.json
[DEBUG] status label set: Session branch: main — Take: version 1
[DEBUG] Repo valid: True
[DEBUG] HEAD SHA: f5574070153aec8f9302091f1d1d41ffb374b744
[DEBUG] Total commits: 1
[DEBUG] No commit role file found at /tmp/test_tagging_bfd925dca3ab4d169e9bbd6d889cec76/.dawgit_roles.json
[DEBUG] Selected row = 0, SHA = f5574070153aec8f9302091f1d1d41ffb374b744
[DEBUG] ✅ SHA set from selected row: f5574070153aec8f9302091f1d1d41ffb374b744
[DEBUG] status label set: Session branch: main — Take: version 1
[DEBUG] No commit role file found at /tmp/test_tagging_bfd925dca3ab4d169e9bbd6d889cec76/.dawgit_roles.json
[DEBUG] Repo valid: True
[DEBUG] HEAD SHA: f5574070153aec8f9302091f1d1d41ffb374b744
[DEBUG] Total commits: 1
[DEBUG] No commit role file found at /tmp/test_tagging_bfd925dca3ab4d169e9bbd6d889cec76/.dawgit_roles.json
[DEBUG] Selected row = 0, SHA = f5574070153aec8f9302091f1d1d41ffb374b744
[DEBUG] ✅ SHA set from selected row: f5574070153aec8f9302091f1d1d41ffb374b744
[DEBUG] status label set: Session branch: main — Take: version 1
[DEBUG] status label set: Session branch: main — Take: version 1
[DEBUG] Role 'creative_take' assigned to commit f5574070153aec8f9302091f1d1d41ffb374b744
[DEBUG] Saved commit roles to /tmp/test_tagging_bfd925dca3ab4d169e9bbd6d889cec76/.dawgit_roles.json
[DEBUG] Assigned role 'creative_take' to commit f5574070153aec8f9302091f1d1d41ffb374b744
[DEBUG] Saved PROJECT_MARKER.json to /tmp/test_tagging_bfd925dca3ab4d169e9bbd6d889cec76/PROJECT_MARKER.json
[DEBUG] Saved commit roles to /tmp/test_tagging_bfd925dca3ab4d169e9bbd6d889cec76/.dawgit_roles.json
PASSED
tests_dawgit/test_commit_tagging.py::test_assign_commit_role_variants[alt_mixdown] [DEBUG] No PROJECT_MARKER.json found — using defaults
[DEBUG] No commit role file found at /tmp/test_tagging_441780d00f264ef6a7a1bde51fe2af08/.dawgit_roles.json
❌ No Git repo loaded.
[DEBUG] Skipping QTimer.singleShot — parent not visible.
[WARNING] Stylesheet not loaded: [Errno 2] No such file or directory: 'styles/dawgit_styles.qss'
[DEBUG] Loaded project path: /tmp/test_tagging_441780d00f264ef6a7a1bde51fe2af08
[DEBUG] Calling GitProjectManager.init_repo()
[DEBUG] Initializing Git...
[DEBUG] Found DAW files: [PosixPath('/tmp/test_tagging_441780d00f264ef6a7a1bde51fe2af08/track.als')]
[DEBUG] Found existing Git repo at /tmp/test_tagging_441780d00f264ef6a7a1bde51fe2af08
✅ Saved last project path: /tmp/test_tagging_441780d00f264ef6a7a1bde51fe2af08
[DEBUG] No commit role file found at /tmp/test_tagging_441780d00f264ef6a7a1bde51fe2af08/.dawgit_roles.json
[DEBUG] status label set: Session branch: main — Take: version 1
[DEBUG] Repo valid: True
[DEBUG] HEAD SHA: ef74cf8c700152b5bfbb4f051089fdcffb3db66b
[DEBUG] Total commits: 1
[DEBUG] No commit role file found at /tmp/test_tagging_441780d00f264ef6a7a1bde51fe2af08/.dawgit_roles.json
[DEBUG] Selected row = 0, SHA = ef74cf8c700152b5bfbb4f051089fdcffb3db66b
[DEBUG] ✅ SHA set from selected row: ef74cf8c700152b5bfbb4f051089fdcffb3db66b
[DEBUG] status label set: Session branch: main — Take: version 1
[DEBUG] No commit role file found at /tmp/test_tagging_441780d00f264ef6a7a1bde51fe2af08/.dawgit_roles.json
[DEBUG] Repo valid: True
[DEBUG] HEAD SHA: ef74cf8c700152b5bfbb4f051089fdcffb3db66b
[DEBUG] Total commits: 1
[DEBUG] No commit role file found at /tmp/test_tagging_441780d00f264ef6a7a1bde51fe2af08/.dawgit_roles.json
[DEBUG] Selected row = 0, SHA = ef74cf8c700152b5bfbb4f051089fdcffb3db66b
[DEBUG] ✅ SHA set from selected row: ef74cf8c700152b5bfbb4f051089fdcffb3db66b
[DEBUG] status label set: Session branch: main — Take: version 1
[DEBUG] status label set: Session branch: main — Take: version 1
[DEBUG] Role 'alt_mixdown' assigned to commit ef74cf8c700152b5bfbb4f051089fdcffb3db66b
[DEBUG] Saved commit roles to /tmp/test_tagging_441780d00f264ef6a7a1bde51fe2af08/.dawgit_roles.json
[DEBUG] Assigned role 'alt_mixdown' to commit ef74cf8c700152b5bfbb4f051089fdcffb3db66b
[DEBUG] Saved PROJECT_MARKER.json to /tmp/test_tagging_441780d00f264ef6a7a1bde51fe2af08/PROJECT_MARKER.json
[DEBUG] Saved commit roles to /tmp/test_tagging_441780d00f264ef6a7a1bde51fe2af08/.dawgit_roles.json
PASSED
tests_dawgit/test_commit_tagging.py::test_assign_commit_role_variants[my_custom_tag] [DEBUG] No PROJECT_MARKER.json found — using defaults
[DEBUG] No commit role file found at /tmp/test_tagging_963b8941ee6243e492d166e0ba71855a/.dawgit_roles.json
❌ No Git repo loaded.
[DEBUG] Skipping QTimer.singleShot — parent not visible.
[WARNING] Stylesheet not loaded: [Errno 2] No such file or directory: 'styles/dawgit_styles.qss'
[DEBUG] Loaded project path: /tmp/test_tagging_963b8941ee6243e492d166e0ba71855a
[DEBUG] Calling GitProjectManager.init_repo()
[DEBUG] Initializing Git...
[DEBUG] Found DAW files: [PosixPath('/tmp/test_tagging_963b8941ee6243e492d166e0ba71855a/track.als')]
[DEBUG] Found existing Git repo at /tmp/test_tagging_963b8941ee6243e492d166e0ba71855a
✅ Saved last project path: /tmp/test_tagging_963b8941ee6243e492d166e0ba71855a
[DEBUG] No commit role file found at /tmp/test_tagging_963b8941ee6243e492d166e0ba71855a/.dawgit_roles.json
[DEBUG] status label set: Session branch: main — Take: version 1
[DEBUG] Repo valid: True
[DEBUG] HEAD SHA: f41cc64ae1fc4e145595e75fc45c88c885325e8a
[DEBUG] Total commits: 1
[DEBUG] No commit role file found at /tmp/test_tagging_963b8941ee6243e492d166e0ba71855a/.dawgit_roles.json
[DEBUG] Selected row = 0, SHA = f41cc64ae1fc4e145595e75fc45c88c885325e8a
[DEBUG] ✅ SHA set from selected row: f41cc64ae1fc4e145595e75fc45c88c885325e8a
[DEBUG] status label set: Session branch: main — Take: version 1
[DEBUG] No commit role file found at /tmp/test_tagging_963b8941ee6243e492d166e0ba71855a/.dawgit_roles.json
[DEBUG] Repo valid: True
[DEBUG] HEAD SHA: f41cc64ae1fc4e145595e75fc45c88c885325e8a
[DEBUG] Total commits: 1
[DEBUG] No commit role file found at /tmp/test_tagging_963b8941ee6243e492d166e0ba71855a/.dawgit_roles.json
[DEBUG] Selected row = 0, SHA = f41cc64ae1fc4e145595e75fc45c88c885325e8a
[DEBUG] ✅ SHA set from selected row: f41cc64ae1fc4e145595e75fc45c88c885325e8a
[DEBUG] status label set: Session branch: main — Take: version 1
[DEBUG] status label set: Session branch: main — Take: version 1
[DEBUG] Role 'my_custom_tag' assigned to commit f41cc64ae1fc4e145595e75fc45c88c885325e8a
[DEBUG] Saved commit roles to /tmp/test_tagging_963b8941ee6243e492d166e0ba71855a/.dawgit_roles.json
[DEBUG] Assigned role 'my_custom_tag' to commit f41cc64ae1fc4e145595e75fc45c88c885325e8a
[DEBUG] Saved PROJECT_MARKER.json to /tmp/test_tagging_963b8941ee6243e492d166e0ba71855a/PROJECT_MARKER.json
[DEBUG] Saved commit roles to /tmp/test_tagging_963b8941ee6243e492d166e0ba71855a/.dawgit_roles.json
PASSED
tests_dawgit/test_commit_tagging.py::test_tag_custom_label_assigns_alt2 [DEBUG] No PROJECT_MARKER.json found — using defaults
[DEBUG] No commit role file found at /private/var/folders/yx/c_cp834d18v7ptq75l5x7twm0000gn/T/pytest-of-niccavendish/pytest-0/test_tag_custom_label_assigns_0/.dawgit_roles.json
❌ No Git repo loaded.
[DEBUG] Skipping QTimer.singleShot — parent not visible.
[WARNING] Stylesheet not loaded: [Errno 2] No such file or directory: 'styles/dawgit_styles.qss'
[DEBUG] Loaded project path: /private/var/folders/yx/c_cp834d18v7ptq75l5x7twm0000gn/T/pytest-of-niccavendish/pytest-0/test_tag_custom_label_assigns_0
[DEBUG] Calling GitProjectManager.init_repo()
[DEBUG] Initializing Git...
[DEBUG] Found DAW files: [PosixPath('/private/var/folders/yx/c_cp834d18v7ptq75l5x7twm0000gn/T/pytest-of-niccavendish/pytest-0/test_tag_custom_label_assigns_0/track.als')]
[DEBUG] Found existing Git repo at /private/var/folders/yx/c_cp834d18v7ptq75l5x7twm0000gn/T/pytest-of-niccavendish/pytest-0/test_tag_custom_label_assigns_0
✅ Saved last project path: /private/var/folders/yx/c_cp834d18v7ptq75l5x7twm0000gn/T/pytest-of-niccavendish/pytest-0/test_tag_custom_label_assigns_0
[DEBUG] No commit role file found at /private/var/folders/yx/c_cp834d18v7ptq75l5x7twm0000gn/T/pytest-of-niccavendish/pytest-0/test_tag_custom_label_assigns_0/.dawgit_roles.json
[DEBUG] status label set: Session branch: main — Take: version 1
[DEBUG] Repo valid: True
[DEBUG] HEAD SHA: 4637ce881d9c58b93e70529e19b844ff4722650b
[DEBUG] Total commits: 1
[DEBUG] No commit role file found at /private/var/folders/yx/c_cp834d18v7ptq75l5x7twm0000gn/T/pytest-of-niccavendish/pytest-0/test_tag_custom_label_assigns_0/.dawgit_roles.json
[DEBUG] Selected row = 0, SHA = 4637ce881d9c58b93e70529e19b844ff4722650b
[DEBUG] ✅ SHA set from selected row: 4637ce881d9c58b93e70529e19b844ff4722650b
[DEBUG] status label set: Session branch: main — Take: version 1
[DEBUG] No commit role file found at /private/var/folders/yx/c_cp834d18v7ptq75l5x7twm0000gn/T/pytest-of-niccavendish/pytest-0/test_tag_custom_label_assigns_0/.dawgit_roles.json
[DEBUG] Repo valid: True
[DEBUG] HEAD SHA: 4637ce881d9c58b93e70529e19b844ff4722650b
[DEBUG] Total commits: 1
[DEBUG] No commit role file found at /private/var/folders/yx/c_cp834d18v7ptq75l5x7twm0000gn/T/pytest-of-niccavendish/pytest-0/test_tag_custom_label_assigns_0/.dawgit_roles.json
[DEBUG] Selected row = 0, SHA = 4637ce881d9c58b93e70529e19b844ff4722650b
[DEBUG] ✅ SHA set from selected row: 4637ce881d9c58b93e70529e19b844ff4722650b
[DEBUG] status label set: Session branch: main — Take: version 1
[DEBUG] status label set: Session branch: main — Take: version 1
[DEBUG] Selected row = 0, SHA = 4637ce881d9c58b93e70529e19b844ff4722650b
[DEBUG] ✅ SHA set from selected row: 4637ce881d9c58b93e70529e19b844ff4722650b
[DEBUG] Role 'alt_2' assigned to commit 4637ce881d9c58b93e70529e19b844ff4722650b
[DEBUG] Saved commit roles to /private/var/folders/yx/c_cp834d18v7ptq75l5x7twm0000gn/T/pytest-of-niccavendish/pytest-0/test_tag_custom_label_assigns_0/.dawgit_roles.json
[DEBUG] Assigned role 'alt_2' to commit 4637ce881d9c58b93e70529e19b844ff4722650b
[DEBUG] Saved PROJECT_MARKER.json to /private/var/folders/yx/c_cp834d18v7ptq75l5x7twm0000gn/T/pytest-of-niccavendish/pytest-0/test_tag_custom_label_assigns_0/PROJECT_MARKER.json
[DEBUG] Saved commit roles to /private/var/folders/yx/c_cp834d18v7ptq75l5x7twm0000gn/T/pytest-of-niccavendish/pytest-0/test_tag_custom_label_assigns_0/.dawgit_roles.json
[STATUS] ✏️ Commit tagged as 'alt_2': 4637ce8
[DEBUG] DAWGIT_TEST_MODE active — running load_commit_history directly
[DEBUG] Repo valid: True
[DEBUG] HEAD SHA: 4637ce881d9c58b93e70529e19b844ff4722650b
[DEBUG] Total commits: 1
[DEBUG] Loaded commit roles from /private/var/folders/yx/c_cp834d18v7ptq75l5x7twm0000gn/T/pytest-of-niccavendish/pytest-0/test_tag_custom_label_assigns_0/.dawgit_roles.json
[DEBUG] Selected row = 0, SHA = 4637ce881d9c58b93e70529e19b844ff4722650b
[DEBUG] ✅ SHA set from selected row: 4637ce881d9c58b93e70529e19b844ff4722650b
[DEBUG] status label set: Session branch: main — Take: version 1
PASSED

============================== 5 passed in 9.01s ===============================
============================= test session starts ==============================
platform darwin -- Python 3.12.3, pytest-8.3.5, pluggy-1.5.0 -- /Users/niccavendish/.pyenv/versions/3.12.3/bin/python3.12
cachedir: .pytest_cache
PyQt6 6.9.0 -- Qt runtime 6.9.0 -- Qt compiled 6.9.0
rootdir: /Users/niccavendish/Projects/DAWGitApp
configfile: pytest.ini
plugins: qt-4.4.0, env-1.1.5, timeout-2.4.0, rich-0.2.0
timeout: 10.0s
timeout method: signal
timeout func_only: False
collecting ... collected 5 items

tests_dawgit/test_commit_tagging.py::test_assign_commit_role_variants[Main Mix] [DEBUG] No PROJECT_MARKER.json found — using defaults
[DEBUG] No commit role file found at /tmp/test_tagging_258c55eeba784d89805086e5e0daab00/.dawgit_roles.json
❌ No Git repo loaded.
[DEBUG] Skipping QTimer.singleShot — parent not visible.
[DEBUG] Loaded project path: /tmp/test_tagging_258c55eeba784d89805086e5e0daab00
[DEBUG] Calling GitProjectManager.init_repo()
[DEBUG] Initializing Git...
[DEBUG] Found DAW files: [PosixPath('/tmp/test_tagging_258c55eeba784d89805086e5e0daab00/track.als')]
[DEBUG] Found existing Git repo at /tmp/test_tagging_258c55eeba784d89805086e5e0daab00
✅ Saved last project path: /tmp/test_tagging_258c55eeba784d89805086e5e0daab00
[DEBUG] No commit role file found at /tmp/test_tagging_258c55eeba784d89805086e5e0daab00/.dawgit_roles.json
[DEBUG] status label set: Session branch: main — Take: version 1
[DEBUG] Repo valid: True
[DEBUG] HEAD SHA: a7ffea77966b25c8dc63389c1e3e3c57a5890233
[DEBUG] Total commits: 1
[DEBUG] No commit role file found at /tmp/test_tagging_258c55eeba784d89805086e5e0daab00/.dawgit_roles.json
[DEBUG] Selected row = 0, SHA = a7ffea77966b25c8dc63389c1e3e3c57a5890233
[DEBUG] ✅ SHA set from selected row: a7ffea77966b25c8dc63389c1e3e3c57a5890233
[DEBUG] status label set: Session branch: main — Take: version 1
[DEBUG] No commit role file found at /tmp/test_tagging_258c55eeba784d89805086e5e0daab00/.dawgit_roles.json
[DEBUG] Repo valid: True
[DEBUG] HEAD SHA: a7ffea77966b25c8dc63389c1e3e3c57a5890233
[DEBUG] Total commits: 1
[DEBUG] No commit role file found at /tmp/test_tagging_258c55eeba784d89805086e5e0daab00/.dawgit_roles.json
[DEBUG] Selected row = 0, SHA = a7ffea77966b25c8dc63389c1e3e3c57a5890233
[DEBUG] ✅ SHA set from selected row: a7ffea77966b25c8dc63389c1e3e3c57a5890233
[DEBUG] status label set: Session branch: main — Take: version 1
[DEBUG] status label set: Session branch: main — Take: version 1
[DEBUG] Role 'Main Mix' assigned to commit a7ffea77966b25c8dc63389c1e3e3c57a5890233
[DEBUG] Saved commit roles to /tmp/test_tagging_258c55eeba784d89805086e5e0daab00/.dawgit_roles.json
[DEBUG] Assigned role 'Main Mix' to commit a7ffea77966b25c8dc63389c1e3e3c57a5890233
[DEBUG] Saved PROJECT_MARKER.json to /tmp/test_tagging_258c55eeba784d89805086e5e0daab00/PROJECT_MARKER.json
[DEBUG] Saved commit roles to /tmp/test_tagging_258c55eeba784d89805086e5e0daab00/.dawgit_roles.json
PASSED
tests_dawgit/test_commit_tagging.py::test_assign_commit_role_variants[creative_take] [DEBUG] No PROJECT_MARKER.json found — using defaults
[DEBUG] No commit role file found at /tmp/test_tagging_f224c49f98444c0cae537923b30de5c5/.dawgit_roles.json
❌ No Git repo loaded.
[DEBUG] Skipping QTimer.singleShot — parent not visible.
[WARNING] Stylesheet not loaded: [Errno 2] No such file or directory: 'styles/dawgit_styles.qss'
[DEBUG] Loaded project path: /tmp/test_tagging_f224c49f98444c0cae537923b30de5c5
[DEBUG] Calling GitProjectManager.init_repo()
[DEBUG] Initializing Git...
[DEBUG] Found DAW files: [PosixPath('/tmp/test_tagging_f224c49f98444c0cae537923b30de5c5/track.als')]
[DEBUG] Found existing Git repo at /tmp/test_tagging_f224c49f98444c0cae537923b30de5c5
✅ Saved last project path: /tmp/test_tagging_f224c49f98444c0cae537923b30de5c5
[DEBUG] No commit role file found at /tmp/test_tagging_f224c49f98444c0cae537923b30de5c5/.dawgit_roles.json
[DEBUG] status label set: Session branch: main — Take: version 1
[DEBUG] Repo valid: True
[DEBUG] HEAD SHA: 4fd7a5fcd30f51dae72f41eeb4bf54d8ab3788da
[DEBUG] Total commits: 1
[DEBUG] No commit role file found at /tmp/test_tagging_f224c49f98444c0cae537923b30de5c5/.dawgit_roles.json
[DEBUG] Selected row = 0, SHA = 4fd7a5fcd30f51dae72f41eeb4bf54d8ab3788da
[DEBUG] ✅ SHA set from selected row: 4fd7a5fcd30f51dae72f41eeb4bf54d8ab3788da
[DEBUG] status label set: Session branch: main — Take: version 1
[DEBUG] No commit role file found at /tmp/test_tagging_f224c49f98444c0cae537923b30de5c5/.dawgit_roles.json
[DEBUG] Repo valid: True
[DEBUG] HEAD SHA: 4fd7a5fcd30f51dae72f41eeb4bf54d8ab3788da
[DEBUG] Total commits: 1
[DEBUG] No commit role file found at /tmp/test_tagging_f224c49f98444c0cae537923b30de5c5/.dawgit_roles.json
[DEBUG] Selected row = 0, SHA = 4fd7a5fcd30f51dae72f41eeb4bf54d8ab3788da
[DEBUG] ✅ SHA set from selected row: 4fd7a5fcd30f51dae72f41eeb4bf54d8ab3788da
[DEBUG] status label set: Session branch: main — Take: version 1
[DEBUG] status label set: Session branch: main — Take: version 1
[DEBUG] Role 'creative_take' assigned to commit 4fd7a5fcd30f51dae72f41eeb4bf54d8ab3788da
[DEBUG] Saved commit roles to /tmp/test_tagging_f224c49f98444c0cae537923b30de5c5/.dawgit_roles.json
[DEBUG] Assigned role 'creative_take' to commit 4fd7a5fcd30f51dae72f41eeb4bf54d8ab3788da
[DEBUG] Saved PROJECT_MARKER.json to /tmp/test_tagging_f224c49f98444c0cae537923b30de5c5/PROJECT_MARKER.json
[DEBUG] Saved commit roles to /tmp/test_tagging_f224c49f98444c0cae537923b30de5c5/.dawgit_roles.json
PASSED
tests_dawgit/test_commit_tagging.py::test_assign_commit_role_variants[alt_mixdown] [DEBUG] No PROJECT_MARKER.json found — using defaults
[DEBUG] No commit role file found at /tmp/test_tagging_bbcfb3009c22482f98b9b463b836bc44/.dawgit_roles.json
❌ No Git repo loaded.
[DEBUG] Skipping QTimer.singleShot — parent not visible.
[WARNING] Stylesheet not loaded: [Errno 2] No such file or directory: 'styles/dawgit_styles.qss'
[DEBUG] Loaded project path: /tmp/test_tagging_bbcfb3009c22482f98b9b463b836bc44
[DEBUG] Calling GitProjectManager.init_repo()
[DEBUG] Initializing Git...
[DEBUG] Found DAW files: [PosixPath('/tmp/test_tagging_bbcfb3009c22482f98b9b463b836bc44/track.als')]
[DEBUG] Found existing Git repo at /tmp/test_tagging_bbcfb3009c22482f98b9b463b836bc44
✅ Saved last project path: /tmp/test_tagging_bbcfb3009c22482f98b9b463b836bc44
[DEBUG] No commit role file found at /tmp/test_tagging_bbcfb3009c22482f98b9b463b836bc44/.dawgit_roles.json
[DEBUG] status label set: Session branch: main — Take: version 1
[DEBUG] Repo valid: True
[DEBUG] HEAD SHA: 4fd7a5fcd30f51dae72f41eeb4bf54d8ab3788da
[DEBUG] Total commits: 1
[DEBUG] No commit role file found at /tmp/test_tagging_bbcfb3009c22482f98b9b463b836bc44/.dawgit_roles.json
[DEBUG] Selected row = 0, SHA = 4fd7a5fcd30f51dae72f41eeb4bf54d8ab3788da
[DEBUG] ✅ SHA set from selected row: 4fd7a5fcd30f51dae72f41eeb4bf54d8ab3788da
[DEBUG] status label set: Session branch: main — Take: version 1
[DEBUG] No commit role file found at /tmp/test_tagging_bbcfb3009c22482f98b9b463b836bc44/.dawgit_roles.json
[DEBUG] Repo valid: True
[DEBUG] HEAD SHA: 4fd7a5fcd30f51dae72f41eeb4bf54d8ab3788da
[DEBUG] Total commits: 1
[DEBUG] No commit role file found at /tmp/test_tagging_bbcfb3009c22482f98b9b463b836bc44/.dawgit_roles.json
[DEBUG] Selected row = 0, SHA = 4fd7a5fcd30f51dae72f41eeb4bf54d8ab3788da
[DEBUG] ✅ SHA set from selected row: 4fd7a5fcd30f51dae72f41eeb4bf54d8ab3788da
[DEBUG] status label set: Session branch: main — Take: version 1
[DEBUG] status label set: Session branch: main — Take: version 1
[DEBUG] Role 'alt_mixdown' assigned to commit 4fd7a5fcd30f51dae72f41eeb4bf54d8ab3788da
[DEBUG] Saved commit roles to /tmp/test_tagging_bbcfb3009c22482f98b9b463b836bc44/.dawgit_roles.json
[DEBUG] Assigned role 'alt_mixdown' to commit 4fd7a5fcd30f51dae72f41eeb4bf54d8ab3788da
[DEBUG] Saved PROJECT_MARKER.json to /tmp/test_tagging_bbcfb3009c22482f98b9b463b836bc44/PROJECT_MARKER.json
[DEBUG] Saved commit roles to /tmp/test_tagging_bbcfb3009c22482f98b9b463b836bc44/.dawgit_roles.json
PASSED
tests_dawgit/test_commit_tagging.py::test_assign_commit_role_variants[my_custom_tag] [DEBUG] No PROJECT_MARKER.json found — using defaults
[DEBUG] No commit role file found at /tmp/test_tagging_f0798df93e8d460fb87743299d837e8b/.dawgit_roles.json
❌ No Git repo loaded.
[DEBUG] Skipping QTimer.singleShot — parent not visible.
[WARNING] Stylesheet not loaded: [Errno 2] No such file or directory: 'styles/dawgit_styles.qss'
[DEBUG] Loaded project path: /tmp/test_tagging_f0798df93e8d460fb87743299d837e8b
[DEBUG] Calling GitProjectManager.init_repo()
[DEBUG] Initializing Git...
[DEBUG] Found DAW files: [PosixPath('/tmp/test_tagging_f0798df93e8d460fb87743299d837e8b/track.als')]
[DEBUG] Found existing Git repo at /tmp/test_tagging_f0798df93e8d460fb87743299d837e8b
✅ Saved last project path: /tmp/test_tagging_f0798df93e8d460fb87743299d837e8b
[DEBUG] No commit role file found at /tmp/test_tagging_f0798df93e8d460fb87743299d837e8b/.dawgit_roles.json
[DEBUG] status label set: Session branch: main — Take: version 1
[DEBUG] Repo valid: True
[DEBUG] HEAD SHA: 45f8306784e0e38d617500ec269c1bd65d16349e
[DEBUG] Total commits: 1
[DEBUG] No commit role file found at /tmp/test_tagging_f0798df93e8d460fb87743299d837e8b/.dawgit_roles.json
[DEBUG] Selected row = 0, SHA = 45f8306784e0e38d617500ec269c1bd65d16349e
[DEBUG] ✅ SHA set from selected row: 45f8306784e0e38d617500ec269c1bd65d16349e
[DEBUG] status label set: Session branch: main — Take: version 1
[DEBUG] No commit role file found at /tmp/test_tagging_f0798df93e8d460fb87743299d837e8b/.dawgit_roles.json
[DEBUG] Repo valid: True
[DEBUG] HEAD SHA: 45f8306784e0e38d617500ec269c1bd65d16349e
[DEBUG] Total commits: 1
[DEBUG] No commit role file found at /tmp/test_tagging_f0798df93e8d460fb87743299d837e8b/.dawgit_roles.json
[DEBUG] Selected row = 0, SHA = 45f8306784e0e38d617500ec269c1bd65d16349e
[DEBUG] ✅ SHA set from selected row: 45f8306784e0e38d617500ec269c1bd65d16349e
[DEBUG] status label set: Session branch: main — Take: version 1
[DEBUG] status label set: Session branch: main — Take: version 1
[DEBUG] Role 'my_custom_tag' assigned to commit 45f8306784e0e38d617500ec269c1bd65d16349e
[DEBUG] Saved commit roles to /tmp/test_tagging_f0798df93e8d460fb87743299d837e8b/.dawgit_roles.json
[DEBUG] Assigned role 'my_custom_tag' to commit 45f8306784e0e38d617500ec269c1bd65d16349e
[DEBUG] Saved PROJECT_MARKER.json to /tmp/test_tagging_f0798df93e8d460fb87743299d837e8b/PROJECT_MARKER.json
[DEBUG] Saved commit roles to /tmp/test_tagging_f0798df93e8d460fb87743299d837e8b/.dawgit_roles.json
PASSED
tests_dawgit/test_commit_tagging.py::test_tag_custom_label_assigns_alt2 [DEBUG] No PROJECT_MARKER.json found — using defaults
[DEBUG] No commit role file found at /private/var/folders/yx/c_cp834d18v7ptq75l5x7twm0000gn/T/pytest-of-niccavendish/pytest-2/test_tag_custom_label_assigns_0/.dawgit_roles.json
❌ No Git repo loaded.
[DEBUG] Skipping QTimer.singleShot — parent not visible.
[WARNING] Stylesheet not loaded: [Errno 2] No such file or directory: 'styles/dawgit_styles.qss'
[DEBUG] Loaded project path: /private/var/folders/yx/c_cp834d18v7ptq75l5x7twm0000gn/T/pytest-of-niccavendish/pytest-2/test_tag_custom_label_assigns_0
[DEBUG] Calling GitProjectManager.init_repo()
[DEBUG] Initializing Git...
[DEBUG] Found DAW files: [PosixPath('/private/var/folders/yx/c_cp834d18v7ptq75l5x7twm0000gn/T/pytest-of-niccavendish/pytest-2/test_tag_custom_label_assigns_0/track.als')]
[DEBUG] Found existing Git repo at /private/var/folders/yx/c_cp834d18v7ptq75l5x7twm0000gn/T/pytest-of-niccavendish/pytest-2/test_tag_custom_label_assigns_0
✅ Saved last project path: /private/var/folders/yx/c_cp834d18v7ptq75l5x7twm0000gn/T/pytest-of-niccavendish/pytest-2/test_tag_custom_label_assigns_0
[DEBUG] No commit role file found at /private/var/folders/yx/c_cp834d18v7ptq75l5x7twm0000gn/T/pytest-of-niccavendish/pytest-2/test_tag_custom_label_assigns_0/.dawgit_roles.json
[DEBUG] status label set: Session branch: main — Take: version 1
[DEBUG] Repo valid: True
[DEBUG] HEAD SHA: 355ea1c8e0671c2dd63a3ba70257c07112c19963
[DEBUG] Total commits: 1
[DEBUG] No commit role file found at /private/var/folders/yx/c_cp834d18v7ptq75l5x7twm0000gn/T/pytest-of-niccavendish/pytest-2/test_tag_custom_label_assigns_0/.dawgit_roles.json
[DEBUG] Selected row = 0, SHA = 355ea1c8e0671c2dd63a3ba70257c07112c19963
[DEBUG] ✅ SHA set from selected row: 355ea1c8e0671c2dd63a3ba70257c07112c19963
[DEBUG] status label set: Session branch: main — Take: version 1
[DEBUG] No commit role file found at /private/var/folders/yx/c_cp834d18v7ptq75l5x7twm0000gn/T/pytest-of-niccavendish/pytest-2/test_tag_custom_label_assigns_0/.dawgit_roles.json
[DEBUG] Repo valid: True
[DEBUG] HEAD SHA: 355ea1c8e0671c2dd63a3ba70257c07112c19963
[DEBUG] Total commits: 1
[DEBUG] No commit role file found at /private/var/folders/yx/c_cp834d18v7ptq75l5x7twm0000gn/T/pytest-of-niccavendish/pytest-2/test_tag_custom_label_assigns_0/.dawgit_roles.json
[DEBUG] Selected row = 0, SHA = 355ea1c8e0671c2dd63a3ba70257c07112c19963
[DEBUG] ✅ SHA set from selected row: 355ea1c8e0671c2dd63a3ba70257c07112c19963
[DEBUG] status label set: Session branch: main — Take: version 1
[DEBUG] status label set: Session branch: main — Take: version 1
[DEBUG] Selected row = 0, SHA = 355ea1c8e0671c2dd63a3ba70257c07112c19963
[DEBUG] ✅ SHA set from selected row: 355ea1c8e0671c2dd63a3ba70257c07112c19963
[DEBUG] Role 'alt_2' assigned to commit 355ea1c8e0671c2dd63a3ba70257c07112c19963
[DEBUG] Saved commit roles to /private/var/folders/yx/c_cp834d18v7ptq75l5x7twm0000gn/T/pytest-of-niccavendish/pytest-2/test_tag_custom_label_assigns_0/.dawgit_roles.json
[DEBUG] Assigned role 'alt_2' to commit 355ea1c8e0671c2dd63a3ba70257c07112c19963
[DEBUG] Saved PROJECT_MARKER.json to /private/var/folders/yx/c_cp834d18v7ptq75l5x7twm0000gn/T/pytest-of-niccavendish/pytest-2/test_tag_custom_label_assigns_0/PROJECT_MARKER.json
[DEBUG] Saved commit roles to /private/var/folders/yx/c_cp834d18v7ptq75l5x7twm0000gn/T/pytest-of-niccavendish/pytest-2/test_tag_custom_label_assigns_0/.dawgit_roles.json
[STATUS] ✏️ Commit tagged as 'alt_2': 355ea1c
[DEBUG] DAWGIT_TEST_MODE active — running load_commit_history directly
[DEBUG] Repo valid: True
[DEBUG] HEAD SHA: 355ea1c8e0671c2dd63a3ba70257c07112c19963
[DEBUG] Total commits: 1
[DEBUG] Loaded commit roles from /private/var/folders/yx/c_cp834d18v7ptq75l5x7twm0000gn/T/pytest-of-niccavendish/pytest-2/test_tag_custom_label_assigns_0/.dawgit_roles.json
[DEBUG] Selected row = 0, SHA = 355ea1c8e0671c2dd63a3ba70257c07112c19963
[DEBUG] ✅ SHA set from selected row: 355ea1c8e0671c2dd63a3ba70257c07112c19963
[DEBUG] status label set: Session branch: main — Take: version 1
PASSED

============================== 5 passed in 5.59s ===============================
============================= test session starts ==============================
platform darwin -- Python 3.12.3, pytest-8.3.5, pluggy-1.5.0 -- /Users/niccavendish/.pyenv/versions/3.12.3/bin/python3.12
cachedir: .pytest_cache
PyQt6 6.9.0 -- Qt runtime 6.9.0 -- Qt compiled 6.9.0
rootdir: /Users/niccavendish/Projects/DAWGitApp
configfile: pytest.ini
plugins: qt-4.4.0, env-1.1.5, timeout-2.4.0, rich-0.2.0
timeout: 10.0s
timeout method: signal
timeout func_only: False
collecting ... collected 5 items

tests_dawgit/test_commit_tagging.py::test_assign_commit_role_variants[Main Mix] [DEBUG] No PROJECT_MARKER.json found — using defaults
[DEBUG] No commit role file found at /tmp/test_tagging_6fe97bf85b0f45ab9ab8e8c1777eca3e/.dawgit_roles.json
❌ No Git repo loaded.
[DEBUG] Skipping QTimer.singleShot — parent not visible.
[DEBUG] Loaded project path: /tmp/test_tagging_6fe97bf85b0f45ab9ab8e8c1777eca3e
[DEBUG] Calling GitProjectManager.init_repo()
[DEBUG] Initializing Git...
[DEBUG] Found DAW files: [PosixPath('/tmp/test_tagging_6fe97bf85b0f45ab9ab8e8c1777eca3e/track.als')]
[DEBUG] Found existing Git repo at /tmp/test_tagging_6fe97bf85b0f45ab9ab8e8c1777eca3e
✅ Saved last project path: /tmp/test_tagging_6fe97bf85b0f45ab9ab8e8c1777eca3e
[DEBUG] No commit role file found at /tmp/test_tagging_6fe97bf85b0f45ab9ab8e8c1777eca3e/.dawgit_roles.json
[DEBUG] status label set: Session branch: main — Take: version 1
[DEBUG] Repo valid: True
[DEBUG] HEAD SHA: 6077c6befeec166c6efb7bed18b29101c99841d5
[DEBUG] Total commits: 1
[DEBUG] No commit role file found at /tmp/test_tagging_6fe97bf85b0f45ab9ab8e8c1777eca3e/.dawgit_roles.json
[DEBUG] Selected row = 0, SHA = 6077c6befeec166c6efb7bed18b29101c99841d5
[DEBUG] ✅ SHA set from selected row: 6077c6befeec166c6efb7bed18b29101c99841d5
[DEBUG] status label set: Session branch: main — Take: version 1
[DEBUG] No commit role file found at /tmp/test_tagging_6fe97bf85b0f45ab9ab8e8c1777eca3e/.dawgit_roles.json
[DEBUG] Repo valid: True
[DEBUG] HEAD SHA: 6077c6befeec166c6efb7bed18b29101c99841d5
[DEBUG] Total commits: 1
[DEBUG] No commit role file found at /tmp/test_tagging_6fe97bf85b0f45ab9ab8e8c1777eca3e/.dawgit_roles.json
[DEBUG] Selected row = 0, SHA = 6077c6befeec166c6efb7bed18b29101c99841d5
[DEBUG] ✅ SHA set from selected row: 6077c6befeec166c6efb7bed18b29101c99841d5
[DEBUG] status label set: Session branch: main — Take: version 1
[DEBUG] status label set: Session branch: main — Take: version 1
[DEBUG] Role 'Main Mix' assigned to commit 6077c6befeec166c6efb7bed18b29101c99841d5
[DEBUG] Saved commit roles to /tmp/test_tagging_6fe97bf85b0f45ab9ab8e8c1777eca3e/.dawgit_roles.json
[DEBUG] Assigned role 'Main Mix' to commit 6077c6befeec166c6efb7bed18b29101c99841d5
[DEBUG] Saved PROJECT_MARKER.json to /tmp/test_tagging_6fe97bf85b0f45ab9ab8e8c1777eca3e/PROJECT_MARKER.json
[DEBUG] Saved commit roles to /tmp/test_tagging_6fe97bf85b0f45ab9ab8e8c1777eca3e/.dawgit_roles.json
PASSED
tests_dawgit/test_commit_tagging.py::test_assign_commit_role_variants[creative_take] [DEBUG] No PROJECT_MARKER.json found — using defaults
[DEBUG] No commit role file found at /tmp/test_tagging_e46dc76526bb41139b0ae6d930ea0587/.dawgit_roles.json
❌ No Git repo loaded.
[DEBUG] Skipping QTimer.singleShot — parent not visible.
[WARNING] Stylesheet not loaded: [Errno 2] No such file or directory: 'styles/dawgit_styles.qss'
[DEBUG] Loaded project path: /tmp/test_tagging_e46dc76526bb41139b0ae6d930ea0587
[DEBUG] Calling GitProjectManager.init_repo()
[DEBUG] Initializing Git...
[DEBUG] Found DAW files: [PosixPath('/tmp/test_tagging_e46dc76526bb41139b0ae6d930ea0587/track.als')]
[DEBUG] Found existing Git repo at /tmp/test_tagging_e46dc76526bb41139b0ae6d930ea0587
✅ Saved last project path: /tmp/test_tagging_e46dc76526bb41139b0ae6d930ea0587
[DEBUG] No commit role file found at /tmp/test_tagging_e46dc76526bb41139b0ae6d930ea0587/.dawgit_roles.json
[DEBUG] status label set: Session branch: main — Take: version 1
[DEBUG] Repo valid: True
[DEBUG] HEAD SHA: d3cdb869bd528bea8ccaa2ada114b36f27026bf3
[DEBUG] Total commits: 1
[DEBUG] No commit role file found at /tmp/test_tagging_e46dc76526bb41139b0ae6d930ea0587/.dawgit_roles.json
[DEBUG] Selected row = 0, SHA = d3cdb869bd528bea8ccaa2ada114b36f27026bf3
[DEBUG] ✅ SHA set from selected row: d3cdb869bd528bea8ccaa2ada114b36f27026bf3
[DEBUG] status label set: Session branch: main — Take: version 1
[DEBUG] No commit role file found at /tmp/test_tagging_e46dc76526bb41139b0ae6d930ea0587/.dawgit_roles.json
[DEBUG] Repo valid: True
[DEBUG] HEAD SHA: d3cdb869bd528bea8ccaa2ada114b36f27026bf3
[DEBUG] Total commits: 1
[DEBUG] No commit role file found at /tmp/test_tagging_e46dc76526bb41139b0ae6d930ea0587/.dawgit_roles.json
[DEBUG] Selected row = 0, SHA = d3cdb869bd528bea8ccaa2ada114b36f27026bf3
[DEBUG] ✅ SHA set from selected row: d3cdb869bd528bea8ccaa2ada114b36f27026bf3
[DEBUG] status label set: Session branch: main — Take: version 1
[DEBUG] status label set: Session branch: main — Take: version 1
[DEBUG] Role 'creative_take' assigned to commit d3cdb869bd528bea8ccaa2ada114b36f27026bf3
[DEBUG] Saved commit roles to /tmp/test_tagging_e46dc76526bb41139b0ae6d930ea0587/.dawgit_roles.json
[DEBUG] Assigned role 'creative_take' to commit d3cdb869bd528bea8ccaa2ada114b36f27026bf3
[DEBUG] Saved PROJECT_MARKER.json to /tmp/test_tagging_e46dc76526bb41139b0ae6d930ea0587/PROJECT_MARKER.json
[DEBUG] Saved commit roles to /tmp/test_tagging_e46dc76526bb41139b0ae6d930ea0587/.dawgit_roles.json
PASSED
tests_dawgit/test_commit_tagging.py::test_assign_commit_role_variants[alt_mixdown] [DEBUG] No PROJECT_MARKER.json found — using defaults
[DEBUG] No commit role file found at /tmp/test_tagging_91bcfdd8d318497491d2adf844d5d2c1/.dawgit_roles.json
❌ No Git repo loaded.
[DEBUG] Skipping QTimer.singleShot — parent not visible.
[WARNING] Stylesheet not loaded: [Errno 2] No such file or directory: 'styles/dawgit_styles.qss'
[DEBUG] Loaded project path: /tmp/test_tagging_91bcfdd8d318497491d2adf844d5d2c1
[DEBUG] Calling GitProjectManager.init_repo()
[DEBUG] Initializing Git...
[DEBUG] Found DAW files: [PosixPath('/tmp/test_tagging_91bcfdd8d318497491d2adf844d5d2c1/track.als')]
[DEBUG] Found existing Git repo at /tmp/test_tagging_91bcfdd8d318497491d2adf844d5d2c1
✅ Saved last project path: /tmp/test_tagging_91bcfdd8d318497491d2adf844d5d2c1
[DEBUG] No commit role file found at /tmp/test_tagging_91bcfdd8d318497491d2adf844d5d2c1/.dawgit_roles.json
[DEBUG] status label set: Session branch: main — Take: version 1
[DEBUG] Repo valid: True
[DEBUG] HEAD SHA: 5896796695ec58fb3e58f58fba9adeb2015a437e
[DEBUG] Total commits: 1
[DEBUG] No commit role file found at /tmp/test_tagging_91bcfdd8d318497491d2adf844d5d2c1/.dawgit_roles.json
[DEBUG] Selected row = 0, SHA = 5896796695ec58fb3e58f58fba9adeb2015a437e
[DEBUG] ✅ SHA set from selected row: 5896796695ec58fb3e58f58fba9adeb2015a437e
[DEBUG] status label set: Session branch: main — Take: version 1
[DEBUG] No commit role file found at /tmp/test_tagging_91bcfdd8d318497491d2adf844d5d2c1/.dawgit_roles.json
[DEBUG] Repo valid: True
[DEBUG] HEAD SHA: 5896796695ec58fb3e58f58fba9adeb2015a437e
[DEBUG] Total commits: 1
[DEBUG] No commit role file found at /tmp/test_tagging_91bcfdd8d318497491d2adf844d5d2c1/.dawgit_roles.json
[DEBUG] Selected row = 0, SHA = 5896796695ec58fb3e58f58fba9adeb2015a437e
[DEBUG] ✅ SHA set from selected row: 5896796695ec58fb3e58f58fba9adeb2015a437e
[DEBUG] status label set: Session branch: main — Take: version 1
[DEBUG] status label set: Session branch: main — Take: version 1
[DEBUG] Role 'alt_mixdown' assigned to commit 5896796695ec58fb3e58f58fba9adeb2015a437e
[DEBUG] Saved commit roles to /tmp/test_tagging_91bcfdd8d318497491d2adf844d5d2c1/.dawgit_roles.json
[DEBUG] Assigned role 'alt_mixdown' to commit 5896796695ec58fb3e58f58fba9adeb2015a437e
[DEBUG] Saved PROJECT_MARKER.json to /tmp/test_tagging_91bcfdd8d318497491d2adf844d5d2c1/PROJECT_MARKER.json
[DEBUG] Saved commit roles to /tmp/test_tagging_91bcfdd8d318497491d2adf844d5d2c1/.dawgit_roles.json
PASSED
tests_dawgit/test_commit_tagging.py::test_assign_commit_role_variants[my_custom_tag] [DEBUG] No PROJECT_MARKER.json found — using defaults
[DEBUG] No commit role file found at /tmp/test_tagging_2ffac6c3c7de44828ea1717577d039e1/.dawgit_roles.json
❌ No Git repo loaded.
[DEBUG] Skipping QTimer.singleShot — parent not visible.
[WARNING] Stylesheet not loaded: [Errno 2] No such file or directory: 'styles/dawgit_styles.qss'
[DEBUG] Loaded project path: /tmp/test_tagging_2ffac6c3c7de44828ea1717577d039e1
[DEBUG] Calling GitProjectManager.init_repo()
[DEBUG] Initializing Git...
[DEBUG] Found DAW files: [PosixPath('/tmp/test_tagging_2ffac6c3c7de44828ea1717577d039e1/track.als')]
[DEBUG] Found existing Git repo at /tmp/test_tagging_2ffac6c3c7de44828ea1717577d039e1
✅ Saved last project path: /tmp/test_tagging_2ffac6c3c7de44828ea1717577d039e1
[DEBUG] No commit role file found at /tmp/test_tagging_2ffac6c3c7de44828ea1717577d039e1/.dawgit_roles.json
[DEBUG] status label set: Session branch: main — Take: version 1
[DEBUG] Repo valid: True
[DEBUG] HEAD SHA: 5d3a8b791e46447970e343bf54228bba86db64f9
[DEBUG] Total commits: 1
[DEBUG] No commit role file found at /tmp/test_tagging_2ffac6c3c7de44828ea1717577d039e1/.dawgit_roles.json
[DEBUG] Selected row = 0, SHA = 5d3a8b791e46447970e343bf54228bba86db64f9
[DEBUG] ✅ SHA set from selected row: 5d3a8b791e46447970e343bf54228bba86db64f9
[DEBUG] status label set: Session branch: main — Take: version 1
[DEBUG] No commit role file found at /tmp/test_tagging_2ffac6c3c7de44828ea1717577d039e1/.dawgit_roles.json
[DEBUG] Repo valid: True
[DEBUG] HEAD SHA: 5d3a8b791e46447970e343bf54228bba86db64f9
[DEBUG] Total commits: 1
[DEBUG] No commit role file found at /tmp/test_tagging_2ffac6c3c7de44828ea1717577d039e1/.dawgit_roles.json
[DEBUG] Selected row = 0, SHA = 5d3a8b791e46447970e343bf54228bba86db64f9
[DEBUG] ✅ SHA set from selected row: 5d3a8b791e46447970e343bf54228bba86db64f9
[DEBUG] status label set: Session branch: main — Take: version 1
[DEBUG] status label set: Session branch: main — Take: version 1
[DEBUG] Role 'my_custom_tag' assigned to commit 5d3a8b791e46447970e343bf54228bba86db64f9
[DEBUG] Saved commit roles to /tmp/test_tagging_2ffac6c3c7de44828ea1717577d039e1/.dawgit_roles.json
[DEBUG] Assigned role 'my_custom_tag' to commit 5d3a8b791e46447970e343bf54228bba86db64f9
[DEBUG] Saved PROJECT_MARKER.json to /tmp/test_tagging_2ffac6c3c7de44828ea1717577d039e1/PROJECT_MARKER.json
[DEBUG] Saved commit roles to /tmp/test_tagging_2ffac6c3c7de44828ea1717577d039e1/.dawgit_roles.json
PASSED
tests_dawgit/test_commit_tagging.py::test_tag_custom_label_assigns_alt2 [DEBUG] No PROJECT_MARKER.json found — using defaults
[DEBUG] No commit role file found at /private/var/folders/yx/c_cp834d18v7ptq75l5x7twm0000gn/T/pytest-of-niccavendish/pytest-0/test_tag_custom_label_assigns_0/.dawgit_roles.json
❌ No Git repo loaded.
[DEBUG] Skipping QTimer.singleShot — parent not visible.
[WARNING] Stylesheet not loaded: [Errno 2] No such file or directory: 'styles/dawgit_styles.qss'
[DEBUG] Loaded project path: /private/var/folders/yx/c_cp834d18v7ptq75l5x7twm0000gn/T/pytest-of-niccavendish/pytest-0/test_tag_custom_label_assigns_0
[DEBUG] Calling GitProjectManager.init_repo()
[DEBUG] Initializing Git...
[DEBUG] Found DAW files: [PosixPath('/private/var/folders/yx/c_cp834d18v7ptq75l5x7twm0000gn/T/pytest-of-niccavendish/pytest-0/test_tag_custom_label_assigns_0/track.als')]
[DEBUG] Found existing Git repo at /private/var/folders/yx/c_cp834d18v7ptq75l5x7twm0000gn/T/pytest-of-niccavendish/pytest-0/test_tag_custom_label_assigns_0
✅ Saved last project path: /private/var/folders/yx/c_cp834d18v7ptq75l5x7twm0000gn/T/pytest-of-niccavendish/pytest-0/test_tag_custom_label_assigns_0
[DEBUG] No commit role file found at /private/var/folders/yx/c_cp834d18v7ptq75l5x7twm0000gn/T/pytest-of-niccavendish/pytest-0/test_tag_custom_label_assigns_0/.dawgit_roles.json
[DEBUG] status label set: Session branch: main — Take: version 1
[DEBUG] Repo valid: True
[DEBUG] HEAD SHA: 2614e34fb77c481bfe4e7f9087346a7361e34fc1
[DEBUG] Total commits: 1
[DEBUG] No commit role file found at /private/var/folders/yx/c_cp834d18v7ptq75l5x7twm0000gn/T/pytest-of-niccavendish/pytest-0/test_tag_custom_label_assigns_0/.dawgit_roles.json
[DEBUG] Selected row = 0, SHA = 2614e34fb77c481bfe4e7f9087346a7361e34fc1
[DEBUG] ✅ SHA set from selected row: 2614e34fb77c481bfe4e7f9087346a7361e34fc1
[DEBUG] status label set: Session branch: main — Take: version 1
[DEBUG] No commit role file found at /private/var/folders/yx/c_cp834d18v7ptq75l5x7twm0000gn/T/pytest-of-niccavendish/pytest-0/test_tag_custom_label_assigns_0/.dawgit_roles.json
[DEBUG] Repo valid: True
[DEBUG] HEAD SHA: 2614e34fb77c481bfe4e7f9087346a7361e34fc1
[DEBUG] Total commits: 1
[DEBUG] No commit role file found at /private/var/folders/yx/c_cp834d18v7ptq75l5x7twm0000gn/T/pytest-of-niccavendish/pytest-0/test_tag_custom_label_assigns_0/.dawgit_roles.json
[DEBUG] Selected row = 0, SHA = 2614e34fb77c481bfe4e7f9087346a7361e34fc1
[DEBUG] ✅ SHA set from selected row: 2614e34fb77c481bfe4e7f9087346a7361e34fc1
[DEBUG] status label set: Session branch: main — Take: version 1
[DEBUG] status label set: Session branch: main — Take: version 1
[DEBUG] Selected row = 0, SHA = 2614e34fb77c481bfe4e7f9087346a7361e34fc1
[DEBUG] ✅ SHA set from selected row: 2614e34fb77c481bfe4e7f9087346a7361e34fc1
[DEBUG] Role 'alt_2' assigned to commit 2614e34fb77c481bfe4e7f9087346a7361e34fc1
[DEBUG] Saved commit roles to /private/var/folders/yx/c_cp834d18v7ptq75l5x7twm0000gn/T/pytest-of-niccavendish/pytest-0/test_tag_custom_label_assigns_0/.dawgit_roles.json
[DEBUG] Assigned role 'alt_2' to commit 2614e34fb77c481bfe4e7f9087346a7361e34fc1
[DEBUG] Saved PROJECT_MARKER.json to /private/var/folders/yx/c_cp834d18v7ptq75l5x7twm0000gn/T/pytest-of-niccavendish/pytest-0/test_tag_custom_label_assigns_0/PROJECT_MARKER.json
[DEBUG] Saved commit roles to /private/var/folders/yx/c_cp834d18v7ptq75l5x7twm0000gn/T/pytest-of-niccavendish/pytest-0/test_tag_custom_label_assigns_0/.dawgit_roles.json
[STATUS] ✏️ Commit tagged as 'alt_2': 2614e34
[DEBUG] DAWGIT_TEST_MODE active — running load_commit_history directly
[DEBUG] Repo valid: True
[DEBUG] HEAD SHA: 2614e34fb77c481bfe4e7f9087346a7361e34fc1
[DEBUG] Total commits: 1
[DEBUG] Loaded commit roles from /private/var/folders/yx/c_cp834d18v7ptq75l5x7twm0000gn/T/pytest-of-niccavendish/pytest-0/test_tag_custom_label_assigns_0/.dawgit_roles.json
[DEBUG] Selected row = 0, SHA = 2614e34fb77c481bfe4e7f9087346a7361e34fc1
[DEBUG] ✅ SHA set from selected row: 2614e34fb77c481bfe4e7f9087346a7361e34fc1
[DEBUG] status label set: Session branch: main — Take: version 1
PASSED

============================== 5 passed in 6.19s ===============================
============================= test session starts ==============================
platform darwin -- Python 3.12.3, pytest-8.3.5, pluggy-1.5.0 -- /Users/niccavendish/.pyenv/versions/3.12.3/bin/python3.12
cachedir: .pytest_cache
PyQt6 6.9.0 -- Qt runtime 6.9.0 -- Qt compiled 6.9.0
rootdir: /Users/niccavendish/Projects/DAWGitApp
configfile: pytest.ini
plugins: qt-4.4.0, env-1.1.5, timeout-2.4.0, rich-0.2.0
timeout: 10.0s
timeout method: signal
timeout func_only: False
collecting ... collected 5 items

tests_dawgit/test_commit_tagging.py::test_assign_commit_role_variants[Main Mix] [DEBUG] No PROJECT_MARKER.json found — using defaults
[DEBUG] No commit role file found at /tmp/test_tagging_5f786809f3a94985b38c2d24b3b2ce3c/.dawgit_roles.json
FAILED
tests_dawgit/test_commit_tagging.py::test_assign_commit_role_variants[creative_take] [DEBUG] No PROJECT_MARKER.json found — using defaults
[DEBUG] No commit role file found at /tmp/test_tagging_34ba1cca33e94aa0bd8c1be17b210a79/.dawgit_roles.json
FAILED
tests_dawgit/test_commit_tagging.py::test_assign_commit_role_variants[alt_mixdown] [DEBUG] No PROJECT_MARKER.json found — using defaults
[DEBUG] No commit role file found at /tmp/test_tagging_4830a331f0e24e4485e9fc5f8561a102/.dawgit_roles.json
FAILED
tests_dawgit/test_commit_tagging.py::test_assign_commit_role_variants[my_custom_tag] [DEBUG] No PROJECT_MARKER.json found — using defaults
[DEBUG] No commit role file found at /tmp/test_tagging_6cb8fa7a86a94f46922f4924edac3128/.dawgit_roles.json
FAILED
tests_dawgit/test_commit_tagging.py::test_tag_custom_label_assigns_alt2 [DEBUG] No PROJECT_MARKER.json found — using defaults
[DEBUG] No commit role file found at /private/var/folders/yx/c_cp834d18v7ptq75l5x7twm0000gn/T/pytest-of-niccavendish/pytest-1/test_tag_custom_label_assigns_0/.dawgit_roles.json
FAILED

=================================== FAILURES ===================================
__________________ test_assign_commit_role_variants[Main Mix] __________________

monkeypatch = <_pytest.monkeypatch.MonkeyPatch object at 0x10d89d970>
qtbot = <pytestqt.qtbot.QtBot object at 0x10d89da60>, label = 'Main Mix'

    @pytest.mark.parametrize("label", ["Main Mix", "creative_take", "alt_mixdown", "my_custom_tag"])
    def test_assign_commit_role_variants(monkeypatch, qtbot, label):
        project_path = Path(f"/tmp/test_tagging_{uuid.uuid4().hex}")
        project_path.mkdir(parents=True)
        (project_path / "track.als").write_text("init")
    
        repo = Repo.init(project_path)
        git_add_and_commit(repo, project_path, "track.als", message="init")
    
>       app = DAWGitApp(project_path=str(project_path), build_ui=True)

tests_dawgit/test_commit_tagging.py:64: 
_ _ _ _ _ _ _ _ _ _ _ _ _ _ _ _ _ _ _ _ _ _ _ _ _ _ _ _ _ _ _ _ _ _ _ _ _ _ _ _ 
daw_git_gui.py:229: in __init__
    self.setup_ui()
daw_git_gui.py:341: in setup_ui
    build_main_ui(self)
gui_layout.py:43: in build_main_ui
    app.snapshot_page = SnapshotBrowserPage(app)
_ _ _ _ _ _ _ _ _ _ _ _ _ _ _ _ _ _ _ _ _ _ _ _ _ _ _ _ _ _ _ _ _ _ _ _ _ _ _ _ 

self = <snapshot_browser_page.SnapshotBrowserPage object at 0x10d8aca50>
parent = <daw_git_gui.DAWGitApp object at 0x109d8c370>

    def __init__(self, parent=None):
        super().__init__(parent)
        self.app = parent  # Safe access to DAWGitApp
        layout = QVBoxLayout(self)
    
        # 🎧 Header
        self.title_label = QLabel("🎧 Snapshot Browser")
        layout.addWidget(self.title_label)
    
        # 📜 Commit History Table
        self.commit_table = QTableWidget()
        self.commit_table.setSelectionBehavior(QTableWidget.SelectionBehavior.SelectRows)
        self.commit_table.setSelectionMode(QTableWidget.SelectionMode.SingleSelection)
    
        layout.addWidget(self.commit_table)
        self.commit_table.setColumnCount(9)
        self.commit_table.setHorizontalHeaderLabels([
            "#", "Role", "Commit ID", "Message", "Branch", "DAW", "Files", "Tags", "Date"
        ])
        self.commit_table.setSortingEnabled(True)
        self.commit_table.sortItems(0, Qt.SortOrder.AscendingOrder)
    
        self.commit_table.setAlternatingRowColors(True)
        self.commit_table.setStyleSheet("""
            QTableWidget::item:selected {
                background-color: #b3d9ff;  /* light blue highlight */
            }
        """)
        self.commit_table.sortItems(8, Qt.SortOrder.DescendingOrder)
    
        # 📦 Status
        self.status_label = QLabel("📦 Ready")
        layout.addWidget(self.status_label)
    
        # 📥 Load + Info
        self.load_snapshot_btn = QPushButton(BTN_LOAD_SNAPSHOT)
        self.load_snapshot_btn.setToolTip(TOOLTIP_LOAD_VERSION_SAFELY)
        if self.app and hasattr(self.app, "load_snapshot_clicked"):
            self.load_snapshot_btn.clicked.connect(self.app.load_snapshot_clicked)
        layout.addWidget(self.load_snapshot_btn)
    
        self.where_am_i_btn = QPushButton(BTN_WHERE_AM_I)
        self.where_am_i_btn.setToolTip(TOOLTIP_SHOW_CURRENT_VERSION)
        if self.app and hasattr(self.app, "show_current_commit"):
            self.where_am_i_btn.clicked.connect(self.app.show_current_commit)
        layout.addWidget(self.where_am_i_btn)
    
>       self.return_to_latest_btn = QPushButton(RETURN_TO_LATEST_BTN)
E       NameError: name 'RETURN_TO_LATEST_BTN' is not defined

snapshot_browser_page.py:76: NameError
_______________ test_assign_commit_role_variants[creative_take] ________________

monkeypatch = <_pytest.monkeypatch.MonkeyPatch object at 0x10dc96ff0>
qtbot = <pytestqt.qtbot.QtBot object at 0x10dc970e0>, label = 'creative_take'

    @pytest.mark.parametrize("label", ["Main Mix", "creative_take", "alt_mixdown", "my_custom_tag"])
    def test_assign_commit_role_variants(monkeypatch, qtbot, label):
        project_path = Path(f"/tmp/test_tagging_{uuid.uuid4().hex}")
        project_path.mkdir(parents=True)
        (project_path / "track.als").write_text("init")
    
        repo = Repo.init(project_path)
        git_add_and_commit(repo, project_path, "track.als", message="init")
    
>       app = DAWGitApp(project_path=str(project_path), build_ui=True)

tests_dawgit/test_commit_tagging.py:64: 
_ _ _ _ _ _ _ _ _ _ _ _ _ _ _ _ _ _ _ _ _ _ _ _ _ _ _ _ _ _ _ _ _ _ _ _ _ _ _ _ 
daw_git_gui.py:229: in __init__
    self.setup_ui()
daw_git_gui.py:341: in setup_ui
    build_main_ui(self)
gui_layout.py:43: in build_main_ui
    app.snapshot_page = SnapshotBrowserPage(app)
_ _ _ _ _ _ _ _ _ _ _ _ _ _ _ _ _ _ _ _ _ _ _ _ _ _ _ _ _ _ _ _ _ _ _ _ _ _ _ _ 

self = <snapshot_browser_page.SnapshotBrowserPage object at 0x10dc93570>
parent = <daw_git_gui.DAWGitApp object at 0x10dc93250>

    def __init__(self, parent=None):
        super().__init__(parent)
        self.app = parent  # Safe access to DAWGitApp
        layout = QVBoxLayout(self)
    
        # 🎧 Header
        self.title_label = QLabel("🎧 Snapshot Browser")
        layout.addWidget(self.title_label)
    
        # 📜 Commit History Table
        self.commit_table = QTableWidget()
        self.commit_table.setSelectionBehavior(QTableWidget.SelectionBehavior.SelectRows)
        self.commit_table.setSelectionMode(QTableWidget.SelectionMode.SingleSelection)
    
        layout.addWidget(self.commit_table)
        self.commit_table.setColumnCount(9)
        self.commit_table.setHorizontalHeaderLabels([
            "#", "Role", "Commit ID", "Message", "Branch", "DAW", "Files", "Tags", "Date"
        ])
        self.commit_table.setSortingEnabled(True)
        self.commit_table.sortItems(0, Qt.SortOrder.AscendingOrder)
    
        self.commit_table.setAlternatingRowColors(True)
        self.commit_table.setStyleSheet("""
            QTableWidget::item:selected {
                background-color: #b3d9ff;  /* light blue highlight */
            }
        """)
        self.commit_table.sortItems(8, Qt.SortOrder.DescendingOrder)
    
        # 📦 Status
        self.status_label = QLabel("📦 Ready")
        layout.addWidget(self.status_label)
    
        # 📥 Load + Info
        self.load_snapshot_btn = QPushButton(BTN_LOAD_SNAPSHOT)
        self.load_snapshot_btn.setToolTip(TOOLTIP_LOAD_VERSION_SAFELY)
        if self.app and hasattr(self.app, "load_snapshot_clicked"):
            self.load_snapshot_btn.clicked.connect(self.app.load_snapshot_clicked)
        layout.addWidget(self.load_snapshot_btn)
    
        self.where_am_i_btn = QPushButton(BTN_WHERE_AM_I)
        self.where_am_i_btn.setToolTip(TOOLTIP_SHOW_CURRENT_VERSION)
        if self.app and hasattr(self.app, "show_current_commit"):
            self.where_am_i_btn.clicked.connect(self.app.show_current_commit)
        layout.addWidget(self.where_am_i_btn)
    
>       self.return_to_latest_btn = QPushButton(RETURN_TO_LATEST_BTN)
E       NameError: name 'RETURN_TO_LATEST_BTN' is not defined

snapshot_browser_page.py:76: NameError
________________ test_assign_commit_role_variants[alt_mixdown] _________________

monkeypatch = <_pytest.monkeypatch.MonkeyPatch object at 0x10dc97380>
qtbot = <pytestqt.qtbot.QtBot object at 0x10dc971a0>, label = 'alt_mixdown'

    @pytest.mark.parametrize("label", ["Main Mix", "creative_take", "alt_mixdown", "my_custom_tag"])
    def test_assign_commit_role_variants(monkeypatch, qtbot, label):
        project_path = Path(f"/tmp/test_tagging_{uuid.uuid4().hex}")
        project_path.mkdir(parents=True)
        (project_path / "track.als").write_text("init")
    
        repo = Repo.init(project_path)
        git_add_and_commit(repo, project_path, "track.als", message="init")
    
>       app = DAWGitApp(project_path=str(project_path), build_ui=True)

tests_dawgit/test_commit_tagging.py:64: 
_ _ _ _ _ _ _ _ _ _ _ _ _ _ _ _ _ _ _ _ _ _ _ _ _ _ _ _ _ _ _ _ _ _ _ _ _ _ _ _ 
daw_git_gui.py:229: in __init__
    self.setup_ui()
daw_git_gui.py:341: in setup_ui
    build_main_ui(self)
gui_layout.py:43: in build_main_ui
    app.snapshot_page = SnapshotBrowserPage(app)
_ _ _ _ _ _ _ _ _ _ _ _ _ _ _ _ _ _ _ _ _ _ _ _ _ _ _ _ _ _ _ _ _ _ _ _ _ _ _ _ 

self = <snapshot_browser_page.SnapshotBrowserPage object at 0x10dc93ed0>
parent = <daw_git_gui.DAWGitApp object at 0x10dc92f30>

    def __init__(self, parent=None):
        super().__init__(parent)
        self.app = parent  # Safe access to DAWGitApp
        layout = QVBoxLayout(self)
    
        # 🎧 Header
        self.title_label = QLabel("🎧 Snapshot Browser")
        layout.addWidget(self.title_label)
    
        # 📜 Commit History Table
        self.commit_table = QTableWidget()
        self.commit_table.setSelectionBehavior(QTableWidget.SelectionBehavior.SelectRows)
        self.commit_table.setSelectionMode(QTableWidget.SelectionMode.SingleSelection)
    
        layout.addWidget(self.commit_table)
        self.commit_table.setColumnCount(9)
        self.commit_table.setHorizontalHeaderLabels([
            "#", "Role", "Commit ID", "Message", "Branch", "DAW", "Files", "Tags", "Date"
        ])
        self.commit_table.setSortingEnabled(True)
        self.commit_table.sortItems(0, Qt.SortOrder.AscendingOrder)
    
        self.commit_table.setAlternatingRowColors(True)
        self.commit_table.setStyleSheet("""
            QTableWidget::item:selected {
                background-color: #b3d9ff;  /* light blue highlight */
            }
        """)
        self.commit_table.sortItems(8, Qt.SortOrder.DescendingOrder)
    
        # 📦 Status
        self.status_label = QLabel("📦 Ready")
        layout.addWidget(self.status_label)
    
        # 📥 Load + Info
        self.load_snapshot_btn = QPushButton(BTN_LOAD_SNAPSHOT)
        self.load_snapshot_btn.setToolTip(TOOLTIP_LOAD_VERSION_SAFELY)
        if self.app and hasattr(self.app, "load_snapshot_clicked"):
            self.load_snapshot_btn.clicked.connect(self.app.load_snapshot_clicked)
        layout.addWidget(self.load_snapshot_btn)
    
        self.where_am_i_btn = QPushButton(BTN_WHERE_AM_I)
        self.where_am_i_btn.setToolTip(TOOLTIP_SHOW_CURRENT_VERSION)
        if self.app and hasattr(self.app, "show_current_commit"):
            self.where_am_i_btn.clicked.connect(self.app.show_current_commit)
        layout.addWidget(self.where_am_i_btn)
    
>       self.return_to_latest_btn = QPushButton(RETURN_TO_LATEST_BTN)
E       NameError: name 'RETURN_TO_LATEST_BTN' is not defined

snapshot_browser_page.py:76: NameError
_______________ test_assign_commit_role_variants[my_custom_tag] ________________

monkeypatch = <_pytest.monkeypatch.MonkeyPatch object at 0x10dccb380>
qtbot = <pytestqt.qtbot.QtBot object at 0x10dcca5d0>, label = 'my_custom_tag'

    @pytest.mark.parametrize("label", ["Main Mix", "creative_take", "alt_mixdown", "my_custom_tag"])
    def test_assign_commit_role_variants(monkeypatch, qtbot, label):
        project_path = Path(f"/tmp/test_tagging_{uuid.uuid4().hex}")
        project_path.mkdir(parents=True)
        (project_path / "track.als").write_text("init")
    
        repo = Repo.init(project_path)
        git_add_and_commit(repo, project_path, "track.als", message="init")
    
>       app = DAWGitApp(project_path=str(project_path), build_ui=True)

tests_dawgit/test_commit_tagging.py:64: 
_ _ _ _ _ _ _ _ _ _ _ _ _ _ _ _ _ _ _ _ _ _ _ _ _ _ _ _ _ _ _ _ _ _ _ _ _ _ _ _ 
daw_git_gui.py:229: in __init__
    self.setup_ui()
daw_git_gui.py:341: in setup_ui
    build_main_ui(self)
gui_layout.py:43: in build_main_ui
    app.snapshot_page = SnapshotBrowserPage(app)
_ _ _ _ _ _ _ _ _ _ _ _ _ _ _ _ _ _ _ _ _ _ _ _ _ _ _ _ _ _ _ _ _ _ _ _ _ _ _ _ 

self = <snapshot_browser_page.SnapshotBrowserPage object at 0x10dcdaad0>
parent = <daw_git_gui.DAWGitApp object at 0x10dcda490>

    def __init__(self, parent=None):
        super().__init__(parent)
        self.app = parent  # Safe access to DAWGitApp
        layout = QVBoxLayout(self)
    
        # 🎧 Header
        self.title_label = QLabel("🎧 Snapshot Browser")
        layout.addWidget(self.title_label)
    
        # 📜 Commit History Table
        self.commit_table = QTableWidget()
        self.commit_table.setSelectionBehavior(QTableWidget.SelectionBehavior.SelectRows)
        self.commit_table.setSelectionMode(QTableWidget.SelectionMode.SingleSelection)
    
        layout.addWidget(self.commit_table)
        self.commit_table.setColumnCount(9)
        self.commit_table.setHorizontalHeaderLabels([
            "#", "Role", "Commit ID", "Message", "Branch", "DAW", "Files", "Tags", "Date"
        ])
        self.commit_table.setSortingEnabled(True)
        self.commit_table.sortItems(0, Qt.SortOrder.AscendingOrder)
    
        self.commit_table.setAlternatingRowColors(True)
        self.commit_table.setStyleSheet("""
            QTableWidget::item:selected {
                background-color: #b3d9ff;  /* light blue highlight */
            }
        """)
        self.commit_table.sortItems(8, Qt.SortOrder.DescendingOrder)
    
        # 📦 Status
        self.status_label = QLabel("📦 Ready")
        layout.addWidget(self.status_label)
    
        # 📥 Load + Info
        self.load_snapshot_btn = QPushButton(BTN_LOAD_SNAPSHOT)
        self.load_snapshot_btn.setToolTip(TOOLTIP_LOAD_VERSION_SAFELY)
        if self.app and hasattr(self.app, "load_snapshot_clicked"):
            self.load_snapshot_btn.clicked.connect(self.app.load_snapshot_clicked)
        layout.addWidget(self.load_snapshot_btn)
    
        self.where_am_i_btn = QPushButton(BTN_WHERE_AM_I)
        self.where_am_i_btn.setToolTip(TOOLTIP_SHOW_CURRENT_VERSION)
        if self.app and hasattr(self.app, "show_current_commit"):
            self.where_am_i_btn.clicked.connect(self.app.show_current_commit)
        layout.addWidget(self.where_am_i_btn)
    
>       self.return_to_latest_btn = QPushButton(RETURN_TO_LATEST_BTN)
E       NameError: name 'RETURN_TO_LATEST_BTN' is not defined

snapshot_browser_page.py:76: NameError
______________________ test_tag_custom_label_assigns_alt2 ______________________

mock_input = <MagicMock name='getText' id='4386917504'>
tmp_path = PosixPath('/private/var/folders/yx/c_cp834d18v7ptq75l5x7twm0000gn/T/pytest-of-niccavendish/pytest-1/test_tag_custom_label_assigns_0')
qtbot = <pytestqt.qtbot.QtBot object at 0x1057b06b0>

    @patch("PyQt6.QtWidgets.QInputDialog.getText", return_value=("alt_2", True))
    def test_tag_custom_label_assigns_alt2(mock_input, tmp_path, qtbot):
        (tmp_path / "track.als").write_text("Ableton")
    
        repo = Repo.init(tmp_path)
        git_add_and_commit(repo, tmp_path, "track.als", message="init")
    
>       app = DAWGitApp(project_path=str(tmp_path), build_ui=True)

tests_dawgit/test_commit_tagging.py:89: 
_ _ _ _ _ _ _ _ _ _ _ _ _ _ _ _ _ _ _ _ _ _ _ _ _ _ _ _ _ _ _ _ _ _ _ _ _ _ _ _ 
daw_git_gui.py:229: in __init__
    self.setup_ui()
daw_git_gui.py:341: in setup_ui
    build_main_ui(self)
gui_layout.py:43: in build_main_ui
    app.snapshot_page = SnapshotBrowserPage(app)
_ _ _ _ _ _ _ _ _ _ _ _ _ _ _ _ _ _ _ _ _ _ _ _ _ _ _ _ _ _ _ _ _ _ _ _ _ _ _ _ 

self = <snapshot_browser_page.SnapshotBrowserPage object at 0x10dc93390>
parent = <daw_git_gui.DAWGitApp object at 0x10dc93890>

    def __init__(self, parent=None):
        super().__init__(parent)
        self.app = parent  # Safe access to DAWGitApp
        layout = QVBoxLayout(self)
    
        # 🎧 Header
        self.title_label = QLabel("🎧 Snapshot Browser")
        layout.addWidget(self.title_label)
    
        # 📜 Commit History Table
        self.commit_table = QTableWidget()
        self.commit_table.setSelectionBehavior(QTableWidget.SelectionBehavior.SelectRows)
        self.commit_table.setSelectionMode(QTableWidget.SelectionMode.SingleSelection)
    
        layout.addWidget(self.commit_table)
        self.commit_table.setColumnCount(9)
        self.commit_table.setHorizontalHeaderLabels([
            "#", "Role", "Commit ID", "Message", "Branch", "DAW", "Files", "Tags", "Date"
        ])
        self.commit_table.setSortingEnabled(True)
        self.commit_table.sortItems(0, Qt.SortOrder.AscendingOrder)
    
        self.commit_table.setAlternatingRowColors(True)
        self.commit_table.setStyleSheet("""
            QTableWidget::item:selected {
                background-color: #b3d9ff;  /* light blue highlight */
            }
        """)
        self.commit_table.sortItems(8, Qt.SortOrder.DescendingOrder)
    
        # 📦 Status
        self.status_label = QLabel("📦 Ready")
        layout.addWidget(self.status_label)
    
        # 📥 Load + Info
        self.load_snapshot_btn = QPushButton(BTN_LOAD_SNAPSHOT)
        self.load_snapshot_btn.setToolTip(TOOLTIP_LOAD_VERSION_SAFELY)
        if self.app and hasattr(self.app, "load_snapshot_clicked"):
            self.load_snapshot_btn.clicked.connect(self.app.load_snapshot_clicked)
        layout.addWidget(self.load_snapshot_btn)
    
        self.where_am_i_btn = QPushButton(BTN_WHERE_AM_I)
        self.where_am_i_btn.setToolTip(TOOLTIP_SHOW_CURRENT_VERSION)
        if self.app and hasattr(self.app, "show_current_commit"):
            self.where_am_i_btn.clicked.connect(self.app.show_current_commit)
        layout.addWidget(self.where_am_i_btn)
    
>       self.return_to_latest_btn = QPushButton(RETURN_TO_LATEST_BTN)
E       NameError: name 'RETURN_TO_LATEST_BTN' is not defined

snapshot_browser_page.py:76: NameError
=========================== short test summary info ============================
FAILED tests_dawgit/test_commit_tagging.py::test_assign_commit_role_variants[Main Mix]
FAILED tests_dawgit/test_commit_tagging.py::test_assign_commit_role_variants[creative_take]
FAILED tests_dawgit/test_commit_tagging.py::test_assign_commit_role_variants[alt_mixdown]
FAILED tests_dawgit/test_commit_tagging.py::test_assign_commit_role_variants[my_custom_tag]
FAILED tests_dawgit/test_commit_tagging.py::test_tag_custom_label_assigns_alt2
============================== 5 failed in 2.44s ===============================
============================= test session starts ==============================
platform darwin -- Python 3.12.3, pytest-8.3.5, pluggy-1.5.0 -- /Users/niccavendish/.pyenv/versions/3.12.3/bin/python3.12
cachedir: .pytest_cache
PyQt6 6.9.0 -- Qt runtime 6.9.0 -- Qt compiled 6.9.0
rootdir: /Users/niccavendish/Projects/DAWGitApp
configfile: pytest.ini
plugins: qt-4.4.0, env-1.1.5, timeout-2.4.0, rich-0.2.0
timeout: 10.0s
timeout method: signal
timeout func_only: False
collecting ... collected 5 items

tests_dawgit/test_commit_tagging.py::test_assign_commit_role_variants[Main Mix] [DEBUG] No PROJECT_MARKER.json found — using defaults
[DEBUG] No commit role file found at /tmp/test_tagging_89b6d555ca384a56b0a1ec738da89900/.dawgit_roles.json
FAILED
tests_dawgit/test_commit_tagging.py::test_assign_commit_role_variants[creative_take] [DEBUG] No PROJECT_MARKER.json found — using defaults
[DEBUG] No commit role file found at /tmp/test_tagging_4846738d173547b082fa0d5d18433203/.dawgit_roles.json
FAILED
tests_dawgit/test_commit_tagging.py::test_assign_commit_role_variants[alt_mixdown] [DEBUG] No PROJECT_MARKER.json found — using defaults
[DEBUG] No commit role file found at /tmp/test_tagging_41874f858a53450785762eba29b7a938/.dawgit_roles.json
FAILED
tests_dawgit/test_commit_tagging.py::test_assign_commit_role_variants[my_custom_tag] [DEBUG] No PROJECT_MARKER.json found — using defaults
[DEBUG] No commit role file found at /tmp/test_tagging_ad843c4c36104cb1934c0d4a63beda7d/.dawgit_roles.json
FAILED
tests_dawgit/test_commit_tagging.py::test_tag_custom_label_assigns_alt2 [DEBUG] No PROJECT_MARKER.json found — using defaults
[DEBUG] No commit role file found at /private/var/folders/yx/c_cp834d18v7ptq75l5x7twm0000gn/T/pytest-of-niccavendish/pytest-0/test_tag_custom_label_assigns_0/.dawgit_roles.json
FAILED

=================================== FAILURES ===================================
__________________ test_assign_commit_role_variants[Main Mix] __________________

monkeypatch = <_pytest.monkeypatch.MonkeyPatch object at 0x119765dc0>
qtbot = <pytestqt.qtbot.QtBot object at 0x119765eb0>, label = 'Main Mix'

    @pytest.mark.parametrize("label", ["Main Mix", "creative_take", "alt_mixdown", "my_custom_tag"])
    def test_assign_commit_role_variants(monkeypatch, qtbot, label):
        project_path = Path(f"/tmp/test_tagging_{uuid.uuid4().hex}")
        project_path.mkdir(parents=True)
        (project_path / "track.als").write_text("init")
    
        repo = Repo.init(project_path)
        git_add_and_commit(repo, project_path, "track.als", message="init")
    
>       app = DAWGitApp(project_path=str(project_path), build_ui=True)

tests_dawgit/test_commit_tagging.py:64: 
_ _ _ _ _ _ _ _ _ _ _ _ _ _ _ _ _ _ _ _ _ _ _ _ _ _ _ _ _ _ _ _ _ _ _ _ _ _ _ _ 
daw_git_gui.py:229: in __init__
    self.setup_ui()
daw_git_gui.py:341: in setup_ui
    build_main_ui(self)
gui_layout.py:43: in build_main_ui
    app.snapshot_page = SnapshotBrowserPage(app)
_ _ _ _ _ _ _ _ _ _ _ _ _ _ _ _ _ _ _ _ _ _ _ _ _ _ _ _ _ _ _ _ _ _ _ _ _ _ _ _ 

self = <snapshot_browser_page.SnapshotBrowserPage object at 0x119770c30>
parent = <daw_git_gui.DAWGitApp object at 0x115b48370>

    def __init__(self, parent=None):
        super().__init__(parent)
        self.app = parent  # Safe access to DAWGitApp
        layout = QVBoxLayout(self)
    
        # 🎧 Header
        self.title_label = QLabel("🎧 Snapshot Browser")
        layout.addWidget(self.title_label)
    
        # 📜 Commit History Table
        self.commit_table = QTableWidget()
        self.commit_table.setSelectionBehavior(QTableWidget.SelectionBehavior.SelectRows)
        self.commit_table.setSelectionMode(QTableWidget.SelectionMode.SingleSelection)
    
        layout.addWidget(self.commit_table)
        self.commit_table.setColumnCount(9)
        self.commit_table.setHorizontalHeaderLabels([
            "#", "Role", "Commit ID", "Message", "Branch", "DAW", "Files", "Tags", "Date"
        ])
        self.commit_table.setSortingEnabled(True)
        self.commit_table.sortItems(0, Qt.SortOrder.AscendingOrder)
    
        self.commit_table.setAlternatingRowColors(True)
        self.commit_table.setStyleSheet("""
            QTableWidget::item:selected {
                background-color: #b3d9ff;  /* light blue highlight */
            }
        """)
        self.commit_table.sortItems(8, Qt.SortOrder.DescendingOrder)
    
        # 📦 Status
        self.status_label = QLabel("📦 Ready")
        layout.addWidget(self.status_label)
    
        # 📥 Load + Info
        self.load_snapshot_btn = QPushButton(BTN_LOAD_SNAPSHOT)
        self.load_snapshot_btn.setToolTip(TOOLTIP_LOAD_VERSION_SAFELY)
        if self.app and hasattr(self.app, "load_snapshot_clicked"):
            self.load_snapshot_btn.clicked.connect(self.app.load_snapshot_clicked)
        layout.addWidget(self.load_snapshot_btn)
    
        self.where_am_i_btn = QPushButton(BTN_WHERE_AM_I)
        self.where_am_i_btn.setToolTip(TOOLTIP_SHOW_CURRENT_VERSION)
        if self.app and hasattr(self.app, "show_current_commit"):
            self.where_am_i_btn.clicked.connect(self.app.show_current_commit)
        layout.addWidget(self.where_am_i_btn)
    
        self.return_to_latest_btn = QPushButton(RETURN_TO_LATEST_BTN)
>       self.return_to_latest_btn.setToolTip(RETURN_TO_LATEST_TOOLTIP)
E       NameError: name 'RETURN_TO_LATEST_TOOLTIP' is not defined

snapshot_browser_page.py:77: NameError
_______________ test_assign_commit_role_variants[creative_take] ________________

monkeypatch = <_pytest.monkeypatch.MonkeyPatch object at 0x11a746ed0>
qtbot = <pytestqt.qtbot.QtBot object at 0x11a746fc0>, label = 'creative_take'

    @pytest.mark.parametrize("label", ["Main Mix", "creative_take", "alt_mixdown", "my_custom_tag"])
    def test_assign_commit_role_variants(monkeypatch, qtbot, label):
        project_path = Path(f"/tmp/test_tagging_{uuid.uuid4().hex}")
        project_path.mkdir(parents=True)
        (project_path / "track.als").write_text("init")
    
        repo = Repo.init(project_path)
        git_add_and_commit(repo, project_path, "track.als", message="init")
    
>       app = DAWGitApp(project_path=str(project_path), build_ui=True)

tests_dawgit/test_commit_tagging.py:64: 
_ _ _ _ _ _ _ _ _ _ _ _ _ _ _ _ _ _ _ _ _ _ _ _ _ _ _ _ _ _ _ _ _ _ _ _ _ _ _ _ 
daw_git_gui.py:229: in __init__
    self.setup_ui()
daw_git_gui.py:341: in setup_ui
    build_main_ui(self)
gui_layout.py:43: in build_main_ui
    app.snapshot_page = SnapshotBrowserPage(app)
_ _ _ _ _ _ _ _ _ _ _ _ _ _ _ _ _ _ _ _ _ _ _ _ _ _ _ _ _ _ _ _ _ _ _ _ _ _ _ _ 

self = <snapshot_browser_page.SnapshotBrowserPage object at 0x11a7436b0>
parent = <daw_git_gui.DAWGitApp object at 0x11a743390>

    def __init__(self, parent=None):
        super().__init__(parent)
        self.app = parent  # Safe access to DAWGitApp
        layout = QVBoxLayout(self)
    
        # 🎧 Header
        self.title_label = QLabel("🎧 Snapshot Browser")
        layout.addWidget(self.title_label)
    
        # 📜 Commit History Table
        self.commit_table = QTableWidget()
        self.commit_table.setSelectionBehavior(QTableWidget.SelectionBehavior.SelectRows)
        self.commit_table.setSelectionMode(QTableWidget.SelectionMode.SingleSelection)
    
        layout.addWidget(self.commit_table)
        self.commit_table.setColumnCount(9)
        self.commit_table.setHorizontalHeaderLabels([
            "#", "Role", "Commit ID", "Message", "Branch", "DAW", "Files", "Tags", "Date"
        ])
        self.commit_table.setSortingEnabled(True)
        self.commit_table.sortItems(0, Qt.SortOrder.AscendingOrder)
    
        self.commit_table.setAlternatingRowColors(True)
        self.commit_table.setStyleSheet("""
            QTableWidget::item:selected {
                background-color: #b3d9ff;  /* light blue highlight */
            }
        """)
        self.commit_table.sortItems(8, Qt.SortOrder.DescendingOrder)
    
        # 📦 Status
        self.status_label = QLabel("📦 Ready")
        layout.addWidget(self.status_label)
    
        # 📥 Load + Info
        self.load_snapshot_btn = QPushButton(BTN_LOAD_SNAPSHOT)
        self.load_snapshot_btn.setToolTip(TOOLTIP_LOAD_VERSION_SAFELY)
        if self.app and hasattr(self.app, "load_snapshot_clicked"):
            self.load_snapshot_btn.clicked.connect(self.app.load_snapshot_clicked)
        layout.addWidget(self.load_snapshot_btn)
    
        self.where_am_i_btn = QPushButton(BTN_WHERE_AM_I)
        self.where_am_i_btn.setToolTip(TOOLTIP_SHOW_CURRENT_VERSION)
        if self.app and hasattr(self.app, "show_current_commit"):
            self.where_am_i_btn.clicked.connect(self.app.show_current_commit)
        layout.addWidget(self.where_am_i_btn)
    
        self.return_to_latest_btn = QPushButton(RETURN_TO_LATEST_BTN)
>       self.return_to_latest_btn.setToolTip(RETURN_TO_LATEST_TOOLTIP)
E       NameError: name 'RETURN_TO_LATEST_TOOLTIP' is not defined

snapshot_browser_page.py:77: NameError
________________ test_assign_commit_role_variants[alt_mixdown] _________________

monkeypatch = <_pytest.monkeypatch.MonkeyPatch object at 0x11a747170>
qtbot = <pytestqt.qtbot.QtBot object at 0x11a747b30>, label = 'alt_mixdown'

    @pytest.mark.parametrize("label", ["Main Mix", "creative_take", "alt_mixdown", "my_custom_tag"])
    def test_assign_commit_role_variants(monkeypatch, qtbot, label):
        project_path = Path(f"/tmp/test_tagging_{uuid.uuid4().hex}")
        project_path.mkdir(parents=True)
        (project_path / "track.als").write_text("init")
    
        repo = Repo.init(project_path)
        git_add_and_commit(repo, project_path, "track.als", message="init")
    
>       app = DAWGitApp(project_path=str(project_path), build_ui=True)

tests_dawgit/test_commit_tagging.py:64: 
_ _ _ _ _ _ _ _ _ _ _ _ _ _ _ _ _ _ _ _ _ _ _ _ _ _ _ _ _ _ _ _ _ _ _ _ _ _ _ _ 
daw_git_gui.py:229: in __init__
    self.setup_ui()
daw_git_gui.py:341: in setup_ui
    build_main_ui(self)
gui_layout.py:43: in build_main_ui
    app.snapshot_page = SnapshotBrowserPage(app)
_ _ _ _ _ _ _ _ _ _ _ _ _ _ _ _ _ _ _ _ _ _ _ _ _ _ _ _ _ _ _ _ _ _ _ _ _ _ _ _ 

self = <snapshot_browser_page.SnapshotBrowserPage object at 0x11a788190>
parent = <daw_git_gui.DAWGitApp object at 0x11a743070>

    def __init__(self, parent=None):
        super().__init__(parent)
        self.app = parent  # Safe access to DAWGitApp
        layout = QVBoxLayout(self)
    
        # 🎧 Header
        self.title_label = QLabel("🎧 Snapshot Browser")
        layout.addWidget(self.title_label)
    
        # 📜 Commit History Table
        self.commit_table = QTableWidget()
        self.commit_table.setSelectionBehavior(QTableWidget.SelectionBehavior.SelectRows)
        self.commit_table.setSelectionMode(QTableWidget.SelectionMode.SingleSelection)
    
        layout.addWidget(self.commit_table)
        self.commit_table.setColumnCount(9)
        self.commit_table.setHorizontalHeaderLabels([
            "#", "Role", "Commit ID", "Message", "Branch", "DAW", "Files", "Tags", "Date"
        ])
        self.commit_table.setSortingEnabled(True)
        self.commit_table.sortItems(0, Qt.SortOrder.AscendingOrder)
    
        self.commit_table.setAlternatingRowColors(True)
        self.commit_table.setStyleSheet("""
            QTableWidget::item:selected {
                background-color: #b3d9ff;  /* light blue highlight */
            }
        """)
        self.commit_table.sortItems(8, Qt.SortOrder.DescendingOrder)
    
        # 📦 Status
        self.status_label = QLabel("📦 Ready")
        layout.addWidget(self.status_label)
    
        # 📥 Load + Info
        self.load_snapshot_btn = QPushButton(BTN_LOAD_SNAPSHOT)
        self.load_snapshot_btn.setToolTip(TOOLTIP_LOAD_VERSION_SAFELY)
        if self.app and hasattr(self.app, "load_snapshot_clicked"):
            self.load_snapshot_btn.clicked.connect(self.app.load_snapshot_clicked)
        layout.addWidget(self.load_snapshot_btn)
    
        self.where_am_i_btn = QPushButton(BTN_WHERE_AM_I)
        self.where_am_i_btn.setToolTip(TOOLTIP_SHOW_CURRENT_VERSION)
        if self.app and hasattr(self.app, "show_current_commit"):
            self.where_am_i_btn.clicked.connect(self.app.show_current_commit)
        layout.addWidget(self.where_am_i_btn)
    
        self.return_to_latest_btn = QPushButton(RETURN_TO_LATEST_BTN)
>       self.return_to_latest_btn.setToolTip(RETURN_TO_LATEST_TOOLTIP)
E       NameError: name 'RETURN_TO_LATEST_TOOLTIP' is not defined

snapshot_browser_page.py:77: NameError
_______________ test_assign_commit_role_variants[my_custom_tag] ________________

monkeypatch = <_pytest.monkeypatch.MonkeyPatch object at 0x11a776b70>
qtbot = <pytestqt.qtbot.QtBot object at 0x11a7769f0>, label = 'my_custom_tag'

    @pytest.mark.parametrize("label", ["Main Mix", "creative_take", "alt_mixdown", "my_custom_tag"])
    def test_assign_commit_role_variants(monkeypatch, qtbot, label):
        project_path = Path(f"/tmp/test_tagging_{uuid.uuid4().hex}")
        project_path.mkdir(parents=True)
        (project_path / "track.als").write_text("init")
    
        repo = Repo.init(project_path)
        git_add_and_commit(repo, project_path, "track.als", message="init")
    
>       app = DAWGitApp(project_path=str(project_path), build_ui=True)

tests_dawgit/test_commit_tagging.py:64: 
_ _ _ _ _ _ _ _ _ _ _ _ _ _ _ _ _ _ _ _ _ _ _ _ _ _ _ _ _ _ _ _ _ _ _ _ _ _ _ _ 
daw_git_gui.py:229: in __init__
    self.setup_ui()
daw_git_gui.py:341: in setup_ui
    build_main_ui(self)
gui_layout.py:43: in build_main_ui
    app.snapshot_page = SnapshotBrowserPage(app)
_ _ _ _ _ _ _ _ _ _ _ _ _ _ _ _ _ _ _ _ _ _ _ _ _ _ _ _ _ _ _ _ _ _ _ _ _ _ _ _ 

self = <snapshot_browser_page.SnapshotBrowserPage object at 0x11a78ad50>
parent = <daw_git_gui.DAWGitApp object at 0x11a78a710>

    def __init__(self, parent=None):
        super().__init__(parent)
        self.app = parent  # Safe access to DAWGitApp
        layout = QVBoxLayout(self)
    
        # 🎧 Header
        self.title_label = QLabel("🎧 Snapshot Browser")
        layout.addWidget(self.title_label)
    
        # 📜 Commit History Table
        self.commit_table = QTableWidget()
        self.commit_table.setSelectionBehavior(QTableWidget.SelectionBehavior.SelectRows)
        self.commit_table.setSelectionMode(QTableWidget.SelectionMode.SingleSelection)
    
        layout.addWidget(self.commit_table)
        self.commit_table.setColumnCount(9)
        self.commit_table.setHorizontalHeaderLabels([
            "#", "Role", "Commit ID", "Message", "Branch", "DAW", "Files", "Tags", "Date"
        ])
        self.commit_table.setSortingEnabled(True)
        self.commit_table.sortItems(0, Qt.SortOrder.AscendingOrder)
    
        self.commit_table.setAlternatingRowColors(True)
        self.commit_table.setStyleSheet("""
            QTableWidget::item:selected {
                background-color: #b3d9ff;  /* light blue highlight */
            }
        """)
        self.commit_table.sortItems(8, Qt.SortOrder.DescendingOrder)
    
        # 📦 Status
        self.status_label = QLabel("📦 Ready")
        layout.addWidget(self.status_label)
    
        # 📥 Load + Info
        self.load_snapshot_btn = QPushButton(BTN_LOAD_SNAPSHOT)
        self.load_snapshot_btn.setToolTip(TOOLTIP_LOAD_VERSION_SAFELY)
        if self.app and hasattr(self.app, "load_snapshot_clicked"):
            self.load_snapshot_btn.clicked.connect(self.app.load_snapshot_clicked)
        layout.addWidget(self.load_snapshot_btn)
    
        self.where_am_i_btn = QPushButton(BTN_WHERE_AM_I)
        self.where_am_i_btn.setToolTip(TOOLTIP_SHOW_CURRENT_VERSION)
        if self.app and hasattr(self.app, "show_current_commit"):
            self.where_am_i_btn.clicked.connect(self.app.show_current_commit)
        layout.addWidget(self.where_am_i_btn)
    
        self.return_to_latest_btn = QPushButton(RETURN_TO_LATEST_BTN)
>       self.return_to_latest_btn.setToolTip(RETURN_TO_LATEST_TOOLTIP)
E       NameError: name 'RETURN_TO_LATEST_TOOLTIP' is not defined

snapshot_browser_page.py:77: NameError
______________________ test_tag_custom_label_assigns_alt2 ______________________

mock_input = <MagicMock name='getText' id='4659969152'>
tmp_path = PosixPath('/private/var/folders/yx/c_cp834d18v7ptq75l5x7twm0000gn/T/pytest-of-niccavendish/pytest-0/test_tag_custom_label_assigns_0')
qtbot = <pytestqt.qtbot.QtBot object at 0x115c17b90>

    @patch("PyQt6.QtWidgets.QInputDialog.getText", return_value=("alt_2", True))
    def test_tag_custom_label_assigns_alt2(mock_input, tmp_path, qtbot):
        (tmp_path / "track.als").write_text("Ableton")
    
        repo = Repo.init(tmp_path)
        git_add_and_commit(repo, tmp_path, "track.als", message="init")
    
>       app = DAWGitApp(project_path=str(tmp_path), build_ui=True)

tests_dawgit/test_commit_tagging.py:89: 
_ _ _ _ _ _ _ _ _ _ _ _ _ _ _ _ _ _ _ _ _ _ _ _ _ _ _ _ _ _ _ _ _ _ _ _ _ _ _ _ 
daw_git_gui.py:229: in __init__
    self.setup_ui()
daw_git_gui.py:341: in setup_ui
    build_main_ui(self)
gui_layout.py:43: in build_main_ui
    app.snapshot_page = SnapshotBrowserPage(app)
_ _ _ _ _ _ _ _ _ _ _ _ _ _ _ _ _ _ _ _ _ _ _ _ _ _ _ _ _ _ _ _ _ _ _ _ _ _ _ _ 

self = <snapshot_browser_page.SnapshotBrowserPage object at 0x111552a30>
parent = <daw_git_gui.DAWGitApp object at 0x111552b70>

    def __init__(self, parent=None):
        super().__init__(parent)
        self.app = parent  # Safe access to DAWGitApp
        layout = QVBoxLayout(self)
    
        # 🎧 Header
        self.title_label = QLabel("🎧 Snapshot Browser")
        layout.addWidget(self.title_label)
    
        # 📜 Commit History Table
        self.commit_table = QTableWidget()
        self.commit_table.setSelectionBehavior(QTableWidget.SelectionBehavior.SelectRows)
        self.commit_table.setSelectionMode(QTableWidget.SelectionMode.SingleSelection)
    
        layout.addWidget(self.commit_table)
        self.commit_table.setColumnCount(9)
        self.commit_table.setHorizontalHeaderLabels([
            "#", "Role", "Commit ID", "Message", "Branch", "DAW", "Files", "Tags", "Date"
        ])
        self.commit_table.setSortingEnabled(True)
        self.commit_table.sortItems(0, Qt.SortOrder.AscendingOrder)
    
        self.commit_table.setAlternatingRowColors(True)
        self.commit_table.setStyleSheet("""
            QTableWidget::item:selected {
                background-color: #b3d9ff;  /* light blue highlight */
            }
        """)
        self.commit_table.sortItems(8, Qt.SortOrder.DescendingOrder)
    
        # 📦 Status
        self.status_label = QLabel("📦 Ready")
        layout.addWidget(self.status_label)
    
        # 📥 Load + Info
        self.load_snapshot_btn = QPushButton(BTN_LOAD_SNAPSHOT)
        self.load_snapshot_btn.setToolTip(TOOLTIP_LOAD_VERSION_SAFELY)
        if self.app and hasattr(self.app, "load_snapshot_clicked"):
            self.load_snapshot_btn.clicked.connect(self.app.load_snapshot_clicked)
        layout.addWidget(self.load_snapshot_btn)
    
        self.where_am_i_btn = QPushButton(BTN_WHERE_AM_I)
        self.where_am_i_btn.setToolTip(TOOLTIP_SHOW_CURRENT_VERSION)
        if self.app and hasattr(self.app, "show_current_commit"):
            self.where_am_i_btn.clicked.connect(self.app.show_current_commit)
        layout.addWidget(self.where_am_i_btn)
    
        self.return_to_latest_btn = QPushButton(RETURN_TO_LATEST_BTN)
>       self.return_to_latest_btn.setToolTip(RETURN_TO_LATEST_TOOLTIP)
E       NameError: name 'RETURN_TO_LATEST_TOOLTIP' is not defined

snapshot_browser_page.py:77: NameError
=========================== short test summary info ============================
FAILED tests_dawgit/test_commit_tagging.py::test_assign_commit_role_variants[Main Mix]
FAILED tests_dawgit/test_commit_tagging.py::test_assign_commit_role_variants[creative_take]
FAILED tests_dawgit/test_commit_tagging.py::test_assign_commit_role_variants[alt_mixdown]
FAILED tests_dawgit/test_commit_tagging.py::test_assign_commit_role_variants[my_custom_tag]
FAILED tests_dawgit/test_commit_tagging.py::test_tag_custom_label_assigns_alt2
============================== 5 failed in 2.28s ===============================
============================= test session starts ==============================
platform darwin -- Python 3.12.3, pytest-8.3.5, pluggy-1.5.0 -- /Users/niccavendish/.pyenv/versions/3.12.3/bin/python3.12
cachedir: .pytest_cache
PyQt6 6.9.0 -- Qt runtime 6.9.0 -- Qt compiled 6.9.0
rootdir: /Users/niccavendish/Projects/DAWGitApp
configfile: pytest.ini
plugins: qt-4.4.0, env-1.1.5, timeout-2.4.0, rich-0.2.0
timeout: 10.0s
timeout method: signal
timeout func_only: False
collecting ... collected 5 items

tests_dawgit/test_commit_tagging.py::test_assign_commit_role_variants[Main Mix] [DEBUG] No PROJECT_MARKER.json found — using defaults
[DEBUG] No commit role file found at /tmp/test_tagging_a83443b79fbd4c669ff2474b03d997d2/.dawgit_roles.json
FAILED
tests_dawgit/test_commit_tagging.py::test_assign_commit_role_variants[creative_take] [DEBUG] No PROJECT_MARKER.json found — using defaults
[DEBUG] No commit role file found at /tmp/test_tagging_e9a1e2c21cb14c51844bd720e41d4ab2/.dawgit_roles.json
FAILED
tests_dawgit/test_commit_tagging.py::test_assign_commit_role_variants[alt_mixdown] [DEBUG] No PROJECT_MARKER.json found — using defaults
[DEBUG] No commit role file found at /tmp/test_tagging_93ee4b9bebed4072a4d84b76fdf40cbb/.dawgit_roles.json
FAILED
tests_dawgit/test_commit_tagging.py::test_assign_commit_role_variants[my_custom_tag] [DEBUG] No PROJECT_MARKER.json found — using defaults
[DEBUG] No commit role file found at /tmp/test_tagging_a45329027b0849399fc2f8a68e5ab8fe/.dawgit_roles.json
FAILED
tests_dawgit/test_commit_tagging.py::test_tag_custom_label_assigns_alt2 [DEBUG] No PROJECT_MARKER.json found — using defaults
[DEBUG] No commit role file found at /private/var/folders/yx/c_cp834d18v7ptq75l5x7twm0000gn/T/pytest-of-niccavendish/pytest-0/test_tag_custom_label_assigns_0/.dawgit_roles.json
FAILED

=================================== FAILURES ===================================
__________________ test_assign_commit_role_variants[Main Mix] __________________

monkeypatch = <_pytest.monkeypatch.MonkeyPatch object at 0x118c6d880>
qtbot = <pytestqt.qtbot.QtBot object at 0x118c6d9d0>, label = 'Main Mix'

    @pytest.mark.parametrize("label", ["Main Mix", "creative_take", "alt_mixdown", "my_custom_tag"])
    def test_assign_commit_role_variants(monkeypatch, qtbot, label):
        project_path = Path(f"/tmp/test_tagging_{uuid.uuid4().hex}")
        project_path.mkdir(parents=True)
        (project_path / "track.als").write_text("init")
    
        repo = Repo.init(project_path)
        git_add_and_commit(repo, project_path, "track.als", message="init")
    
>       app = DAWGitApp(project_path=str(project_path), build_ui=True)

tests_dawgit/test_commit_tagging.py:64: 
_ _ _ _ _ _ _ _ _ _ _ _ _ _ _ _ _ _ _ _ _ _ _ _ _ _ _ _ _ _ _ _ _ _ _ _ _ _ _ _ 
daw_git_gui.py:229: in __init__
    self.setup_ui()
daw_git_gui.py:341: in setup_ui
    build_main_ui(self)
gui_layout.py:43: in build_main_ui
    app.snapshot_page = SnapshotBrowserPage(app)
_ _ _ _ _ _ _ _ _ _ _ _ _ _ _ _ _ _ _ _ _ _ _ _ _ _ _ _ _ _ _ _ _ _ _ _ _ _ _ _ 

self = <snapshot_browser_page.SnapshotBrowserPage object at 0x118c7ccd0>
parent = <daw_git_gui.DAWGitApp object at 0x11501c370>

    def __init__(self, parent=None):
        super().__init__(parent)
        self.app = parent  # Safe access to DAWGitApp
        layout = QVBoxLayout(self)
    
        # 🎧 Header
        self.title_label = QLabel("🎧 Snapshot Browser")
        layout.addWidget(self.title_label)
    
        # 📜 Commit History Table
        self.commit_table = QTableWidget()
        self.commit_table.setSelectionBehavior(QTableWidget.SelectionBehavior.SelectRows)
        self.commit_table.setSelectionMode(QTableWidget.SelectionMode.SingleSelection)
    
        layout.addWidget(self.commit_table)
        self.commit_table.setColumnCount(9)
        self.commit_table.setHorizontalHeaderLabels([
            "#", "Role", "Commit ID", "Message", "Branch", "DAW", "Files", "Tags", "Date"
        ])
        self.commit_table.setSortingEnabled(True)
        self.commit_table.sortItems(0, Qt.SortOrder.AscendingOrder)
    
        self.commit_table.setAlternatingRowColors(True)
        self.commit_table.setStyleSheet("""
            QTableWidget::item:selected {
                background-color: #b3d9ff;  /* light blue highlight */
            }
        """)
        self.commit_table.sortItems(8, Qt.SortOrder.DescendingOrder)
    
        # 📦 Status
        self.status_label = QLabel("📦 Ready")
        layout.addWidget(self.status_label)
    
        # 📥 Load + Info
        self.load_snapshot_btn = QPushButton(BTN_LOAD_SNAPSHOT)
        self.load_snapshot_btn.setToolTip(TOOLTIP_LOAD_VERSION_SAFELY)
        if self.app and hasattr(self.app, "load_snapshot_clicked"):
            self.load_snapshot_btn.clicked.connect(self.app.load_snapshot_clicked)
        layout.addWidget(self.load_snapshot_btn)
    
        self.where_am_i_btn = QPushButton(BTN_WHERE_AM_I)
        self.where_am_i_btn.setToolTip(TOOLTIP_SHOW_CURRENT_VERSION)
        if self.app and hasattr(self.app, "show_current_commit"):
            self.where_am_i_btn.clicked.connect(self.app.show_current_commit)
        layout.addWidget(self.where_am_i_btn)
    
        self.return_to_latest_btn = QPushButton(RETURN_TO_LATEST_BTN)
>       self.return_to_latest_btn.setToolTip(RETURN_TO_LATEST_TOOLTIP)
E       NameError: name 'RETURN_TO_LATEST_TOOLTIP' is not defined

snapshot_browser_page.py:77: NameError
_______________ test_assign_commit_role_variants[creative_take] ________________

monkeypatch = <_pytest.monkeypatch.MonkeyPatch object at 0x11906b080>
qtbot = <pytestqt.qtbot.QtBot object at 0x11906b170>, label = 'creative_take'

    @pytest.mark.parametrize("label", ["Main Mix", "creative_take", "alt_mixdown", "my_custom_tag"])
    def test_assign_commit_role_variants(monkeypatch, qtbot, label):
        project_path = Path(f"/tmp/test_tagging_{uuid.uuid4().hex}")
        project_path.mkdir(parents=True)
        (project_path / "track.als").write_text("init")
    
        repo = Repo.init(project_path)
        git_add_and_commit(repo, project_path, "track.als", message="init")
    
>       app = DAWGitApp(project_path=str(project_path), build_ui=True)

tests_dawgit/test_commit_tagging.py:64: 
_ _ _ _ _ _ _ _ _ _ _ _ _ _ _ _ _ _ _ _ _ _ _ _ _ _ _ _ _ _ _ _ _ _ _ _ _ _ _ _ 
daw_git_gui.py:229: in __init__
    self.setup_ui()
daw_git_gui.py:341: in setup_ui
    build_main_ui(self)
gui_layout.py:43: in build_main_ui
    app.snapshot_page = SnapshotBrowserPage(app)
_ _ _ _ _ _ _ _ _ _ _ _ _ _ _ _ _ _ _ _ _ _ _ _ _ _ _ _ _ _ _ _ _ _ _ _ _ _ _ _ 

self = <snapshot_browser_page.SnapshotBrowserPage object at 0x119067750>
parent = <daw_git_gui.DAWGitApp object at 0x119067430>

    def __init__(self, parent=None):
        super().__init__(parent)
        self.app = parent  # Safe access to DAWGitApp
        layout = QVBoxLayout(self)
    
        # 🎧 Header
        self.title_label = QLabel("🎧 Snapshot Browser")
        layout.addWidget(self.title_label)
    
        # 📜 Commit History Table
        self.commit_table = QTableWidget()
        self.commit_table.setSelectionBehavior(QTableWidget.SelectionBehavior.SelectRows)
        self.commit_table.setSelectionMode(QTableWidget.SelectionMode.SingleSelection)
    
        layout.addWidget(self.commit_table)
        self.commit_table.setColumnCount(9)
        self.commit_table.setHorizontalHeaderLabels([
            "#", "Role", "Commit ID", "Message", "Branch", "DAW", "Files", "Tags", "Date"
        ])
        self.commit_table.setSortingEnabled(True)
        self.commit_table.sortItems(0, Qt.SortOrder.AscendingOrder)
    
        self.commit_table.setAlternatingRowColors(True)
        self.commit_table.setStyleSheet("""
            QTableWidget::item:selected {
                background-color: #b3d9ff;  /* light blue highlight */
            }
        """)
        self.commit_table.sortItems(8, Qt.SortOrder.DescendingOrder)
    
        # 📦 Status
        self.status_label = QLabel("📦 Ready")
        layout.addWidget(self.status_label)
    
        # 📥 Load + Info
        self.load_snapshot_btn = QPushButton(BTN_LOAD_SNAPSHOT)
        self.load_snapshot_btn.setToolTip(TOOLTIP_LOAD_VERSION_SAFELY)
        if self.app and hasattr(self.app, "load_snapshot_clicked"):
            self.load_snapshot_btn.clicked.connect(self.app.load_snapshot_clicked)
        layout.addWidget(self.load_snapshot_btn)
    
        self.where_am_i_btn = QPushButton(BTN_WHERE_AM_I)
        self.where_am_i_btn.setToolTip(TOOLTIP_SHOW_CURRENT_VERSION)
        if self.app and hasattr(self.app, "show_current_commit"):
            self.where_am_i_btn.clicked.connect(self.app.show_current_commit)
        layout.addWidget(self.where_am_i_btn)
    
        self.return_to_latest_btn = QPushButton(RETURN_TO_LATEST_BTN)
>       self.return_to_latest_btn.setToolTip(RETURN_TO_LATEST_TOOLTIP)
E       NameError: name 'RETURN_TO_LATEST_TOOLTIP' is not defined

snapshot_browser_page.py:77: NameError
________________ test_assign_commit_role_variants[alt_mixdown] _________________

monkeypatch = <_pytest.monkeypatch.MonkeyPatch object at 0x11906b380>
qtbot = <pytestqt.qtbot.QtBot object at 0x11906b290>, label = 'alt_mixdown'

    @pytest.mark.parametrize("label", ["Main Mix", "creative_take", "alt_mixdown", "my_custom_tag"])
    def test_assign_commit_role_variants(monkeypatch, qtbot, label):
        project_path = Path(f"/tmp/test_tagging_{uuid.uuid4().hex}")
        project_path.mkdir(parents=True)
        (project_path / "track.als").write_text("init")
    
        repo = Repo.init(project_path)
        git_add_and_commit(repo, project_path, "track.als", message="init")
    
>       app = DAWGitApp(project_path=str(project_path), build_ui=True)

tests_dawgit/test_commit_tagging.py:64: 
_ _ _ _ _ _ _ _ _ _ _ _ _ _ _ _ _ _ _ _ _ _ _ _ _ _ _ _ _ _ _ _ _ _ _ _ _ _ _ _ 
daw_git_gui.py:229: in __init__
    self.setup_ui()
daw_git_gui.py:341: in setup_ui
    build_main_ui(self)
gui_layout.py:43: in build_main_ui
    app.snapshot_page = SnapshotBrowserPage(app)
_ _ _ _ _ _ _ _ _ _ _ _ _ _ _ _ _ _ _ _ _ _ _ _ _ _ _ _ _ _ _ _ _ _ _ _ _ _ _ _ 

self = <snapshot_browser_page.SnapshotBrowserPage object at 0x1190ac230>
parent = <daw_git_gui.DAWGitApp object at 0x119067110>

    def __init__(self, parent=None):
        super().__init__(parent)
        self.app = parent  # Safe access to DAWGitApp
        layout = QVBoxLayout(self)
    
        # 🎧 Header
        self.title_label = QLabel("🎧 Snapshot Browser")
        layout.addWidget(self.title_label)
    
        # 📜 Commit History Table
        self.commit_table = QTableWidget()
        self.commit_table.setSelectionBehavior(QTableWidget.SelectionBehavior.SelectRows)
        self.commit_table.setSelectionMode(QTableWidget.SelectionMode.SingleSelection)
    
        layout.addWidget(self.commit_table)
        self.commit_table.setColumnCount(9)
        self.commit_table.setHorizontalHeaderLabels([
            "#", "Role", "Commit ID", "Message", "Branch", "DAW", "Files", "Tags", "Date"
        ])
        self.commit_table.setSortingEnabled(True)
        self.commit_table.sortItems(0, Qt.SortOrder.AscendingOrder)
    
        self.commit_table.setAlternatingRowColors(True)
        self.commit_table.setStyleSheet("""
            QTableWidget::item:selected {
                background-color: #b3d9ff;  /* light blue highlight */
            }
        """)
        self.commit_table.sortItems(8, Qt.SortOrder.DescendingOrder)
    
        # 📦 Status
        self.status_label = QLabel("📦 Ready")
        layout.addWidget(self.status_label)
    
        # 📥 Load + Info
        self.load_snapshot_btn = QPushButton(BTN_LOAD_SNAPSHOT)
        self.load_snapshot_btn.setToolTip(TOOLTIP_LOAD_VERSION_SAFELY)
        if self.app and hasattr(self.app, "load_snapshot_clicked"):
            self.load_snapshot_btn.clicked.connect(self.app.load_snapshot_clicked)
        layout.addWidget(self.load_snapshot_btn)
    
        self.where_am_i_btn = QPushButton(BTN_WHERE_AM_I)
        self.where_am_i_btn.setToolTip(TOOLTIP_SHOW_CURRENT_VERSION)
        if self.app and hasattr(self.app, "show_current_commit"):
            self.where_am_i_btn.clicked.connect(self.app.show_current_commit)
        layout.addWidget(self.where_am_i_btn)
    
        self.return_to_latest_btn = QPushButton(RETURN_TO_LATEST_BTN)
>       self.return_to_latest_btn.setToolTip(RETURN_TO_LATEST_TOOLTIP)
E       NameError: name 'RETURN_TO_LATEST_TOOLTIP' is not defined

snapshot_browser_page.py:77: NameError
_______________ test_assign_commit_role_variants[my_custom_tag] ________________

monkeypatch = <_pytest.monkeypatch.MonkeyPatch object at 0x11909b200>
qtbot = <pytestqt.qtbot.QtBot object at 0x11909a0c0>, label = 'my_custom_tag'

    @pytest.mark.parametrize("label", ["Main Mix", "creative_take", "alt_mixdown", "my_custom_tag"])
    def test_assign_commit_role_variants(monkeypatch, qtbot, label):
        project_path = Path(f"/tmp/test_tagging_{uuid.uuid4().hex}")
        project_path.mkdir(parents=True)
        (project_path / "track.als").write_text("init")
    
        repo = Repo.init(project_path)
        git_add_and_commit(repo, project_path, "track.als", message="init")
    
>       app = DAWGitApp(project_path=str(project_path), build_ui=True)

tests_dawgit/test_commit_tagging.py:64: 
_ _ _ _ _ _ _ _ _ _ _ _ _ _ _ _ _ _ _ _ _ _ _ _ _ _ _ _ _ _ _ _ _ _ _ _ _ _ _ _ 
daw_git_gui.py:229: in __init__
    self.setup_ui()
daw_git_gui.py:341: in setup_ui
    build_main_ui(self)
gui_layout.py:43: in build_main_ui
    app.snapshot_page = SnapshotBrowserPage(app)
_ _ _ _ _ _ _ _ _ _ _ _ _ _ _ _ _ _ _ _ _ _ _ _ _ _ _ _ _ _ _ _ _ _ _ _ _ _ _ _ 

self = <snapshot_browser_page.SnapshotBrowserPage object at 0x1190aedf0>
parent = <daw_git_gui.DAWGitApp object at 0x1190ae7b0>

    def __init__(self, parent=None):
        super().__init__(parent)
        self.app = parent  # Safe access to DAWGitApp
        layout = QVBoxLayout(self)
    
        # 🎧 Header
        self.title_label = QLabel("🎧 Snapshot Browser")
        layout.addWidget(self.title_label)
    
        # 📜 Commit History Table
        self.commit_table = QTableWidget()
        self.commit_table.setSelectionBehavior(QTableWidget.SelectionBehavior.SelectRows)
        self.commit_table.setSelectionMode(QTableWidget.SelectionMode.SingleSelection)
    
        layout.addWidget(self.commit_table)
        self.commit_table.setColumnCount(9)
        self.commit_table.setHorizontalHeaderLabels([
            "#", "Role", "Commit ID", "Message", "Branch", "DAW", "Files", "Tags", "Date"
        ])
        self.commit_table.setSortingEnabled(True)
        self.commit_table.sortItems(0, Qt.SortOrder.AscendingOrder)
    
        self.commit_table.setAlternatingRowColors(True)
        self.commit_table.setStyleSheet("""
            QTableWidget::item:selected {
                background-color: #b3d9ff;  /* light blue highlight */
            }
        """)
        self.commit_table.sortItems(8, Qt.SortOrder.DescendingOrder)
    
        # 📦 Status
        self.status_label = QLabel("📦 Ready")
        layout.addWidget(self.status_label)
    
        # 📥 Load + Info
        self.load_snapshot_btn = QPushButton(BTN_LOAD_SNAPSHOT)
        self.load_snapshot_btn.setToolTip(TOOLTIP_LOAD_VERSION_SAFELY)
        if self.app and hasattr(self.app, "load_snapshot_clicked"):
            self.load_snapshot_btn.clicked.connect(self.app.load_snapshot_clicked)
        layout.addWidget(self.load_snapshot_btn)
    
        self.where_am_i_btn = QPushButton(BTN_WHERE_AM_I)
        self.where_am_i_btn.setToolTip(TOOLTIP_SHOW_CURRENT_VERSION)
        if self.app and hasattr(self.app, "show_current_commit"):
            self.where_am_i_btn.clicked.connect(self.app.show_current_commit)
        layout.addWidget(self.where_am_i_btn)
    
        self.return_to_latest_btn = QPushButton(RETURN_TO_LATEST_BTN)
>       self.return_to_latest_btn.setToolTip(RETURN_TO_LATEST_TOOLTIP)
E       NameError: name 'RETURN_TO_LATEST_TOOLTIP' is not defined

snapshot_browser_page.py:77: NameError
______________________ test_tag_custom_label_assigns_alt2 ______________________

mock_input = <MagicMock name='getText' id='4648254544'>
tmp_path = PosixPath('/private/var/folders/yx/c_cp834d18v7ptq75l5x7twm0000gn/T/pytest-of-niccavendish/pytest-0/test_tag_custom_label_assigns_0')
qtbot = <pytestqt.qtbot.QtBot object at 0x1150eb740>

    @patch("PyQt6.QtWidgets.QInputDialog.getText", return_value=("alt_2", True))
    def test_tag_custom_label_assigns_alt2(mock_input, tmp_path, qtbot):
        (tmp_path / "track.als").write_text("Ableton")
    
        repo = Repo.init(tmp_path)
        git_add_and_commit(repo, tmp_path, "track.als", message="init")
    
>       app = DAWGitApp(project_path=str(tmp_path), build_ui=True)

tests_dawgit/test_commit_tagging.py:89: 
_ _ _ _ _ _ _ _ _ _ _ _ _ _ _ _ _ _ _ _ _ _ _ _ _ _ _ _ _ _ _ _ _ _ _ _ _ _ _ _ 
daw_git_gui.py:229: in __init__
    self.setup_ui()
daw_git_gui.py:341: in setup_ui
    build_main_ui(self)
gui_layout.py:43: in build_main_ui
    app.snapshot_page = SnapshotBrowserPage(app)
_ _ _ _ _ _ _ _ _ _ _ _ _ _ _ _ _ _ _ _ _ _ _ _ _ _ _ _ _ _ _ _ _ _ _ _ _ _ _ _ 

self = <snapshot_browser_page.SnapshotBrowserPage object at 0x110a16a30>
parent = <daw_git_gui.DAWGitApp object at 0x110a16b70>

    def __init__(self, parent=None):
        super().__init__(parent)
        self.app = parent  # Safe access to DAWGitApp
        layout = QVBoxLayout(self)
    
        # 🎧 Header
        self.title_label = QLabel("🎧 Snapshot Browser")
        layout.addWidget(self.title_label)
    
        # 📜 Commit History Table
        self.commit_table = QTableWidget()
        self.commit_table.setSelectionBehavior(QTableWidget.SelectionBehavior.SelectRows)
        self.commit_table.setSelectionMode(QTableWidget.SelectionMode.SingleSelection)
    
        layout.addWidget(self.commit_table)
        self.commit_table.setColumnCount(9)
        self.commit_table.setHorizontalHeaderLabels([
            "#", "Role", "Commit ID", "Message", "Branch", "DAW", "Files", "Tags", "Date"
        ])
        self.commit_table.setSortingEnabled(True)
        self.commit_table.sortItems(0, Qt.SortOrder.AscendingOrder)
    
        self.commit_table.setAlternatingRowColors(True)
        self.commit_table.setStyleSheet("""
            QTableWidget::item:selected {
                background-color: #b3d9ff;  /* light blue highlight */
            }
        """)
        self.commit_table.sortItems(8, Qt.SortOrder.DescendingOrder)
    
        # 📦 Status
        self.status_label = QLabel("📦 Ready")
        layout.addWidget(self.status_label)
    
        # 📥 Load + Info
        self.load_snapshot_btn = QPushButton(BTN_LOAD_SNAPSHOT)
        self.load_snapshot_btn.setToolTip(TOOLTIP_LOAD_VERSION_SAFELY)
        if self.app and hasattr(self.app, "load_snapshot_clicked"):
            self.load_snapshot_btn.clicked.connect(self.app.load_snapshot_clicked)
        layout.addWidget(self.load_snapshot_btn)
    
        self.where_am_i_btn = QPushButton(BTN_WHERE_AM_I)
        self.where_am_i_btn.setToolTip(TOOLTIP_SHOW_CURRENT_VERSION)
        if self.app and hasattr(self.app, "show_current_commit"):
            self.where_am_i_btn.clicked.connect(self.app.show_current_commit)
        layout.addWidget(self.where_am_i_btn)
    
        self.return_to_latest_btn = QPushButton(RETURN_TO_LATEST_BTN)
>       self.return_to_latest_btn.setToolTip(RETURN_TO_LATEST_TOOLTIP)
E       NameError: name 'RETURN_TO_LATEST_TOOLTIP' is not defined

snapshot_browser_page.py:77: NameError
=========================== short test summary info ============================
FAILED tests_dawgit/test_commit_tagging.py::test_assign_commit_role_variants[Main Mix]
FAILED tests_dawgit/test_commit_tagging.py::test_assign_commit_role_variants[creative_take]
FAILED tests_dawgit/test_commit_tagging.py::test_assign_commit_role_variants[alt_mixdown]
FAILED tests_dawgit/test_commit_tagging.py::test_assign_commit_role_variants[my_custom_tag]
FAILED tests_dawgit/test_commit_tagging.py::test_tag_custom_label_assigns_alt2
============================== 5 failed in 2.35s ===============================
============================= test session starts ==============================
platform darwin -- Python 3.12.3, pytest-8.3.5, pluggy-1.5.0 -- /Users/niccavendish/.pyenv/versions/3.12.3/bin/python3.12
cachedir: .pytest_cache
PyQt6 6.9.0 -- Qt runtime 6.9.0 -- Qt compiled 6.9.0
rootdir: /Users/niccavendish/Projects/DAWGitApp
configfile: pytest.ini
plugins: qt-4.4.0, env-1.1.5, timeout-2.4.0, rich-0.2.0
timeout: 10.0s
timeout method: signal
timeout func_only: False
collecting ... collected 5 items

tests_dawgit/test_commit_tagging.py::test_assign_commit_role_variants[Main Mix] [DEBUG] No PROJECT_MARKER.json found — using defaults
[DEBUG] No commit role file found at /tmp/test_tagging_3e9320aa517f4575ac213e9690692b40/.dawgit_roles.json
❌ No Git repo loaded.
[DEBUG] Skipping QTimer.singleShot — parent not visible.
[DEBUG] Loaded project path: /tmp/test_tagging_3e9320aa517f4575ac213e9690692b40
[DEBUG] Calling GitProjectManager.init_repo()
[DEBUG] Initializing Git...
[DEBUG] Found DAW files: [PosixPath('/tmp/test_tagging_3e9320aa517f4575ac213e9690692b40/track.als')]
[DEBUG] Found existing Git repo at /tmp/test_tagging_3e9320aa517f4575ac213e9690692b40
✅ Saved last project path: /tmp/test_tagging_3e9320aa517f4575ac213e9690692b40
[DEBUG] No commit role file found at /tmp/test_tagging_3e9320aa517f4575ac213e9690692b40/.dawgit_roles.json
[DEBUG] status label set: Session branch: main — Take: version 1
[DEBUG] Repo valid: True
[DEBUG] HEAD SHA: 8657b2915e12b1f57e175c8b748ea4ad60e3ac37
[DEBUG] Total commits: 1
[DEBUG] No commit role file found at /tmp/test_tagging_3e9320aa517f4575ac213e9690692b40/.dawgit_roles.json
[DEBUG] Selected row = 0, SHA = 8657b2915e12b1f57e175c8b748ea4ad60e3ac37
[DEBUG] ✅ SHA set from selected row: 8657b2915e12b1f57e175c8b748ea4ad60e3ac37
[DEBUG] status label set: Session branch: main — Take: version 1
[DEBUG] No commit role file found at /tmp/test_tagging_3e9320aa517f4575ac213e9690692b40/.dawgit_roles.json
[DEBUG] Repo valid: True
[DEBUG] HEAD SHA: 8657b2915e12b1f57e175c8b748ea4ad60e3ac37
[DEBUG] Total commits: 1
[DEBUG] No commit role file found at /tmp/test_tagging_3e9320aa517f4575ac213e9690692b40/.dawgit_roles.json
[DEBUG] Selected row = 0, SHA = 8657b2915e12b1f57e175c8b748ea4ad60e3ac37
[DEBUG] ✅ SHA set from selected row: 8657b2915e12b1f57e175c8b748ea4ad60e3ac37
[DEBUG] status label set: Session branch: main — Take: version 1
[DEBUG] status label set: Session branch: main — Take: version 1
[DEBUG] Role 'Main Mix' assigned to commit 8657b2915e12b1f57e175c8b748ea4ad60e3ac37
[DEBUG] Saved commit roles to /tmp/test_tagging_3e9320aa517f4575ac213e9690692b40/.dawgit_roles.json
[DEBUG] Assigned role 'Main Mix' to commit 8657b2915e12b1f57e175c8b748ea4ad60e3ac37
[DEBUG] Saved PROJECT_MARKER.json to /tmp/test_tagging_3e9320aa517f4575ac213e9690692b40/PROJECT_MARKER.json
[DEBUG] Saved commit roles to /tmp/test_tagging_3e9320aa517f4575ac213e9690692b40/.dawgit_roles.json
PASSED
tests_dawgit/test_commit_tagging.py::test_assign_commit_role_variants[creative_take] [DEBUG] No PROJECT_MARKER.json found — using defaults
[DEBUG] No commit role file found at /tmp/test_tagging_3ac5b1d1a78d4bef97ec75a3978d79a8/.dawgit_roles.json
❌ No Git repo loaded.
[DEBUG] Skipping QTimer.singleShot — parent not visible.
[WARNING] Stylesheet not loaded: [Errno 2] No such file or directory: 'styles/dawgit_styles.qss'
[DEBUG] Loaded project path: /tmp/test_tagging_3ac5b1d1a78d4bef97ec75a3978d79a8
[DEBUG] Calling GitProjectManager.init_repo()
[DEBUG] Initializing Git...
[DEBUG] Found DAW files: [PosixPath('/tmp/test_tagging_3ac5b1d1a78d4bef97ec75a3978d79a8/track.als')]
[DEBUG] Found existing Git repo at /tmp/test_tagging_3ac5b1d1a78d4bef97ec75a3978d79a8
✅ Saved last project path: /tmp/test_tagging_3ac5b1d1a78d4bef97ec75a3978d79a8
[DEBUG] No commit role file found at /tmp/test_tagging_3ac5b1d1a78d4bef97ec75a3978d79a8/.dawgit_roles.json
[DEBUG] status label set: Session branch: main — Take: version 1
[DEBUG] Repo valid: True
[DEBUG] HEAD SHA: 142843899921bf439a1ef56bc3e3ee94bc0e73a7
[DEBUG] Total commits: 1
[DEBUG] No commit role file found at /tmp/test_tagging_3ac5b1d1a78d4bef97ec75a3978d79a8/.dawgit_roles.json
[DEBUG] Selected row = 0, SHA = 142843899921bf439a1ef56bc3e3ee94bc0e73a7
[DEBUG] ✅ SHA set from selected row: 142843899921bf439a1ef56bc3e3ee94bc0e73a7
[DEBUG] status label set: Session branch: main — Take: version 1
[DEBUG] No commit role file found at /tmp/test_tagging_3ac5b1d1a78d4bef97ec75a3978d79a8/.dawgit_roles.json
[DEBUG] Repo valid: True
[DEBUG] HEAD SHA: 142843899921bf439a1ef56bc3e3ee94bc0e73a7
[DEBUG] Total commits: 1
[DEBUG] No commit role file found at /tmp/test_tagging_3ac5b1d1a78d4bef97ec75a3978d79a8/.dawgit_roles.json
[DEBUG] Selected row = 0, SHA = 142843899921bf439a1ef56bc3e3ee94bc0e73a7
[DEBUG] ✅ SHA set from selected row: 142843899921bf439a1ef56bc3e3ee94bc0e73a7
[DEBUG] status label set: Session branch: main — Take: version 1
[DEBUG] status label set: Session branch: main — Take: version 1
[DEBUG] Role 'creative_take' assigned to commit 142843899921bf439a1ef56bc3e3ee94bc0e73a7
[DEBUG] Saved commit roles to /tmp/test_tagging_3ac5b1d1a78d4bef97ec75a3978d79a8/.dawgit_roles.json
[DEBUG] Assigned role 'creative_take' to commit 142843899921bf439a1ef56bc3e3ee94bc0e73a7
[DEBUG] Saved PROJECT_MARKER.json to /tmp/test_tagging_3ac5b1d1a78d4bef97ec75a3978d79a8/PROJECT_MARKER.json
[DEBUG] Saved commit roles to /tmp/test_tagging_3ac5b1d1a78d4bef97ec75a3978d79a8/.dawgit_roles.json
PASSED
tests_dawgit/test_commit_tagging.py::test_assign_commit_role_variants[alt_mixdown] [DEBUG] No PROJECT_MARKER.json found — using defaults
[DEBUG] No commit role file found at /tmp/test_tagging_0c02e51a05274f769f662fe920186944/.dawgit_roles.json
❌ No Git repo loaded.
[DEBUG] Skipping QTimer.singleShot — parent not visible.
[WARNING] Stylesheet not loaded: [Errno 2] No such file or directory: 'styles/dawgit_styles.qss'
[DEBUG] Loaded project path: /tmp/test_tagging_0c02e51a05274f769f662fe920186944
[DEBUG] Calling GitProjectManager.init_repo()
[DEBUG] Initializing Git...
[DEBUG] Found DAW files: [PosixPath('/tmp/test_tagging_0c02e51a05274f769f662fe920186944/track.als')]
[DEBUG] Found existing Git repo at /tmp/test_tagging_0c02e51a05274f769f662fe920186944
✅ Saved last project path: /tmp/test_tagging_0c02e51a05274f769f662fe920186944
[DEBUG] No commit role file found at /tmp/test_tagging_0c02e51a05274f769f662fe920186944/.dawgit_roles.json
[DEBUG] status label set: Session branch: main — Take: version 1
[DEBUG] Repo valid: True
[DEBUG] HEAD SHA: bef80b99759128baaf6c5e64aa89397fd6407dbe
[DEBUG] Total commits: 1
[DEBUG] No commit role file found at /tmp/test_tagging_0c02e51a05274f769f662fe920186944/.dawgit_roles.json
[DEBUG] Selected row = 0, SHA = bef80b99759128baaf6c5e64aa89397fd6407dbe
[DEBUG] ✅ SHA set from selected row: bef80b99759128baaf6c5e64aa89397fd6407dbe
[DEBUG] status label set: Session branch: main — Take: version 1
[DEBUG] No commit role file found at /tmp/test_tagging_0c02e51a05274f769f662fe920186944/.dawgit_roles.json
[DEBUG] Repo valid: True
[DEBUG] HEAD SHA: bef80b99759128baaf6c5e64aa89397fd6407dbe
[DEBUG] Total commits: 1
[DEBUG] No commit role file found at /tmp/test_tagging_0c02e51a05274f769f662fe920186944/.dawgit_roles.json
[DEBUG] Selected row = 0, SHA = bef80b99759128baaf6c5e64aa89397fd6407dbe
[DEBUG] ✅ SHA set from selected row: bef80b99759128baaf6c5e64aa89397fd6407dbe
[DEBUG] status label set: Session branch: main — Take: version 1
[DEBUG] status label set: Session branch: main — Take: version 1
[DEBUG] Role 'alt_mixdown' assigned to commit bef80b99759128baaf6c5e64aa89397fd6407dbe
[DEBUG] Saved commit roles to /tmp/test_tagging_0c02e51a05274f769f662fe920186944/.dawgit_roles.json
[DEBUG] Assigned role 'alt_mixdown' to commit bef80b99759128baaf6c5e64aa89397fd6407dbe
[DEBUG] Saved PROJECT_MARKER.json to /tmp/test_tagging_0c02e51a05274f769f662fe920186944/PROJECT_MARKER.json
[DEBUG] Saved commit roles to /tmp/test_tagging_0c02e51a05274f769f662fe920186944/.dawgit_roles.json
PASSED
tests_dawgit/test_commit_tagging.py::test_assign_commit_role_variants[my_custom_tag] [DEBUG] No PROJECT_MARKER.json found — using defaults
[DEBUG] No commit role file found at /tmp/test_tagging_500d397826084473a664e9fbe9bfc144/.dawgit_roles.json
❌ No Git repo loaded.
[DEBUG] Skipping QTimer.singleShot — parent not visible.
[WARNING] Stylesheet not loaded: [Errno 2] No such file or directory: 'styles/dawgit_styles.qss'
[DEBUG] Loaded project path: /tmp/test_tagging_500d397826084473a664e9fbe9bfc144
[DEBUG] Calling GitProjectManager.init_repo()
[DEBUG] Initializing Git...
[DEBUG] Found DAW files: [PosixPath('/tmp/test_tagging_500d397826084473a664e9fbe9bfc144/track.als')]
[DEBUG] Found existing Git repo at /tmp/test_tagging_500d397826084473a664e9fbe9bfc144
✅ Saved last project path: /tmp/test_tagging_500d397826084473a664e9fbe9bfc144
[DEBUG] No commit role file found at /tmp/test_tagging_500d397826084473a664e9fbe9bfc144/.dawgit_roles.json
[DEBUG] status label set: Session branch: main — Take: version 1
[DEBUG] Repo valid: True
[DEBUG] HEAD SHA: aca4e2ed9ce79bbff945269c886706dac451b477
[DEBUG] Total commits: 1
[DEBUG] No commit role file found at /tmp/test_tagging_500d397826084473a664e9fbe9bfc144/.dawgit_roles.json
[DEBUG] Selected row = 0, SHA = aca4e2ed9ce79bbff945269c886706dac451b477
[DEBUG] ✅ SHA set from selected row: aca4e2ed9ce79bbff945269c886706dac451b477
[DEBUG] status label set: Session branch: main — Take: version 1
[DEBUG] No commit role file found at /tmp/test_tagging_500d397826084473a664e9fbe9bfc144/.dawgit_roles.json
[DEBUG] Repo valid: True
[DEBUG] HEAD SHA: aca4e2ed9ce79bbff945269c886706dac451b477
[DEBUG] Total commits: 1
[DEBUG] No commit role file found at /tmp/test_tagging_500d397826084473a664e9fbe9bfc144/.dawgit_roles.json
[DEBUG] Selected row = 0, SHA = aca4e2ed9ce79bbff945269c886706dac451b477
[DEBUG] ✅ SHA set from selected row: aca4e2ed9ce79bbff945269c886706dac451b477
[DEBUG] status label set: Session branch: main — Take: version 1
[DEBUG] status label set: Session branch: main — Take: version 1
[DEBUG] Role 'my_custom_tag' assigned to commit aca4e2ed9ce79bbff945269c886706dac451b477
[DEBUG] Saved commit roles to /tmp/test_tagging_500d397826084473a664e9fbe9bfc144/.dawgit_roles.json
[DEBUG] Assigned role 'my_custom_tag' to commit aca4e2ed9ce79bbff945269c886706dac451b477
[DEBUG] Saved PROJECT_MARKER.json to /tmp/test_tagging_500d397826084473a664e9fbe9bfc144/PROJECT_MARKER.json
[DEBUG] Saved commit roles to /tmp/test_tagging_500d397826084473a664e9fbe9bfc144/.dawgit_roles.json
PASSED
tests_dawgit/test_commit_tagging.py::test_tag_custom_label_assigns_alt2 [DEBUG] No PROJECT_MARKER.json found — using defaults
[DEBUG] No commit role file found at /private/var/folders/yx/c_cp834d18v7ptq75l5x7twm0000gn/T/pytest-of-niccavendish/pytest-7/test_tag_custom_label_assigns_0/.dawgit_roles.json
❌ No Git repo loaded.
[DEBUG] Skipping QTimer.singleShot — parent not visible.
[WARNING] Stylesheet not loaded: [Errno 2] No such file or directory: 'styles/dawgit_styles.qss'
[DEBUG] Loaded project path: /private/var/folders/yx/c_cp834d18v7ptq75l5x7twm0000gn/T/pytest-of-niccavendish/pytest-7/test_tag_custom_label_assigns_0
[DEBUG] Calling GitProjectManager.init_repo()
[DEBUG] Initializing Git...
[DEBUG] Found DAW files: [PosixPath('/private/var/folders/yx/c_cp834d18v7ptq75l5x7twm0000gn/T/pytest-of-niccavendish/pytest-7/test_tag_custom_label_assigns_0/track.als')]
[DEBUG] Found existing Git repo at /private/var/folders/yx/c_cp834d18v7ptq75l5x7twm0000gn/T/pytest-of-niccavendish/pytest-7/test_tag_custom_label_assigns_0
✅ Saved last project path: /private/var/folders/yx/c_cp834d18v7ptq75l5x7twm0000gn/T/pytest-of-niccavendish/pytest-7/test_tag_custom_label_assigns_0
[DEBUG] No commit role file found at /private/var/folders/yx/c_cp834d18v7ptq75l5x7twm0000gn/T/pytest-of-niccavendish/pytest-7/test_tag_custom_label_assigns_0/.dawgit_roles.json
[DEBUG] status label set: Session branch: main — Take: version 1
[DEBUG] Repo valid: True
[DEBUG] HEAD SHA: 7f2aaee6f45ae9ee39ac8ac715e26835d5568dda
[DEBUG] Total commits: 1
[DEBUG] No commit role file found at /private/var/folders/yx/c_cp834d18v7ptq75l5x7twm0000gn/T/pytest-of-niccavendish/pytest-7/test_tag_custom_label_assigns_0/.dawgit_roles.json
[DEBUG] Selected row = 0, SHA = 7f2aaee6f45ae9ee39ac8ac715e26835d5568dda
[DEBUG] ✅ SHA set from selected row: 7f2aaee6f45ae9ee39ac8ac715e26835d5568dda
[DEBUG] status label set: Session branch: main — Take: version 1
[DEBUG] No commit role file found at /private/var/folders/yx/c_cp834d18v7ptq75l5x7twm0000gn/T/pytest-of-niccavendish/pytest-7/test_tag_custom_label_assigns_0/.dawgit_roles.json
[DEBUG] Repo valid: True
[DEBUG] HEAD SHA: 7f2aaee6f45ae9ee39ac8ac715e26835d5568dda
[DEBUG] Total commits: 1
[DEBUG] No commit role file found at /private/var/folders/yx/c_cp834d18v7ptq75l5x7twm0000gn/T/pytest-of-niccavendish/pytest-7/test_tag_custom_label_assigns_0/.dawgit_roles.json
[DEBUG] Selected row = 0, SHA = 7f2aaee6f45ae9ee39ac8ac715e26835d5568dda
[DEBUG] ✅ SHA set from selected row: 7f2aaee6f45ae9ee39ac8ac715e26835d5568dda
[DEBUG] status label set: Session branch: main — Take: version 1
[DEBUG] status label set: Session branch: main — Take: version 1
[DEBUG] Selected row = 0, SHA = 7f2aaee6f45ae9ee39ac8ac715e26835d5568dda
[DEBUG] ✅ SHA set from selected row: 7f2aaee6f45ae9ee39ac8ac715e26835d5568dda
[DEBUG] Role 'alt_2' assigned to commit 7f2aaee6f45ae9ee39ac8ac715e26835d5568dda
[DEBUG] Saved commit roles to /private/var/folders/yx/c_cp834d18v7ptq75l5x7twm0000gn/T/pytest-of-niccavendish/pytest-7/test_tag_custom_label_assigns_0/.dawgit_roles.json
[DEBUG] Assigned role 'alt_2' to commit 7f2aaee6f45ae9ee39ac8ac715e26835d5568dda
[DEBUG] Saved PROJECT_MARKER.json to /private/var/folders/yx/c_cp834d18v7ptq75l5x7twm0000gn/T/pytest-of-niccavendish/pytest-7/test_tag_custom_label_assigns_0/PROJECT_MARKER.json
[DEBUG] Saved commit roles to /private/var/folders/yx/c_cp834d18v7ptq75l5x7twm0000gn/T/pytest-of-niccavendish/pytest-7/test_tag_custom_label_assigns_0/.dawgit_roles.json
[STATUS] ✏️ Commit tagged as 'alt_2': 7f2aaee
[DEBUG] DAWGIT_TEST_MODE active — running load_commit_history directly
[DEBUG] Repo valid: True
[DEBUG] HEAD SHA: 7f2aaee6f45ae9ee39ac8ac715e26835d5568dda
[DEBUG] Total commits: 1
[DEBUG] Loaded commit roles from /private/var/folders/yx/c_cp834d18v7ptq75l5x7twm0000gn/T/pytest-of-niccavendish/pytest-7/test_tag_custom_label_assigns_0/.dawgit_roles.json
[DEBUG] Selected row = 0, SHA = 7f2aaee6f45ae9ee39ac8ac715e26835d5568dda
[DEBUG] ✅ SHA set from selected row: 7f2aaee6f45ae9ee39ac8ac715e26835d5568dda
[DEBUG] status label set: Session branch: main — Take: version 1
PASSED

============================== 5 passed in 5.57s ===============================
============================= test session starts ==============================
platform darwin -- Python 3.12.3, pytest-8.3.5, pluggy-1.5.0 -- /Users/niccavendish/.pyenv/versions/3.12.3/bin/python3.12
cachedir: .pytest_cache
PyQt6 6.9.0 -- Qt runtime 6.9.0 -- Qt compiled 6.9.0
rootdir: /Users/niccavendish/Projects/DAWGitApp
configfile: pytest.ini
plugins: qt-4.4.0, env-1.1.5, timeout-2.4.0, rich-0.2.0
timeout: 10.0s
timeout method: signal
timeout func_only: False
collecting ... collected 5 items

tests_dawgit/test_commit_tagging.py::test_assign_commit_role_variants[Main Mix] [DEBUG] No PROJECT_MARKER.json found — using defaults
[DEBUG] No commit role file found at /tmp/test_tagging_1c1cc9d0427b458b8ec2a9feb07d9760/.dawgit_roles.json
❌ No Git repo loaded.
[DEBUG] Skipping QTimer.singleShot — parent not visible.
[DEBUG] Loaded project path: /tmp/test_tagging_1c1cc9d0427b458b8ec2a9feb07d9760
[DEBUG] Calling GitProjectManager.init_repo()
[DEBUG] Initializing Git...
[DEBUG] Found DAW files: [PosixPath('/tmp/test_tagging_1c1cc9d0427b458b8ec2a9feb07d9760/track.als')]
[DEBUG] Found existing Git repo at /tmp/test_tagging_1c1cc9d0427b458b8ec2a9feb07d9760
✅ Saved last project path: /tmp/test_tagging_1c1cc9d0427b458b8ec2a9feb07d9760
[DEBUG] No commit role file found at /tmp/test_tagging_1c1cc9d0427b458b8ec2a9feb07d9760/.dawgit_roles.json
[DEBUG] status label set: Session branch: main — Take: version 1
[DEBUG] Repo valid: True
[DEBUG] HEAD SHA: 226874f269ba4f4ae7a2b5c288495d3845988404
[DEBUG] Total commits: 1
[DEBUG] No commit role file found at /tmp/test_tagging_1c1cc9d0427b458b8ec2a9feb07d9760/.dawgit_roles.json
[DEBUG] Selected row = 0, SHA = 226874f269ba4f4ae7a2b5c288495d3845988404
[DEBUG] ✅ SHA set from selected row: 226874f269ba4f4ae7a2b5c288495d3845988404
[DEBUG] status label set: Session branch: main — Take: version 1
[DEBUG] No commit role file found at /tmp/test_tagging_1c1cc9d0427b458b8ec2a9feb07d9760/.dawgit_roles.json
[DEBUG] Repo valid: True
[DEBUG] HEAD SHA: 226874f269ba4f4ae7a2b5c288495d3845988404
[DEBUG] Total commits: 1
[DEBUG] No commit role file found at /tmp/test_tagging_1c1cc9d0427b458b8ec2a9feb07d9760/.dawgit_roles.json
[DEBUG] Selected row = 0, SHA = 226874f269ba4f4ae7a2b5c288495d3845988404
[DEBUG] ✅ SHA set from selected row: 226874f269ba4f4ae7a2b5c288495d3845988404
[DEBUG] status label set: Session branch: main — Take: version 1
[DEBUG] status label set: Session branch: main — Take: version 1
[DEBUG] Role 'Main Mix' assigned to commit 226874f269ba4f4ae7a2b5c288495d3845988404
[DEBUG] Saved commit roles to /tmp/test_tagging_1c1cc9d0427b458b8ec2a9feb07d9760/.dawgit_roles.json
[DEBUG] Assigned role 'Main Mix' to commit 226874f269ba4f4ae7a2b5c288495d3845988404
[DEBUG] Saved PROJECT_MARKER.json to /tmp/test_tagging_1c1cc9d0427b458b8ec2a9feb07d9760/PROJECT_MARKER.json
[DEBUG] Saved commit roles to /tmp/test_tagging_1c1cc9d0427b458b8ec2a9feb07d9760/.dawgit_roles.json
PASSED
tests_dawgit/test_commit_tagging.py::test_assign_commit_role_variants[creative_take] [DEBUG] No PROJECT_MARKER.json found — using defaults
[DEBUG] No commit role file found at /tmp/test_tagging_9fd2a4b301a149e296949e00895b6008/.dawgit_roles.json
❌ No Git repo loaded.
[DEBUG] Skipping QTimer.singleShot — parent not visible.
[WARNING] Stylesheet not loaded: [Errno 2] No such file or directory: 'styles/dawgit_styles.qss'
[DEBUG] Loaded project path: /tmp/test_tagging_9fd2a4b301a149e296949e00895b6008
[DEBUG] Calling GitProjectManager.init_repo()
[DEBUG] Initializing Git...
[DEBUG] Found DAW files: [PosixPath('/tmp/test_tagging_9fd2a4b301a149e296949e00895b6008/track.als')]
[DEBUG] Found existing Git repo at /tmp/test_tagging_9fd2a4b301a149e296949e00895b6008
✅ Saved last project path: /tmp/test_tagging_9fd2a4b301a149e296949e00895b6008
[DEBUG] No commit role file found at /tmp/test_tagging_9fd2a4b301a149e296949e00895b6008/.dawgit_roles.json
[DEBUG] status label set: Session branch: main — Take: version 1
[DEBUG] Repo valid: True
[DEBUG] HEAD SHA: 1cc18eef3b3b1f028b6fa8f52ff2d8995c8ee57c
[DEBUG] Total commits: 1
[DEBUG] No commit role file found at /tmp/test_tagging_9fd2a4b301a149e296949e00895b6008/.dawgit_roles.json
[DEBUG] Selected row = 0, SHA = 1cc18eef3b3b1f028b6fa8f52ff2d8995c8ee57c
[DEBUG] ✅ SHA set from selected row: 1cc18eef3b3b1f028b6fa8f52ff2d8995c8ee57c
[DEBUG] status label set: Session branch: main — Take: version 1
[DEBUG] No commit role file found at /tmp/test_tagging_9fd2a4b301a149e296949e00895b6008/.dawgit_roles.json
[DEBUG] Repo valid: True
[DEBUG] HEAD SHA: 1cc18eef3b3b1f028b6fa8f52ff2d8995c8ee57c
[DEBUG] Total commits: 1
[DEBUG] No commit role file found at /tmp/test_tagging_9fd2a4b301a149e296949e00895b6008/.dawgit_roles.json
[DEBUG] Selected row = 0, SHA = 1cc18eef3b3b1f028b6fa8f52ff2d8995c8ee57c
[DEBUG] ✅ SHA set from selected row: 1cc18eef3b3b1f028b6fa8f52ff2d8995c8ee57c
[DEBUG] status label set: Session branch: main — Take: version 1
[DEBUG] status label set: Session branch: main — Take: version 1
[DEBUG] Role 'creative_take' assigned to commit 1cc18eef3b3b1f028b6fa8f52ff2d8995c8ee57c
[DEBUG] Saved commit roles to /tmp/test_tagging_9fd2a4b301a149e296949e00895b6008/.dawgit_roles.json
[DEBUG] Assigned role 'creative_take' to commit 1cc18eef3b3b1f028b6fa8f52ff2d8995c8ee57c
[DEBUG] Saved PROJECT_MARKER.json to /tmp/test_tagging_9fd2a4b301a149e296949e00895b6008/PROJECT_MARKER.json
[DEBUG] Saved commit roles to /tmp/test_tagging_9fd2a4b301a149e296949e00895b6008/.dawgit_roles.json
PASSED
tests_dawgit/test_commit_tagging.py::test_assign_commit_role_variants[alt_mixdown] [DEBUG] No PROJECT_MARKER.json found — using defaults
[DEBUG] No commit role file found at /tmp/test_tagging_29ec7c126db04b06bb3adc3ecd803359/.dawgit_roles.json
❌ No Git repo loaded.
[DEBUG] Skipping QTimer.singleShot — parent not visible.
[WARNING] Stylesheet not loaded: [Errno 2] No such file or directory: 'styles/dawgit_styles.qss'
[DEBUG] Loaded project path: /tmp/test_tagging_29ec7c126db04b06bb3adc3ecd803359
[DEBUG] Calling GitProjectManager.init_repo()
[DEBUG] Initializing Git...
[DEBUG] Found DAW files: [PosixPath('/tmp/test_tagging_29ec7c126db04b06bb3adc3ecd803359/track.als')]
[DEBUG] Found existing Git repo at /tmp/test_tagging_29ec7c126db04b06bb3adc3ecd803359
✅ Saved last project path: /tmp/test_tagging_29ec7c126db04b06bb3adc3ecd803359
[DEBUG] No commit role file found at /tmp/test_tagging_29ec7c126db04b06bb3adc3ecd803359/.dawgit_roles.json
[DEBUG] status label set: Session branch: main — Take: version 1
[DEBUG] Repo valid: True
[DEBUG] HEAD SHA: 7f2147558c2d62314a4c8974804161d662732856
[DEBUG] Total commits: 1
[DEBUG] No commit role file found at /tmp/test_tagging_29ec7c126db04b06bb3adc3ecd803359/.dawgit_roles.json
[DEBUG] Selected row = 0, SHA = 7f2147558c2d62314a4c8974804161d662732856
[DEBUG] ✅ SHA set from selected row: 7f2147558c2d62314a4c8974804161d662732856
[DEBUG] status label set: Session branch: main — Take: version 1
[DEBUG] No commit role file found at /tmp/test_tagging_29ec7c126db04b06bb3adc3ecd803359/.dawgit_roles.json
[DEBUG] Repo valid: True
[DEBUG] HEAD SHA: 7f2147558c2d62314a4c8974804161d662732856
[DEBUG] Total commits: 1
[DEBUG] No commit role file found at /tmp/test_tagging_29ec7c126db04b06bb3adc3ecd803359/.dawgit_roles.json
[DEBUG] Selected row = 0, SHA = 7f2147558c2d62314a4c8974804161d662732856
[DEBUG] ✅ SHA set from selected row: 7f2147558c2d62314a4c8974804161d662732856
[DEBUG] status label set: Session branch: main — Take: version 1
[DEBUG] status label set: Session branch: main — Take: version 1
[DEBUG] Role 'alt_mixdown' assigned to commit 7f2147558c2d62314a4c8974804161d662732856
[DEBUG] Saved commit roles to /tmp/test_tagging_29ec7c126db04b06bb3adc3ecd803359/.dawgit_roles.json
[DEBUG] Assigned role 'alt_mixdown' to commit 7f2147558c2d62314a4c8974804161d662732856
[DEBUG] Saved PROJECT_MARKER.json to /tmp/test_tagging_29ec7c126db04b06bb3adc3ecd803359/PROJECT_MARKER.json
[DEBUG] Saved commit roles to /tmp/test_tagging_29ec7c126db04b06bb3adc3ecd803359/.dawgit_roles.json
PASSED
tests_dawgit/test_commit_tagging.py::test_assign_commit_role_variants[my_custom_tag] [DEBUG] No PROJECT_MARKER.json found — using defaults
[DEBUG] No commit role file found at /tmp/test_tagging_acee14b901ed43f49c61e986ff72429f/.dawgit_roles.json
❌ No Git repo loaded.
[DEBUG] Skipping QTimer.singleShot — parent not visible.
[WARNING] Stylesheet not loaded: [Errno 2] No such file or directory: 'styles/dawgit_styles.qss'
[DEBUG] Loaded project path: /tmp/test_tagging_acee14b901ed43f49c61e986ff72429f
[DEBUG] Calling GitProjectManager.init_repo()
[DEBUG] Initializing Git...
[DEBUG] Found DAW files: [PosixPath('/tmp/test_tagging_acee14b901ed43f49c61e986ff72429f/track.als')]
[DEBUG] Found existing Git repo at /tmp/test_tagging_acee14b901ed43f49c61e986ff72429f
✅ Saved last project path: /tmp/test_tagging_acee14b901ed43f49c61e986ff72429f
[DEBUG] No commit role file found at /tmp/test_tagging_acee14b901ed43f49c61e986ff72429f/.dawgit_roles.json
[DEBUG] status label set: Session branch: main — Take: version 1
[DEBUG] Repo valid: True
[DEBUG] HEAD SHA: 8e55925273e050098f5fc6d166d2b82928e483a8
[DEBUG] Total commits: 1
[DEBUG] No commit role file found at /tmp/test_tagging_acee14b901ed43f49c61e986ff72429f/.dawgit_roles.json
[DEBUG] Selected row = 0, SHA = 8e55925273e050098f5fc6d166d2b82928e483a8
[DEBUG] ✅ SHA set from selected row: 8e55925273e050098f5fc6d166d2b82928e483a8
[DEBUG] status label set: Session branch: main — Take: version 1
[DEBUG] No commit role file found at /tmp/test_tagging_acee14b901ed43f49c61e986ff72429f/.dawgit_roles.json
[DEBUG] Repo valid: True
[DEBUG] HEAD SHA: 8e55925273e050098f5fc6d166d2b82928e483a8
[DEBUG] Total commits: 1
[DEBUG] No commit role file found at /tmp/test_tagging_acee14b901ed43f49c61e986ff72429f/.dawgit_roles.json
[DEBUG] Selected row = 0, SHA = 8e55925273e050098f5fc6d166d2b82928e483a8
[DEBUG] ✅ SHA set from selected row: 8e55925273e050098f5fc6d166d2b82928e483a8
[DEBUG] status label set: Session branch: main — Take: version 1
[DEBUG] status label set: Session branch: main — Take: version 1
[DEBUG] Role 'my_custom_tag' assigned to commit 8e55925273e050098f5fc6d166d2b82928e483a8
[DEBUG] Saved commit roles to /tmp/test_tagging_acee14b901ed43f49c61e986ff72429f/.dawgit_roles.json
[DEBUG] Assigned role 'my_custom_tag' to commit 8e55925273e050098f5fc6d166d2b82928e483a8
[DEBUG] Saved PROJECT_MARKER.json to /tmp/test_tagging_acee14b901ed43f49c61e986ff72429f/PROJECT_MARKER.json
[DEBUG] Saved commit roles to /tmp/test_tagging_acee14b901ed43f49c61e986ff72429f/.dawgit_roles.json
PASSED
tests_dawgit/test_commit_tagging.py::test_tag_custom_label_assigns_alt2 [DEBUG] No PROJECT_MARKER.json found — using defaults
[DEBUG] No commit role file found at /private/var/folders/yx/c_cp834d18v7ptq75l5x7twm0000gn/T/pytest-of-niccavendish/pytest-7/test_tag_custom_label_assigns_0/.dawgit_roles.json
❌ No Git repo loaded.
[DEBUG] Skipping QTimer.singleShot — parent not visible.
[WARNING] Stylesheet not loaded: [Errno 2] No such file or directory: 'styles/dawgit_styles.qss'
[DEBUG] Loaded project path: /private/var/folders/yx/c_cp834d18v7ptq75l5x7twm0000gn/T/pytest-of-niccavendish/pytest-7/test_tag_custom_label_assigns_0
[DEBUG] Calling GitProjectManager.init_repo()
[DEBUG] Initializing Git...
[DEBUG] Found DAW files: [PosixPath('/private/var/folders/yx/c_cp834d18v7ptq75l5x7twm0000gn/T/pytest-of-niccavendish/pytest-7/test_tag_custom_label_assigns_0/track.als')]
[DEBUG] Found existing Git repo at /private/var/folders/yx/c_cp834d18v7ptq75l5x7twm0000gn/T/pytest-of-niccavendish/pytest-7/test_tag_custom_label_assigns_0
✅ Saved last project path: /private/var/folders/yx/c_cp834d18v7ptq75l5x7twm0000gn/T/pytest-of-niccavendish/pytest-7/test_tag_custom_label_assigns_0
[DEBUG] No commit role file found at /private/var/folders/yx/c_cp834d18v7ptq75l5x7twm0000gn/T/pytest-of-niccavendish/pytest-7/test_tag_custom_label_assigns_0/.dawgit_roles.json
[DEBUG] status label set: Session branch: main — Take: version 1
[DEBUG] Repo valid: True
[DEBUG] HEAD SHA: 4daafc46f6e98f8bb61fb2960c25e0357a5a6ced
[DEBUG] Total commits: 1
[DEBUG] No commit role file found at /private/var/folders/yx/c_cp834d18v7ptq75l5x7twm0000gn/T/pytest-of-niccavendish/pytest-7/test_tag_custom_label_assigns_0/.dawgit_roles.json
[DEBUG] Selected row = 0, SHA = 4daafc46f6e98f8bb61fb2960c25e0357a5a6ced
[DEBUG] ✅ SHA set from selected row: 4daafc46f6e98f8bb61fb2960c25e0357a5a6ced
[DEBUG] status label set: Session branch: main — Take: version 1
[DEBUG] No commit role file found at /private/var/folders/yx/c_cp834d18v7ptq75l5x7twm0000gn/T/pytest-of-niccavendish/pytest-7/test_tag_custom_label_assigns_0/.dawgit_roles.json
[DEBUG] Repo valid: True
[DEBUG] HEAD SHA: 4daafc46f6e98f8bb61fb2960c25e0357a5a6ced
[DEBUG] Total commits: 1
[DEBUG] No commit role file found at /private/var/folders/yx/c_cp834d18v7ptq75l5x7twm0000gn/T/pytest-of-niccavendish/pytest-7/test_tag_custom_label_assigns_0/.dawgit_roles.json
[DEBUG] Selected row = 0, SHA = 4daafc46f6e98f8bb61fb2960c25e0357a5a6ced
[DEBUG] ✅ SHA set from selected row: 4daafc46f6e98f8bb61fb2960c25e0357a5a6ced
[DEBUG] status label set: Session branch: main — Take: version 1
[DEBUG] status label set: Session branch: main — Take: version 1
[DEBUG] Selected row = 0, SHA = 4daafc46f6e98f8bb61fb2960c25e0357a5a6ced
[DEBUG] ✅ SHA set from selected row: 4daafc46f6e98f8bb61fb2960c25e0357a5a6ced
[DEBUG] Role 'alt_2' assigned to commit 4daafc46f6e98f8bb61fb2960c25e0357a5a6ced
[DEBUG] Saved commit roles to /private/var/folders/yx/c_cp834d18v7ptq75l5x7twm0000gn/T/pytest-of-niccavendish/pytest-7/test_tag_custom_label_assigns_0/.dawgit_roles.json
[DEBUG] Assigned role 'alt_2' to commit 4daafc46f6e98f8bb61fb2960c25e0357a5a6ced
[DEBUG] Saved PROJECT_MARKER.json to /private/var/folders/yx/c_cp834d18v7ptq75l5x7twm0000gn/T/pytest-of-niccavendish/pytest-7/test_tag_custom_label_assigns_0/PROJECT_MARKER.json
[DEBUG] Saved commit roles to /private/var/folders/yx/c_cp834d18v7ptq75l5x7twm0000gn/T/pytest-of-niccavendish/pytest-7/test_tag_custom_label_assigns_0/.dawgit_roles.json
[STATUS] ✏️ Commit tagged as 'alt_2': 4daafc4
[DEBUG] DAWGIT_TEST_MODE active — running load_commit_history directly
[DEBUG] Repo valid: True
[DEBUG] HEAD SHA: 4daafc46f6e98f8bb61fb2960c25e0357a5a6ced
[DEBUG] Total commits: 1
[DEBUG] Loaded commit roles from /private/var/folders/yx/c_cp834d18v7ptq75l5x7twm0000gn/T/pytest-of-niccavendish/pytest-7/test_tag_custom_label_assigns_0/.dawgit_roles.json
[DEBUG] Selected row = 0, SHA = 4daafc46f6e98f8bb61fb2960c25e0357a5a6ced
[DEBUG] ✅ SHA set from selected row: 4daafc46f6e98f8bb61fb2960c25e0357a5a6ced
[DEBUG] status label set: Session branch: main — Take: version 1
PASSED

============================== 5 passed in 5.66s ===============================
============================= test session starts ==============================
platform darwin -- Python 3.12.3, pytest-8.3.5, pluggy-1.5.0 -- /Users/niccavendish/.pyenv/versions/3.12.3/bin/python3.12
cachedir: .pytest_cache
PyQt6 6.9.0 -- Qt runtime 6.9.0 -- Qt compiled 6.9.0
rootdir: /Users/niccavendish/Projects/DAWGitApp
configfile: pytest.ini
plugins: qt-4.4.0, env-1.1.5, timeout-2.4.0, rich-0.2.0
timeout: 10.0s
timeout method: signal
timeout func_only: False
collecting ... collected 5 items

tests_dawgit/test_commit_tagging.py::test_assign_commit_role_variants[Main Mix] [DEBUG] No PROJECT_MARKER.json found — using defaults
[DEBUG] No commit role file found at /tmp/test_tagging_45582c9fd07f406d86db544b5f3e6a25/.dawgit_roles.json
❌ No Git repo loaded.
[DEBUG] Skipping QTimer.singleShot — parent not visible.
[DEBUG] Loaded project path: /tmp/test_tagging_45582c9fd07f406d86db544b5f3e6a25
[DEBUG] Calling GitProjectManager.init_repo()
[DEBUG] Initializing Git...
[DEBUG] Found DAW files: [PosixPath('/tmp/test_tagging_45582c9fd07f406d86db544b5f3e6a25/track.als')]
[DEBUG] Found existing Git repo at /tmp/test_tagging_45582c9fd07f406d86db544b5f3e6a25
✅ Saved last project path: /tmp/test_tagging_45582c9fd07f406d86db544b5f3e6a25
[DEBUG] No commit role file found at /tmp/test_tagging_45582c9fd07f406d86db544b5f3e6a25/.dawgit_roles.json
[DEBUG] status label set: Session branch: main — Take: version 1
[DEBUG] Repo valid: True
[DEBUG] HEAD SHA: bdbe4e50357ba6dba107223db4fee1d864716efd
[DEBUG] Total commits: 1
[DEBUG] No commit role file found at /tmp/test_tagging_45582c9fd07f406d86db544b5f3e6a25/.dawgit_roles.json
[DEBUG] Selected row = 0, SHA = bdbe4e50357ba6dba107223db4fee1d864716efd
[DEBUG] ✅ SHA set from selected row: bdbe4e50357ba6dba107223db4fee1d864716efd
[DEBUG] status label set: Session branch: main — Take: version 1
[DEBUG] No commit role file found at /tmp/test_tagging_45582c9fd07f406d86db544b5f3e6a25/.dawgit_roles.json
[DEBUG] Repo valid: True
[DEBUG] HEAD SHA: bdbe4e50357ba6dba107223db4fee1d864716efd
[DEBUG] Total commits: 1
[DEBUG] No commit role file found at /tmp/test_tagging_45582c9fd07f406d86db544b5f3e6a25/.dawgit_roles.json
[DEBUG] Selected row = 0, SHA = bdbe4e50357ba6dba107223db4fee1d864716efd
[DEBUG] ✅ SHA set from selected row: bdbe4e50357ba6dba107223db4fee1d864716efd
[DEBUG] status label set: Session branch: main — Take: version 1
[DEBUG] status label set: Session branch: main — Take: version 1
[DEBUG] Role 'Main Mix' assigned to commit bdbe4e50357ba6dba107223db4fee1d864716efd
[DEBUG] Saved commit roles to /tmp/test_tagging_45582c9fd07f406d86db544b5f3e6a25/.dawgit_roles.json
[DEBUG] Assigned role 'Main Mix' to commit bdbe4e50357ba6dba107223db4fee1d864716efd
[DEBUG] Saved PROJECT_MARKER.json to /tmp/test_tagging_45582c9fd07f406d86db544b5f3e6a25/PROJECT_MARKER.json
[DEBUG] Saved commit roles to /tmp/test_tagging_45582c9fd07f406d86db544b5f3e6a25/.dawgit_roles.json
PASSED
tests_dawgit/test_commit_tagging.py::test_assign_commit_role_variants[creative_take] [DEBUG] No PROJECT_MARKER.json found — using defaults
[DEBUG] No commit role file found at /tmp/test_tagging_bfcf9c950f8a482085e1f17bc20786c4/.dawgit_roles.json
❌ No Git repo loaded.
[DEBUG] Skipping QTimer.singleShot — parent not visible.
[WARNING] Stylesheet not loaded: [Errno 2] No such file or directory: 'styles/dawgit_styles.qss'
[DEBUG] Loaded project path: /tmp/test_tagging_bfcf9c950f8a482085e1f17bc20786c4
[DEBUG] Calling GitProjectManager.init_repo()
[DEBUG] Initializing Git...
[DEBUG] Found DAW files: [PosixPath('/tmp/test_tagging_bfcf9c950f8a482085e1f17bc20786c4/track.als')]
[DEBUG] Found existing Git repo at /tmp/test_tagging_bfcf9c950f8a482085e1f17bc20786c4
✅ Saved last project path: /tmp/test_tagging_bfcf9c950f8a482085e1f17bc20786c4
[DEBUG] No commit role file found at /tmp/test_tagging_bfcf9c950f8a482085e1f17bc20786c4/.dawgit_roles.json
[DEBUG] status label set: Session branch: main — Take: version 1
[DEBUG] Repo valid: True
[DEBUG] HEAD SHA: 85ee41c6449c554eb13c96b8c169b55670dd864f
[DEBUG] Total commits: 1
[DEBUG] No commit role file found at /tmp/test_tagging_bfcf9c950f8a482085e1f17bc20786c4/.dawgit_roles.json
[DEBUG] Selected row = 0, SHA = 85ee41c6449c554eb13c96b8c169b55670dd864f
[DEBUG] ✅ SHA set from selected row: 85ee41c6449c554eb13c96b8c169b55670dd864f
[DEBUG] status label set: Session branch: main — Take: version 1
[DEBUG] No commit role file found at /tmp/test_tagging_bfcf9c950f8a482085e1f17bc20786c4/.dawgit_roles.json
[DEBUG] Repo valid: True
[DEBUG] HEAD SHA: 85ee41c6449c554eb13c96b8c169b55670dd864f
[DEBUG] Total commits: 1
[DEBUG] No commit role file found at /tmp/test_tagging_bfcf9c950f8a482085e1f17bc20786c4/.dawgit_roles.json
[DEBUG] Selected row = 0, SHA = 85ee41c6449c554eb13c96b8c169b55670dd864f
[DEBUG] ✅ SHA set from selected row: 85ee41c6449c554eb13c96b8c169b55670dd864f
[DEBUG] status label set: Session branch: main — Take: version 1
[DEBUG] status label set: Session branch: main — Take: version 1
[DEBUG] Role 'creative_take' assigned to commit 85ee41c6449c554eb13c96b8c169b55670dd864f
[DEBUG] Saved commit roles to /tmp/test_tagging_bfcf9c950f8a482085e1f17bc20786c4/.dawgit_roles.json
[DEBUG] Assigned role 'creative_take' to commit 85ee41c6449c554eb13c96b8c169b55670dd864f
[DEBUG] Saved PROJECT_MARKER.json to /tmp/test_tagging_bfcf9c950f8a482085e1f17bc20786c4/PROJECT_MARKER.json
[DEBUG] Saved commit roles to /tmp/test_tagging_bfcf9c950f8a482085e1f17bc20786c4/.dawgit_roles.json
PASSED
tests_dawgit/test_commit_tagging.py::test_assign_commit_role_variants[alt_mixdown] [DEBUG] No PROJECT_MARKER.json found — using defaults
[DEBUG] No commit role file found at /tmp/test_tagging_de2a6901f41c4c9995fe0c7f2ddb764f/.dawgit_roles.json
❌ No Git repo loaded.
[DEBUG] Skipping QTimer.singleShot — parent not visible.
[WARNING] Stylesheet not loaded: [Errno 2] No such file or directory: 'styles/dawgit_styles.qss'
[DEBUG] Loaded project path: /tmp/test_tagging_de2a6901f41c4c9995fe0c7f2ddb764f
[DEBUG] Calling GitProjectManager.init_repo()
[DEBUG] Initializing Git...
[DEBUG] Found DAW files: [PosixPath('/tmp/test_tagging_de2a6901f41c4c9995fe0c7f2ddb764f/track.als')]
[DEBUG] Found existing Git repo at /tmp/test_tagging_de2a6901f41c4c9995fe0c7f2ddb764f
✅ Saved last project path: /tmp/test_tagging_de2a6901f41c4c9995fe0c7f2ddb764f
[DEBUG] No commit role file found at /tmp/test_tagging_de2a6901f41c4c9995fe0c7f2ddb764f/.dawgit_roles.json
[DEBUG] status label set: Session branch: main — Take: version 1
[DEBUG] Repo valid: True
[DEBUG] HEAD SHA: b643e7f935b4835f3a03851a696f4c0e05b1a50c
[DEBUG] Total commits: 1
[DEBUG] No commit role file found at /tmp/test_tagging_de2a6901f41c4c9995fe0c7f2ddb764f/.dawgit_roles.json
[DEBUG] Selected row = 0, SHA = b643e7f935b4835f3a03851a696f4c0e05b1a50c
[DEBUG] ✅ SHA set from selected row: b643e7f935b4835f3a03851a696f4c0e05b1a50c
[DEBUG] status label set: Session branch: main — Take: version 1
[DEBUG] No commit role file found at /tmp/test_tagging_de2a6901f41c4c9995fe0c7f2ddb764f/.dawgit_roles.json
[DEBUG] Repo valid: True
[DEBUG] HEAD SHA: b643e7f935b4835f3a03851a696f4c0e05b1a50c
[DEBUG] Total commits: 1
[DEBUG] No commit role file found at /tmp/test_tagging_de2a6901f41c4c9995fe0c7f2ddb764f/.dawgit_roles.json
[DEBUG] Selected row = 0, SHA = b643e7f935b4835f3a03851a696f4c0e05b1a50c
[DEBUG] ✅ SHA set from selected row: b643e7f935b4835f3a03851a696f4c0e05b1a50c
[DEBUG] status label set: Session branch: main — Take: version 1
[DEBUG] status label set: Session branch: main — Take: version 1
[DEBUG] Role 'alt_mixdown' assigned to commit b643e7f935b4835f3a03851a696f4c0e05b1a50c
[DEBUG] Saved commit roles to /tmp/test_tagging_de2a6901f41c4c9995fe0c7f2ddb764f/.dawgit_roles.json
[DEBUG] Assigned role 'alt_mixdown' to commit b643e7f935b4835f3a03851a696f4c0e05b1a50c
[DEBUG] Saved PROJECT_MARKER.json to /tmp/test_tagging_de2a6901f41c4c9995fe0c7f2ddb764f/PROJECT_MARKER.json
[DEBUG] Saved commit roles to /tmp/test_tagging_de2a6901f41c4c9995fe0c7f2ddb764f/.dawgit_roles.json
PASSED
tests_dawgit/test_commit_tagging.py::test_assign_commit_role_variants[my_custom_tag] [DEBUG] No PROJECT_MARKER.json found — using defaults
[DEBUG] No commit role file found at /tmp/test_tagging_89d5ecca11dd4819a1aa7f938907a25c/.dawgit_roles.json
❌ No Git repo loaded.
[DEBUG] Skipping QTimer.singleShot — parent not visible.
[WARNING] Stylesheet not loaded: [Errno 2] No such file or directory: 'styles/dawgit_styles.qss'
[DEBUG] Loaded project path: /tmp/test_tagging_89d5ecca11dd4819a1aa7f938907a25c
[DEBUG] Calling GitProjectManager.init_repo()
[DEBUG] Initializing Git...
[DEBUG] Found DAW files: [PosixPath('/tmp/test_tagging_89d5ecca11dd4819a1aa7f938907a25c/track.als')]
[DEBUG] Found existing Git repo at /tmp/test_tagging_89d5ecca11dd4819a1aa7f938907a25c
✅ Saved last project path: /tmp/test_tagging_89d5ecca11dd4819a1aa7f938907a25c
[DEBUG] No commit role file found at /tmp/test_tagging_89d5ecca11dd4819a1aa7f938907a25c/.dawgit_roles.json
[DEBUG] status label set: Session branch: main — Take: version 1
[DEBUG] Repo valid: True
[DEBUG] HEAD SHA: 4a75a1b31a6a34de9ae428bb16a6e307e6f1808e
[DEBUG] Total commits: 1
[DEBUG] No commit role file found at /tmp/test_tagging_89d5ecca11dd4819a1aa7f938907a25c/.dawgit_roles.json
[DEBUG] Selected row = 0, SHA = 4a75a1b31a6a34de9ae428bb16a6e307e6f1808e
[DEBUG] ✅ SHA set from selected row: 4a75a1b31a6a34de9ae428bb16a6e307e6f1808e
[DEBUG] status label set: Session branch: main — Take: version 1
[DEBUG] No commit role file found at /tmp/test_tagging_89d5ecca11dd4819a1aa7f938907a25c/.dawgit_roles.json
[DEBUG] Repo valid: True
[DEBUG] HEAD SHA: 4a75a1b31a6a34de9ae428bb16a6e307e6f1808e
[DEBUG] Total commits: 1
[DEBUG] No commit role file found at /tmp/test_tagging_89d5ecca11dd4819a1aa7f938907a25c/.dawgit_roles.json
[DEBUG] Selected row = 0, SHA = 4a75a1b31a6a34de9ae428bb16a6e307e6f1808e
[DEBUG] ✅ SHA set from selected row: 4a75a1b31a6a34de9ae428bb16a6e307e6f1808e
[DEBUG] status label set: Session branch: main — Take: version 1
[DEBUG] status label set: Session branch: main — Take: version 1
[DEBUG] Role 'my_custom_tag' assigned to commit 4a75a1b31a6a34de9ae428bb16a6e307e6f1808e
[DEBUG] Saved commit roles to /tmp/test_tagging_89d5ecca11dd4819a1aa7f938907a25c/.dawgit_roles.json
[DEBUG] Assigned role 'my_custom_tag' to commit 4a75a1b31a6a34de9ae428bb16a6e307e6f1808e
[DEBUG] Saved PROJECT_MARKER.json to /tmp/test_tagging_89d5ecca11dd4819a1aa7f938907a25c/PROJECT_MARKER.json
[DEBUG] Saved commit roles to /tmp/test_tagging_89d5ecca11dd4819a1aa7f938907a25c/.dawgit_roles.json
PASSED
tests_dawgit/test_commit_tagging.py::test_tag_custom_label_assigns_alt2 [DEBUG] No PROJECT_MARKER.json found — using defaults
[DEBUG] No commit role file found at /private/var/folders/yx/c_cp834d18v7ptq75l5x7twm0000gn/T/pytest-of-niccavendish/pytest-12/test_tag_custom_label_assigns_0/.dawgit_roles.json
❌ No Git repo loaded.
[DEBUG] Skipping QTimer.singleShot — parent not visible.
[WARNING] Stylesheet not loaded: [Errno 2] No such file or directory: 'styles/dawgit_styles.qss'
[DEBUG] Loaded project path: /private/var/folders/yx/c_cp834d18v7ptq75l5x7twm0000gn/T/pytest-of-niccavendish/pytest-12/test_tag_custom_label_assigns_0
[DEBUG] Calling GitProjectManager.init_repo()
[DEBUG] Initializing Git...
[DEBUG] Found DAW files: [PosixPath('/private/var/folders/yx/c_cp834d18v7ptq75l5x7twm0000gn/T/pytest-of-niccavendish/pytest-12/test_tag_custom_label_assigns_0/track.als')]
[DEBUG] Found existing Git repo at /private/var/folders/yx/c_cp834d18v7ptq75l5x7twm0000gn/T/pytest-of-niccavendish/pytest-12/test_tag_custom_label_assigns_0
✅ Saved last project path: /private/var/folders/yx/c_cp834d18v7ptq75l5x7twm0000gn/T/pytest-of-niccavendish/pytest-12/test_tag_custom_label_assigns_0
[DEBUG] No commit role file found at /private/var/folders/yx/c_cp834d18v7ptq75l5x7twm0000gn/T/pytest-of-niccavendish/pytest-12/test_tag_custom_label_assigns_0/.dawgit_roles.json
[DEBUG] status label set: Session branch: main — Take: version 1
[DEBUG] Repo valid: True
[DEBUG] HEAD SHA: 2b5920ba450d776c3805f0fa5d02266969214fa6
[DEBUG] Total commits: 1
[DEBUG] No commit role file found at /private/var/folders/yx/c_cp834d18v7ptq75l5x7twm0000gn/T/pytest-of-niccavendish/pytest-12/test_tag_custom_label_assigns_0/.dawgit_roles.json
[DEBUG] Selected row = 0, SHA = 2b5920ba450d776c3805f0fa5d02266969214fa6
[DEBUG] ✅ SHA set from selected row: 2b5920ba450d776c3805f0fa5d02266969214fa6
[DEBUG] status label set: Session branch: main — Take: version 1
[DEBUG] No commit role file found at /private/var/folders/yx/c_cp834d18v7ptq75l5x7twm0000gn/T/pytest-of-niccavendish/pytest-12/test_tag_custom_label_assigns_0/.dawgit_roles.json
[DEBUG] Repo valid: True
[DEBUG] HEAD SHA: 2b5920ba450d776c3805f0fa5d02266969214fa6
[DEBUG] Total commits: 1
[DEBUG] No commit role file found at /private/var/folders/yx/c_cp834d18v7ptq75l5x7twm0000gn/T/pytest-of-niccavendish/pytest-12/test_tag_custom_label_assigns_0/.dawgit_roles.json
[DEBUG] Selected row = 0, SHA = 2b5920ba450d776c3805f0fa5d02266969214fa6
[DEBUG] ✅ SHA set from selected row: 2b5920ba450d776c3805f0fa5d02266969214fa6
[DEBUG] status label set: Session branch: main — Take: version 1
[DEBUG] status label set: Session branch: main — Take: version 1
[DEBUG] Selected row = 0, SHA = 2b5920ba450d776c3805f0fa5d02266969214fa6
[DEBUG] ✅ SHA set from selected row: 2b5920ba450d776c3805f0fa5d02266969214fa6
[DEBUG] Role 'alt_2' assigned to commit 2b5920ba450d776c3805f0fa5d02266969214fa6
[DEBUG] Saved commit roles to /private/var/folders/yx/c_cp834d18v7ptq75l5x7twm0000gn/T/pytest-of-niccavendish/pytest-12/test_tag_custom_label_assigns_0/.dawgit_roles.json
[DEBUG] Assigned role 'alt_2' to commit 2b5920ba450d776c3805f0fa5d02266969214fa6
[DEBUG] Saved PROJECT_MARKER.json to /private/var/folders/yx/c_cp834d18v7ptq75l5x7twm0000gn/T/pytest-of-niccavendish/pytest-12/test_tag_custom_label_assigns_0/PROJECT_MARKER.json
[DEBUG] Saved commit roles to /private/var/folders/yx/c_cp834d18v7ptq75l5x7twm0000gn/T/pytest-of-niccavendish/pytest-12/test_tag_custom_label_assigns_0/.dawgit_roles.json
[STATUS] ✏️ Commit tagged as 'alt_2': 2b5920b
[DEBUG] DAWGIT_TEST_MODE active — running load_commit_history directly
[DEBUG] Repo valid: True
[DEBUG] HEAD SHA: 2b5920ba450d776c3805f0fa5d02266969214fa6
[DEBUG] Total commits: 1
[DEBUG] Loaded commit roles from /private/var/folders/yx/c_cp834d18v7ptq75l5x7twm0000gn/T/pytest-of-niccavendish/pytest-12/test_tag_custom_label_assigns_0/.dawgit_roles.json
[DEBUG] Selected row = 0, SHA = 2b5920ba450d776c3805f0fa5d02266969214fa6
[DEBUG] ✅ SHA set from selected row: 2b5920ba450d776c3805f0fa5d02266969214fa6
[DEBUG] status label set: Session branch: main — Take: version 1
PASSED

============================== 5 passed in 6.34s ===============================
============================= test session starts ==============================
platform darwin -- Python 3.12.3, pytest-8.3.5, pluggy-1.5.0 -- /Users/niccavendish/.pyenv/versions/3.12.3/bin/python3.12
cachedir: .pytest_cache
PyQt6 6.9.0 -- Qt runtime 6.9.0 -- Qt compiled 6.9.0
rootdir: /Users/niccavendish/Projects/DAWGitApp
configfile: pytest.ini
plugins: qt-4.4.0, env-1.1.5, timeout-2.4.0, rich-0.2.0
timeout: 10.0s
timeout method: signal
timeout func_only: False
collecting ... collected 5 items

tests_dawgit/test_commit_tagging.py::test_assign_commit_role_variants[Main Mix] [DEBUG] No PROJECT_MARKER.json found — using defaults
[DEBUG] No commit role file found at /tmp/test_tagging_681384a8e9fd4e7880cd6aa6b90cef2b/.dawgit_roles.json
❌ No Git repo loaded.
[DEBUG] Skipping QTimer.singleShot — parent not visible.
[DEBUG] Loaded project path: /tmp/test_tagging_681384a8e9fd4e7880cd6aa6b90cef2b
[DEBUG] Calling GitProjectManager.init_repo()
[DEBUG] Initializing Git...
[DEBUG] Found DAW files: [PosixPath('/tmp/test_tagging_681384a8e9fd4e7880cd6aa6b90cef2b/track.als')]
[DEBUG] Found existing Git repo at /tmp/test_tagging_681384a8e9fd4e7880cd6aa6b90cef2b
✅ Saved last project path: /tmp/test_tagging_681384a8e9fd4e7880cd6aa6b90cef2b
[DEBUG] No commit role file found at /tmp/test_tagging_681384a8e9fd4e7880cd6aa6b90cef2b/.dawgit_roles.json
[DEBUG] status label set: Session branch: main — Take: version 1
[DEBUG] Repo valid: True
[DEBUG] HEAD SHA: 06eb140978d82ce271c37f21bc09c2638571fabb
[DEBUG] Total commits: 1
[DEBUG] No commit role file found at /tmp/test_tagging_681384a8e9fd4e7880cd6aa6b90cef2b/.dawgit_roles.json
[DEBUG] Selected row = 0, SHA = 06eb140978d82ce271c37f21bc09c2638571fabb
[DEBUG] ✅ SHA set from selected row: 06eb140978d82ce271c37f21bc09c2638571fabb
[DEBUG] status label set: Session branch: main — Take: version 1
[DEBUG] No commit role file found at /tmp/test_tagging_681384a8e9fd4e7880cd6aa6b90cef2b/.dawgit_roles.json
[DEBUG] Repo valid: True
[DEBUG] HEAD SHA: 06eb140978d82ce271c37f21bc09c2638571fabb
[DEBUG] Total commits: 1
[DEBUG] No commit role file found at /tmp/test_tagging_681384a8e9fd4e7880cd6aa6b90cef2b/.dawgit_roles.json
[DEBUG] Selected row = 0, SHA = 06eb140978d82ce271c37f21bc09c2638571fabb
[DEBUG] ✅ SHA set from selected row: 06eb140978d82ce271c37f21bc09c2638571fabb
[DEBUG] status label set: Session branch: main — Take: version 1
[DEBUG] status label set: Session branch: main — Take: version 1
[DEBUG] Role 'Main Mix' assigned to commit 06eb140978d82ce271c37f21bc09c2638571fabb
[DEBUG] Saved commit roles to /tmp/test_tagging_681384a8e9fd4e7880cd6aa6b90cef2b/.dawgit_roles.json
[DEBUG] Assigned role 'Main Mix' to commit 06eb140978d82ce271c37f21bc09c2638571fabb
[DEBUG] Saved PROJECT_MARKER.json to /tmp/test_tagging_681384a8e9fd4e7880cd6aa6b90cef2b/PROJECT_MARKER.json
[DEBUG] Saved commit roles to /tmp/test_tagging_681384a8e9fd4e7880cd6aa6b90cef2b/.dawgit_roles.json
PASSED
tests_dawgit/test_commit_tagging.py::test_assign_commit_role_variants[creative_take] [DEBUG] No PROJECT_MARKER.json found — using defaults
[DEBUG] No commit role file found at /tmp/test_tagging_874e86be48a14e3d9d41063ad0c02106/.dawgit_roles.json
❌ No Git repo loaded.
[DEBUG] Skipping QTimer.singleShot — parent not visible.
[WARNING] Stylesheet not loaded: [Errno 2] No such file or directory: 'styles/dawgit_styles.qss'
[DEBUG] Loaded project path: /tmp/test_tagging_874e86be48a14e3d9d41063ad0c02106
[DEBUG] Calling GitProjectManager.init_repo()
[DEBUG] Initializing Git...
[DEBUG] Found DAW files: [PosixPath('/tmp/test_tagging_874e86be48a14e3d9d41063ad0c02106/track.als')]
[DEBUG] Found existing Git repo at /tmp/test_tagging_874e86be48a14e3d9d41063ad0c02106
✅ Saved last project path: /tmp/test_tagging_874e86be48a14e3d9d41063ad0c02106
[DEBUG] No commit role file found at /tmp/test_tagging_874e86be48a14e3d9d41063ad0c02106/.dawgit_roles.json
[DEBUG] status label set: Session branch: main — Take: version 1
[DEBUG] Repo valid: True
[DEBUG] HEAD SHA: 03eefa5053c5af8fc9e7399f52a20ce38b836723
[DEBUG] Total commits: 1
[DEBUG] No commit role file found at /tmp/test_tagging_874e86be48a14e3d9d41063ad0c02106/.dawgit_roles.json
[DEBUG] Selected row = 0, SHA = 03eefa5053c5af8fc9e7399f52a20ce38b836723
[DEBUG] ✅ SHA set from selected row: 03eefa5053c5af8fc9e7399f52a20ce38b836723
[DEBUG] status label set: Session branch: main — Take: version 1
[DEBUG] No commit role file found at /tmp/test_tagging_874e86be48a14e3d9d41063ad0c02106/.dawgit_roles.json
[DEBUG] Repo valid: True
[DEBUG] HEAD SHA: 03eefa5053c5af8fc9e7399f52a20ce38b836723
[DEBUG] Total commits: 1
[DEBUG] No commit role file found at /tmp/test_tagging_874e86be48a14e3d9d41063ad0c02106/.dawgit_roles.json
[DEBUG] Selected row = 0, SHA = 03eefa5053c5af8fc9e7399f52a20ce38b836723
[DEBUG] ✅ SHA set from selected row: 03eefa5053c5af8fc9e7399f52a20ce38b836723
[DEBUG] status label set: Session branch: main — Take: version 1
[DEBUG] status label set: Session branch: main — Take: version 1
[DEBUG] Role 'creative_take' assigned to commit 03eefa5053c5af8fc9e7399f52a20ce38b836723
[DEBUG] Saved commit roles to /tmp/test_tagging_874e86be48a14e3d9d41063ad0c02106/.dawgit_roles.json
[DEBUG] Assigned role 'creative_take' to commit 03eefa5053c5af8fc9e7399f52a20ce38b836723
[DEBUG] Saved PROJECT_MARKER.json to /tmp/test_tagging_874e86be48a14e3d9d41063ad0c02106/PROJECT_MARKER.json
[DEBUG] Saved commit roles to /tmp/test_tagging_874e86be48a14e3d9d41063ad0c02106/.dawgit_roles.json
PASSED
tests_dawgit/test_commit_tagging.py::test_assign_commit_role_variants[alt_mixdown] [DEBUG] No PROJECT_MARKER.json found — using defaults
[DEBUG] No commit role file found at /tmp/test_tagging_273ba71c9464422dbc304900b1bb6632/.dawgit_roles.json
❌ No Git repo loaded.
[DEBUG] Skipping QTimer.singleShot — parent not visible.
[WARNING] Stylesheet not loaded: [Errno 2] No such file or directory: 'styles/dawgit_styles.qss'
[DEBUG] Loaded project path: /tmp/test_tagging_273ba71c9464422dbc304900b1bb6632
[DEBUG] Calling GitProjectManager.init_repo()
[DEBUG] Initializing Git...
[DEBUG] Found DAW files: [PosixPath('/tmp/test_tagging_273ba71c9464422dbc304900b1bb6632/track.als')]
[DEBUG] Found existing Git repo at /tmp/test_tagging_273ba71c9464422dbc304900b1bb6632
✅ Saved last project path: /tmp/test_tagging_273ba71c9464422dbc304900b1bb6632
[DEBUG] No commit role file found at /tmp/test_tagging_273ba71c9464422dbc304900b1bb6632/.dawgit_roles.json
[DEBUG] status label set: Session branch: main — Take: version 1
[DEBUG] Repo valid: True
[DEBUG] HEAD SHA: 781da8a2baa9793f83325765a4d006747f84aa1d
[DEBUG] Total commits: 1
[DEBUG] No commit role file found at /tmp/test_tagging_273ba71c9464422dbc304900b1bb6632/.dawgit_roles.json
[DEBUG] Selected row = 0, SHA = 781da8a2baa9793f83325765a4d006747f84aa1d
[DEBUG] ✅ SHA set from selected row: 781da8a2baa9793f83325765a4d006747f84aa1d
[DEBUG] status label set: Session branch: main — Take: version 1
[DEBUG] No commit role file found at /tmp/test_tagging_273ba71c9464422dbc304900b1bb6632/.dawgit_roles.json
[DEBUG] Repo valid: True
[DEBUG] HEAD SHA: 781da8a2baa9793f83325765a4d006747f84aa1d
[DEBUG] Total commits: 1
[DEBUG] No commit role file found at /tmp/test_tagging_273ba71c9464422dbc304900b1bb6632/.dawgit_roles.json
[DEBUG] Selected row = 0, SHA = 781da8a2baa9793f83325765a4d006747f84aa1d
[DEBUG] ✅ SHA set from selected row: 781da8a2baa9793f83325765a4d006747f84aa1d
[DEBUG] status label set: Session branch: main — Take: version 1
[DEBUG] status label set: Session branch: main — Take: version 1
[DEBUG] Role 'alt_mixdown' assigned to commit 781da8a2baa9793f83325765a4d006747f84aa1d
[DEBUG] Saved commit roles to /tmp/test_tagging_273ba71c9464422dbc304900b1bb6632/.dawgit_roles.json
[DEBUG] Assigned role 'alt_mixdown' to commit 781da8a2baa9793f83325765a4d006747f84aa1d
[DEBUG] Saved PROJECT_MARKER.json to /tmp/test_tagging_273ba71c9464422dbc304900b1bb6632/PROJECT_MARKER.json
[DEBUG] Saved commit roles to /tmp/test_tagging_273ba71c9464422dbc304900b1bb6632/.dawgit_roles.json
PASSED
tests_dawgit/test_commit_tagging.py::test_assign_commit_role_variants[my_custom_tag] [DEBUG] No PROJECT_MARKER.json found — using defaults
[DEBUG] No commit role file found at /tmp/test_tagging_9c3caeea60f148f3b7ddf12827a1e055/.dawgit_roles.json
❌ No Git repo loaded.
[DEBUG] Skipping QTimer.singleShot — parent not visible.
[WARNING] Stylesheet not loaded: [Errno 2] No such file or directory: 'styles/dawgit_styles.qss'
[DEBUG] Loaded project path: /tmp/test_tagging_9c3caeea60f148f3b7ddf12827a1e055
[DEBUG] Calling GitProjectManager.init_repo()
[DEBUG] Initializing Git...
[DEBUG] Found DAW files: [PosixPath('/tmp/test_tagging_9c3caeea60f148f3b7ddf12827a1e055/track.als')]
[DEBUG] Found existing Git repo at /tmp/test_tagging_9c3caeea60f148f3b7ddf12827a1e055
✅ Saved last project path: /tmp/test_tagging_9c3caeea60f148f3b7ddf12827a1e055
[DEBUG] No commit role file found at /tmp/test_tagging_9c3caeea60f148f3b7ddf12827a1e055/.dawgit_roles.json
[DEBUG] status label set: Session branch: main — Take: version 1
[DEBUG] Repo valid: True
[DEBUG] HEAD SHA: 47cf3d0601e46c464af27e7917f4eb155c232063
[DEBUG] Total commits: 1
[DEBUG] No commit role file found at /tmp/test_tagging_9c3caeea60f148f3b7ddf12827a1e055/.dawgit_roles.json
[DEBUG] Selected row = 0, SHA = 47cf3d0601e46c464af27e7917f4eb155c232063
[DEBUG] ✅ SHA set from selected row: 47cf3d0601e46c464af27e7917f4eb155c232063
[DEBUG] status label set: Session branch: main — Take: version 1
[DEBUG] No commit role file found at /tmp/test_tagging_9c3caeea60f148f3b7ddf12827a1e055/.dawgit_roles.json
[DEBUG] Repo valid: True
[DEBUG] HEAD SHA: 47cf3d0601e46c464af27e7917f4eb155c232063
[DEBUG] Total commits: 1
[DEBUG] No commit role file found at /tmp/test_tagging_9c3caeea60f148f3b7ddf12827a1e055/.dawgit_roles.json
[DEBUG] Selected row = 0, SHA = 47cf3d0601e46c464af27e7917f4eb155c232063
[DEBUG] ✅ SHA set from selected row: 47cf3d0601e46c464af27e7917f4eb155c232063
[DEBUG] status label set: Session branch: main — Take: version 1
[DEBUG] status label set: Session branch: main — Take: version 1
[DEBUG] Role 'my_custom_tag' assigned to commit 47cf3d0601e46c464af27e7917f4eb155c232063
[DEBUG] Saved commit roles to /tmp/test_tagging_9c3caeea60f148f3b7ddf12827a1e055/.dawgit_roles.json
[DEBUG] Assigned role 'my_custom_tag' to commit 47cf3d0601e46c464af27e7917f4eb155c232063
[DEBUG] Saved PROJECT_MARKER.json to /tmp/test_tagging_9c3caeea60f148f3b7ddf12827a1e055/PROJECT_MARKER.json
[DEBUG] Saved commit roles to /tmp/test_tagging_9c3caeea60f148f3b7ddf12827a1e055/.dawgit_roles.json
PASSED
tests_dawgit/test_commit_tagging.py::test_tag_custom_label_assigns_alt2 [DEBUG] No PROJECT_MARKER.json found — using defaults
[DEBUG] No commit role file found at /private/var/folders/yx/c_cp834d18v7ptq75l5x7twm0000gn/T/pytest-of-niccavendish/pytest-0/test_tag_custom_label_assigns_0/.dawgit_roles.json
❌ No Git repo loaded.
[DEBUG] Skipping QTimer.singleShot — parent not visible.
[WARNING] Stylesheet not loaded: [Errno 2] No such file or directory: 'styles/dawgit_styles.qss'
[DEBUG] Loaded project path: /private/var/folders/yx/c_cp834d18v7ptq75l5x7twm0000gn/T/pytest-of-niccavendish/pytest-0/test_tag_custom_label_assigns_0
[DEBUG] Calling GitProjectManager.init_repo()
[DEBUG] Initializing Git...
[DEBUG] Found DAW files: [PosixPath('/private/var/folders/yx/c_cp834d18v7ptq75l5x7twm0000gn/T/pytest-of-niccavendish/pytest-0/test_tag_custom_label_assigns_0/track.als')]
[DEBUG] Found existing Git repo at /private/var/folders/yx/c_cp834d18v7ptq75l5x7twm0000gn/T/pytest-of-niccavendish/pytest-0/test_tag_custom_label_assigns_0
✅ Saved last project path: /private/var/folders/yx/c_cp834d18v7ptq75l5x7twm0000gn/T/pytest-of-niccavendish/pytest-0/test_tag_custom_label_assigns_0
[DEBUG] No commit role file found at /private/var/folders/yx/c_cp834d18v7ptq75l5x7twm0000gn/T/pytest-of-niccavendish/pytest-0/test_tag_custom_label_assigns_0/.dawgit_roles.json
[DEBUG] status label set: Session branch: main — Take: version 1
[DEBUG] Repo valid: True
[DEBUG] HEAD SHA: bf69d0580297cf95d96bdef5ac75077fd2341e38
[DEBUG] Total commits: 1
[DEBUG] No commit role file found at /private/var/folders/yx/c_cp834d18v7ptq75l5x7twm0000gn/T/pytest-of-niccavendish/pytest-0/test_tag_custom_label_assigns_0/.dawgit_roles.json
[DEBUG] Selected row = 0, SHA = bf69d0580297cf95d96bdef5ac75077fd2341e38
[DEBUG] ✅ SHA set from selected row: bf69d0580297cf95d96bdef5ac75077fd2341e38
[DEBUG] status label set: Session branch: main — Take: version 1
[DEBUG] No commit role file found at /private/var/folders/yx/c_cp834d18v7ptq75l5x7twm0000gn/T/pytest-of-niccavendish/pytest-0/test_tag_custom_label_assigns_0/.dawgit_roles.json
[DEBUG] Repo valid: True
[DEBUG] HEAD SHA: bf69d0580297cf95d96bdef5ac75077fd2341e38
[DEBUG] Total commits: 1
[DEBUG] No commit role file found at /private/var/folders/yx/c_cp834d18v7ptq75l5x7twm0000gn/T/pytest-of-niccavendish/pytest-0/test_tag_custom_label_assigns_0/.dawgit_roles.json
[DEBUG] Selected row = 0, SHA = bf69d0580297cf95d96bdef5ac75077fd2341e38
[DEBUG] ✅ SHA set from selected row: bf69d0580297cf95d96bdef5ac75077fd2341e38
[DEBUG] status label set: Session branch: main — Take: version 1
[DEBUG] status label set: Session branch: main — Take: version 1
[DEBUG] Selected row = 0, SHA = bf69d0580297cf95d96bdef5ac75077fd2341e38
[DEBUG] ✅ SHA set from selected row: bf69d0580297cf95d96bdef5ac75077fd2341e38
[DEBUG] Role 'alt_2' assigned to commit bf69d0580297cf95d96bdef5ac75077fd2341e38
[DEBUG] Saved commit roles to /private/var/folders/yx/c_cp834d18v7ptq75l5x7twm0000gn/T/pytest-of-niccavendish/pytest-0/test_tag_custom_label_assigns_0/.dawgit_roles.json
[DEBUG] Assigned role 'alt_2' to commit bf69d0580297cf95d96bdef5ac75077fd2341e38
[DEBUG] Saved PROJECT_MARKER.json to /private/var/folders/yx/c_cp834d18v7ptq75l5x7twm0000gn/T/pytest-of-niccavendish/pytest-0/test_tag_custom_label_assigns_0/PROJECT_MARKER.json
[DEBUG] Saved commit roles to /private/var/folders/yx/c_cp834d18v7ptq75l5x7twm0000gn/T/pytest-of-niccavendish/pytest-0/test_tag_custom_label_assigns_0/.dawgit_roles.json
[STATUS] ✏️ Commit tagged as 'alt_2': bf69d05
[DEBUG] DAWGIT_TEST_MODE active — running load_commit_history directly
[DEBUG] Repo valid: True
[DEBUG] HEAD SHA: bf69d0580297cf95d96bdef5ac75077fd2341e38
[DEBUG] Total commits: 1
[DEBUG] Loaded commit roles from /private/var/folders/yx/c_cp834d18v7ptq75l5x7twm0000gn/T/pytest-of-niccavendish/pytest-0/test_tag_custom_label_assigns_0/.dawgit_roles.json
[DEBUG] Selected row = 0, SHA = bf69d0580297cf95d96bdef5ac75077fd2341e38
[DEBUG] ✅ SHA set from selected row: bf69d0580297cf95d96bdef5ac75077fd2341e38
[DEBUG] status label set: Session branch: main — Take: version 1
PASSED

============================== 5 passed in 6.09s ===============================
============================= test session starts ==============================
platform darwin -- Python 3.12.3, pytest-8.3.5, pluggy-1.5.0 -- /Users/niccavendish/.pyenv/versions/3.12.3/bin/python3.12
cachedir: .pytest_cache
PyQt6 6.9.0 -- Qt runtime 6.9.0 -- Qt compiled 6.9.0
rootdir: /Users/niccavendish/Projects/DAWGitApp
configfile: pytest.ini
plugins: qt-4.4.0, env-1.1.5, timeout-2.4.0, rich-0.2.0
timeout: 10.0s
timeout method: signal
timeout func_only: False
collecting ... collected 5 items

tests_dawgit/test_commit_tagging.py::test_assign_commit_role_variants[Main Mix] [DEBUG] No PROJECT_MARKER.json found — using defaults
[DEBUG] No commit role file found at /tmp/test_tagging_4b0250be87244e60b5a0ed5565b85c47/.dawgit_roles.json
❌ No Git repo loaded.
[DEBUG] Skipping QTimer.singleShot — parent not visible.
[DEBUG] Loaded project path: /tmp/test_tagging_4b0250be87244e60b5a0ed5565b85c47
[DEBUG] Calling GitProjectManager.init_repo()
[DEBUG] Initializing Git...
[DEBUG] Found DAW files: [PosixPath('/tmp/test_tagging_4b0250be87244e60b5a0ed5565b85c47/track.als')]
[DEBUG] Found existing Git repo at /tmp/test_tagging_4b0250be87244e60b5a0ed5565b85c47
✅ Saved last project path: /tmp/test_tagging_4b0250be87244e60b5a0ed5565b85c47
[DEBUG] No commit role file found at /tmp/test_tagging_4b0250be87244e60b5a0ed5565b85c47/.dawgit_roles.json
[DEBUG] status label set: Session branch: main — Take: version 1
[DEBUG] Repo valid: True
[DEBUG] HEAD SHA: 5ce74c0aab98d4a308b99d063dcaea2b2c8e0499
[DEBUG] Total commits: 1
[DEBUG] No commit role file found at /tmp/test_tagging_4b0250be87244e60b5a0ed5565b85c47/.dawgit_roles.json
[DEBUG] Selected row = 0, SHA = 5ce74c0aab98d4a308b99d063dcaea2b2c8e0499
[DEBUG] ✅ SHA set from selected row: 5ce74c0aab98d4a308b99d063dcaea2b2c8e0499
[DEBUG] status label set: Session branch: main — Take: version 1
[DEBUG] No commit role file found at /tmp/test_tagging_4b0250be87244e60b5a0ed5565b85c47/.dawgit_roles.json
[DEBUG] Repo valid: True
[DEBUG] HEAD SHA: 5ce74c0aab98d4a308b99d063dcaea2b2c8e0499
[DEBUG] Total commits: 1
[DEBUG] No commit role file found at /tmp/test_tagging_4b0250be87244e60b5a0ed5565b85c47/.dawgit_roles.json
[DEBUG] Selected row = 0, SHA = 5ce74c0aab98d4a308b99d063dcaea2b2c8e0499
[DEBUG] ✅ SHA set from selected row: 5ce74c0aab98d4a308b99d063dcaea2b2c8e0499
[DEBUG] status label set: Session branch: main — Take: version 1
[DEBUG] status label set: Session branch: main — Take: version 1
[DEBUG] Role 'Main Mix' assigned to commit 5ce74c0aab98d4a308b99d063dcaea2b2c8e0499
[DEBUG] Saved commit roles to /tmp/test_tagging_4b0250be87244e60b5a0ed5565b85c47/.dawgit_roles.json
[DEBUG] Assigned role 'Main Mix' to commit 5ce74c0aab98d4a308b99d063dcaea2b2c8e0499
[DEBUG] Saved PROJECT_MARKER.json to /tmp/test_tagging_4b0250be87244e60b5a0ed5565b85c47/PROJECT_MARKER.json
[DEBUG] Saved commit roles to /tmp/test_tagging_4b0250be87244e60b5a0ed5565b85c47/.dawgit_roles.json
PASSED
tests_dawgit/test_commit_tagging.py::test_assign_commit_role_variants[creative_take] [DEBUG] No PROJECT_MARKER.json found — using defaults
[DEBUG] No commit role file found at /tmp/test_tagging_32b087d46a614c3eb32a0d2de57e6938/.dawgit_roles.json
❌ No Git repo loaded.
[DEBUG] Skipping QTimer.singleShot — parent not visible.
[WARNING] Stylesheet not loaded: [Errno 2] No such file or directory: 'styles/dawgit_styles.qss'
[DEBUG] Loaded project path: /tmp/test_tagging_32b087d46a614c3eb32a0d2de57e6938
[DEBUG] Calling GitProjectManager.init_repo()
[DEBUG] Initializing Git...
[DEBUG] Found DAW files: [PosixPath('/tmp/test_tagging_32b087d46a614c3eb32a0d2de57e6938/track.als')]
[DEBUG] Found existing Git repo at /tmp/test_tagging_32b087d46a614c3eb32a0d2de57e6938
✅ Saved last project path: /tmp/test_tagging_32b087d46a614c3eb32a0d2de57e6938
[DEBUG] No commit role file found at /tmp/test_tagging_32b087d46a614c3eb32a0d2de57e6938/.dawgit_roles.json
[DEBUG] status label set: Session branch: main — Take: version 1
[DEBUG] Repo valid: True
[DEBUG] HEAD SHA: c398bc5995e13efce5520758523ad4a1b6701e0a
[DEBUG] Total commits: 1
[DEBUG] No commit role file found at /tmp/test_tagging_32b087d46a614c3eb32a0d2de57e6938/.dawgit_roles.json
[DEBUG] Selected row = 0, SHA = c398bc5995e13efce5520758523ad4a1b6701e0a
[DEBUG] ✅ SHA set from selected row: c398bc5995e13efce5520758523ad4a1b6701e0a
[DEBUG] status label set: Session branch: main — Take: version 1
[DEBUG] No commit role file found at /tmp/test_tagging_32b087d46a614c3eb32a0d2de57e6938/.dawgit_roles.json
[DEBUG] Repo valid: True
[DEBUG] HEAD SHA: c398bc5995e13efce5520758523ad4a1b6701e0a
[DEBUG] Total commits: 1
[DEBUG] No commit role file found at /tmp/test_tagging_32b087d46a614c3eb32a0d2de57e6938/.dawgit_roles.json
[DEBUG] Selected row = 0, SHA = c398bc5995e13efce5520758523ad4a1b6701e0a
[DEBUG] ✅ SHA set from selected row: c398bc5995e13efce5520758523ad4a1b6701e0a
[DEBUG] status label set: Session branch: main — Take: version 1
[DEBUG] status label set: Session branch: main — Take: version 1
[DEBUG] Role 'creative_take' assigned to commit c398bc5995e13efce5520758523ad4a1b6701e0a
[DEBUG] Saved commit roles to /tmp/test_tagging_32b087d46a614c3eb32a0d2de57e6938/.dawgit_roles.json
[DEBUG] Assigned role 'creative_take' to commit c398bc5995e13efce5520758523ad4a1b6701e0a
[DEBUG] Saved PROJECT_MARKER.json to /tmp/test_tagging_32b087d46a614c3eb32a0d2de57e6938/PROJECT_MARKER.json
[DEBUG] Saved commit roles to /tmp/test_tagging_32b087d46a614c3eb32a0d2de57e6938/.dawgit_roles.json
PASSED
tests_dawgit/test_commit_tagging.py::test_assign_commit_role_variants[alt_mixdown] [DEBUG] No PROJECT_MARKER.json found — using defaults
[DEBUG] No commit role file found at /tmp/test_tagging_28c655e2e338446f87c444be0a7b74a6/.dawgit_roles.json
❌ No Git repo loaded.
[DEBUG] Skipping QTimer.singleShot — parent not visible.
[WARNING] Stylesheet not loaded: [Errno 2] No such file or directory: 'styles/dawgit_styles.qss'
[DEBUG] Loaded project path: /tmp/test_tagging_28c655e2e338446f87c444be0a7b74a6
[DEBUG] Calling GitProjectManager.init_repo()
[DEBUG] Initializing Git...
[DEBUG] Found DAW files: [PosixPath('/tmp/test_tagging_28c655e2e338446f87c444be0a7b74a6/track.als')]
[DEBUG] Found existing Git repo at /tmp/test_tagging_28c655e2e338446f87c444be0a7b74a6
✅ Saved last project path: /tmp/test_tagging_28c655e2e338446f87c444be0a7b74a6
[DEBUG] No commit role file found at /tmp/test_tagging_28c655e2e338446f87c444be0a7b74a6/.dawgit_roles.json
[DEBUG] status label set: Session branch: main — Take: version 1
[DEBUG] Repo valid: True
[DEBUG] HEAD SHA: 181e3ac9a7eb7dd02b692a37db2d37f93f6cd9da
[DEBUG] Total commits: 1
[DEBUG] No commit role file found at /tmp/test_tagging_28c655e2e338446f87c444be0a7b74a6/.dawgit_roles.json
[DEBUG] Selected row = 0, SHA = 181e3ac9a7eb7dd02b692a37db2d37f93f6cd9da
[DEBUG] ✅ SHA set from selected row: 181e3ac9a7eb7dd02b692a37db2d37f93f6cd9da
[DEBUG] status label set: Session branch: main — Take: version 1
[DEBUG] No commit role file found at /tmp/test_tagging_28c655e2e338446f87c444be0a7b74a6/.dawgit_roles.json
[DEBUG] Repo valid: True
[DEBUG] HEAD SHA: 181e3ac9a7eb7dd02b692a37db2d37f93f6cd9da
[DEBUG] Total commits: 1
[DEBUG] No commit role file found at /tmp/test_tagging_28c655e2e338446f87c444be0a7b74a6/.dawgit_roles.json
[DEBUG] Selected row = 0, SHA = 181e3ac9a7eb7dd02b692a37db2d37f93f6cd9da
[DEBUG] ✅ SHA set from selected row: 181e3ac9a7eb7dd02b692a37db2d37f93f6cd9da
[DEBUG] status label set: Session branch: main — Take: version 1
[DEBUG] status label set: Session branch: main — Take: version 1
[DEBUG] Role 'alt_mixdown' assigned to commit 181e3ac9a7eb7dd02b692a37db2d37f93f6cd9da
[DEBUG] Saved commit roles to /tmp/test_tagging_28c655e2e338446f87c444be0a7b74a6/.dawgit_roles.json
[DEBUG] Assigned role 'alt_mixdown' to commit 181e3ac9a7eb7dd02b692a37db2d37f93f6cd9da
[DEBUG] Saved PROJECT_MARKER.json to /tmp/test_tagging_28c655e2e338446f87c444be0a7b74a6/PROJECT_MARKER.json
[DEBUG] Saved commit roles to /tmp/test_tagging_28c655e2e338446f87c444be0a7b74a6/.dawgit_roles.json
PASSED
tests_dawgit/test_commit_tagging.py::test_assign_commit_role_variants[my_custom_tag] [DEBUG] No PROJECT_MARKER.json found — using defaults
[DEBUG] No commit role file found at /tmp/test_tagging_282315a06ce04b3685c4b2122aa8a067/.dawgit_roles.json
❌ No Git repo loaded.
[DEBUG] Skipping QTimer.singleShot — parent not visible.
[WARNING] Stylesheet not loaded: [Errno 2] No such file or directory: 'styles/dawgit_styles.qss'
[DEBUG] Loaded project path: /tmp/test_tagging_282315a06ce04b3685c4b2122aa8a067
[DEBUG] Calling GitProjectManager.init_repo()
[DEBUG] Initializing Git...
[DEBUG] Found DAW files: [PosixPath('/tmp/test_tagging_282315a06ce04b3685c4b2122aa8a067/track.als')]
[DEBUG] Found existing Git repo at /tmp/test_tagging_282315a06ce04b3685c4b2122aa8a067
✅ Saved last project path: /tmp/test_tagging_282315a06ce04b3685c4b2122aa8a067
[DEBUG] No commit role file found at /tmp/test_tagging_282315a06ce04b3685c4b2122aa8a067/.dawgit_roles.json
[DEBUG] status label set: Session branch: main — Take: version 1
[DEBUG] Repo valid: True
[DEBUG] HEAD SHA: c6ff63c34d2af6b31feaeaea6c08355890f61983
[DEBUG] Total commits: 1
[DEBUG] No commit role file found at /tmp/test_tagging_282315a06ce04b3685c4b2122aa8a067/.dawgit_roles.json
[DEBUG] Selected row = 0, SHA = c6ff63c34d2af6b31feaeaea6c08355890f61983
[DEBUG] ✅ SHA set from selected row: c6ff63c34d2af6b31feaeaea6c08355890f61983
[DEBUG] status label set: Session branch: main — Take: version 1
[DEBUG] No commit role file found at /tmp/test_tagging_282315a06ce04b3685c4b2122aa8a067/.dawgit_roles.json
[DEBUG] Repo valid: True
[DEBUG] HEAD SHA: c6ff63c34d2af6b31feaeaea6c08355890f61983
[DEBUG] Total commits: 1
[DEBUG] No commit role file found at /tmp/test_tagging_282315a06ce04b3685c4b2122aa8a067/.dawgit_roles.json
[DEBUG] Selected row = 0, SHA = c6ff63c34d2af6b31feaeaea6c08355890f61983
[DEBUG] ✅ SHA set from selected row: c6ff63c34d2af6b31feaeaea6c08355890f61983
[DEBUG] status label set: Session branch: main — Take: version 1
[DEBUG] status label set: Session branch: main — Take: version 1
[DEBUG] Role 'my_custom_tag' assigned to commit c6ff63c34d2af6b31feaeaea6c08355890f61983
[DEBUG] Saved commit roles to /tmp/test_tagging_282315a06ce04b3685c4b2122aa8a067/.dawgit_roles.json
[DEBUG] Assigned role 'my_custom_tag' to commit c6ff63c34d2af6b31feaeaea6c08355890f61983
[DEBUG] Saved PROJECT_MARKER.json to /tmp/test_tagging_282315a06ce04b3685c4b2122aa8a067/PROJECT_MARKER.json
[DEBUG] Saved commit roles to /tmp/test_tagging_282315a06ce04b3685c4b2122aa8a067/.dawgit_roles.json
PASSED
tests_dawgit/test_commit_tagging.py::test_tag_custom_label_assigns_alt2 [DEBUG] No PROJECT_MARKER.json found — using defaults
[DEBUG] No commit role file found at /private/var/folders/yx/c_cp834d18v7ptq75l5x7twm0000gn/T/pytest-of-niccavendish/pytest-5/test_tag_custom_label_assigns_0/.dawgit_roles.json
❌ No Git repo loaded.
[DEBUG] Skipping QTimer.singleShot — parent not visible.
[WARNING] Stylesheet not loaded: [Errno 2] No such file or directory: 'styles/dawgit_styles.qss'
[DEBUG] Loaded project path: /private/var/folders/yx/c_cp834d18v7ptq75l5x7twm0000gn/T/pytest-of-niccavendish/pytest-5/test_tag_custom_label_assigns_0
[DEBUG] Calling GitProjectManager.init_repo()
[DEBUG] Initializing Git...
[DEBUG] Found DAW files: [PosixPath('/private/var/folders/yx/c_cp834d18v7ptq75l5x7twm0000gn/T/pytest-of-niccavendish/pytest-5/test_tag_custom_label_assigns_0/track.als')]
[DEBUG] Found existing Git repo at /private/var/folders/yx/c_cp834d18v7ptq75l5x7twm0000gn/T/pytest-of-niccavendish/pytest-5/test_tag_custom_label_assigns_0
✅ Saved last project path: /private/var/folders/yx/c_cp834d18v7ptq75l5x7twm0000gn/T/pytest-of-niccavendish/pytest-5/test_tag_custom_label_assigns_0
[DEBUG] No commit role file found at /private/var/folders/yx/c_cp834d18v7ptq75l5x7twm0000gn/T/pytest-of-niccavendish/pytest-5/test_tag_custom_label_assigns_0/.dawgit_roles.json
[DEBUG] status label set: Session branch: main — Take: version 1
[DEBUG] Repo valid: True
[DEBUG] HEAD SHA: 5493eb329691556812256c6e44d23cbee681fe2d
[DEBUG] Total commits: 1
[DEBUG] No commit role file found at /private/var/folders/yx/c_cp834d18v7ptq75l5x7twm0000gn/T/pytest-of-niccavendish/pytest-5/test_tag_custom_label_assigns_0/.dawgit_roles.json
[DEBUG] Selected row = 0, SHA = 5493eb329691556812256c6e44d23cbee681fe2d
[DEBUG] ✅ SHA set from selected row: 5493eb329691556812256c6e44d23cbee681fe2d
[DEBUG] status label set: Session branch: main — Take: version 1
[DEBUG] No commit role file found at /private/var/folders/yx/c_cp834d18v7ptq75l5x7twm0000gn/T/pytest-of-niccavendish/pytest-5/test_tag_custom_label_assigns_0/.dawgit_roles.json
[DEBUG] Repo valid: True
[DEBUG] HEAD SHA: 5493eb329691556812256c6e44d23cbee681fe2d
[DEBUG] Total commits: 1
[DEBUG] No commit role file found at /private/var/folders/yx/c_cp834d18v7ptq75l5x7twm0000gn/T/pytest-of-niccavendish/pytest-5/test_tag_custom_label_assigns_0/.dawgit_roles.json
[DEBUG] Selected row = 0, SHA = 5493eb329691556812256c6e44d23cbee681fe2d
[DEBUG] ✅ SHA set from selected row: 5493eb329691556812256c6e44d23cbee681fe2d
[DEBUG] status label set: Session branch: main — Take: version 1
[DEBUG] status label set: Session branch: main — Take: version 1
[DEBUG] Selected row = 0, SHA = 5493eb329691556812256c6e44d23cbee681fe2d
[DEBUG] ✅ SHA set from selected row: 5493eb329691556812256c6e44d23cbee681fe2d
[DEBUG] Role 'alt_2' assigned to commit 5493eb329691556812256c6e44d23cbee681fe2d
[DEBUG] Saved commit roles to /private/var/folders/yx/c_cp834d18v7ptq75l5x7twm0000gn/T/pytest-of-niccavendish/pytest-5/test_tag_custom_label_assigns_0/.dawgit_roles.json
[DEBUG] Assigned role 'alt_2' to commit 5493eb329691556812256c6e44d23cbee681fe2d
[DEBUG] Saved PROJECT_MARKER.json to /private/var/folders/yx/c_cp834d18v7ptq75l5x7twm0000gn/T/pytest-of-niccavendish/pytest-5/test_tag_custom_label_assigns_0/PROJECT_MARKER.json
[DEBUG] Saved commit roles to /private/var/folders/yx/c_cp834d18v7ptq75l5x7twm0000gn/T/pytest-of-niccavendish/pytest-5/test_tag_custom_label_assigns_0/.dawgit_roles.json
[STATUS] ✏️ Commit tagged as 'alt_2': 5493eb3
[DEBUG] DAWGIT_TEST_MODE active — running load_commit_history directly
[DEBUG] Repo valid: True
[DEBUG] HEAD SHA: 5493eb329691556812256c6e44d23cbee681fe2d
[DEBUG] Total commits: 1
[DEBUG] Loaded commit roles from /private/var/folders/yx/c_cp834d18v7ptq75l5x7twm0000gn/T/pytest-of-niccavendish/pytest-5/test_tag_custom_label_assigns_0/.dawgit_roles.json
[DEBUG] Selected row = 0, SHA = 5493eb329691556812256c6e44d23cbee681fe2d
[DEBUG] ✅ SHA set from selected row: 5493eb329691556812256c6e44d23cbee681fe2d
[DEBUG] status label set: Session branch: main — Take: version 1
PASSED

============================== 5 passed in 6.26s ===============================
============================= test session starts ==============================
platform darwin -- Python 3.12.3, pytest-8.3.5, pluggy-1.5.0 -- /Users/niccavendish/.pyenv/versions/3.12.3/bin/python3.12
cachedir: .pytest_cache
PyQt6 6.9.0 -- Qt runtime 6.9.0 -- Qt compiled 6.9.0
rootdir: /Users/niccavendish/Projects/DAWGitApp
configfile: pytest.ini
plugins: qt-4.4.0, env-1.1.5, timeout-2.4.0, rich-0.2.0
timeout: 10.0s
timeout method: signal
timeout func_only: False
collecting ... collected 5 items

tests_dawgit/test_commit_tagging.py::test_assign_commit_role_variants[Main Mix] [DEBUG] No PROJECT_MARKER.json found — using defaults
[DEBUG] No commit role file found at /tmp/test_tagging_3780362d0ec14436a9eeb9d1f218fa88/.dawgit_roles.json
❌ No Git repo loaded.
[DEBUG] Skipping QTimer.singleShot — parent not visible.
[DEBUG] Loaded project path: /tmp/test_tagging_3780362d0ec14436a9eeb9d1f218fa88
[DEBUG] Calling GitProjectManager.init_repo()
[DEBUG] Initializing Git...
[DEBUG] Found DAW files: [PosixPath('/tmp/test_tagging_3780362d0ec14436a9eeb9d1f218fa88/track.als')]
[DEBUG] Found existing Git repo at /tmp/test_tagging_3780362d0ec14436a9eeb9d1f218fa88
✅ Saved last project path: /tmp/test_tagging_3780362d0ec14436a9eeb9d1f218fa88
[DEBUG] No commit role file found at /tmp/test_tagging_3780362d0ec14436a9eeb9d1f218fa88/.dawgit_roles.json
[DEBUG] status label set: Session branch: main — Take: version 1
[DEBUG] Repo valid: True
[DEBUG] HEAD SHA: f86099c32b1eaf1efbaa9f4d3aa80b9ee231a6d2
[DEBUG] Total commits: 1
[DEBUG] No commit role file found at /tmp/test_tagging_3780362d0ec14436a9eeb9d1f218fa88/.dawgit_roles.json
[DEBUG] Selected row = 0, SHA = f86099c32b1eaf1efbaa9f4d3aa80b9ee231a6d2
[DEBUG] ✅ SHA set from selected row: f86099c32b1eaf1efbaa9f4d3aa80b9ee231a6d2
[DEBUG] status label set: Session branch: main — Take: version 1
[DEBUG] No commit role file found at /tmp/test_tagging_3780362d0ec14436a9eeb9d1f218fa88/.dawgit_roles.json
[DEBUG] Repo valid: True
[DEBUG] HEAD SHA: f86099c32b1eaf1efbaa9f4d3aa80b9ee231a6d2
[DEBUG] Total commits: 1
[DEBUG] No commit role file found at /tmp/test_tagging_3780362d0ec14436a9eeb9d1f218fa88/.dawgit_roles.json
[DEBUG] Selected row = 0, SHA = f86099c32b1eaf1efbaa9f4d3aa80b9ee231a6d2
[DEBUG] ✅ SHA set from selected row: f86099c32b1eaf1efbaa9f4d3aa80b9ee231a6d2
[DEBUG] status label set: Session branch: main — Take: version 1
[DEBUG] status label set: Session branch: main — Take: version 1
[DEBUG] Role 'Main Mix' assigned to commit f86099c32b1eaf1efbaa9f4d3aa80b9ee231a6d2
[DEBUG] Saved commit roles to /tmp/test_tagging_3780362d0ec14436a9eeb9d1f218fa88/.dawgit_roles.json
[DEBUG] Assigned role 'Main Mix' to commit f86099c32b1eaf1efbaa9f4d3aa80b9ee231a6d2
[DEBUG] Saved PROJECT_MARKER.json to /tmp/test_tagging_3780362d0ec14436a9eeb9d1f218fa88/PROJECT_MARKER.json
[DEBUG] Saved commit roles to /tmp/test_tagging_3780362d0ec14436a9eeb9d1f218fa88/.dawgit_roles.json
PASSED
tests_dawgit/test_commit_tagging.py::test_assign_commit_role_variants[creative_take] [DEBUG] No PROJECT_MARKER.json found — using defaults
[DEBUG] No commit role file found at /tmp/test_tagging_911623442ad74c8593d3d5704728032d/.dawgit_roles.json
❌ No Git repo loaded.
[DEBUG] Skipping QTimer.singleShot — parent not visible.
[WARNING] Stylesheet not loaded: [Errno 2] No such file or directory: 'styles/dawgit_styles.qss'
[DEBUG] Loaded project path: /tmp/test_tagging_911623442ad74c8593d3d5704728032d
[DEBUG] Calling GitProjectManager.init_repo()
[DEBUG] Initializing Git...
[DEBUG] Found DAW files: [PosixPath('/tmp/test_tagging_911623442ad74c8593d3d5704728032d/track.als')]
[DEBUG] Found existing Git repo at /tmp/test_tagging_911623442ad74c8593d3d5704728032d
✅ Saved last project path: /tmp/test_tagging_911623442ad74c8593d3d5704728032d
[DEBUG] No commit role file found at /tmp/test_tagging_911623442ad74c8593d3d5704728032d/.dawgit_roles.json
[DEBUG] status label set: Session branch: main — Take: version 1
[DEBUG] Repo valid: True
[DEBUG] HEAD SHA: fcc7e9a61c30b3e015acabdd03ef81cefd342b8c
[DEBUG] Total commits: 1
[DEBUG] No commit role file found at /tmp/test_tagging_911623442ad74c8593d3d5704728032d/.dawgit_roles.json
[DEBUG] Selected row = 0, SHA = fcc7e9a61c30b3e015acabdd03ef81cefd342b8c
[DEBUG] ✅ SHA set from selected row: fcc7e9a61c30b3e015acabdd03ef81cefd342b8c
[DEBUG] status label set: Session branch: main — Take: version 1
[DEBUG] No commit role file found at /tmp/test_tagging_911623442ad74c8593d3d5704728032d/.dawgit_roles.json
[DEBUG] Repo valid: True
[DEBUG] HEAD SHA: fcc7e9a61c30b3e015acabdd03ef81cefd342b8c
[DEBUG] Total commits: 1
[DEBUG] No commit role file found at /tmp/test_tagging_911623442ad74c8593d3d5704728032d/.dawgit_roles.json
[DEBUG] Selected row = 0, SHA = fcc7e9a61c30b3e015acabdd03ef81cefd342b8c
[DEBUG] ✅ SHA set from selected row: fcc7e9a61c30b3e015acabdd03ef81cefd342b8c
[DEBUG] status label set: Session branch: main — Take: version 1
[DEBUG] status label set: Session branch: main — Take: version 1
[DEBUG] Role 'creative_take' assigned to commit fcc7e9a61c30b3e015acabdd03ef81cefd342b8c
[DEBUG] Saved commit roles to /tmp/test_tagging_911623442ad74c8593d3d5704728032d/.dawgit_roles.json
[DEBUG] Assigned role 'creative_take' to commit fcc7e9a61c30b3e015acabdd03ef81cefd342b8c
[DEBUG] Saved PROJECT_MARKER.json to /tmp/test_tagging_911623442ad74c8593d3d5704728032d/PROJECT_MARKER.json
[DEBUG] Saved commit roles to /tmp/test_tagging_911623442ad74c8593d3d5704728032d/.dawgit_roles.json
PASSED
tests_dawgit/test_commit_tagging.py::test_assign_commit_role_variants[alt_mixdown] [DEBUG] No PROJECT_MARKER.json found — using defaults
[DEBUG] No commit role file found at /tmp/test_tagging_f2ca7c04aae042f187274e9198d7a4cb/.dawgit_roles.json
❌ No Git repo loaded.
[DEBUG] Skipping QTimer.singleShot — parent not visible.
[WARNING] Stylesheet not loaded: [Errno 2] No such file or directory: 'styles/dawgit_styles.qss'
[DEBUG] Loaded project path: /tmp/test_tagging_f2ca7c04aae042f187274e9198d7a4cb
[DEBUG] Calling GitProjectManager.init_repo()
[DEBUG] Initializing Git...
[DEBUG] Found DAW files: [PosixPath('/tmp/test_tagging_f2ca7c04aae042f187274e9198d7a4cb/track.als')]
[DEBUG] Found existing Git repo at /tmp/test_tagging_f2ca7c04aae042f187274e9198d7a4cb
✅ Saved last project path: /tmp/test_tagging_f2ca7c04aae042f187274e9198d7a4cb
[DEBUG] No commit role file found at /tmp/test_tagging_f2ca7c04aae042f187274e9198d7a4cb/.dawgit_roles.json
[DEBUG] status label set: Session branch: main — Take: version 1
[DEBUG] Repo valid: True
[DEBUG] HEAD SHA: 5f66c17ab70575241b9eacc65bba107fab014ece
[DEBUG] Total commits: 1
[DEBUG] No commit role file found at /tmp/test_tagging_f2ca7c04aae042f187274e9198d7a4cb/.dawgit_roles.json
[DEBUG] Selected row = 0, SHA = 5f66c17ab70575241b9eacc65bba107fab014ece
[DEBUG] ✅ SHA set from selected row: 5f66c17ab70575241b9eacc65bba107fab014ece
[DEBUG] status label set: Session branch: main — Take: version 1
[DEBUG] No commit role file found at /tmp/test_tagging_f2ca7c04aae042f187274e9198d7a4cb/.dawgit_roles.json
[DEBUG] Repo valid: True
[DEBUG] HEAD SHA: 5f66c17ab70575241b9eacc65bba107fab014ece
[DEBUG] Total commits: 1
[DEBUG] No commit role file found at /tmp/test_tagging_f2ca7c04aae042f187274e9198d7a4cb/.dawgit_roles.json
[DEBUG] Selected row = 0, SHA = 5f66c17ab70575241b9eacc65bba107fab014ece
[DEBUG] ✅ SHA set from selected row: 5f66c17ab70575241b9eacc65bba107fab014ece
[DEBUG] status label set: Session branch: main — Take: version 1
[DEBUG] status label set: Session branch: main — Take: version 1
[DEBUG] Role 'alt_mixdown' assigned to commit 5f66c17ab70575241b9eacc65bba107fab014ece
[DEBUG] Saved commit roles to /tmp/test_tagging_f2ca7c04aae042f187274e9198d7a4cb/.dawgit_roles.json
[DEBUG] Assigned role 'alt_mixdown' to commit 5f66c17ab70575241b9eacc65bba107fab014ece
[DEBUG] Saved PROJECT_MARKER.json to /tmp/test_tagging_f2ca7c04aae042f187274e9198d7a4cb/PROJECT_MARKER.json
[DEBUG] Saved commit roles to /tmp/test_tagging_f2ca7c04aae042f187274e9198d7a4cb/.dawgit_roles.json
PASSED
tests_dawgit/test_commit_tagging.py::test_assign_commit_role_variants[my_custom_tag] [DEBUG] No PROJECT_MARKER.json found — using defaults
[DEBUG] No commit role file found at /tmp/test_tagging_c496149c5536433c9163986049b8f47e/.dawgit_roles.json
❌ No Git repo loaded.
[DEBUG] Skipping QTimer.singleShot — parent not visible.
[WARNING] Stylesheet not loaded: [Errno 2] No such file or directory: 'styles/dawgit_styles.qss'
[DEBUG] Loaded project path: /tmp/test_tagging_c496149c5536433c9163986049b8f47e
[DEBUG] Calling GitProjectManager.init_repo()
[DEBUG] Initializing Git...
[DEBUG] Found DAW files: [PosixPath('/tmp/test_tagging_c496149c5536433c9163986049b8f47e/track.als')]
[DEBUG] Found existing Git repo at /tmp/test_tagging_c496149c5536433c9163986049b8f47e
✅ Saved last project path: /tmp/test_tagging_c496149c5536433c9163986049b8f47e
[DEBUG] No commit role file found at /tmp/test_tagging_c496149c5536433c9163986049b8f47e/.dawgit_roles.json
[DEBUG] status label set: Session branch: main — Take: version 1
[DEBUG] Repo valid: True
[DEBUG] HEAD SHA: 986b58f533799b0a6a47d4c1e5261c8c58489352
[DEBUG] Total commits: 1
[DEBUG] No commit role file found at /tmp/test_tagging_c496149c5536433c9163986049b8f47e/.dawgit_roles.json
[DEBUG] Selected row = 0, SHA = 986b58f533799b0a6a47d4c1e5261c8c58489352
[DEBUG] ✅ SHA set from selected row: 986b58f533799b0a6a47d4c1e5261c8c58489352
[DEBUG] status label set: Session branch: main — Take: version 1
[DEBUG] No commit role file found at /tmp/test_tagging_c496149c5536433c9163986049b8f47e/.dawgit_roles.json
[DEBUG] Repo valid: True
[DEBUG] HEAD SHA: 986b58f533799b0a6a47d4c1e5261c8c58489352
[DEBUG] Total commits: 1
[DEBUG] No commit role file found at /tmp/test_tagging_c496149c5536433c9163986049b8f47e/.dawgit_roles.json
[DEBUG] Selected row = 0, SHA = 986b58f533799b0a6a47d4c1e5261c8c58489352
[DEBUG] ✅ SHA set from selected row: 986b58f533799b0a6a47d4c1e5261c8c58489352
[DEBUG] status label set: Session branch: main — Take: version 1
[DEBUG] status label set: Session branch: main — Take: version 1
[DEBUG] Role 'my_custom_tag' assigned to commit 986b58f533799b0a6a47d4c1e5261c8c58489352
[DEBUG] Saved commit roles to /tmp/test_tagging_c496149c5536433c9163986049b8f47e/.dawgit_roles.json
[DEBUG] Assigned role 'my_custom_tag' to commit 986b58f533799b0a6a47d4c1e5261c8c58489352
[DEBUG] Saved PROJECT_MARKER.json to /tmp/test_tagging_c496149c5536433c9163986049b8f47e/PROJECT_MARKER.json
[DEBUG] Saved commit roles to /tmp/test_tagging_c496149c5536433c9163986049b8f47e/.dawgit_roles.json
PASSED
tests_dawgit/test_commit_tagging.py::test_tag_custom_label_assigns_alt2 [DEBUG] No PROJECT_MARKER.json found — using defaults
[DEBUG] No commit role file found at /private/var/folders/yx/c_cp834d18v7ptq75l5x7twm0000gn/T/pytest-of-niccavendish/pytest-1/test_tag_custom_label_assigns_0/.dawgit_roles.json
❌ No Git repo loaded.
[DEBUG] Skipping QTimer.singleShot — parent not visible.
[WARNING] Stylesheet not loaded: [Errno 2] No such file or directory: 'styles/dawgit_styles.qss'
[DEBUG] Loaded project path: /private/var/folders/yx/c_cp834d18v7ptq75l5x7twm0000gn/T/pytest-of-niccavendish/pytest-1/test_tag_custom_label_assigns_0
[DEBUG] Calling GitProjectManager.init_repo()
[DEBUG] Initializing Git...
[DEBUG] Found DAW files: [PosixPath('/private/var/folders/yx/c_cp834d18v7ptq75l5x7twm0000gn/T/pytest-of-niccavendish/pytest-1/test_tag_custom_label_assigns_0/track.als')]
[DEBUG] Found existing Git repo at /private/var/folders/yx/c_cp834d18v7ptq75l5x7twm0000gn/T/pytest-of-niccavendish/pytest-1/test_tag_custom_label_assigns_0
✅ Saved last project path: /private/var/folders/yx/c_cp834d18v7ptq75l5x7twm0000gn/T/pytest-of-niccavendish/pytest-1/test_tag_custom_label_assigns_0
[DEBUG] No commit role file found at /private/var/folders/yx/c_cp834d18v7ptq75l5x7twm0000gn/T/pytest-of-niccavendish/pytest-1/test_tag_custom_label_assigns_0/.dawgit_roles.json
[DEBUG] status label set: Session branch: main — Take: version 1
[DEBUG] Repo valid: True
[DEBUG] HEAD SHA: e7624e49c5f1923edde2bb061f98288fc639e3ae
[DEBUG] Total commits: 1
[DEBUG] No commit role file found at /private/var/folders/yx/c_cp834d18v7ptq75l5x7twm0000gn/T/pytest-of-niccavendish/pytest-1/test_tag_custom_label_assigns_0/.dawgit_roles.json
[DEBUG] Selected row = 0, SHA = e7624e49c5f1923edde2bb061f98288fc639e3ae
[DEBUG] ✅ SHA set from selected row: e7624e49c5f1923edde2bb061f98288fc639e3ae
[DEBUG] status label set: Session branch: main — Take: version 1
[DEBUG] No commit role file found at /private/var/folders/yx/c_cp834d18v7ptq75l5x7twm0000gn/T/pytest-of-niccavendish/pytest-1/test_tag_custom_label_assigns_0/.dawgit_roles.json
[DEBUG] Repo valid: True
[DEBUG] HEAD SHA: e7624e49c5f1923edde2bb061f98288fc639e3ae
[DEBUG] Total commits: 1
[DEBUG] No commit role file found at /private/var/folders/yx/c_cp834d18v7ptq75l5x7twm0000gn/T/pytest-of-niccavendish/pytest-1/test_tag_custom_label_assigns_0/.dawgit_roles.json
[DEBUG] Selected row = 0, SHA = e7624e49c5f1923edde2bb061f98288fc639e3ae
[DEBUG] ✅ SHA set from selected row: e7624e49c5f1923edde2bb061f98288fc639e3ae
[DEBUG] status label set: Session branch: main — Take: version 1
[DEBUG] status label set: Session branch: main — Take: version 1
[DEBUG] Selected row = 0, SHA = e7624e49c5f1923edde2bb061f98288fc639e3ae
[DEBUG] ✅ SHA set from selected row: e7624e49c5f1923edde2bb061f98288fc639e3ae
[DEBUG] Role 'alt_2' assigned to commit e7624e49c5f1923edde2bb061f98288fc639e3ae
[DEBUG] Saved commit roles to /private/var/folders/yx/c_cp834d18v7ptq75l5x7twm0000gn/T/pytest-of-niccavendish/pytest-1/test_tag_custom_label_assigns_0/.dawgit_roles.json
[DEBUG] Assigned role 'alt_2' to commit e7624e49c5f1923edde2bb061f98288fc639e3ae
[DEBUG] Saved PROJECT_MARKER.json to /private/var/folders/yx/c_cp834d18v7ptq75l5x7twm0000gn/T/pytest-of-niccavendish/pytest-1/test_tag_custom_label_assigns_0/PROJECT_MARKER.json
[DEBUG] Saved commit roles to /private/var/folders/yx/c_cp834d18v7ptq75l5x7twm0000gn/T/pytest-of-niccavendish/pytest-1/test_tag_custom_label_assigns_0/.dawgit_roles.json
[STATUS] ✏️ Commit tagged as 'alt_2': e7624e4
[DEBUG] DAWGIT_TEST_MODE active — running load_commit_history directly
[DEBUG] Repo valid: True
[DEBUG] HEAD SHA: e7624e49c5f1923edde2bb061f98288fc639e3ae
[DEBUG] Total commits: 1
[DEBUG] Loaded commit roles from /private/var/folders/yx/c_cp834d18v7ptq75l5x7twm0000gn/T/pytest-of-niccavendish/pytest-1/test_tag_custom_label_assigns_0/.dawgit_roles.json
[DEBUG] Selected row = 0, SHA = e7624e49c5f1923edde2bb061f98288fc639e3ae
[DEBUG] ✅ SHA set from selected row: e7624e49c5f1923edde2bb061f98288fc639e3ae
[DEBUG] status label set: Session branch: main — Take: version 1
PASSED

============================== 5 passed in 6.42s ===============================
============================= test session starts ==============================
platform darwin -- Python 3.12.3, pytest-8.3.5, pluggy-1.5.0 -- /Users/niccavendish/.pyenv/versions/3.12.3/bin/python3.12
cachedir: .pytest_cache
PyQt6 6.9.0 -- Qt runtime 6.9.0 -- Qt compiled 6.9.0
rootdir: /Users/niccavendish/Projects/DAWGitApp
configfile: pytest.ini
plugins: qt-4.4.0, env-1.1.5, timeout-2.4.0, rich-0.2.0
timeout: 10.0s
timeout method: signal
timeout func_only: False
collecting ... collected 5 items

tests_dawgit/test_commit_tagging.py::test_assign_commit_role_variants[Main Mix] [DEBUG] No PROJECT_MARKER.json found — using defaults
[DEBUG] No commit role file found at /tmp/test_tagging_2596e01e577f404a9a9c4a6e36a2b4a2/.dawgit_roles.json
❌ No Git repo loaded.
[DEBUG] Skipping QTimer.singleShot — parent not visible.
[DEBUG] Loaded project path: /tmp/test_tagging_2596e01e577f404a9a9c4a6e36a2b4a2
[DEBUG] Calling GitProjectManager.init_repo()
[DEBUG] Initializing Git...
[DEBUG] Found DAW files: [PosixPath('/tmp/test_tagging_2596e01e577f404a9a9c4a6e36a2b4a2/track.als')]
[DEBUG] Found existing Git repo at /tmp/test_tagging_2596e01e577f404a9a9c4a6e36a2b4a2
✅ Saved last project path: /tmp/test_tagging_2596e01e577f404a9a9c4a6e36a2b4a2
[DEBUG] No commit role file found at /tmp/test_tagging_2596e01e577f404a9a9c4a6e36a2b4a2/.dawgit_roles.json
[DEBUG] status label set: 🎵 Session branch: MAIN — 🎧 Take: version 1
[DEBUG] Repo valid: True
[DEBUG] HEAD SHA: f417c2b2ba24d2dd6b27cc36f4b2bcd6b9c9baaf
[DEBUG] Total commits: 1
[DEBUG] No commit role file found at /tmp/test_tagging_2596e01e577f404a9a9c4a6e36a2b4a2/.dawgit_roles.json
[DEBUG] Selected row = 0, SHA = f417c2b2ba24d2dd6b27cc36f4b2bcd6b9c9baaf
[DEBUG] ✅ SHA set from selected row: f417c2b2ba24d2dd6b27cc36f4b2bcd6b9c9baaf
[DEBUG] status label set: 🎵 Session branch: MAIN — 🎧 Take: version 1
[DEBUG] No commit role file found at /tmp/test_tagging_2596e01e577f404a9a9c4a6e36a2b4a2/.dawgit_roles.json
[DEBUG] Repo valid: True
[DEBUG] HEAD SHA: f417c2b2ba24d2dd6b27cc36f4b2bcd6b9c9baaf
[DEBUG] Total commits: 1
[DEBUG] No commit role file found at /tmp/test_tagging_2596e01e577f404a9a9c4a6e36a2b4a2/.dawgit_roles.json
[DEBUG] Selected row = 0, SHA = f417c2b2ba24d2dd6b27cc36f4b2bcd6b9c9baaf
[DEBUG] ✅ SHA set from selected row: f417c2b2ba24d2dd6b27cc36f4b2bcd6b9c9baaf
[DEBUG] status label set: 🎵 Session branch: MAIN — 🎧 Take: version 1
[DEBUG] status label set: 🎵 Session branch: MAIN — 🎧 Take: version 1
[DEBUG] Role 'Main Mix' assigned to commit f417c2b2ba24d2dd6b27cc36f4b2bcd6b9c9baaf
[DEBUG] Saved commit roles to /tmp/test_tagging_2596e01e577f404a9a9c4a6e36a2b4a2/.dawgit_roles.json
[DEBUG] Assigned role 'Main Mix' to commit f417c2b2ba24d2dd6b27cc36f4b2bcd6b9c9baaf
[DEBUG] Saved PROJECT_MARKER.json to /tmp/test_tagging_2596e01e577f404a9a9c4a6e36a2b4a2/PROJECT_MARKER.json
[DEBUG] Saved commit roles to /tmp/test_tagging_2596e01e577f404a9a9c4a6e36a2b4a2/.dawgit_roles.json
PASSED
tests_dawgit/test_commit_tagging.py::test_assign_commit_role_variants[creative_take] [DEBUG] No PROJECT_MARKER.json found — using defaults
[DEBUG] No commit role file found at /tmp/test_tagging_1bca1b9c8f3a4a29b37ee0c6d36603dc/.dawgit_roles.json
❌ No Git repo loaded.
[DEBUG] Skipping QTimer.singleShot — parent not visible.
[WARNING] Stylesheet not loaded: [Errno 2] No such file or directory: 'styles/dawgit_styles.qss'
[DEBUG] Loaded project path: /tmp/test_tagging_1bca1b9c8f3a4a29b37ee0c6d36603dc
[DEBUG] Calling GitProjectManager.init_repo()
[DEBUG] Initializing Git...
[DEBUG] Found DAW files: [PosixPath('/tmp/test_tagging_1bca1b9c8f3a4a29b37ee0c6d36603dc/track.als')]
[DEBUG] Found existing Git repo at /tmp/test_tagging_1bca1b9c8f3a4a29b37ee0c6d36603dc
✅ Saved last project path: /tmp/test_tagging_1bca1b9c8f3a4a29b37ee0c6d36603dc
[DEBUG] No commit role file found at /tmp/test_tagging_1bca1b9c8f3a4a29b37ee0c6d36603dc/.dawgit_roles.json
[DEBUG] status label set: 🎵 Session branch: MAIN — 🎧 Take: version 1
[DEBUG] Repo valid: True
[DEBUG] HEAD SHA: beae27faa05a4cfc66e984b6b04629809aac997f
[DEBUG] Total commits: 1
[DEBUG] No commit role file found at /tmp/test_tagging_1bca1b9c8f3a4a29b37ee0c6d36603dc/.dawgit_roles.json
[DEBUG] Selected row = 0, SHA = beae27faa05a4cfc66e984b6b04629809aac997f
[DEBUG] ✅ SHA set from selected row: beae27faa05a4cfc66e984b6b04629809aac997f
[DEBUG] status label set: 🎵 Session branch: MAIN — 🎧 Take: version 1
[DEBUG] No commit role file found at /tmp/test_tagging_1bca1b9c8f3a4a29b37ee0c6d36603dc/.dawgit_roles.json
[DEBUG] Repo valid: True
[DEBUG] HEAD SHA: beae27faa05a4cfc66e984b6b04629809aac997f
[DEBUG] Total commits: 1
[DEBUG] No commit role file found at /tmp/test_tagging_1bca1b9c8f3a4a29b37ee0c6d36603dc/.dawgit_roles.json
[DEBUG] Selected row = 0, SHA = beae27faa05a4cfc66e984b6b04629809aac997f
[DEBUG] ✅ SHA set from selected row: beae27faa05a4cfc66e984b6b04629809aac997f
[DEBUG] status label set: 🎵 Session branch: MAIN — 🎧 Take: version 1
[DEBUG] status label set: 🎵 Session branch: MAIN — 🎧 Take: version 1
[DEBUG] Role 'creative_take' assigned to commit beae27faa05a4cfc66e984b6b04629809aac997f
[DEBUG] Saved commit roles to /tmp/test_tagging_1bca1b9c8f3a4a29b37ee0c6d36603dc/.dawgit_roles.json
[DEBUG] Assigned role 'creative_take' to commit beae27faa05a4cfc66e984b6b04629809aac997f
[DEBUG] Saved PROJECT_MARKER.json to /tmp/test_tagging_1bca1b9c8f3a4a29b37ee0c6d36603dc/PROJECT_MARKER.json
[DEBUG] Saved commit roles to /tmp/test_tagging_1bca1b9c8f3a4a29b37ee0c6d36603dc/.dawgit_roles.json
PASSED
tests_dawgit/test_commit_tagging.py::test_assign_commit_role_variants[alt_mixdown] [DEBUG] No PROJECT_MARKER.json found — using defaults
[DEBUG] No commit role file found at /tmp/test_tagging_372aaa382b75469dbb3d6e36984e33bf/.dawgit_roles.json
❌ No Git repo loaded.
[DEBUG] Skipping QTimer.singleShot — parent not visible.
[WARNING] Stylesheet not loaded: [Errno 2] No such file or directory: 'styles/dawgit_styles.qss'
[DEBUG] Loaded project path: /tmp/test_tagging_372aaa382b75469dbb3d6e36984e33bf
[DEBUG] Calling GitProjectManager.init_repo()
[DEBUG] Initializing Git...
[DEBUG] Found DAW files: [PosixPath('/tmp/test_tagging_372aaa382b75469dbb3d6e36984e33bf/track.als')]
[DEBUG] Found existing Git repo at /tmp/test_tagging_372aaa382b75469dbb3d6e36984e33bf
✅ Saved last project path: /tmp/test_tagging_372aaa382b75469dbb3d6e36984e33bf
[DEBUG] No commit role file found at /tmp/test_tagging_372aaa382b75469dbb3d6e36984e33bf/.dawgit_roles.json
[DEBUG] status label set: 🎵 Session branch: MAIN — 🎧 Take: version 1
[DEBUG] Repo valid: True
[DEBUG] HEAD SHA: 7719ec438cfa2fcbb59753c84b1a38769f726b4f
[DEBUG] Total commits: 1
[DEBUG] No commit role file found at /tmp/test_tagging_372aaa382b75469dbb3d6e36984e33bf/.dawgit_roles.json
[DEBUG] Selected row = 0, SHA = 7719ec438cfa2fcbb59753c84b1a38769f726b4f
[DEBUG] ✅ SHA set from selected row: 7719ec438cfa2fcbb59753c84b1a38769f726b4f
[DEBUG] status label set: 🎵 Session branch: MAIN — 🎧 Take: version 1
[DEBUG] No commit role file found at /tmp/test_tagging_372aaa382b75469dbb3d6e36984e33bf/.dawgit_roles.json
[DEBUG] Repo valid: True
[DEBUG] HEAD SHA: 7719ec438cfa2fcbb59753c84b1a38769f726b4f
[DEBUG] Total commits: 1
[DEBUG] No commit role file found at /tmp/test_tagging_372aaa382b75469dbb3d6e36984e33bf/.dawgit_roles.json
[DEBUG] Selected row = 0, SHA = 7719ec438cfa2fcbb59753c84b1a38769f726b4f
[DEBUG] ✅ SHA set from selected row: 7719ec438cfa2fcbb59753c84b1a38769f726b4f
[DEBUG] status label set: 🎵 Session branch: MAIN — 🎧 Take: version 1
[DEBUG] status label set: 🎵 Session branch: MAIN — 🎧 Take: version 1
[DEBUG] Role 'alt_mixdown' assigned to commit 7719ec438cfa2fcbb59753c84b1a38769f726b4f
[DEBUG] Saved commit roles to /tmp/test_tagging_372aaa382b75469dbb3d6e36984e33bf/.dawgit_roles.json
[DEBUG] Assigned role 'alt_mixdown' to commit 7719ec438cfa2fcbb59753c84b1a38769f726b4f
[DEBUG] Saved PROJECT_MARKER.json to /tmp/test_tagging_372aaa382b75469dbb3d6e36984e33bf/PROJECT_MARKER.json
[DEBUG] Saved commit roles to /tmp/test_tagging_372aaa382b75469dbb3d6e36984e33bf/.dawgit_roles.json
PASSED
tests_dawgit/test_commit_tagging.py::test_assign_commit_role_variants[my_custom_tag] [DEBUG] No PROJECT_MARKER.json found — using defaults
[DEBUG] No commit role file found at /tmp/test_tagging_3dd96f4895bb4bf9a9fad8fe2412b636/.dawgit_roles.json
❌ No Git repo loaded.
[DEBUG] Skipping QTimer.singleShot — parent not visible.
[WARNING] Stylesheet not loaded: [Errno 2] No such file or directory: 'styles/dawgit_styles.qss'
[DEBUG] Loaded project path: /tmp/test_tagging_3dd96f4895bb4bf9a9fad8fe2412b636
[DEBUG] Calling GitProjectManager.init_repo()
[DEBUG] Initializing Git...
[DEBUG] Found DAW files: [PosixPath('/tmp/test_tagging_3dd96f4895bb4bf9a9fad8fe2412b636/track.als')]
[DEBUG] Found existing Git repo at /tmp/test_tagging_3dd96f4895bb4bf9a9fad8fe2412b636
✅ Saved last project path: /tmp/test_tagging_3dd96f4895bb4bf9a9fad8fe2412b636
[DEBUG] No commit role file found at /tmp/test_tagging_3dd96f4895bb4bf9a9fad8fe2412b636/.dawgit_roles.json
[DEBUG] status label set: 🎵 Session branch: MAIN — 🎧 Take: version 1
[DEBUG] Repo valid: True
[DEBUG] HEAD SHA: db932de41f4a1ef3d02573928dc9e4b0f2d9bf96
[DEBUG] Total commits: 1
[DEBUG] No commit role file found at /tmp/test_tagging_3dd96f4895bb4bf9a9fad8fe2412b636/.dawgit_roles.json
[DEBUG] Selected row = 0, SHA = db932de41f4a1ef3d02573928dc9e4b0f2d9bf96
[DEBUG] ✅ SHA set from selected row: db932de41f4a1ef3d02573928dc9e4b0f2d9bf96
[DEBUG] status label set: 🎵 Session branch: MAIN — 🎧 Take: version 1
[DEBUG] No commit role file found at /tmp/test_tagging_3dd96f4895bb4bf9a9fad8fe2412b636/.dawgit_roles.json
[DEBUG] Repo valid: True
[DEBUG] HEAD SHA: db932de41f4a1ef3d02573928dc9e4b0f2d9bf96
[DEBUG] Total commits: 1
[DEBUG] No commit role file found at /tmp/test_tagging_3dd96f4895bb4bf9a9fad8fe2412b636/.dawgit_roles.json
[DEBUG] Selected row = 0, SHA = db932de41f4a1ef3d02573928dc9e4b0f2d9bf96
[DEBUG] ✅ SHA set from selected row: db932de41f4a1ef3d02573928dc9e4b0f2d9bf96
[DEBUG] status label set: 🎵 Session branch: MAIN — 🎧 Take: version 1
[DEBUG] status label set: 🎵 Session branch: MAIN — 🎧 Take: version 1
[DEBUG] Role 'my_custom_tag' assigned to commit db932de41f4a1ef3d02573928dc9e4b0f2d9bf96
[DEBUG] Saved commit roles to /tmp/test_tagging_3dd96f4895bb4bf9a9fad8fe2412b636/.dawgit_roles.json
[DEBUG] Assigned role 'my_custom_tag' to commit db932de41f4a1ef3d02573928dc9e4b0f2d9bf96
[DEBUG] Saved PROJECT_MARKER.json to /tmp/test_tagging_3dd96f4895bb4bf9a9fad8fe2412b636/PROJECT_MARKER.json
[DEBUG] Saved commit roles to /tmp/test_tagging_3dd96f4895bb4bf9a9fad8fe2412b636/.dawgit_roles.json
PASSED
tests_dawgit/test_commit_tagging.py::test_tag_custom_label_assigns_alt2 [DEBUG] No PROJECT_MARKER.json found — using defaults
[DEBUG] No commit role file found at /private/var/folders/yx/c_cp834d18v7ptq75l5x7twm0000gn/T/pytest-of-niccavendish/pytest-3/test_tag_custom_label_assigns_0/.dawgit_roles.json
❌ No Git repo loaded.
[DEBUG] Skipping QTimer.singleShot — parent not visible.
[WARNING] Stylesheet not loaded: [Errno 2] No such file or directory: 'styles/dawgit_styles.qss'
[DEBUG] Loaded project path: /private/var/folders/yx/c_cp834d18v7ptq75l5x7twm0000gn/T/pytest-of-niccavendish/pytest-3/test_tag_custom_label_assigns_0
[DEBUG] Calling GitProjectManager.init_repo()
[DEBUG] Initializing Git...
[DEBUG] Found DAW files: [PosixPath('/private/var/folders/yx/c_cp834d18v7ptq75l5x7twm0000gn/T/pytest-of-niccavendish/pytest-3/test_tag_custom_label_assigns_0/track.als')]
[DEBUG] Found existing Git repo at /private/var/folders/yx/c_cp834d18v7ptq75l5x7twm0000gn/T/pytest-of-niccavendish/pytest-3/test_tag_custom_label_assigns_0
✅ Saved last project path: /private/var/folders/yx/c_cp834d18v7ptq75l5x7twm0000gn/T/pytest-of-niccavendish/pytest-3/test_tag_custom_label_assigns_0
[DEBUG] No commit role file found at /private/var/folders/yx/c_cp834d18v7ptq75l5x7twm0000gn/T/pytest-of-niccavendish/pytest-3/test_tag_custom_label_assigns_0/.dawgit_roles.json
[DEBUG] status label set: 🎵 Session branch: MAIN — 🎧 Take: version 1
[DEBUG] Repo valid: True
[DEBUG] HEAD SHA: ae5b28b83c83b14e964956f2a36fb02dcd7bdc5a
[DEBUG] Total commits: 1
[DEBUG] No commit role file found at /private/var/folders/yx/c_cp834d18v7ptq75l5x7twm0000gn/T/pytest-of-niccavendish/pytest-3/test_tag_custom_label_assigns_0/.dawgit_roles.json
[DEBUG] Selected row = 0, SHA = ae5b28b83c83b14e964956f2a36fb02dcd7bdc5a
[DEBUG] ✅ SHA set from selected row: ae5b28b83c83b14e964956f2a36fb02dcd7bdc5a
[DEBUG] status label set: 🎵 Session branch: MAIN — 🎧 Take: version 1
[DEBUG] No commit role file found at /private/var/folders/yx/c_cp834d18v7ptq75l5x7twm0000gn/T/pytest-of-niccavendish/pytest-3/test_tag_custom_label_assigns_0/.dawgit_roles.json
[DEBUG] Repo valid: True
[DEBUG] HEAD SHA: ae5b28b83c83b14e964956f2a36fb02dcd7bdc5a
[DEBUG] Total commits: 1
[DEBUG] No commit role file found at /private/var/folders/yx/c_cp834d18v7ptq75l5x7twm0000gn/T/pytest-of-niccavendish/pytest-3/test_tag_custom_label_assigns_0/.dawgit_roles.json
[DEBUG] Selected row = 0, SHA = ae5b28b83c83b14e964956f2a36fb02dcd7bdc5a
[DEBUG] ✅ SHA set from selected row: ae5b28b83c83b14e964956f2a36fb02dcd7bdc5a
[DEBUG] status label set: 🎵 Session branch: MAIN — 🎧 Take: version 1
[DEBUG] status label set: 🎵 Session branch: MAIN — 🎧 Take: version 1
[DEBUG] Selected row = 0, SHA = ae5b28b83c83b14e964956f2a36fb02dcd7bdc5a
[DEBUG] ✅ SHA set from selected row: ae5b28b83c83b14e964956f2a36fb02dcd7bdc5a
[DEBUG] Role 'alt_2' assigned to commit ae5b28b83c83b14e964956f2a36fb02dcd7bdc5a
[DEBUG] Saved commit roles to /private/var/folders/yx/c_cp834d18v7ptq75l5x7twm0000gn/T/pytest-of-niccavendish/pytest-3/test_tag_custom_label_assigns_0/.dawgit_roles.json
[DEBUG] Assigned role 'alt_2' to commit ae5b28b83c83b14e964956f2a36fb02dcd7bdc5a
[DEBUG] Saved PROJECT_MARKER.json to /private/var/folders/yx/c_cp834d18v7ptq75l5x7twm0000gn/T/pytest-of-niccavendish/pytest-3/test_tag_custom_label_assigns_0/PROJECT_MARKER.json
[DEBUG] Saved commit roles to /private/var/folders/yx/c_cp834d18v7ptq75l5x7twm0000gn/T/pytest-of-niccavendish/pytest-3/test_tag_custom_label_assigns_0/.dawgit_roles.json
[STATUS] ✏️ Commit tagged as 'alt_2': ae5b28b
[DEBUG] DAWGIT_TEST_MODE active — running load_commit_history directly
[DEBUG] Repo valid: True
[DEBUG] HEAD SHA: ae5b28b83c83b14e964956f2a36fb02dcd7bdc5a
[DEBUG] Total commits: 1
[DEBUG] Loaded commit roles from /private/var/folders/yx/c_cp834d18v7ptq75l5x7twm0000gn/T/pytest-of-niccavendish/pytest-3/test_tag_custom_label_assigns_0/.dawgit_roles.json
[DEBUG] Selected row = 0, SHA = ae5b28b83c83b14e964956f2a36fb02dcd7bdc5a
[DEBUG] ✅ SHA set from selected row: ae5b28b83c83b14e964956f2a36fb02dcd7bdc5a
[DEBUG] status label set: 🎵 Session branch: MAIN — 🎧 Take: version 1
PASSED

============================== 5 passed in 6.32s ===============================
============================= test session starts ==============================
platform darwin -- Python 3.12.3, pytest-8.3.5, pluggy-1.5.0 -- /Users/niccavendish/.pyenv/versions/3.12.3/bin/python3.12
cachedir: .pytest_cache
PyQt6 6.9.0 -- Qt runtime 6.9.0 -- Qt compiled 6.9.0
rootdir: /Users/niccavendish/Projects/DAWGitApp
configfile: pytest.ini
plugins: qt-4.4.0, env-1.1.5, timeout-2.4.0, rich-0.2.0
timeout: 10.0s
timeout method: signal
timeout func_only: False
collecting ... collected 5 items

tests_dawgit/test_commit_tagging.py::test_assign_commit_role_variants[Main Mix] [DEBUG] No PROJECT_MARKER.json found — using defaults
[DEBUG] No commit role file found at /tmp/test_tagging_ec82c56f711f491b882de1fc2887a2de/.dawgit_roles.json
❌ No Git repo loaded.
[DEBUG] Skipping QTimer.singleShot — parent not visible.
[DEBUG] Loaded project path: /tmp/test_tagging_ec82c56f711f491b882de1fc2887a2de
[DEBUG] Calling GitProjectManager.init_repo()
[DEBUG] Initializing Git...
[DEBUG] Found DAW files: [PosixPath('/tmp/test_tagging_ec82c56f711f491b882de1fc2887a2de/track.als')]
[DEBUG] Found existing Git repo at /tmp/test_tagging_ec82c56f711f491b882de1fc2887a2de
✅ Saved last project path: /tmp/test_tagging_ec82c56f711f491b882de1fc2887a2de
[DEBUG] No commit role file found at /tmp/test_tagging_ec82c56f711f491b882de1fc2887a2de/.dawgit_roles.json
[DEBUG] status label set: 🪄 Version Line: MAIN — 🎧 Take: version 1
[DEBUG] Repo valid: True
[DEBUG] HEAD SHA: 5bdd6e2cb8087264e6aa8e1f087b442a41c00acd
[DEBUG] Total commits: 1
[DEBUG] No commit role file found at /tmp/test_tagging_ec82c56f711f491b882de1fc2887a2de/.dawgit_roles.json
[DEBUG] Selected row = 0, SHA = 5bdd6e2cb8087264e6aa8e1f087b442a41c00acd
[DEBUG] ✅ SHA set from selected row: 5bdd6e2cb8087264e6aa8e1f087b442a41c00acd
[DEBUG] status label set: 🪄 Version Line: MAIN — 🎧 Take: version 1
[DEBUG] No commit role file found at /tmp/test_tagging_ec82c56f711f491b882de1fc2887a2de/.dawgit_roles.json
[DEBUG] Repo valid: True
[DEBUG] HEAD SHA: 5bdd6e2cb8087264e6aa8e1f087b442a41c00acd
[DEBUG] Total commits: 1
[DEBUG] No commit role file found at /tmp/test_tagging_ec82c56f711f491b882de1fc2887a2de/.dawgit_roles.json
[DEBUG] Selected row = 0, SHA = 5bdd6e2cb8087264e6aa8e1f087b442a41c00acd
[DEBUG] ✅ SHA set from selected row: 5bdd6e2cb8087264e6aa8e1f087b442a41c00acd
[DEBUG] status label set: 🪄 Version Line: MAIN — 🎧 Take: version 1
[DEBUG] status label set: 🪄 Version Line: MAIN — 🎧 Take: version 1
[DEBUG] Role 'Main Mix' assigned to commit 5bdd6e2cb8087264e6aa8e1f087b442a41c00acd
[DEBUG] Saved commit roles to /tmp/test_tagging_ec82c56f711f491b882de1fc2887a2de/.dawgit_roles.json
[DEBUG] Assigned role 'Main Mix' to commit 5bdd6e2cb8087264e6aa8e1f087b442a41c00acd
[DEBUG] Saved PROJECT_MARKER.json to /tmp/test_tagging_ec82c56f711f491b882de1fc2887a2de/PROJECT_MARKER.json
[DEBUG] Saved commit roles to /tmp/test_tagging_ec82c56f711f491b882de1fc2887a2de/.dawgit_roles.json
PASSED
tests_dawgit/test_commit_tagging.py::test_assign_commit_role_variants[creative_take] [DEBUG] No PROJECT_MARKER.json found — using defaults
[DEBUG] No commit role file found at /tmp/test_tagging_1297e5c377584803a29513f05daae885/.dawgit_roles.json
❌ No Git repo loaded.
[DEBUG] Skipping QTimer.singleShot — parent not visible.
[WARNING] Stylesheet not loaded: [Errno 2] No such file or directory: 'styles/dawgit_styles.qss'
[DEBUG] Loaded project path: /tmp/test_tagging_1297e5c377584803a29513f05daae885
[DEBUG] Calling GitProjectManager.init_repo()
[DEBUG] Initializing Git...
[DEBUG] Found DAW files: [PosixPath('/tmp/test_tagging_1297e5c377584803a29513f05daae885/track.als')]
[DEBUG] Found existing Git repo at /tmp/test_tagging_1297e5c377584803a29513f05daae885
✅ Saved last project path: /tmp/test_tagging_1297e5c377584803a29513f05daae885
[DEBUG] No commit role file found at /tmp/test_tagging_1297e5c377584803a29513f05daae885/.dawgit_roles.json
[DEBUG] status label set: 🪄 Version Line: MAIN — 🎧 Take: version 1
[DEBUG] Repo valid: True
[DEBUG] HEAD SHA: c24c2f5401f6d731a4ff549fb9ddf266d4b4370b
[DEBUG] Total commits: 1
[DEBUG] No commit role file found at /tmp/test_tagging_1297e5c377584803a29513f05daae885/.dawgit_roles.json
[DEBUG] Selected row = 0, SHA = c24c2f5401f6d731a4ff549fb9ddf266d4b4370b
[DEBUG] ✅ SHA set from selected row: c24c2f5401f6d731a4ff549fb9ddf266d4b4370b
[DEBUG] status label set: 🪄 Version Line: MAIN — 🎧 Take: version 1
[DEBUG] No commit role file found at /tmp/test_tagging_1297e5c377584803a29513f05daae885/.dawgit_roles.json
[DEBUG] Repo valid: True
[DEBUG] HEAD SHA: c24c2f5401f6d731a4ff549fb9ddf266d4b4370b
[DEBUG] Total commits: 1
[DEBUG] No commit role file found at /tmp/test_tagging_1297e5c377584803a29513f05daae885/.dawgit_roles.json
[DEBUG] Selected row = 0, SHA = c24c2f5401f6d731a4ff549fb9ddf266d4b4370b
[DEBUG] ✅ SHA set from selected row: c24c2f5401f6d731a4ff549fb9ddf266d4b4370b
[DEBUG] status label set: 🪄 Version Line: MAIN — 🎧 Take: version 1
[DEBUG] status label set: 🪄 Version Line: MAIN — 🎧 Take: version 1
[DEBUG] Role 'creative_take' assigned to commit c24c2f5401f6d731a4ff549fb9ddf266d4b4370b
[DEBUG] Saved commit roles to /tmp/test_tagging_1297e5c377584803a29513f05daae885/.dawgit_roles.json
[DEBUG] Assigned role 'creative_take' to commit c24c2f5401f6d731a4ff549fb9ddf266d4b4370b
[DEBUG] Saved PROJECT_MARKER.json to /tmp/test_tagging_1297e5c377584803a29513f05daae885/PROJECT_MARKER.json
[DEBUG] Saved commit roles to /tmp/test_tagging_1297e5c377584803a29513f05daae885/.dawgit_roles.json
PASSED
tests_dawgit/test_commit_tagging.py::test_assign_commit_role_variants[alt_mixdown] [DEBUG] No PROJECT_MARKER.json found — using defaults
[DEBUG] No commit role file found at /tmp/test_tagging_1b0fe83aa3a64ccab4a0bd1baa98e1a1/.dawgit_roles.json
❌ No Git repo loaded.
[DEBUG] Skipping QTimer.singleShot — parent not visible.
[WARNING] Stylesheet not loaded: [Errno 2] No such file or directory: 'styles/dawgit_styles.qss'
[DEBUG] Loaded project path: /tmp/test_tagging_1b0fe83aa3a64ccab4a0bd1baa98e1a1
[DEBUG] Calling GitProjectManager.init_repo()
[DEBUG] Initializing Git...
[DEBUG] Found DAW files: [PosixPath('/tmp/test_tagging_1b0fe83aa3a64ccab4a0bd1baa98e1a1/track.als')]
[DEBUG] Found existing Git repo at /tmp/test_tagging_1b0fe83aa3a64ccab4a0bd1baa98e1a1
✅ Saved last project path: /tmp/test_tagging_1b0fe83aa3a64ccab4a0bd1baa98e1a1
[DEBUG] No commit role file found at /tmp/test_tagging_1b0fe83aa3a64ccab4a0bd1baa98e1a1/.dawgit_roles.json
[DEBUG] status label set: 🪄 Version Line: MAIN — 🎧 Take: version 1
[DEBUG] Repo valid: True
[DEBUG] HEAD SHA: 2a9422c9e47bda02b001d8f3f24e0e4e287f71cf
[DEBUG] Total commits: 1
[DEBUG] No commit role file found at /tmp/test_tagging_1b0fe83aa3a64ccab4a0bd1baa98e1a1/.dawgit_roles.json
[DEBUG] Selected row = 0, SHA = 2a9422c9e47bda02b001d8f3f24e0e4e287f71cf
[DEBUG] ✅ SHA set from selected row: 2a9422c9e47bda02b001d8f3f24e0e4e287f71cf
[DEBUG] status label set: 🪄 Version Line: MAIN — 🎧 Take: version 1
[DEBUG] No commit role file found at /tmp/test_tagging_1b0fe83aa3a64ccab4a0bd1baa98e1a1/.dawgit_roles.json
[DEBUG] Repo valid: True
[DEBUG] HEAD SHA: 2a9422c9e47bda02b001d8f3f24e0e4e287f71cf
[DEBUG] Total commits: 1
[DEBUG] No commit role file found at /tmp/test_tagging_1b0fe83aa3a64ccab4a0bd1baa98e1a1/.dawgit_roles.json
[DEBUG] Selected row = 0, SHA = 2a9422c9e47bda02b001d8f3f24e0e4e287f71cf
[DEBUG] ✅ SHA set from selected row: 2a9422c9e47bda02b001d8f3f24e0e4e287f71cf
[DEBUG] status label set: 🪄 Version Line: MAIN — 🎧 Take: version 1
[DEBUG] status label set: 🪄 Version Line: MAIN — 🎧 Take: version 1
[DEBUG] Role 'alt_mixdown' assigned to commit 2a9422c9e47bda02b001d8f3f24e0e4e287f71cf
[DEBUG] Saved commit roles to /tmp/test_tagging_1b0fe83aa3a64ccab4a0bd1baa98e1a1/.dawgit_roles.json
[DEBUG] Assigned role 'alt_mixdown' to commit 2a9422c9e47bda02b001d8f3f24e0e4e287f71cf
[DEBUG] Saved PROJECT_MARKER.json to /tmp/test_tagging_1b0fe83aa3a64ccab4a0bd1baa98e1a1/PROJECT_MARKER.json
[DEBUG] Saved commit roles to /tmp/test_tagging_1b0fe83aa3a64ccab4a0bd1baa98e1a1/.dawgit_roles.json
PASSED
tests_dawgit/test_commit_tagging.py::test_assign_commit_role_variants[my_custom_tag] [DEBUG] No PROJECT_MARKER.json found — using defaults
[DEBUG] No commit role file found at /tmp/test_tagging_624fc3a589824e6dbd1ef294eb7922b4/.dawgit_roles.json
❌ No Git repo loaded.
[DEBUG] Skipping QTimer.singleShot — parent not visible.
[WARNING] Stylesheet not loaded: [Errno 2] No such file or directory: 'styles/dawgit_styles.qss'
[DEBUG] Loaded project path: /tmp/test_tagging_624fc3a589824e6dbd1ef294eb7922b4
[DEBUG] Calling GitProjectManager.init_repo()
[DEBUG] Initializing Git...
[DEBUG] Found DAW files: [PosixPath('/tmp/test_tagging_624fc3a589824e6dbd1ef294eb7922b4/track.als')]
[DEBUG] Found existing Git repo at /tmp/test_tagging_624fc3a589824e6dbd1ef294eb7922b4
✅ Saved last project path: /tmp/test_tagging_624fc3a589824e6dbd1ef294eb7922b4
[DEBUG] No commit role file found at /tmp/test_tagging_624fc3a589824e6dbd1ef294eb7922b4/.dawgit_roles.json
[DEBUG] status label set: 🪄 Version Line: MAIN — 🎧 Take: version 1
[DEBUG] Repo valid: True
[DEBUG] HEAD SHA: f5f7aab685673ac8d7672f5991ca6b5e58f735a9
[DEBUG] Total commits: 1
[DEBUG] No commit role file found at /tmp/test_tagging_624fc3a589824e6dbd1ef294eb7922b4/.dawgit_roles.json
[DEBUG] Selected row = 0, SHA = f5f7aab685673ac8d7672f5991ca6b5e58f735a9
[DEBUG] ✅ SHA set from selected row: f5f7aab685673ac8d7672f5991ca6b5e58f735a9
[DEBUG] status label set: 🪄 Version Line: MAIN — 🎧 Take: version 1
[DEBUG] No commit role file found at /tmp/test_tagging_624fc3a589824e6dbd1ef294eb7922b4/.dawgit_roles.json
[DEBUG] Repo valid: True
[DEBUG] HEAD SHA: f5f7aab685673ac8d7672f5991ca6b5e58f735a9
[DEBUG] Total commits: 1
[DEBUG] No commit role file found at /tmp/test_tagging_624fc3a589824e6dbd1ef294eb7922b4/.dawgit_roles.json
[DEBUG] Selected row = 0, SHA = f5f7aab685673ac8d7672f5991ca6b5e58f735a9
[DEBUG] ✅ SHA set from selected row: f5f7aab685673ac8d7672f5991ca6b5e58f735a9
[DEBUG] status label set: 🪄 Version Line: MAIN — 🎧 Take: version 1
[DEBUG] status label set: 🪄 Version Line: MAIN — 🎧 Take: version 1
[DEBUG] Role 'my_custom_tag' assigned to commit f5f7aab685673ac8d7672f5991ca6b5e58f735a9
[DEBUG] Saved commit roles to /tmp/test_tagging_624fc3a589824e6dbd1ef294eb7922b4/.dawgit_roles.json
[DEBUG] Assigned role 'my_custom_tag' to commit f5f7aab685673ac8d7672f5991ca6b5e58f735a9
[DEBUG] Saved PROJECT_MARKER.json to /tmp/test_tagging_624fc3a589824e6dbd1ef294eb7922b4/PROJECT_MARKER.json
[DEBUG] Saved commit roles to /tmp/test_tagging_624fc3a589824e6dbd1ef294eb7922b4/.dawgit_roles.json
PASSED
tests_dawgit/test_commit_tagging.py::test_tag_custom_label_assigns_alt2 [DEBUG] No PROJECT_MARKER.json found — using defaults
[DEBUG] No commit role file found at /private/var/folders/yx/c_cp834d18v7ptq75l5x7twm0000gn/T/pytest-of-niccavendish/pytest-1/test_tag_custom_label_assigns_0/.dawgit_roles.json
❌ No Git repo loaded.
[DEBUG] Skipping QTimer.singleShot — parent not visible.
[WARNING] Stylesheet not loaded: [Errno 2] No such file or directory: 'styles/dawgit_styles.qss'
[DEBUG] Loaded project path: /private/var/folders/yx/c_cp834d18v7ptq75l5x7twm0000gn/T/pytest-of-niccavendish/pytest-1/test_tag_custom_label_assigns_0
[DEBUG] Calling GitProjectManager.init_repo()
[DEBUG] Initializing Git...
[DEBUG] Found DAW files: [PosixPath('/private/var/folders/yx/c_cp834d18v7ptq75l5x7twm0000gn/T/pytest-of-niccavendish/pytest-1/test_tag_custom_label_assigns_0/track.als')]
[DEBUG] Found existing Git repo at /private/var/folders/yx/c_cp834d18v7ptq75l5x7twm0000gn/T/pytest-of-niccavendish/pytest-1/test_tag_custom_label_assigns_0
✅ Saved last project path: /private/var/folders/yx/c_cp834d18v7ptq75l5x7twm0000gn/T/pytest-of-niccavendish/pytest-1/test_tag_custom_label_assigns_0
[DEBUG] No commit role file found at /private/var/folders/yx/c_cp834d18v7ptq75l5x7twm0000gn/T/pytest-of-niccavendish/pytest-1/test_tag_custom_label_assigns_0/.dawgit_roles.json
[DEBUG] status label set: 🪄 Version Line: MAIN — 🎧 Take: version 1
[DEBUG] Repo valid: True
[DEBUG] HEAD SHA: ca91fbb33a7e1af133fdfe1d0fdd899266a8c685
[DEBUG] Total commits: 1
[DEBUG] No commit role file found at /private/var/folders/yx/c_cp834d18v7ptq75l5x7twm0000gn/T/pytest-of-niccavendish/pytest-1/test_tag_custom_label_assigns_0/.dawgit_roles.json
[DEBUG] Selected row = 0, SHA = ca91fbb33a7e1af133fdfe1d0fdd899266a8c685
[DEBUG] ✅ SHA set from selected row: ca91fbb33a7e1af133fdfe1d0fdd899266a8c685
[DEBUG] status label set: 🪄 Version Line: MAIN — 🎧 Take: version 1
[DEBUG] No commit role file found at /private/var/folders/yx/c_cp834d18v7ptq75l5x7twm0000gn/T/pytest-of-niccavendish/pytest-1/test_tag_custom_label_assigns_0/.dawgit_roles.json
[DEBUG] Repo valid: True
[DEBUG] HEAD SHA: ca91fbb33a7e1af133fdfe1d0fdd899266a8c685
[DEBUG] Total commits: 1
[DEBUG] No commit role file found at /private/var/folders/yx/c_cp834d18v7ptq75l5x7twm0000gn/T/pytest-of-niccavendish/pytest-1/test_tag_custom_label_assigns_0/.dawgit_roles.json
[DEBUG] Selected row = 0, SHA = ca91fbb33a7e1af133fdfe1d0fdd899266a8c685
[DEBUG] ✅ SHA set from selected row: ca91fbb33a7e1af133fdfe1d0fdd899266a8c685
[DEBUG] status label set: 🪄 Version Line: MAIN — 🎧 Take: version 1
[DEBUG] status label set: 🪄 Version Line: MAIN — 🎧 Take: version 1
[DEBUG] Selected row = 0, SHA = ca91fbb33a7e1af133fdfe1d0fdd899266a8c685
[DEBUG] ✅ SHA set from selected row: ca91fbb33a7e1af133fdfe1d0fdd899266a8c685
[DEBUG] Role 'alt_2' assigned to commit ca91fbb33a7e1af133fdfe1d0fdd899266a8c685
[DEBUG] Saved commit roles to /private/var/folders/yx/c_cp834d18v7ptq75l5x7twm0000gn/T/pytest-of-niccavendish/pytest-1/test_tag_custom_label_assigns_0/.dawgit_roles.json
[DEBUG] Assigned role 'alt_2' to commit ca91fbb33a7e1af133fdfe1d0fdd899266a8c685
[DEBUG] Saved PROJECT_MARKER.json to /private/var/folders/yx/c_cp834d18v7ptq75l5x7twm0000gn/T/pytest-of-niccavendish/pytest-1/test_tag_custom_label_assigns_0/PROJECT_MARKER.json
[DEBUG] Saved commit roles to /private/var/folders/yx/c_cp834d18v7ptq75l5x7twm0000gn/T/pytest-of-niccavendish/pytest-1/test_tag_custom_label_assigns_0/.dawgit_roles.json
[STATUS] ✏️ Commit tagged as 'alt_2': ca91fbb
[DEBUG] DAWGIT_TEST_MODE active — running load_commit_history directly
[DEBUG] Repo valid: True
[DEBUG] HEAD SHA: ca91fbb33a7e1af133fdfe1d0fdd899266a8c685
[DEBUG] Total commits: 1
[DEBUG] Loaded commit roles from /private/var/folders/yx/c_cp834d18v7ptq75l5x7twm0000gn/T/pytest-of-niccavendish/pytest-1/test_tag_custom_label_assigns_0/.dawgit_roles.json
[DEBUG] Selected row = 0, SHA = ca91fbb33a7e1af133fdfe1d0fdd899266a8c685
[DEBUG] ✅ SHA set from selected row: ca91fbb33a7e1af133fdfe1d0fdd899266a8c685
[DEBUG] status label set: 🪄 Version Line: MAIN — 🎧 Take: version 1
PASSED

============================== 5 passed in 7.07s ===============================
============================= test session starts ==============================
platform darwin -- Python 3.12.3, pytest-8.3.5, pluggy-1.5.0 -- /Users/niccavendish/.pyenv/versions/3.12.3/bin/python3.12
cachedir: .pytest_cache
PyQt6 6.9.0 -- Qt runtime 6.9.0 -- Qt compiled 6.9.0
rootdir: /Users/niccavendish/Projects/DAWGitApp
configfile: pytest.ini
plugins: qt-4.4.0, env-1.1.5, timeout-2.4.0, rich-0.2.0
timeout: 10.0s
timeout method: signal
timeout func_only: False
collecting ... collected 5 items

tests_dawgit/test_commit_tagging.py::test_assign_commit_role_variants[Main Mix] [DEBUG] No PROJECT_MARKER.json found — using defaults
[DEBUG] No commit role file found at /tmp/test_tagging_5f7a051a6c8048e8b9a66111d7f8a7dd/.dawgit_roles.json
❌ No Git repo loaded.
[DEBUG] Skipping QTimer.singleShot — parent not visible.
[DEBUG] Loaded project path: /tmp/test_tagging_5f7a051a6c8048e8b9a66111d7f8a7dd
[DEBUG] Calling GitProjectManager.init_repo()
[DEBUG] Initializing Git...
[DEBUG] Found DAW files: [PosixPath('/tmp/test_tagging_5f7a051a6c8048e8b9a66111d7f8a7dd/track.als')]
[DEBUG] Found existing Git repo at /tmp/test_tagging_5f7a051a6c8048e8b9a66111d7f8a7dd
✅ Saved last project path: /tmp/test_tagging_5f7a051a6c8048e8b9a66111d7f8a7dd
[DEBUG] No commit role file found at /tmp/test_tagging_5f7a051a6c8048e8b9a66111d7f8a7dd/.dawgit_roles.json
[DEBUG] status label set: 🪄 Version Line: MAIN — 🎧 Take: version 1
[DEBUG] Repo valid: True
[DEBUG] HEAD SHA: 88be00741d3a771ab714195525bb576ff69e81f9
[DEBUG] Total commits: 1
[DEBUG] No commit role file found at /tmp/test_tagging_5f7a051a6c8048e8b9a66111d7f8a7dd/.dawgit_roles.json
[DEBUG] Selected row = 0, SHA = 88be00741d3a771ab714195525bb576ff69e81f9
[DEBUG] ✅ SHA set from selected row: 88be00741d3a771ab714195525bb576ff69e81f9
[DEBUG] status label set: 🪄 Version Line: MAIN — 🎧 Take: version 1
[DEBUG] No commit role file found at /tmp/test_tagging_5f7a051a6c8048e8b9a66111d7f8a7dd/.dawgit_roles.json
[DEBUG] Repo valid: True
[DEBUG] HEAD SHA: 88be00741d3a771ab714195525bb576ff69e81f9
[DEBUG] Total commits: 1
[DEBUG] No commit role file found at /tmp/test_tagging_5f7a051a6c8048e8b9a66111d7f8a7dd/.dawgit_roles.json
[DEBUG] Selected row = 0, SHA = 88be00741d3a771ab714195525bb576ff69e81f9
[DEBUG] ✅ SHA set from selected row: 88be00741d3a771ab714195525bb576ff69e81f9
[DEBUG] status label set: 🪄 Version Line: MAIN — 🎧 Take: version 1
[DEBUG] status label set: 🪄 Version Line: MAIN — 🎧 Take: version 1
[DEBUG] Role 'Main Mix' assigned to commit 88be00741d3a771ab714195525bb576ff69e81f9
[DEBUG] Saved commit roles to /tmp/test_tagging_5f7a051a6c8048e8b9a66111d7f8a7dd/.dawgit_roles.json
[DEBUG] Assigned role 'Main Mix' to commit 88be00741d3a771ab714195525bb576ff69e81f9
[DEBUG] Saved PROJECT_MARKER.json to /tmp/test_tagging_5f7a051a6c8048e8b9a66111d7f8a7dd/PROJECT_MARKER.json
[DEBUG] Saved commit roles to /tmp/test_tagging_5f7a051a6c8048e8b9a66111d7f8a7dd/.dawgit_roles.json
PASSED
tests_dawgit/test_commit_tagging.py::test_assign_commit_role_variants[creative_take] [DEBUG] No PROJECT_MARKER.json found — using defaults
[DEBUG] No commit role file found at /tmp/test_tagging_7ca45151e6e14e2bb7df31fe9fbffd7a/.dawgit_roles.json
❌ No Git repo loaded.
[DEBUG] Skipping QTimer.singleShot — parent not visible.
[WARNING] Stylesheet not loaded: [Errno 2] No such file or directory: 'styles/dawgit_styles.qss'
[DEBUG] Loaded project path: /tmp/test_tagging_7ca45151e6e14e2bb7df31fe9fbffd7a
[DEBUG] Calling GitProjectManager.init_repo()
[DEBUG] Initializing Git...
[DEBUG] Found DAW files: [PosixPath('/tmp/test_tagging_7ca45151e6e14e2bb7df31fe9fbffd7a/track.als')]
[DEBUG] Found existing Git repo at /tmp/test_tagging_7ca45151e6e14e2bb7df31fe9fbffd7a
✅ Saved last project path: /tmp/test_tagging_7ca45151e6e14e2bb7df31fe9fbffd7a
[DEBUG] No commit role file found at /tmp/test_tagging_7ca45151e6e14e2bb7df31fe9fbffd7a/.dawgit_roles.json
[DEBUG] status label set: 🪄 Version Line: MAIN — 🎧 Take: version 1
[DEBUG] Repo valid: True
[DEBUG] HEAD SHA: 45967f8806a9dbeab95501e39a7d9d72c0605677
[DEBUG] Total commits: 1
[DEBUG] No commit role file found at /tmp/test_tagging_7ca45151e6e14e2bb7df31fe9fbffd7a/.dawgit_roles.json
[DEBUG] Selected row = 0, SHA = 45967f8806a9dbeab95501e39a7d9d72c0605677
[DEBUG] ✅ SHA set from selected row: 45967f8806a9dbeab95501e39a7d9d72c0605677
[DEBUG] status label set: 🪄 Version Line: MAIN — 🎧 Take: version 1
[DEBUG] No commit role file found at /tmp/test_tagging_7ca45151e6e14e2bb7df31fe9fbffd7a/.dawgit_roles.json
[DEBUG] Repo valid: True
[DEBUG] HEAD SHA: 45967f8806a9dbeab95501e39a7d9d72c0605677
[DEBUG] Total commits: 1
[DEBUG] No commit role file found at /tmp/test_tagging_7ca45151e6e14e2bb7df31fe9fbffd7a/.dawgit_roles.json
[DEBUG] Selected row = 0, SHA = 45967f8806a9dbeab95501e39a7d9d72c0605677
[DEBUG] ✅ SHA set from selected row: 45967f8806a9dbeab95501e39a7d9d72c0605677
[DEBUG] status label set: 🪄 Version Line: MAIN — 🎧 Take: version 1
[DEBUG] status label set: 🪄 Version Line: MAIN — 🎧 Take: version 1
[DEBUG] Role 'creative_take' assigned to commit 45967f8806a9dbeab95501e39a7d9d72c0605677
[DEBUG] Saved commit roles to /tmp/test_tagging_7ca45151e6e14e2bb7df31fe9fbffd7a/.dawgit_roles.json
[DEBUG] Assigned role 'creative_take' to commit 45967f8806a9dbeab95501e39a7d9d72c0605677
[DEBUG] Saved PROJECT_MARKER.json to /tmp/test_tagging_7ca45151e6e14e2bb7df31fe9fbffd7a/PROJECT_MARKER.json
[DEBUG] Saved commit roles to /tmp/test_tagging_7ca45151e6e14e2bb7df31fe9fbffd7a/.dawgit_roles.json
PASSED
tests_dawgit/test_commit_tagging.py::test_assign_commit_role_variants[alt_mixdown] [DEBUG] No PROJECT_MARKER.json found — using defaults
[DEBUG] No commit role file found at /tmp/test_tagging_166befb772f04716bfa396a63483051d/.dawgit_roles.json
❌ No Git repo loaded.
[DEBUG] Skipping QTimer.singleShot — parent not visible.
[WARNING] Stylesheet not loaded: [Errno 2] No such file or directory: 'styles/dawgit_styles.qss'
[DEBUG] Loaded project path: /tmp/test_tagging_166befb772f04716bfa396a63483051d
[DEBUG] Calling GitProjectManager.init_repo()
[DEBUG] Initializing Git...
[DEBUG] Found DAW files: [PosixPath('/tmp/test_tagging_166befb772f04716bfa396a63483051d/track.als')]
[DEBUG] Found existing Git repo at /tmp/test_tagging_166befb772f04716bfa396a63483051d
✅ Saved last project path: /tmp/test_tagging_166befb772f04716bfa396a63483051d
[DEBUG] No commit role file found at /tmp/test_tagging_166befb772f04716bfa396a63483051d/.dawgit_roles.json
[DEBUG] status label set: 🪄 Version Line: MAIN — 🎧 Take: version 1
[DEBUG] Repo valid: True
[DEBUG] HEAD SHA: f5813b4e62659cae290c1b0655eb0b79e4935ef9
[DEBUG] Total commits: 1
[DEBUG] No commit role file found at /tmp/test_tagging_166befb772f04716bfa396a63483051d/.dawgit_roles.json
[DEBUG] Selected row = 0, SHA = f5813b4e62659cae290c1b0655eb0b79e4935ef9
[DEBUG] ✅ SHA set from selected row: f5813b4e62659cae290c1b0655eb0b79e4935ef9
[DEBUG] status label set: 🪄 Version Line: MAIN — 🎧 Take: version 1
[DEBUG] No commit role file found at /tmp/test_tagging_166befb772f04716bfa396a63483051d/.dawgit_roles.json
[DEBUG] Repo valid: True
[DEBUG] HEAD SHA: f5813b4e62659cae290c1b0655eb0b79e4935ef9
[DEBUG] Total commits: 1
[DEBUG] No commit role file found at /tmp/test_tagging_166befb772f04716bfa396a63483051d/.dawgit_roles.json
[DEBUG] Selected row = 0, SHA = f5813b4e62659cae290c1b0655eb0b79e4935ef9
[DEBUG] ✅ SHA set from selected row: f5813b4e62659cae290c1b0655eb0b79e4935ef9
[DEBUG] status label set: 🪄 Version Line: MAIN — 🎧 Take: version 1
[DEBUG] status label set: 🪄 Version Line: MAIN — 🎧 Take: version 1
[DEBUG] Role 'alt_mixdown' assigned to commit f5813b4e62659cae290c1b0655eb0b79e4935ef9
[DEBUG] Saved commit roles to /tmp/test_tagging_166befb772f04716bfa396a63483051d/.dawgit_roles.json
[DEBUG] Assigned role 'alt_mixdown' to commit f5813b4e62659cae290c1b0655eb0b79e4935ef9
[DEBUG] Saved PROJECT_MARKER.json to /tmp/test_tagging_166befb772f04716bfa396a63483051d/PROJECT_MARKER.json
[DEBUG] Saved commit roles to /tmp/test_tagging_166befb772f04716bfa396a63483051d/.dawgit_roles.json
PASSED
tests_dawgit/test_commit_tagging.py::test_assign_commit_role_variants[my_custom_tag] [DEBUG] No PROJECT_MARKER.json found — using defaults
[DEBUG] No commit role file found at /tmp/test_tagging_618f1e1755a841059d468038895e4e8b/.dawgit_roles.json
❌ No Git repo loaded.
[DEBUG] Skipping QTimer.singleShot — parent not visible.
[WARNING] Stylesheet not loaded: [Errno 2] No such file or directory: 'styles/dawgit_styles.qss'
[DEBUG] Loaded project path: /tmp/test_tagging_618f1e1755a841059d468038895e4e8b
[DEBUG] Calling GitProjectManager.init_repo()
[DEBUG] Initializing Git...
[DEBUG] Found DAW files: [PosixPath('/tmp/test_tagging_618f1e1755a841059d468038895e4e8b/track.als')]
[DEBUG] Found existing Git repo at /tmp/test_tagging_618f1e1755a841059d468038895e4e8b
✅ Saved last project path: /tmp/test_tagging_618f1e1755a841059d468038895e4e8b
[DEBUG] No commit role file found at /tmp/test_tagging_618f1e1755a841059d468038895e4e8b/.dawgit_roles.json
[DEBUG] status label set: 🪄 Version Line: MAIN — 🎧 Take: version 1
[DEBUG] Repo valid: True
[DEBUG] HEAD SHA: 6183b00e8bcec2ebdf57e9d62745419e06765288
[DEBUG] Total commits: 1
[DEBUG] No commit role file found at /tmp/test_tagging_618f1e1755a841059d468038895e4e8b/.dawgit_roles.json
[DEBUG] Selected row = 0, SHA = 6183b00e8bcec2ebdf57e9d62745419e06765288
[DEBUG] ✅ SHA set from selected row: 6183b00e8bcec2ebdf57e9d62745419e06765288
[DEBUG] status label set: 🪄 Version Line: MAIN — 🎧 Take: version 1
[DEBUG] No commit role file found at /tmp/test_tagging_618f1e1755a841059d468038895e4e8b/.dawgit_roles.json
[DEBUG] Repo valid: True
[DEBUG] HEAD SHA: 6183b00e8bcec2ebdf57e9d62745419e06765288
[DEBUG] Total commits: 1
[DEBUG] No commit role file found at /tmp/test_tagging_618f1e1755a841059d468038895e4e8b/.dawgit_roles.json
[DEBUG] Selected row = 0, SHA = 6183b00e8bcec2ebdf57e9d62745419e06765288
[DEBUG] ✅ SHA set from selected row: 6183b00e8bcec2ebdf57e9d62745419e06765288
[DEBUG] status label set: 🪄 Version Line: MAIN — 🎧 Take: version 1
[DEBUG] status label set: 🪄 Version Line: MAIN — 🎧 Take: version 1
[DEBUG] Role 'my_custom_tag' assigned to commit 6183b00e8bcec2ebdf57e9d62745419e06765288
[DEBUG] Saved commit roles to /tmp/test_tagging_618f1e1755a841059d468038895e4e8b/.dawgit_roles.json
[DEBUG] Assigned role 'my_custom_tag' to commit 6183b00e8bcec2ebdf57e9d62745419e06765288
[DEBUG] Saved PROJECT_MARKER.json to /tmp/test_tagging_618f1e1755a841059d468038895e4e8b/PROJECT_MARKER.json
[DEBUG] Saved commit roles to /tmp/test_tagging_618f1e1755a841059d468038895e4e8b/.dawgit_roles.json
PASSED
tests_dawgit/test_commit_tagging.py::test_tag_custom_label_assigns_alt2 [DEBUG] No PROJECT_MARKER.json found — using defaults
[DEBUG] No commit role file found at /private/var/folders/yx/c_cp834d18v7ptq75l5x7twm0000gn/T/pytest-of-niccavendish/pytest-0/test_tag_custom_label_assigns_0/.dawgit_roles.json
❌ No Git repo loaded.
[DEBUG] Skipping QTimer.singleShot — parent not visible.
[WARNING] Stylesheet not loaded: [Errno 2] No such file or directory: 'styles/dawgit_styles.qss'
[DEBUG] Loaded project path: /private/var/folders/yx/c_cp834d18v7ptq75l5x7twm0000gn/T/pytest-of-niccavendish/pytest-0/test_tag_custom_label_assigns_0
[DEBUG] Calling GitProjectManager.init_repo()
[DEBUG] Initializing Git...
[DEBUG] Found DAW files: [PosixPath('/private/var/folders/yx/c_cp834d18v7ptq75l5x7twm0000gn/T/pytest-of-niccavendish/pytest-0/test_tag_custom_label_assigns_0/track.als')]
[DEBUG] Found existing Git repo at /private/var/folders/yx/c_cp834d18v7ptq75l5x7twm0000gn/T/pytest-of-niccavendish/pytest-0/test_tag_custom_label_assigns_0
✅ Saved last project path: /private/var/folders/yx/c_cp834d18v7ptq75l5x7twm0000gn/T/pytest-of-niccavendish/pytest-0/test_tag_custom_label_assigns_0
[DEBUG] No commit role file found at /private/var/folders/yx/c_cp834d18v7ptq75l5x7twm0000gn/T/pytest-of-niccavendish/pytest-0/test_tag_custom_label_assigns_0/.dawgit_roles.json
[DEBUG] status label set: 🪄 Version Line: MAIN — 🎧 Take: version 1
[DEBUG] Repo valid: True
[DEBUG] HEAD SHA: c3f426fec4fa35a07fe80b3ed866ddb93aa00e7c
[DEBUG] Total commits: 1
[DEBUG] No commit role file found at /private/var/folders/yx/c_cp834d18v7ptq75l5x7twm0000gn/T/pytest-of-niccavendish/pytest-0/test_tag_custom_label_assigns_0/.dawgit_roles.json
[DEBUG] Selected row = 0, SHA = c3f426fec4fa35a07fe80b3ed866ddb93aa00e7c
[DEBUG] ✅ SHA set from selected row: c3f426fec4fa35a07fe80b3ed866ddb93aa00e7c
[DEBUG] status label set: 🪄 Version Line: MAIN — 🎧 Take: version 1
[DEBUG] No commit role file found at /private/var/folders/yx/c_cp834d18v7ptq75l5x7twm0000gn/T/pytest-of-niccavendish/pytest-0/test_tag_custom_label_assigns_0/.dawgit_roles.json
[DEBUG] Repo valid: True
[DEBUG] HEAD SHA: c3f426fec4fa35a07fe80b3ed866ddb93aa00e7c
[DEBUG] Total commits: 1
[DEBUG] No commit role file found at /private/var/folders/yx/c_cp834d18v7ptq75l5x7twm0000gn/T/pytest-of-niccavendish/pytest-0/test_tag_custom_label_assigns_0/.dawgit_roles.json
[DEBUG] Selected row = 0, SHA = c3f426fec4fa35a07fe80b3ed866ddb93aa00e7c
[DEBUG] ✅ SHA set from selected row: c3f426fec4fa35a07fe80b3ed866ddb93aa00e7c
[DEBUG] status label set: 🪄 Version Line: MAIN — 🎧 Take: version 1
[DEBUG] status label set: 🪄 Version Line: MAIN — 🎧 Take: version 1
[DEBUG] Selected row = 0, SHA = c3f426fec4fa35a07fe80b3ed866ddb93aa00e7c
[DEBUG] ✅ SHA set from selected row: c3f426fec4fa35a07fe80b3ed866ddb93aa00e7c
[DEBUG] Role 'alt_2' assigned to commit c3f426fec4fa35a07fe80b3ed866ddb93aa00e7c
[DEBUG] Saved commit roles to /private/var/folders/yx/c_cp834d18v7ptq75l5x7twm0000gn/T/pytest-of-niccavendish/pytest-0/test_tag_custom_label_assigns_0/.dawgit_roles.json
[DEBUG] Assigned role 'alt_2' to commit c3f426fec4fa35a07fe80b3ed866ddb93aa00e7c
[DEBUG] Saved PROJECT_MARKER.json to /private/var/folders/yx/c_cp834d18v7ptq75l5x7twm0000gn/T/pytest-of-niccavendish/pytest-0/test_tag_custom_label_assigns_0/PROJECT_MARKER.json
[DEBUG] Saved commit roles to /private/var/folders/yx/c_cp834d18v7ptq75l5x7twm0000gn/T/pytest-of-niccavendish/pytest-0/test_tag_custom_label_assigns_0/.dawgit_roles.json
[STATUS] ✏️ Commit tagged as 'alt_2': c3f426f
[DEBUG] DAWGIT_TEST_MODE active — running load_commit_history directly
[DEBUG] Repo valid: True
[DEBUG] HEAD SHA: c3f426fec4fa35a07fe80b3ed866ddb93aa00e7c
[DEBUG] Total commits: 1
[DEBUG] Loaded commit roles from /private/var/folders/yx/c_cp834d18v7ptq75l5x7twm0000gn/T/pytest-of-niccavendish/pytest-0/test_tag_custom_label_assigns_0/.dawgit_roles.json
[DEBUG] Selected row = 0, SHA = c3f426fec4fa35a07fe80b3ed866ddb93aa00e7c
[DEBUG] ✅ SHA set from selected row: c3f426fec4fa35a07fe80b3ed866ddb93aa00e7c
[DEBUG] status label set: 🪄 Version Line: MAIN — 🎧 Take: version 1
PASSED

============================== 5 passed in 7.33s ===============================
============================= test session starts ==============================
platform darwin -- Python 3.12.3, pytest-8.3.5, pluggy-1.5.0 -- /Users/niccavendish/.pyenv/versions/3.12.3/bin/python3.12
cachedir: .pytest_cache
PyQt6 6.9.0 -- Qt runtime 6.9.0 -- Qt compiled 6.9.0
rootdir: /Users/niccavendish/Projects/DAWGitApp
configfile: pytest.ini
plugins: qt-4.4.0, env-1.1.5, timeout-2.4.0, rich-0.2.0
timeout: 10.0s
timeout method: signal
timeout func_only: False
collecting ... collected 5 items

tests_dawgit/test_commit_tagging.py::test_assign_commit_role_variants[Main Mix] [DEBUG] No PROJECT_MARKER.json found — using defaults
[DEBUG] No commit role file found at /tmp/test_tagging_8f3e3ba90e9c4d739b6df784a8eab30f/.dawgit_roles.json
❌ No Git repo loaded.
[DEBUG] Skipping QTimer.singleShot — parent not visible.
[DEBUG] Loaded project path: /tmp/test_tagging_8f3e3ba90e9c4d739b6df784a8eab30f
[DEBUG] Calling GitProjectManager.init_repo()
[DEBUG] Initializing Git...
[DEBUG] Found DAW files: [PosixPath('/tmp/test_tagging_8f3e3ba90e9c4d739b6df784a8eab30f/track.als')]
[DEBUG] Found existing Git repo at /tmp/test_tagging_8f3e3ba90e9c4d739b6df784a8eab30f
✅ Saved last project path: /tmp/test_tagging_8f3e3ba90e9c4d739b6df784a8eab30f
[DEBUG] No commit role file found at /tmp/test_tagging_8f3e3ba90e9c4d739b6df784a8eab30f/.dawgit_roles.json
[DEBUG] status label set: 🪄 Version Line: MAIN — 🎧 Take: version 1
[DEBUG] Repo valid: True
[DEBUG] HEAD SHA: badbe84e4e7032ad528f589d96adbf9f1b8ba1f4
[DEBUG] Total commits: 1
[DEBUG] No commit role file found at /tmp/test_tagging_8f3e3ba90e9c4d739b6df784a8eab30f/.dawgit_roles.json
[DEBUG] Selected row = 0, SHA = badbe84e4e7032ad528f589d96adbf9f1b8ba1f4
[DEBUG] ✅ SHA set from selected row: badbe84e4e7032ad528f589d96adbf9f1b8ba1f4
[DEBUG] status label set: 🪄 Version Line: MAIN — 🎧 Take: version 1
[DEBUG] No commit role file found at /tmp/test_tagging_8f3e3ba90e9c4d739b6df784a8eab30f/.dawgit_roles.json
[DEBUG] Repo valid: True
[DEBUG] HEAD SHA: badbe84e4e7032ad528f589d96adbf9f1b8ba1f4
[DEBUG] Total commits: 1
[DEBUG] No commit role file found at /tmp/test_tagging_8f3e3ba90e9c4d739b6df784a8eab30f/.dawgit_roles.json
[DEBUG] Selected row = 0, SHA = badbe84e4e7032ad528f589d96adbf9f1b8ba1f4
[DEBUG] ✅ SHA set from selected row: badbe84e4e7032ad528f589d96adbf9f1b8ba1f4
[DEBUG] status label set: 🪄 Version Line: MAIN — 🎧 Take: version 1
[DEBUG] status label set: 🪄 Version Line: MAIN — 🎧 Take: version 1
[DEBUG] Role 'Main Mix' assigned to commit badbe84e4e7032ad528f589d96adbf9f1b8ba1f4
[DEBUG] Saved commit roles to /tmp/test_tagging_8f3e3ba90e9c4d739b6df784a8eab30f/.dawgit_roles.json
[DEBUG] Assigned role 'Main Mix' to commit badbe84e4e7032ad528f589d96adbf9f1b8ba1f4
[DEBUG] Saved PROJECT_MARKER.json to /tmp/test_tagging_8f3e3ba90e9c4d739b6df784a8eab30f/PROJECT_MARKER.json
[DEBUG] Saved commit roles to /tmp/test_tagging_8f3e3ba90e9c4d739b6df784a8eab30f/.dawgit_roles.json
PASSED
tests_dawgit/test_commit_tagging.py::test_assign_commit_role_variants[creative_take] [DEBUG] No PROJECT_MARKER.json found — using defaults
[DEBUG] No commit role file found at /tmp/test_tagging_a423d75a90cf4a0f9d4b327ee2bf7967/.dawgit_roles.json
❌ No Git repo loaded.
[DEBUG] Skipping QTimer.singleShot — parent not visible.
[WARNING] Stylesheet not loaded: [Errno 2] No such file or directory: 'styles/dawgit_styles.qss'
[DEBUG] Loaded project path: /tmp/test_tagging_a423d75a90cf4a0f9d4b327ee2bf7967
[DEBUG] Calling GitProjectManager.init_repo()
[DEBUG] Initializing Git...
[DEBUG] Found DAW files: [PosixPath('/tmp/test_tagging_a423d75a90cf4a0f9d4b327ee2bf7967/track.als')]
[DEBUG] Found existing Git repo at /tmp/test_tagging_a423d75a90cf4a0f9d4b327ee2bf7967
✅ Saved last project path: /tmp/test_tagging_a423d75a90cf4a0f9d4b327ee2bf7967
[DEBUG] No commit role file found at /tmp/test_tagging_a423d75a90cf4a0f9d4b327ee2bf7967/.dawgit_roles.json
[DEBUG] status label set: 🪄 Version Line: MAIN — 🎧 Take: version 1
[DEBUG] Repo valid: True
[DEBUG] HEAD SHA: 929652901b7e7856e647131527b24c8a55ae73b9
[DEBUG] Total commits: 1
[DEBUG] No commit role file found at /tmp/test_tagging_a423d75a90cf4a0f9d4b327ee2bf7967/.dawgit_roles.json
[DEBUG] Selected row = 0, SHA = 929652901b7e7856e647131527b24c8a55ae73b9
[DEBUG] ✅ SHA set from selected row: 929652901b7e7856e647131527b24c8a55ae73b9
[DEBUG] status label set: 🪄 Version Line: MAIN — 🎧 Take: version 1
[DEBUG] No commit role file found at /tmp/test_tagging_a423d75a90cf4a0f9d4b327ee2bf7967/.dawgit_roles.json
[DEBUG] Repo valid: True
[DEBUG] HEAD SHA: 929652901b7e7856e647131527b24c8a55ae73b9
[DEBUG] Total commits: 1
[DEBUG] No commit role file found at /tmp/test_tagging_a423d75a90cf4a0f9d4b327ee2bf7967/.dawgit_roles.json
[DEBUG] Selected row = 0, SHA = 929652901b7e7856e647131527b24c8a55ae73b9
[DEBUG] ✅ SHA set from selected row: 929652901b7e7856e647131527b24c8a55ae73b9
[DEBUG] status label set: 🪄 Version Line: MAIN — 🎧 Take: version 1
[DEBUG] status label set: 🪄 Version Line: MAIN — 🎧 Take: version 1
[DEBUG] Role 'creative_take' assigned to commit 929652901b7e7856e647131527b24c8a55ae73b9
[DEBUG] Saved commit roles to /tmp/test_tagging_a423d75a90cf4a0f9d4b327ee2bf7967/.dawgit_roles.json
[DEBUG] Assigned role 'creative_take' to commit 929652901b7e7856e647131527b24c8a55ae73b9
[DEBUG] Saved PROJECT_MARKER.json to /tmp/test_tagging_a423d75a90cf4a0f9d4b327ee2bf7967/PROJECT_MARKER.json
[DEBUG] Saved commit roles to /tmp/test_tagging_a423d75a90cf4a0f9d4b327ee2bf7967/.dawgit_roles.json
PASSED
tests_dawgit/test_commit_tagging.py::test_assign_commit_role_variants[alt_mixdown] [DEBUG] No PROJECT_MARKER.json found — using defaults
[DEBUG] No commit role file found at /tmp/test_tagging_d7c13f93d1a44b1bbf79d9639c89800c/.dawgit_roles.json
❌ No Git repo loaded.
[DEBUG] Skipping QTimer.singleShot — parent not visible.
[WARNING] Stylesheet not loaded: [Errno 2] No such file or directory: 'styles/dawgit_styles.qss'
[DEBUG] Loaded project path: /tmp/test_tagging_d7c13f93d1a44b1bbf79d9639c89800c
[DEBUG] Calling GitProjectManager.init_repo()
[DEBUG] Initializing Git...
[DEBUG] Found DAW files: [PosixPath('/tmp/test_tagging_d7c13f93d1a44b1bbf79d9639c89800c/track.als')]
[DEBUG] Found existing Git repo at /tmp/test_tagging_d7c13f93d1a44b1bbf79d9639c89800c
✅ Saved last project path: /tmp/test_tagging_d7c13f93d1a44b1bbf79d9639c89800c
[DEBUG] No commit role file found at /tmp/test_tagging_d7c13f93d1a44b1bbf79d9639c89800c/.dawgit_roles.json
[DEBUG] status label set: 🪄 Version Line: MAIN — 🎧 Take: version 1
[DEBUG] Repo valid: True
[DEBUG] HEAD SHA: a9bf3024bc53fbe0482ec16d5e4837a259a59aa3
[DEBUG] Total commits: 1
[DEBUG] No commit role file found at /tmp/test_tagging_d7c13f93d1a44b1bbf79d9639c89800c/.dawgit_roles.json
[DEBUG] Selected row = 0, SHA = a9bf3024bc53fbe0482ec16d5e4837a259a59aa3
[DEBUG] ✅ SHA set from selected row: a9bf3024bc53fbe0482ec16d5e4837a259a59aa3
[DEBUG] status label set: 🪄 Version Line: MAIN — 🎧 Take: version 1
[DEBUG] No commit role file found at /tmp/test_tagging_d7c13f93d1a44b1bbf79d9639c89800c/.dawgit_roles.json
[DEBUG] Repo valid: True
[DEBUG] HEAD SHA: a9bf3024bc53fbe0482ec16d5e4837a259a59aa3
[DEBUG] Total commits: 1
[DEBUG] No commit role file found at /tmp/test_tagging_d7c13f93d1a44b1bbf79d9639c89800c/.dawgit_roles.json
[DEBUG] Selected row = 0, SHA = a9bf3024bc53fbe0482ec16d5e4837a259a59aa3
[DEBUG] ✅ SHA set from selected row: a9bf3024bc53fbe0482ec16d5e4837a259a59aa3
[DEBUG] status label set: 🪄 Version Line: MAIN — 🎧 Take: version 1
[DEBUG] status label set: 🪄 Version Line: MAIN — 🎧 Take: version 1
[DEBUG] Role 'alt_mixdown' assigned to commit a9bf3024bc53fbe0482ec16d5e4837a259a59aa3
[DEBUG] Saved commit roles to /tmp/test_tagging_d7c13f93d1a44b1bbf79d9639c89800c/.dawgit_roles.json
[DEBUG] Assigned role 'alt_mixdown' to commit a9bf3024bc53fbe0482ec16d5e4837a259a59aa3
[DEBUG] Saved PROJECT_MARKER.json to /tmp/test_tagging_d7c13f93d1a44b1bbf79d9639c89800c/PROJECT_MARKER.json
[DEBUG] Saved commit roles to /tmp/test_tagging_d7c13f93d1a44b1bbf79d9639c89800c/.dawgit_roles.json
PASSED
tests_dawgit/test_commit_tagging.py::test_assign_commit_role_variants[my_custom_tag] [DEBUG] No PROJECT_MARKER.json found — using defaults
[DEBUG] No commit role file found at /tmp/test_tagging_6828815b1d034cb4a47711a946d332dc/.dawgit_roles.json
❌ No Git repo loaded.
[DEBUG] Skipping QTimer.singleShot — parent not visible.
[WARNING] Stylesheet not loaded: [Errno 2] No such file or directory: 'styles/dawgit_styles.qss'
[DEBUG] Loaded project path: /tmp/test_tagging_6828815b1d034cb4a47711a946d332dc
[DEBUG] Calling GitProjectManager.init_repo()
[DEBUG] Initializing Git...
[DEBUG] Found DAW files: [PosixPath('/tmp/test_tagging_6828815b1d034cb4a47711a946d332dc/track.als')]
[DEBUG] Found existing Git repo at /tmp/test_tagging_6828815b1d034cb4a47711a946d332dc
✅ Saved last project path: /tmp/test_tagging_6828815b1d034cb4a47711a946d332dc
[DEBUG] No commit role file found at /tmp/test_tagging_6828815b1d034cb4a47711a946d332dc/.dawgit_roles.json
[DEBUG] status label set: 🪄 Version Line: MAIN — 🎧 Take: version 1
[DEBUG] Repo valid: True
[DEBUG] HEAD SHA: 901ea19b75b8f6c9e08c2c9c95dd050ab6a285a1
[DEBUG] Total commits: 1
[DEBUG] No commit role file found at /tmp/test_tagging_6828815b1d034cb4a47711a946d332dc/.dawgit_roles.json
[DEBUG] Selected row = 0, SHA = 901ea19b75b8f6c9e08c2c9c95dd050ab6a285a1
[DEBUG] ✅ SHA set from selected row: 901ea19b75b8f6c9e08c2c9c95dd050ab6a285a1
[DEBUG] status label set: 🪄 Version Line: MAIN — 🎧 Take: version 1
[DEBUG] No commit role file found at /tmp/test_tagging_6828815b1d034cb4a47711a946d332dc/.dawgit_roles.json
[DEBUG] Repo valid: True
[DEBUG] HEAD SHA: 901ea19b75b8f6c9e08c2c9c95dd050ab6a285a1
[DEBUG] Total commits: 1
[DEBUG] No commit role file found at /tmp/test_tagging_6828815b1d034cb4a47711a946d332dc/.dawgit_roles.json
[DEBUG] Selected row = 0, SHA = 901ea19b75b8f6c9e08c2c9c95dd050ab6a285a1
[DEBUG] ✅ SHA set from selected row: 901ea19b75b8f6c9e08c2c9c95dd050ab6a285a1
[DEBUG] status label set: 🪄 Version Line: MAIN — 🎧 Take: version 1
[DEBUG] status label set: 🪄 Version Line: MAIN — 🎧 Take: version 1
[DEBUG] Role 'my_custom_tag' assigned to commit 901ea19b75b8f6c9e08c2c9c95dd050ab6a285a1
[DEBUG] Saved commit roles to /tmp/test_tagging_6828815b1d034cb4a47711a946d332dc/.dawgit_roles.json
[DEBUG] Assigned role 'my_custom_tag' to commit 901ea19b75b8f6c9e08c2c9c95dd050ab6a285a1
[DEBUG] Saved PROJECT_MARKER.json to /tmp/test_tagging_6828815b1d034cb4a47711a946d332dc/PROJECT_MARKER.json
[DEBUG] Saved commit roles to /tmp/test_tagging_6828815b1d034cb4a47711a946d332dc/.dawgit_roles.json
PASSED
tests_dawgit/test_commit_tagging.py::test_tag_custom_label_assigns_alt2 [DEBUG] No PROJECT_MARKER.json found — using defaults
[DEBUG] No commit role file found at /private/var/folders/yx/c_cp834d18v7ptq75l5x7twm0000gn/T/pytest-of-niccavendish/pytest-1/test_tag_custom_label_assigns_0/.dawgit_roles.json
❌ No Git repo loaded.
[DEBUG] Skipping QTimer.singleShot — parent not visible.
[WARNING] Stylesheet not loaded: [Errno 2] No such file or directory: 'styles/dawgit_styles.qss'
[DEBUG] Loaded project path: /private/var/folders/yx/c_cp834d18v7ptq75l5x7twm0000gn/T/pytest-of-niccavendish/pytest-1/test_tag_custom_label_assigns_0
[DEBUG] Calling GitProjectManager.init_repo()
[DEBUG] Initializing Git...
[DEBUG] Found DAW files: [PosixPath('/private/var/folders/yx/c_cp834d18v7ptq75l5x7twm0000gn/T/pytest-of-niccavendish/pytest-1/test_tag_custom_label_assigns_0/track.als')]
[DEBUG] Found existing Git repo at /private/var/folders/yx/c_cp834d18v7ptq75l5x7twm0000gn/T/pytest-of-niccavendish/pytest-1/test_tag_custom_label_assigns_0
✅ Saved last project path: /private/var/folders/yx/c_cp834d18v7ptq75l5x7twm0000gn/T/pytest-of-niccavendish/pytest-1/test_tag_custom_label_assigns_0
[DEBUG] No commit role file found at /private/var/folders/yx/c_cp834d18v7ptq75l5x7twm0000gn/T/pytest-of-niccavendish/pytest-1/test_tag_custom_label_assigns_0/.dawgit_roles.json
[DEBUG] status label set: 🪄 Version Line: MAIN — 🎧 Take: version 1
[DEBUG] Repo valid: True
[DEBUG] HEAD SHA: f4897384fc52b471a541970871a961198c8ccf51
[DEBUG] Total commits: 1
[DEBUG] No commit role file found at /private/var/folders/yx/c_cp834d18v7ptq75l5x7twm0000gn/T/pytest-of-niccavendish/pytest-1/test_tag_custom_label_assigns_0/.dawgit_roles.json
[DEBUG] Selected row = 0, SHA = f4897384fc52b471a541970871a961198c8ccf51
[DEBUG] ✅ SHA set from selected row: f4897384fc52b471a541970871a961198c8ccf51
[DEBUG] status label set: 🪄 Version Line: MAIN — 🎧 Take: version 1
[DEBUG] No commit role file found at /private/var/folders/yx/c_cp834d18v7ptq75l5x7twm0000gn/T/pytest-of-niccavendish/pytest-1/test_tag_custom_label_assigns_0/.dawgit_roles.json
[DEBUG] Repo valid: True
[DEBUG] HEAD SHA: f4897384fc52b471a541970871a961198c8ccf51
[DEBUG] Total commits: 1
[DEBUG] No commit role file found at /private/var/folders/yx/c_cp834d18v7ptq75l5x7twm0000gn/T/pytest-of-niccavendish/pytest-1/test_tag_custom_label_assigns_0/.dawgit_roles.json
[DEBUG] Selected row = 0, SHA = f4897384fc52b471a541970871a961198c8ccf51
[DEBUG] ✅ SHA set from selected row: f4897384fc52b471a541970871a961198c8ccf51
[DEBUG] status label set: 🪄 Version Line: MAIN — 🎧 Take: version 1
[DEBUG] status label set: 🪄 Version Line: MAIN — 🎧 Take: version 1
[DEBUG] Selected row = 0, SHA = f4897384fc52b471a541970871a961198c8ccf51
[DEBUG] ✅ SHA set from selected row: f4897384fc52b471a541970871a961198c8ccf51
[DEBUG] Role 'alt_2' assigned to commit f4897384fc52b471a541970871a961198c8ccf51
[DEBUG] Saved commit roles to /private/var/folders/yx/c_cp834d18v7ptq75l5x7twm0000gn/T/pytest-of-niccavendish/pytest-1/test_tag_custom_label_assigns_0/.dawgit_roles.json
[DEBUG] Assigned role 'alt_2' to commit f4897384fc52b471a541970871a961198c8ccf51
[DEBUG] Saved PROJECT_MARKER.json to /private/var/folders/yx/c_cp834d18v7ptq75l5x7twm0000gn/T/pytest-of-niccavendish/pytest-1/test_tag_custom_label_assigns_0/PROJECT_MARKER.json
[DEBUG] Saved commit roles to /private/var/folders/yx/c_cp834d18v7ptq75l5x7twm0000gn/T/pytest-of-niccavendish/pytest-1/test_tag_custom_label_assigns_0/.dawgit_roles.json
[STATUS] ✏️ Commit tagged as 'alt_2': f489738
[DEBUG] DAWGIT_TEST_MODE active — running load_commit_history directly
[DEBUG] Repo valid: True
[DEBUG] HEAD SHA: f4897384fc52b471a541970871a961198c8ccf51
[DEBUG] Total commits: 1
[DEBUG] Loaded commit roles from /private/var/folders/yx/c_cp834d18v7ptq75l5x7twm0000gn/T/pytest-of-niccavendish/pytest-1/test_tag_custom_label_assigns_0/.dawgit_roles.json
[DEBUG] Selected row = 0, SHA = f4897384fc52b471a541970871a961198c8ccf51
[DEBUG] ✅ SHA set from selected row: f4897384fc52b471a541970871a961198c8ccf51
[DEBUG] status label set: 🪄 Version Line: MAIN — 🎧 Take: version 1
PASSED

============================== 5 passed in 7.67s ===============================
============================= test session starts ==============================
platform darwin -- Python 3.12.3, pytest-8.3.5, pluggy-1.5.0 -- /Users/niccavendish/.pyenv/versions/3.12.3/bin/python3.12
cachedir: .pytest_cache
PyQt6 6.9.0 -- Qt runtime 6.9.0 -- Qt compiled 6.9.0
rootdir: /Users/niccavendish/Projects/DAWGitApp
configfile: pytest.ini
plugins: qt-4.4.0, env-1.1.5, timeout-2.4.0, rich-0.2.0
timeout: 10.0s
timeout method: signal
timeout func_only: False
collecting ... collected 5 items

tests_dawgit/test_commit_tagging.py::test_assign_commit_role_variants[Main Mix] [DEBUG] No PROJECT_MARKER.json found — using defaults
[DEBUG] No commit role file found at /tmp/test_tagging_ff37bd516c764e59b43725f484999d74/.dawgit_roles.json
❌ No Git repo loaded.
[DEBUG] Skipping QTimer.singleShot — parent not visible.
[DEBUG] Loaded project path: /tmp/test_tagging_ff37bd516c764e59b43725f484999d74
[DEBUG] Calling GitProjectManager.init_repo()
[DEBUG] Initializing Git...
[DEBUG] Found DAW files: [PosixPath('/tmp/test_tagging_ff37bd516c764e59b43725f484999d74/track.als')]
[DEBUG] Found existing Git repo at /tmp/test_tagging_ff37bd516c764e59b43725f484999d74
✅ Saved last project path: /tmp/test_tagging_ff37bd516c764e59b43725f484999d74
[DEBUG] No commit role file found at /tmp/test_tagging_ff37bd516c764e59b43725f484999d74/.dawgit_roles.json
[DEBUG] status label set: 🪄 Version Line: MAIN — 🎧 Take: version 1
[DEBUG] Repo valid: True
[DEBUG] HEAD SHA: efa14ce1e3637364d60cdfb5714967a49bc7e243
[DEBUG] Total commits: 1
[DEBUG] No commit role file found at /tmp/test_tagging_ff37bd516c764e59b43725f484999d74/.dawgit_roles.json
[DEBUG] Selected row = 0, SHA = efa14ce1e3637364d60cdfb5714967a49bc7e243
[DEBUG] ✅ SHA set from selected row: efa14ce1e3637364d60cdfb5714967a49bc7e243
[DEBUG] status label set: 🪄 Version Line: MAIN — 🎧 Take: version 1
[DEBUG] No commit role file found at /tmp/test_tagging_ff37bd516c764e59b43725f484999d74/.dawgit_roles.json
[DEBUG] Repo valid: True
[DEBUG] HEAD SHA: efa14ce1e3637364d60cdfb5714967a49bc7e243
[DEBUG] Total commits: 1
[DEBUG] No commit role file found at /tmp/test_tagging_ff37bd516c764e59b43725f484999d74/.dawgit_roles.json
[DEBUG] Selected row = 0, SHA = efa14ce1e3637364d60cdfb5714967a49bc7e243
[DEBUG] ✅ SHA set from selected row: efa14ce1e3637364d60cdfb5714967a49bc7e243
[DEBUG] status label set: 🪄 Version Line: MAIN — 🎧 Take: version 1
[DEBUG] status label set: 🪄 Version Line: MAIN — 🎧 Take: version 1
[DEBUG] Role 'Main Mix' assigned to commit efa14ce1e3637364d60cdfb5714967a49bc7e243
[DEBUG] Saved commit roles to /tmp/test_tagging_ff37bd516c764e59b43725f484999d74/.dawgit_roles.json
[DEBUG] Assigned role 'Main Mix' to commit efa14ce1e3637364d60cdfb5714967a49bc7e243
[DEBUG] Saved PROJECT_MARKER.json to /tmp/test_tagging_ff37bd516c764e59b43725f484999d74/PROJECT_MARKER.json
[DEBUG] Saved commit roles to /tmp/test_tagging_ff37bd516c764e59b43725f484999d74/.dawgit_roles.json
PASSED
tests_dawgit/test_commit_tagging.py::test_assign_commit_role_variants[creative_take] [DEBUG] No PROJECT_MARKER.json found — using defaults
[DEBUG] No commit role file found at /tmp/test_tagging_2884abb59c7042c3927a51cb8c4054e8/.dawgit_roles.json
❌ No Git repo loaded.
[DEBUG] Skipping QTimer.singleShot — parent not visible.
[WARNING] Stylesheet not loaded: [Errno 2] No such file or directory: 'styles/dawgit_styles.qss'
[DEBUG] Loaded project path: /tmp/test_tagging_2884abb59c7042c3927a51cb8c4054e8
[DEBUG] Calling GitProjectManager.init_repo()
[DEBUG] Initializing Git...
[DEBUG] Found DAW files: [PosixPath('/tmp/test_tagging_2884abb59c7042c3927a51cb8c4054e8/track.als')]
[DEBUG] Found existing Git repo at /tmp/test_tagging_2884abb59c7042c3927a51cb8c4054e8
✅ Saved last project path: /tmp/test_tagging_2884abb59c7042c3927a51cb8c4054e8
[DEBUG] No commit role file found at /tmp/test_tagging_2884abb59c7042c3927a51cb8c4054e8/.dawgit_roles.json
[DEBUG] status label set: 🪄 Version Line: MAIN — 🎧 Take: version 1
[DEBUG] Repo valid: True
[DEBUG] HEAD SHA: b393751ce42706a9c41a3689c939436c2d2d745a
[DEBUG] Total commits: 1
[DEBUG] No commit role file found at /tmp/test_tagging_2884abb59c7042c3927a51cb8c4054e8/.dawgit_roles.json
[DEBUG] Selected row = 0, SHA = b393751ce42706a9c41a3689c939436c2d2d745a
[DEBUG] ✅ SHA set from selected row: b393751ce42706a9c41a3689c939436c2d2d745a
[DEBUG] status label set: 🪄 Version Line: MAIN — 🎧 Take: version 1
[DEBUG] No commit role file found at /tmp/test_tagging_2884abb59c7042c3927a51cb8c4054e8/.dawgit_roles.json
[DEBUG] Repo valid: True
[DEBUG] HEAD SHA: b393751ce42706a9c41a3689c939436c2d2d745a
[DEBUG] Total commits: 1
[DEBUG] No commit role file found at /tmp/test_tagging_2884abb59c7042c3927a51cb8c4054e8/.dawgit_roles.json
[DEBUG] Selected row = 0, SHA = b393751ce42706a9c41a3689c939436c2d2d745a
[DEBUG] ✅ SHA set from selected row: b393751ce42706a9c41a3689c939436c2d2d745a
[DEBUG] status label set: 🪄 Version Line: MAIN — 🎧 Take: version 1
[DEBUG] status label set: 🪄 Version Line: MAIN — 🎧 Take: version 1
[DEBUG] Role 'creative_take' assigned to commit b393751ce42706a9c41a3689c939436c2d2d745a
[DEBUG] Saved commit roles to /tmp/test_tagging_2884abb59c7042c3927a51cb8c4054e8/.dawgit_roles.json
[DEBUG] Assigned role 'creative_take' to commit b393751ce42706a9c41a3689c939436c2d2d745a
[DEBUG] Saved PROJECT_MARKER.json to /tmp/test_tagging_2884abb59c7042c3927a51cb8c4054e8/PROJECT_MARKER.json
[DEBUG] Saved commit roles to /tmp/test_tagging_2884abb59c7042c3927a51cb8c4054e8/.dawgit_roles.json
PASSED
tests_dawgit/test_commit_tagging.py::test_assign_commit_role_variants[alt_mixdown] [DEBUG] No PROJECT_MARKER.json found — using defaults
[DEBUG] No commit role file found at /tmp/test_tagging_f751d890ce394e788998e4c0f4634e3c/.dawgit_roles.json
❌ No Git repo loaded.
[DEBUG] Skipping QTimer.singleShot — parent not visible.
[WARNING] Stylesheet not loaded: [Errno 2] No such file or directory: 'styles/dawgit_styles.qss'
[DEBUG] Loaded project path: /tmp/test_tagging_f751d890ce394e788998e4c0f4634e3c
[DEBUG] Calling GitProjectManager.init_repo()
[DEBUG] Initializing Git...
[DEBUG] Found DAW files: [PosixPath('/tmp/test_tagging_f751d890ce394e788998e4c0f4634e3c/track.als')]
[DEBUG] Found existing Git repo at /tmp/test_tagging_f751d890ce394e788998e4c0f4634e3c
✅ Saved last project path: /tmp/test_tagging_f751d890ce394e788998e4c0f4634e3c
[DEBUG] No commit role file found at /tmp/test_tagging_f751d890ce394e788998e4c0f4634e3c/.dawgit_roles.json
[DEBUG] status label set: 🪄 Version Line: MAIN — 🎧 Take: version 1
[DEBUG] Repo valid: True
[DEBUG] HEAD SHA: 4773c32763f062026c456be34e5be30970b4a7d4
[DEBUG] Total commits: 1
[DEBUG] No commit role file found at /tmp/test_tagging_f751d890ce394e788998e4c0f4634e3c/.dawgit_roles.json
[DEBUG] Selected row = 0, SHA = 4773c32763f062026c456be34e5be30970b4a7d4
[DEBUG] ✅ SHA set from selected row: 4773c32763f062026c456be34e5be30970b4a7d4
[DEBUG] status label set: 🪄 Version Line: MAIN — 🎧 Take: version 1
[DEBUG] No commit role file found at /tmp/test_tagging_f751d890ce394e788998e4c0f4634e3c/.dawgit_roles.json
[DEBUG] Repo valid: True
[DEBUG] HEAD SHA: 4773c32763f062026c456be34e5be30970b4a7d4
[DEBUG] Total commits: 1
[DEBUG] No commit role file found at /tmp/test_tagging_f751d890ce394e788998e4c0f4634e3c/.dawgit_roles.json
[DEBUG] Selected row = 0, SHA = 4773c32763f062026c456be34e5be30970b4a7d4
[DEBUG] ✅ SHA set from selected row: 4773c32763f062026c456be34e5be30970b4a7d4
[DEBUG] status label set: 🪄 Version Line: MAIN — 🎧 Take: version 1
[DEBUG] status label set: 🪄 Version Line: MAIN — 🎧 Take: version 1
[DEBUG] Role 'alt_mixdown' assigned to commit 4773c32763f062026c456be34e5be30970b4a7d4
[DEBUG] Saved commit roles to /tmp/test_tagging_f751d890ce394e788998e4c0f4634e3c/.dawgit_roles.json
[DEBUG] Assigned role 'alt_mixdown' to commit 4773c32763f062026c456be34e5be30970b4a7d4
[DEBUG] Saved PROJECT_MARKER.json to /tmp/test_tagging_f751d890ce394e788998e4c0f4634e3c/PROJECT_MARKER.json
[DEBUG] Saved commit roles to /tmp/test_tagging_f751d890ce394e788998e4c0f4634e3c/.dawgit_roles.json
PASSED
tests_dawgit/test_commit_tagging.py::test_assign_commit_role_variants[my_custom_tag] [DEBUG] No PROJECT_MARKER.json found — using defaults
[DEBUG] No commit role file found at /tmp/test_tagging_0c2a905720a449d191886b78d773da66/.dawgit_roles.json
❌ No Git repo loaded.
[DEBUG] Skipping QTimer.singleShot — parent not visible.
[WARNING] Stylesheet not loaded: [Errno 2] No such file or directory: 'styles/dawgit_styles.qss'
[DEBUG] Loaded project path: /tmp/test_tagging_0c2a905720a449d191886b78d773da66
[DEBUG] Calling GitProjectManager.init_repo()
[DEBUG] Initializing Git...
[DEBUG] Found DAW files: [PosixPath('/tmp/test_tagging_0c2a905720a449d191886b78d773da66/track.als')]
[DEBUG] Found existing Git repo at /tmp/test_tagging_0c2a905720a449d191886b78d773da66
✅ Saved last project path: /tmp/test_tagging_0c2a905720a449d191886b78d773da66
[DEBUG] No commit role file found at /tmp/test_tagging_0c2a905720a449d191886b78d773da66/.dawgit_roles.json
[DEBUG] status label set: 🪄 Version Line: MAIN — 🎧 Take: version 1
[DEBUG] Repo valid: True
[DEBUG] HEAD SHA: 805349a3c65a4fcc03a80724ea13300ecb575e1e
[DEBUG] Total commits: 1
[DEBUG] No commit role file found at /tmp/test_tagging_0c2a905720a449d191886b78d773da66/.dawgit_roles.json
[DEBUG] Selected row = 0, SHA = 805349a3c65a4fcc03a80724ea13300ecb575e1e
[DEBUG] ✅ SHA set from selected row: 805349a3c65a4fcc03a80724ea13300ecb575e1e
[DEBUG] status label set: 🪄 Version Line: MAIN — 🎧 Take: version 1
[DEBUG] No commit role file found at /tmp/test_tagging_0c2a905720a449d191886b78d773da66/.dawgit_roles.json
[DEBUG] Repo valid: True
[DEBUG] HEAD SHA: 805349a3c65a4fcc03a80724ea13300ecb575e1e
[DEBUG] Total commits: 1
[DEBUG] No commit role file found at /tmp/test_tagging_0c2a905720a449d191886b78d773da66/.dawgit_roles.json
[DEBUG] Selected row = 0, SHA = 805349a3c65a4fcc03a80724ea13300ecb575e1e
[DEBUG] ✅ SHA set from selected row: 805349a3c65a4fcc03a80724ea13300ecb575e1e
[DEBUG] status label set: 🪄 Version Line: MAIN — 🎧 Take: version 1
[DEBUG] status label set: 🪄 Version Line: MAIN — 🎧 Take: version 1
[DEBUG] Role 'my_custom_tag' assigned to commit 805349a3c65a4fcc03a80724ea13300ecb575e1e
[DEBUG] Saved commit roles to /tmp/test_tagging_0c2a905720a449d191886b78d773da66/.dawgit_roles.json
[DEBUG] Assigned role 'my_custom_tag' to commit 805349a3c65a4fcc03a80724ea13300ecb575e1e
[DEBUG] Saved PROJECT_MARKER.json to /tmp/test_tagging_0c2a905720a449d191886b78d773da66/PROJECT_MARKER.json
[DEBUG] Saved commit roles to /tmp/test_tagging_0c2a905720a449d191886b78d773da66/.dawgit_roles.json
PASSED
tests_dawgit/test_commit_tagging.py::test_tag_custom_label_assigns_alt2 [DEBUG] No PROJECT_MARKER.json found — using defaults
[DEBUG] No commit role file found at /private/var/folders/yx/c_cp834d18v7ptq75l5x7twm0000gn/T/pytest-of-niccavendish/pytest-10/test_tag_custom_label_assigns_0/.dawgit_roles.json
❌ No Git repo loaded.
[DEBUG] Skipping QTimer.singleShot — parent not visible.
[WARNING] Stylesheet not loaded: [Errno 2] No such file or directory: 'styles/dawgit_styles.qss'
[DEBUG] Loaded project path: /private/var/folders/yx/c_cp834d18v7ptq75l5x7twm0000gn/T/pytest-of-niccavendish/pytest-10/test_tag_custom_label_assigns_0
[DEBUG] Calling GitProjectManager.init_repo()
[DEBUG] Initializing Git...
[DEBUG] Found DAW files: [PosixPath('/private/var/folders/yx/c_cp834d18v7ptq75l5x7twm0000gn/T/pytest-of-niccavendish/pytest-10/test_tag_custom_label_assigns_0/track.als')]
[DEBUG] Found existing Git repo at /private/var/folders/yx/c_cp834d18v7ptq75l5x7twm0000gn/T/pytest-of-niccavendish/pytest-10/test_tag_custom_label_assigns_0
✅ Saved last project path: /private/var/folders/yx/c_cp834d18v7ptq75l5x7twm0000gn/T/pytest-of-niccavendish/pytest-10/test_tag_custom_label_assigns_0
[DEBUG] No commit role file found at /private/var/folders/yx/c_cp834d18v7ptq75l5x7twm0000gn/T/pytest-of-niccavendish/pytest-10/test_tag_custom_label_assigns_0/.dawgit_roles.json
[DEBUG] status label set: 🪄 Version Line: MAIN — 🎧 Take: version 1
[DEBUG] Repo valid: True
[DEBUG] HEAD SHA: 6faeb4bcbc514ce31da34c488e65bd1b85e4f86e
[DEBUG] Total commits: 1
[DEBUG] No commit role file found at /private/var/folders/yx/c_cp834d18v7ptq75l5x7twm0000gn/T/pytest-of-niccavendish/pytest-10/test_tag_custom_label_assigns_0/.dawgit_roles.json
[DEBUG] Selected row = 0, SHA = 6faeb4bcbc514ce31da34c488e65bd1b85e4f86e
[DEBUG] ✅ SHA set from selected row: 6faeb4bcbc514ce31da34c488e65bd1b85e4f86e
[DEBUG] status label set: 🪄 Version Line: MAIN — 🎧 Take: version 1
[DEBUG] No commit role file found at /private/var/folders/yx/c_cp834d18v7ptq75l5x7twm0000gn/T/pytest-of-niccavendish/pytest-10/test_tag_custom_label_assigns_0/.dawgit_roles.json
[DEBUG] Repo valid: True
[DEBUG] HEAD SHA: 6faeb4bcbc514ce31da34c488e65bd1b85e4f86e
[DEBUG] Total commits: 1
[DEBUG] No commit role file found at /private/var/folders/yx/c_cp834d18v7ptq75l5x7twm0000gn/T/pytest-of-niccavendish/pytest-10/test_tag_custom_label_assigns_0/.dawgit_roles.json
[DEBUG] Selected row = 0, SHA = 6faeb4bcbc514ce31da34c488e65bd1b85e4f86e
[DEBUG] ✅ SHA set from selected row: 6faeb4bcbc514ce31da34c488e65bd1b85e4f86e
[DEBUG] status label set: 🪄 Version Line: MAIN — 🎧 Take: version 1
[DEBUG] status label set: 🪄 Version Line: MAIN — 🎧 Take: version 1
[DEBUG] Selected row = 0, SHA = 6faeb4bcbc514ce31da34c488e65bd1b85e4f86e
[DEBUG] ✅ SHA set from selected row: 6faeb4bcbc514ce31da34c488e65bd1b85e4f86e
[DEBUG] Role 'alt_2' assigned to commit 6faeb4bcbc514ce31da34c488e65bd1b85e4f86e
[DEBUG] Saved commit roles to /private/var/folders/yx/c_cp834d18v7ptq75l5x7twm0000gn/T/pytest-of-niccavendish/pytest-10/test_tag_custom_label_assigns_0/.dawgit_roles.json
[DEBUG] Assigned role 'alt_2' to commit 6faeb4bcbc514ce31da34c488e65bd1b85e4f86e
[DEBUG] Saved PROJECT_MARKER.json to /private/var/folders/yx/c_cp834d18v7ptq75l5x7twm0000gn/T/pytest-of-niccavendish/pytest-10/test_tag_custom_label_assigns_0/PROJECT_MARKER.json
[DEBUG] Saved commit roles to /private/var/folders/yx/c_cp834d18v7ptq75l5x7twm0000gn/T/pytest-of-niccavendish/pytest-10/test_tag_custom_label_assigns_0/.dawgit_roles.json
[STATUS] ✏️ Commit tagged as 'alt_2': 6faeb4b
[DEBUG] DAWGIT_TEST_MODE active — running load_commit_history directly
[DEBUG] Repo valid: True
[DEBUG] HEAD SHA: 6faeb4bcbc514ce31da34c488e65bd1b85e4f86e
[DEBUG] Total commits: 1
[DEBUG] Loaded commit roles from /private/var/folders/yx/c_cp834d18v7ptq75l5x7twm0000gn/T/pytest-of-niccavendish/pytest-10/test_tag_custom_label_assigns_0/.dawgit_roles.json
[DEBUG] Selected row = 0, SHA = 6faeb4bcbc514ce31da34c488e65bd1b85e4f86e
[DEBUG] ✅ SHA set from selected row: 6faeb4bcbc514ce31da34c488e65bd1b85e4f86e
[DEBUG] status label set: 🪄 Version Line: MAIN — 🎧 Take: version 1
PASSED

============================== 5 passed in 6.73s ===============================
============================= test session starts ==============================
platform darwin -- Python 3.12.3, pytest-8.3.5, pluggy-1.5.0 -- /Users/niccavendish/.pyenv/versions/3.12.3/bin/python3.12
cachedir: .pytest_cache
PyQt6 6.9.0 -- Qt runtime 6.9.0 -- Qt compiled 6.9.0
rootdir: /Users/niccavendish/Projects/DAWGitApp
configfile: pytest.ini
plugins: qt-4.4.0, env-1.1.5, timeout-2.4.0, rich-0.2.0
timeout: 10.0s
timeout method: signal
timeout func_only: False
collecting ... collected 0 items / 1 error

==================================== ERRORS ====================================
_____________ ERROR collecting tests_dawgit/test_commit_tagging.py _____________
tests_dawgit/test_commit_tagging.py:56: in <module>
    @pytest.mark.parametrize("label", [ROLE_KEY_MAIN_MIX, "creative_take", "alt_mixdown", "my_custom_tag"])
E   NameError: name 'ROLE_KEY_MAIN_MIX' is not defined
=========================== short test summary info ============================
ERROR tests_dawgit/test_commit_tagging.py - NameError: name 'ROLE_KEY_MAIN_MI...
!!!!!!!!!!!!!!!!!!!! Interrupted: 1 error during collection !!!!!!!!!!!!!!!!!!!!
=============================== 1 error in 0.36s ===============================
============================= test session starts ==============================
platform darwin -- Python 3.12.3, pytest-8.3.5, pluggy-1.5.0 -- /Users/niccavendish/.pyenv/versions/3.12.3/bin/python3.12
cachedir: .pytest_cache
PyQt6 6.9.0 -- Qt runtime 6.9.0 -- Qt compiled 6.9.0
rootdir: /Users/niccavendish/Projects/DAWGitApp
configfile: pytest.ini
plugins: qt-4.4.0, env-1.1.5, timeout-2.4.0, rich-0.2.0
timeout: 10.0s
timeout method: signal
timeout func_only: False
collecting ... collected 5 items

tests_dawgit/test_commit_tagging.py::test_assign_commit_role_variants[main_mix] [DEBUG] No PROJECT_MARKER.json found — using defaults
[DEBUG] No commit role file found at /tmp/test_tagging_afb5909d72a04a25b0dbd172261104b9/.dawgit_roles.json
❌ No Git repo loaded.
[DEBUG] Skipping QTimer.singleShot — parent not visible.
[DEBUG] Loaded project path: /tmp/test_tagging_afb5909d72a04a25b0dbd172261104b9
[DEBUG] Calling GitProjectManager.init_repo()
[DEBUG] Initializing Git...
[DEBUG] Found DAW files: [PosixPath('/tmp/test_tagging_afb5909d72a04a25b0dbd172261104b9/track.als')]
[DEBUG] Found existing Git repo at /tmp/test_tagging_afb5909d72a04a25b0dbd172261104b9
✅ Saved last project path: /tmp/test_tagging_afb5909d72a04a25b0dbd172261104b9
[DEBUG] No commit role file found at /tmp/test_tagging_afb5909d72a04a25b0dbd172261104b9/.dawgit_roles.json
[DEBUG] status label set: 🪄 Version Line: MAIN — 🎧 Take: version 1
[DEBUG] Repo valid: True
[DEBUG] HEAD SHA: cd29800a3ce0c22d15286b5dd03a75e8d86b6cb6
[DEBUG] Total commits: 1
[DEBUG] No commit role file found at /tmp/test_tagging_afb5909d72a04a25b0dbd172261104b9/.dawgit_roles.json
FAILED
tests_dawgit/test_commit_tagging.py::test_assign_commit_role_variants[creative_take] [DEBUG] No PROJECT_MARKER.json found — using defaults
[DEBUG] No commit role file found at /tmp/test_tagging_e803b3aabc1f484cb89dd9621ad57ec9/.dawgit_roles.json
❌ No Git repo loaded.
[DEBUG] Skipping QTimer.singleShot — parent not visible.
[WARNING] Stylesheet not loaded: [Errno 2] No such file or directory: 'styles/dawgit_styles.qss'
[DEBUG] Loaded project path: /tmp/test_tagging_e803b3aabc1f484cb89dd9621ad57ec9
[DEBUG] Calling GitProjectManager.init_repo()
[DEBUG] Initializing Git...
[DEBUG] Found DAW files: [PosixPath('/tmp/test_tagging_e803b3aabc1f484cb89dd9621ad57ec9/track.als')]
[DEBUG] Found existing Git repo at /tmp/test_tagging_e803b3aabc1f484cb89dd9621ad57ec9
✅ Saved last project path: /tmp/test_tagging_e803b3aabc1f484cb89dd9621ad57ec9
[DEBUG] No commit role file found at /tmp/test_tagging_e803b3aabc1f484cb89dd9621ad57ec9/.dawgit_roles.json
[DEBUG] status label set: 🪄 Version Line: MAIN — 🎧 Take: version 1
[DEBUG] Repo valid: True
[DEBUG] HEAD SHA: 20c7769f2a255c1d9b6482efb0ea1f2c51898e8c
[DEBUG] Total commits: 1
[DEBUG] No commit role file found at /tmp/test_tagging_e803b3aabc1f484cb89dd9621ad57ec9/.dawgit_roles.json
FAILED
tests_dawgit/test_commit_tagging.py::test_assign_commit_role_variants[alt_mixdown] [DEBUG] No PROJECT_MARKER.json found — using defaults
[DEBUG] No commit role file found at /tmp/test_tagging_55479e4f44764384b1413cbdf8fc5593/.dawgit_roles.json
❌ No Git repo loaded.
[DEBUG] Skipping QTimer.singleShot — parent not visible.
[WARNING] Stylesheet not loaded: [Errno 2] No such file or directory: 'styles/dawgit_styles.qss'
[DEBUG] Loaded project path: /tmp/test_tagging_55479e4f44764384b1413cbdf8fc5593
[DEBUG] Calling GitProjectManager.init_repo()
[DEBUG] Initializing Git...
[DEBUG] Found DAW files: [PosixPath('/tmp/test_tagging_55479e4f44764384b1413cbdf8fc5593/track.als')]
[DEBUG] Found existing Git repo at /tmp/test_tagging_55479e4f44764384b1413cbdf8fc5593
✅ Saved last project path: /tmp/test_tagging_55479e4f44764384b1413cbdf8fc5593
[DEBUG] No commit role file found at /tmp/test_tagging_55479e4f44764384b1413cbdf8fc5593/.dawgit_roles.json
[DEBUG] status label set: 🪄 Version Line: MAIN — 🎧 Take: version 1
[DEBUG] Repo valid: True
[DEBUG] HEAD SHA: 4c8db924f9787859b8b4c02cba4e4a56c702c435
[DEBUG] Total commits: 1
[DEBUG] No commit role file found at /tmp/test_tagging_55479e4f44764384b1413cbdf8fc5593/.dawgit_roles.json
FAILED
tests_dawgit/test_commit_tagging.py::test_assign_commit_role_variants[test_custom_tag] [DEBUG] No PROJECT_MARKER.json found — using defaults
[DEBUG] No commit role file found at /tmp/test_tagging_5749ae9ca8124f3c9994766917ac0177/.dawgit_roles.json
❌ No Git repo loaded.
[DEBUG] Skipping QTimer.singleShot — parent not visible.
[WARNING] Stylesheet not loaded: [Errno 2] No such file or directory: 'styles/dawgit_styles.qss'
[DEBUG] Loaded project path: /tmp/test_tagging_5749ae9ca8124f3c9994766917ac0177
[DEBUG] Calling GitProjectManager.init_repo()
[DEBUG] Initializing Git...
[DEBUG] Found DAW files: [PosixPath('/tmp/test_tagging_5749ae9ca8124f3c9994766917ac0177/track.als')]
[DEBUG] Found existing Git repo at /tmp/test_tagging_5749ae9ca8124f3c9994766917ac0177
✅ Saved last project path: /tmp/test_tagging_5749ae9ca8124f3c9994766917ac0177
[DEBUG] No commit role file found at /tmp/test_tagging_5749ae9ca8124f3c9994766917ac0177/.dawgit_roles.json
[DEBUG] status label set: 🪄 Version Line: MAIN — 🎧 Take: version 1
[DEBUG] Repo valid: True
[DEBUG] HEAD SHA: 87e1e76a8ab19796df292806ff40d5c095614621
[DEBUG] Total commits: 1
[DEBUG] No commit role file found at /tmp/test_tagging_5749ae9ca8124f3c9994766917ac0177/.dawgit_roles.json
FAILED
tests_dawgit/test_commit_tagging.py::test_tag_custom_label_assigns_alt2 [DEBUG] No PROJECT_MARKER.json found — using defaults
[DEBUG] No commit role file found at /private/var/folders/yx/c_cp834d18v7ptq75l5x7twm0000gn/T/pytest-of-niccavendish/pytest-0/test_tag_custom_label_assigns_0/.dawgit_roles.json
❌ No Git repo loaded.
[DEBUG] Skipping QTimer.singleShot — parent not visible.
[WARNING] Stylesheet not loaded: [Errno 2] No such file or directory: 'styles/dawgit_styles.qss'
[DEBUG] Loaded project path: /private/var/folders/yx/c_cp834d18v7ptq75l5x7twm0000gn/T/pytest-of-niccavendish/pytest-0/test_tag_custom_label_assigns_0
[DEBUG] Calling GitProjectManager.init_repo()
[DEBUG] Initializing Git...
[DEBUG] Found DAW files: [PosixPath('/private/var/folders/yx/c_cp834d18v7ptq75l5x7twm0000gn/T/pytest-of-niccavendish/pytest-0/test_tag_custom_label_assigns_0/track.als')]
[DEBUG] Found existing Git repo at /private/var/folders/yx/c_cp834d18v7ptq75l5x7twm0000gn/T/pytest-of-niccavendish/pytest-0/test_tag_custom_label_assigns_0
✅ Saved last project path: /private/var/folders/yx/c_cp834d18v7ptq75l5x7twm0000gn/T/pytest-of-niccavendish/pytest-0/test_tag_custom_label_assigns_0
[DEBUG] No commit role file found at /private/var/folders/yx/c_cp834d18v7ptq75l5x7twm0000gn/T/pytest-of-niccavendish/pytest-0/test_tag_custom_label_assigns_0/.dawgit_roles.json
[DEBUG] status label set: 🪄 Version Line: MAIN — 🎧 Take: version 1
[DEBUG] Repo valid: True
[DEBUG] HEAD SHA: 60a68073c446ccdd53f59cf1936d2b68ee43ab15
[DEBUG] Total commits: 1
[DEBUG] No commit role file found at /private/var/folders/yx/c_cp834d18v7ptq75l5x7twm0000gn/T/pytest-of-niccavendish/pytest-0/test_tag_custom_label_assigns_0/.dawgit_roles.json
FAILED

=================================== FAILURES ===================================
__________________ test_assign_commit_role_variants[main_mix] __________________

monkeypatch = <_pytest.monkeypatch.MonkeyPatch object at 0x1153b2090>
qtbot = <pytestqt.qtbot.QtBot object at 0x1153b2210>, label = 'main_mix'

    @pytest.mark.parametrize("label", [ROLE_KEY_MAIN_MIX, ROLE_KEY_CREATIVE_TAKE, ROLE_KEY_ALT_MIXDOWN, ROLE_KEY_CUSTOM])
    def test_assign_commit_role_variants(monkeypatch, qtbot, label):
        project_path = Path(f"/tmp/test_tagging_{uuid.uuid4().hex}")
        project_path.mkdir(parents=True)
        (project_path / "track.als").write_text("init")
    
        repo = Repo.init(project_path)
        git_add_and_commit(repo, project_path, "track.als", message="init")
    
>       app = DAWGitApp(project_path=str(project_path), build_ui=True)

/Users/niccavendish/Projects/DAWGitApp/tests_dawgit/test_commit_tagging.py:70: 
_ _ _ _ _ _ _ _ _ _ _ _ _ _ _ _ _ _ _ _ _ _ _ _ _ _ _ _ _ _ _ _ _ _ _ _ _ _ _ _ 
/Users/niccavendish/Projects/DAWGitApp/daw_git_gui.py:276: in __init__
    self.init_git()
/Users/niccavendish/Projects/DAWGitApp/daw_git_gui.py:697: in init_git
    self.load_commit_history()
/Users/niccavendish/Projects/DAWGitApp/daw_git_gui.py:3039: in load_commit_history
    item1 = QTableWidgetItem(self.pretty_role(role))
_ _ _ _ _ _ _ _ _ _ _ _ _ _ _ _ _ _ _ _ _ _ _ _ _ _ _ _ _ _ _ _ _ _ _ _ _ _ _ _ 

self = <daw_git_gui.DAWGitApp object at 0x1119a8c30>, role_key = ''

    def pretty_role(self, role_key):
        return {
            "main_mix": ROLE_KEY_MAIN_MIX,
            "creative_take": ROLE_KEY_CREATIVE_TAKE,
            "alt_mixdown": ROLE_KEY_ALT_MIXDOWN,
>           "test_custom_tag": ROLE_KEY_CUSTOM
        }.get(role_key, role_key.replace("_", " ").title() if role_key else "")
E       NameError: name 'ROLE_KEY_CUSTOM' is not defined

/Users/niccavendish/Projects/DAWGitApp/daw_git_gui.py:363: NameError
_______________ test_assign_commit_role_variants[creative_take] ________________

monkeypatch = <_pytest.monkeypatch.MonkeyPatch object at 0x116458320>
qtbot = <pytestqt.qtbot.QtBot object at 0x116458440>, label = 'creative_take'

    @pytest.mark.parametrize("label", [ROLE_KEY_MAIN_MIX, ROLE_KEY_CREATIVE_TAKE, ROLE_KEY_ALT_MIXDOWN, ROLE_KEY_CUSTOM])
    def test_assign_commit_role_variants(monkeypatch, qtbot, label):
        project_path = Path(f"/tmp/test_tagging_{uuid.uuid4().hex}")
        project_path.mkdir(parents=True)
        (project_path / "track.als").write_text("init")
    
        repo = Repo.init(project_path)
        git_add_and_commit(repo, project_path, "track.als", message="init")
    
>       app = DAWGitApp(project_path=str(project_path), build_ui=True)

/Users/niccavendish/Projects/DAWGitApp/tests_dawgit/test_commit_tagging.py:70: 
_ _ _ _ _ _ _ _ _ _ _ _ _ _ _ _ _ _ _ _ _ _ _ _ _ _ _ _ _ _ _ _ _ _ _ _ _ _ _ _ 
/Users/niccavendish/Projects/DAWGitApp/daw_git_gui.py:276: in __init__
    self.init_git()
/Users/niccavendish/Projects/DAWGitApp/daw_git_gui.py:697: in init_git
    self.load_commit_history()
/Users/niccavendish/Projects/DAWGitApp/daw_git_gui.py:3039: in load_commit_history
    item1 = QTableWidgetItem(self.pretty_role(role))
_ _ _ _ _ _ _ _ _ _ _ _ _ _ _ _ _ _ _ _ _ _ _ _ _ _ _ _ _ _ _ _ _ _ _ _ _ _ _ _ 

self = <daw_git_gui.DAWGitApp object at 0x116456a30>, role_key = ''

    def pretty_role(self, role_key):
        return {
            "main_mix": ROLE_KEY_MAIN_MIX,
            "creative_take": ROLE_KEY_CREATIVE_TAKE,
            "alt_mixdown": ROLE_KEY_ALT_MIXDOWN,
>           "test_custom_tag": ROLE_KEY_CUSTOM
        }.get(role_key, role_key.replace("_", " ").title() if role_key else "")
E       NameError: name 'ROLE_KEY_CUSTOM' is not defined

/Users/niccavendish/Projects/DAWGitApp/daw_git_gui.py:363: NameError
________________ test_assign_commit_role_variants[alt_mixdown] _________________

monkeypatch = <_pytest.monkeypatch.MonkeyPatch object at 0x11645af90>
qtbot = <pytestqt.qtbot.QtBot object at 0x11645aab0>, label = 'alt_mixdown'

    @pytest.mark.parametrize("label", [ROLE_KEY_MAIN_MIX, ROLE_KEY_CREATIVE_TAKE, ROLE_KEY_ALT_MIXDOWN, ROLE_KEY_CUSTOM])
    def test_assign_commit_role_variants(monkeypatch, qtbot, label):
        project_path = Path(f"/tmp/test_tagging_{uuid.uuid4().hex}")
        project_path.mkdir(parents=True)
        (project_path / "track.als").write_text("init")
    
        repo = Repo.init(project_path)
        git_add_and_commit(repo, project_path, "track.als", message="init")
    
>       app = DAWGitApp(project_path=str(project_path), build_ui=True)

/Users/niccavendish/Projects/DAWGitApp/tests_dawgit/test_commit_tagging.py:70: 
_ _ _ _ _ _ _ _ _ _ _ _ _ _ _ _ _ _ _ _ _ _ _ _ _ _ _ _ _ _ _ _ _ _ _ _ _ _ _ _ 
/Users/niccavendish/Projects/DAWGitApp/daw_git_gui.py:276: in __init__
    self.init_git()
/Users/niccavendish/Projects/DAWGitApp/daw_git_gui.py:697: in init_git
    self.load_commit_history()
/Users/niccavendish/Projects/DAWGitApp/daw_git_gui.py:3039: in load_commit_history
    item1 = QTableWidgetItem(self.pretty_role(role))
_ _ _ _ _ _ _ _ _ _ _ _ _ _ _ _ _ _ _ _ _ _ _ _ _ _ _ _ _ _ _ _ _ _ _ _ _ _ _ _ 

self = <daw_git_gui.DAWGitApp object at 0x11647ff70>, role_key = ''

    def pretty_role(self, role_key):
        return {
            "main_mix": ROLE_KEY_MAIN_MIX,
            "creative_take": ROLE_KEY_CREATIVE_TAKE,
            "alt_mixdown": ROLE_KEY_ALT_MIXDOWN,
>           "test_custom_tag": ROLE_KEY_CUSTOM
        }.get(role_key, role_key.replace("_", " ").title() if role_key else "")
E       NameError: name 'ROLE_KEY_CUSTOM' is not defined

/Users/niccavendish/Projects/DAWGitApp/daw_git_gui.py:363: NameError
______________ test_assign_commit_role_variants[test_custom_tag] _______________

monkeypatch = <_pytest.monkeypatch.MonkeyPatch object at 0x119f8ac90>
qtbot = <pytestqt.qtbot.QtBot object at 0x119f89040>, label = 'test_custom_tag'

    @pytest.mark.parametrize("label", [ROLE_KEY_MAIN_MIX, ROLE_KEY_CREATIVE_TAKE, ROLE_KEY_ALT_MIXDOWN, ROLE_KEY_CUSTOM])
    def test_assign_commit_role_variants(monkeypatch, qtbot, label):
        project_path = Path(f"/tmp/test_tagging_{uuid.uuid4().hex}")
        project_path.mkdir(parents=True)
        (project_path / "track.als").write_text("init")
    
        repo = Repo.init(project_path)
        git_add_and_commit(repo, project_path, "track.als", message="init")
    
>       app = DAWGitApp(project_path=str(project_path), build_ui=True)

/Users/niccavendish/Projects/DAWGitApp/tests_dawgit/test_commit_tagging.py:70: 
_ _ _ _ _ _ _ _ _ _ _ _ _ _ _ _ _ _ _ _ _ _ _ _ _ _ _ _ _ _ _ _ _ _ _ _ _ _ _ _ 
/Users/niccavendish/Projects/DAWGitApp/daw_git_gui.py:276: in __init__
    self.init_git()
/Users/niccavendish/Projects/DAWGitApp/daw_git_gui.py:697: in init_git
    self.load_commit_history()
/Users/niccavendish/Projects/DAWGitApp/daw_git_gui.py:3039: in load_commit_history
    item1 = QTableWidgetItem(self.pretty_role(role))
_ _ _ _ _ _ _ _ _ _ _ _ _ _ _ _ _ _ _ _ _ _ _ _ _ _ _ _ _ _ _ _ _ _ _ _ _ _ _ _ 

self = <daw_git_gui.DAWGitApp object at 0x119ff3cf0>, role_key = ''

    def pretty_role(self, role_key):
        return {
            "main_mix": ROLE_KEY_MAIN_MIX,
            "creative_take": ROLE_KEY_CREATIVE_TAKE,
            "alt_mixdown": ROLE_KEY_ALT_MIXDOWN,
>           "test_custom_tag": ROLE_KEY_CUSTOM
        }.get(role_key, role_key.replace("_", " ").title() if role_key else "")
E       NameError: name 'ROLE_KEY_CUSTOM' is not defined

/Users/niccavendish/Projects/DAWGitApp/daw_git_gui.py:363: NameError
______________________ test_tag_custom_label_assigns_alt2 ______________________

mock_input = <MagicMock name='getText' id='4730689616'>
tmp_path = PosixPath('/private/var/folders/yx/c_cp834d18v7ptq75l5x7twm0000gn/T/pytest-of-niccavendish/pytest-0/test_tag_custom_label_assigns_0')
qtbot = <pytestqt.qtbot.QtBot object at 0x119f89670>

    @patch("PyQt6.QtWidgets.QInputDialog.getText", return_value=("alt_2", True))
    def test_tag_custom_label_assigns_alt2(mock_input, tmp_path, qtbot):
        (tmp_path / "track.als").write_text("Ableton")
    
        repo = Repo.init(tmp_path)
        git_add_and_commit(repo, tmp_path, "track.als", message="init")
    
>       app = DAWGitApp(project_path=str(tmp_path), build_ui=True)

/Users/niccavendish/Projects/DAWGitApp/tests_dawgit/test_commit_tagging.py:95: 
_ _ _ _ _ _ _ _ _ _ _ _ _ _ _ _ _ _ _ _ _ _ _ _ _ _ _ _ _ _ _ _ _ _ _ _ _ _ _ _ 
/Users/niccavendish/Projects/DAWGitApp/daw_git_gui.py:276: in __init__
    self.init_git()
/Users/niccavendish/Projects/DAWGitApp/daw_git_gui.py:697: in init_git
    self.load_commit_history()
/Users/niccavendish/Projects/DAWGitApp/daw_git_gui.py:3039: in load_commit_history
    item1 = QTableWidgetItem(self.pretty_role(role))
_ _ _ _ _ _ _ _ _ _ _ _ _ _ _ _ _ _ _ _ _ _ _ _ _ _ _ _ _ _ _ _ _ _ _ _ _ _ _ _ 

self = <daw_git_gui.DAWGitApp object at 0x119f9b9d0>, role_key = ''

    def pretty_role(self, role_key):
        return {
            "main_mix": ROLE_KEY_MAIN_MIX,
            "creative_take": ROLE_KEY_CREATIVE_TAKE,
            "alt_mixdown": ROLE_KEY_ALT_MIXDOWN,
>           "test_custom_tag": ROLE_KEY_CUSTOM
        }.get(role_key, role_key.replace("_", " ").title() if role_key else "")
E       NameError: name 'ROLE_KEY_CUSTOM' is not defined

/Users/niccavendish/Projects/DAWGitApp/daw_git_gui.py:363: NameError
=========================== short test summary info ============================
FAILED tests_dawgit/test_commit_tagging.py::test_assign_commit_role_variants[main_mix]
FAILED tests_dawgit/test_commit_tagging.py::test_assign_commit_role_variants[creative_take]
FAILED tests_dawgit/test_commit_tagging.py::test_assign_commit_role_variants[alt_mixdown]
FAILED tests_dawgit/test_commit_tagging.py::test_assign_commit_role_variants[test_custom_tag]
FAILED tests_dawgit/test_commit_tagging.py::test_tag_custom_label_assigns_alt2
============================== 5 failed in 4.92s ===============================
============================= test session starts ==============================
platform darwin -- Python 3.12.3, pytest-8.3.5, pluggy-1.5.0 -- /Users/niccavendish/.pyenv/versions/3.12.3/bin/python3.12
cachedir: .pytest_cache
PyQt6 6.9.0 -- Qt runtime 6.9.0 -- Qt compiled 6.9.0
rootdir: /Users/niccavendish/Projects/DAWGitApp
configfile: pytest.ini
plugins: qt-4.4.0, env-1.1.5, timeout-2.4.0, rich-0.2.0
timeout: 10.0s
timeout method: signal
timeout func_only: False
collecting ... collected 5 items

tests_dawgit/test_commit_tagging.py::test_assign_commit_role_variants[main_mix] [DEBUG] No PROJECT_MARKER.json found — using defaults
[DEBUG] No commit role file found at /tmp/test_tagging_972c382adfae44e2a4d07b8cefee6e6a/.dawgit_roles.json
❌ No Git repo loaded.
[DEBUG] Skipping QTimer.singleShot — parent not visible.
[DEBUG] Loaded project path: /tmp/test_tagging_972c382adfae44e2a4d07b8cefee6e6a
[DEBUG] Calling GitProjectManager.init_repo()
[DEBUG] Initializing Git...
[DEBUG] Found DAW files: [PosixPath('/tmp/test_tagging_972c382adfae44e2a4d07b8cefee6e6a/track.als')]
[DEBUG] Found existing Git repo at /tmp/test_tagging_972c382adfae44e2a4d07b8cefee6e6a
✅ Saved last project path: /tmp/test_tagging_972c382adfae44e2a4d07b8cefee6e6a
[DEBUG] No commit role file found at /tmp/test_tagging_972c382adfae44e2a4d07b8cefee6e6a/.dawgit_roles.json
[DEBUG] status label set: 🪄 Version Line: MAIN — 🎧 Take: version 1
[DEBUG] Repo valid: True
[DEBUG] HEAD SHA: 40307e98e46124106adb2a2b4d0cfc954f33cf00
[DEBUG] Total commits: 1
[DEBUG] No commit role file found at /tmp/test_tagging_972c382adfae44e2a4d07b8cefee6e6a/.dawgit_roles.json
[DEBUG] Selected row = 0, SHA = 40307e98e46124106adb2a2b4d0cfc954f33cf00
[DEBUG] ✅ SHA set from selected row: 40307e98e46124106adb2a2b4d0cfc954f33cf00
[DEBUG] status label set: 🪄 Version Line: MAIN — 🎧 Take: version 1
[DEBUG] No commit role file found at /tmp/test_tagging_972c382adfae44e2a4d07b8cefee6e6a/.dawgit_roles.json
[DEBUG] Repo valid: True
[DEBUG] HEAD SHA: 40307e98e46124106adb2a2b4d0cfc954f33cf00
[DEBUG] Total commits: 1
[DEBUG] No commit role file found at /tmp/test_tagging_972c382adfae44e2a4d07b8cefee6e6a/.dawgit_roles.json
[DEBUG] Selected row = 0, SHA = 40307e98e46124106adb2a2b4d0cfc954f33cf00
[DEBUG] ✅ SHA set from selected row: 40307e98e46124106adb2a2b4d0cfc954f33cf00
[DEBUG] status label set: 🪄 Version Line: MAIN — 🎧 Take: version 1
[DEBUG] status label set: 🪄 Version Line: MAIN — 🎧 Take: version 1
[DEBUG] Role 'main_mix' assigned to commit 40307e98e46124106adb2a2b4d0cfc954f33cf00
[DEBUG] Saved commit roles to /tmp/test_tagging_972c382adfae44e2a4d07b8cefee6e6a/.dawgit_roles.json
[DEBUG] Assigned role 'main_mix' to commit 40307e98e46124106adb2a2b4d0cfc954f33cf00
[DEBUG] Saved PROJECT_MARKER.json to /tmp/test_tagging_972c382adfae44e2a4d07b8cefee6e6a/PROJECT_MARKER.json
[DEBUG] Saved commit roles to /tmp/test_tagging_972c382adfae44e2a4d07b8cefee6e6a/.dawgit_roles.json
PASSED
tests_dawgit/test_commit_tagging.py::test_assign_commit_role_variants[creative_take] [DEBUG] No PROJECT_MARKER.json found — using defaults
[DEBUG] No commit role file found at /tmp/test_tagging_2041071cf4024d8182dcb589c9b8f636/.dawgit_roles.json
❌ No Git repo loaded.
[DEBUG] Skipping QTimer.singleShot — parent not visible.
[WARNING] Stylesheet not loaded: [Errno 2] No such file or directory: 'styles/dawgit_styles.qss'
[DEBUG] Loaded project path: /tmp/test_tagging_2041071cf4024d8182dcb589c9b8f636
[DEBUG] Calling GitProjectManager.init_repo()
[DEBUG] Initializing Git...
[DEBUG] Found DAW files: [PosixPath('/tmp/test_tagging_2041071cf4024d8182dcb589c9b8f636/track.als')]
[DEBUG] Found existing Git repo at /tmp/test_tagging_2041071cf4024d8182dcb589c9b8f636
✅ Saved last project path: /tmp/test_tagging_2041071cf4024d8182dcb589c9b8f636
[DEBUG] No commit role file found at /tmp/test_tagging_2041071cf4024d8182dcb589c9b8f636/.dawgit_roles.json
[DEBUG] status label set: 🪄 Version Line: MAIN — 🎧 Take: version 1
[DEBUG] Repo valid: True
[DEBUG] HEAD SHA: 246f5f5df279ef1d37ae60c1249abb062c129226
[DEBUG] Total commits: 1
[DEBUG] No commit role file found at /tmp/test_tagging_2041071cf4024d8182dcb589c9b8f636/.dawgit_roles.json
[DEBUG] Selected row = 0, SHA = 246f5f5df279ef1d37ae60c1249abb062c129226
[DEBUG] ✅ SHA set from selected row: 246f5f5df279ef1d37ae60c1249abb062c129226
[DEBUG] status label set: 🪄 Version Line: MAIN — 🎧 Take: version 1
[DEBUG] No commit role file found at /tmp/test_tagging_2041071cf4024d8182dcb589c9b8f636/.dawgit_roles.json
[DEBUG] Repo valid: True
[DEBUG] HEAD SHA: 246f5f5df279ef1d37ae60c1249abb062c129226
[DEBUG] Total commits: 1
[DEBUG] No commit role file found at /tmp/test_tagging_2041071cf4024d8182dcb589c9b8f636/.dawgit_roles.json
[DEBUG] Selected row = 0, SHA = 246f5f5df279ef1d37ae60c1249abb062c129226
[DEBUG] ✅ SHA set from selected row: 246f5f5df279ef1d37ae60c1249abb062c129226
[DEBUG] status label set: 🪄 Version Line: MAIN — 🎧 Take: version 1
[DEBUG] status label set: 🪄 Version Line: MAIN — 🎧 Take: version 1
[DEBUG] Role 'creative_take' assigned to commit 246f5f5df279ef1d37ae60c1249abb062c129226
[DEBUG] Saved commit roles to /tmp/test_tagging_2041071cf4024d8182dcb589c9b8f636/.dawgit_roles.json
[DEBUG] Assigned role 'creative_take' to commit 246f5f5df279ef1d37ae60c1249abb062c129226
[DEBUG] Saved PROJECT_MARKER.json to /tmp/test_tagging_2041071cf4024d8182dcb589c9b8f636/PROJECT_MARKER.json
[DEBUG] Saved commit roles to /tmp/test_tagging_2041071cf4024d8182dcb589c9b8f636/.dawgit_roles.json
PASSED
tests_dawgit/test_commit_tagging.py::test_assign_commit_role_variants[alt_mixdown] [DEBUG] No PROJECT_MARKER.json found — using defaults
[DEBUG] No commit role file found at /tmp/test_tagging_b1839e8eab7b40e1ae7b8722d33d6749/.dawgit_roles.json
❌ No Git repo loaded.
[DEBUG] Skipping QTimer.singleShot — parent not visible.
[WARNING] Stylesheet not loaded: [Errno 2] No such file or directory: 'styles/dawgit_styles.qss'
[DEBUG] Loaded project path: /tmp/test_tagging_b1839e8eab7b40e1ae7b8722d33d6749
[DEBUG] Calling GitProjectManager.init_repo()
[DEBUG] Initializing Git...
[DEBUG] Found DAW files: [PosixPath('/tmp/test_tagging_b1839e8eab7b40e1ae7b8722d33d6749/track.als')]
[DEBUG] Found existing Git repo at /tmp/test_tagging_b1839e8eab7b40e1ae7b8722d33d6749
✅ Saved last project path: /tmp/test_tagging_b1839e8eab7b40e1ae7b8722d33d6749
[DEBUG] No commit role file found at /tmp/test_tagging_b1839e8eab7b40e1ae7b8722d33d6749/.dawgit_roles.json
[DEBUG] status label set: 🪄 Version Line: MAIN — 🎧 Take: version 1
[DEBUG] Repo valid: True
[DEBUG] HEAD SHA: 0feb92666947f5b227024cdcb4c836cebdce2bfd
[DEBUG] Total commits: 1
[DEBUG] No commit role file found at /tmp/test_tagging_b1839e8eab7b40e1ae7b8722d33d6749/.dawgit_roles.json
[DEBUG] Selected row = 0, SHA = 0feb92666947f5b227024cdcb4c836cebdce2bfd
[DEBUG] ✅ SHA set from selected row: 0feb92666947f5b227024cdcb4c836cebdce2bfd
[DEBUG] status label set: 🪄 Version Line: MAIN — 🎧 Take: version 1
[DEBUG] No commit role file found at /tmp/test_tagging_b1839e8eab7b40e1ae7b8722d33d6749/.dawgit_roles.json
[DEBUG] Repo valid: True
[DEBUG] HEAD SHA: 0feb92666947f5b227024cdcb4c836cebdce2bfd
[DEBUG] Total commits: 1
[DEBUG] No commit role file found at /tmp/test_tagging_b1839e8eab7b40e1ae7b8722d33d6749/.dawgit_roles.json
[DEBUG] Selected row = 0, SHA = 0feb92666947f5b227024cdcb4c836cebdce2bfd
[DEBUG] ✅ SHA set from selected row: 0feb92666947f5b227024cdcb4c836cebdce2bfd
[DEBUG] status label set: 🪄 Version Line: MAIN — 🎧 Take: version 1
[DEBUG] status label set: 🪄 Version Line: MAIN — 🎧 Take: version 1
[DEBUG] Role 'alt_mixdown' assigned to commit 0feb92666947f5b227024cdcb4c836cebdce2bfd
[DEBUG] Saved commit roles to /tmp/test_tagging_b1839e8eab7b40e1ae7b8722d33d6749/.dawgit_roles.json
[DEBUG] Assigned role 'alt_mixdown' to commit 0feb92666947f5b227024cdcb4c836cebdce2bfd
[DEBUG] Saved PROJECT_MARKER.json to /tmp/test_tagging_b1839e8eab7b40e1ae7b8722d33d6749/PROJECT_MARKER.json
[DEBUG] Saved commit roles to /tmp/test_tagging_b1839e8eab7b40e1ae7b8722d33d6749/.dawgit_roles.json
PASSED
tests_dawgit/test_commit_tagging.py::test_assign_commit_role_variants[test_custom_tag] [DEBUG] No PROJECT_MARKER.json found — using defaults
[DEBUG] No commit role file found at /tmp/test_tagging_6d5f2d14deb248f88120b074e9911432/.dawgit_roles.json
❌ No Git repo loaded.
[DEBUG] Skipping QTimer.singleShot — parent not visible.
[WARNING] Stylesheet not loaded: [Errno 2] No such file or directory: 'styles/dawgit_styles.qss'
[DEBUG] Loaded project path: /tmp/test_tagging_6d5f2d14deb248f88120b074e9911432
[DEBUG] Calling GitProjectManager.init_repo()
[DEBUG] Initializing Git...
[DEBUG] Found DAW files: [PosixPath('/tmp/test_tagging_6d5f2d14deb248f88120b074e9911432/track.als')]
[DEBUG] Found existing Git repo at /tmp/test_tagging_6d5f2d14deb248f88120b074e9911432
✅ Saved last project path: /tmp/test_tagging_6d5f2d14deb248f88120b074e9911432
[DEBUG] No commit role file found at /tmp/test_tagging_6d5f2d14deb248f88120b074e9911432/.dawgit_roles.json
[DEBUG] status label set: 🪄 Version Line: MAIN — 🎧 Take: version 1
[DEBUG] Repo valid: True
[DEBUG] HEAD SHA: 51fef81a7409f3d95836d7627fcb9e5ab05387e4
[DEBUG] Total commits: 1
[DEBUG] No commit role file found at /tmp/test_tagging_6d5f2d14deb248f88120b074e9911432/.dawgit_roles.json
[DEBUG] Selected row = 0, SHA = 51fef81a7409f3d95836d7627fcb9e5ab05387e4
[DEBUG] ✅ SHA set from selected row: 51fef81a7409f3d95836d7627fcb9e5ab05387e4
[DEBUG] status label set: 🪄 Version Line: MAIN — 🎧 Take: version 1
[DEBUG] No commit role file found at /tmp/test_tagging_6d5f2d14deb248f88120b074e9911432/.dawgit_roles.json
[DEBUG] Repo valid: True
[DEBUG] HEAD SHA: 51fef81a7409f3d95836d7627fcb9e5ab05387e4
[DEBUG] Total commits: 1
[DEBUG] No commit role file found at /tmp/test_tagging_6d5f2d14deb248f88120b074e9911432/.dawgit_roles.json
[DEBUG] Selected row = 0, SHA = 51fef81a7409f3d95836d7627fcb9e5ab05387e4
[DEBUG] ✅ SHA set from selected row: 51fef81a7409f3d95836d7627fcb9e5ab05387e4
[DEBUG] status label set: 🪄 Version Line: MAIN — 🎧 Take: version 1
[DEBUG] status label set: 🪄 Version Line: MAIN — 🎧 Take: version 1
[DEBUG] Role 'test_custom_tag' assigned to commit 51fef81a7409f3d95836d7627fcb9e5ab05387e4
[DEBUG] Saved commit roles to /tmp/test_tagging_6d5f2d14deb248f88120b074e9911432/.dawgit_roles.json
[DEBUG] Assigned role 'test_custom_tag' to commit 51fef81a7409f3d95836d7627fcb9e5ab05387e4
[DEBUG] Saved PROJECT_MARKER.json to /tmp/test_tagging_6d5f2d14deb248f88120b074e9911432/PROJECT_MARKER.json
[DEBUG] Saved commit roles to /tmp/test_tagging_6d5f2d14deb248f88120b074e9911432/.dawgit_roles.json
PASSED
tests_dawgit/test_commit_tagging.py::test_tag_custom_label_assigns_alt2 [DEBUG] No PROJECT_MARKER.json found — using defaults
[DEBUG] No commit role file found at /private/var/folders/yx/c_cp834d18v7ptq75l5x7twm0000gn/T/pytest-of-niccavendish/pytest-25/test_tag_custom_label_assigns_0/.dawgit_roles.json
❌ No Git repo loaded.
[DEBUG] Skipping QTimer.singleShot — parent not visible.
[WARNING] Stylesheet not loaded: [Errno 2] No such file or directory: 'styles/dawgit_styles.qss'
[DEBUG] Loaded project path: /private/var/folders/yx/c_cp834d18v7ptq75l5x7twm0000gn/T/pytest-of-niccavendish/pytest-25/test_tag_custom_label_assigns_0
[DEBUG] Calling GitProjectManager.init_repo()
[DEBUG] Initializing Git...
[DEBUG] Found DAW files: [PosixPath('/private/var/folders/yx/c_cp834d18v7ptq75l5x7twm0000gn/T/pytest-of-niccavendish/pytest-25/test_tag_custom_label_assigns_0/track.als')]
[DEBUG] Found existing Git repo at /private/var/folders/yx/c_cp834d18v7ptq75l5x7twm0000gn/T/pytest-of-niccavendish/pytest-25/test_tag_custom_label_assigns_0
✅ Saved last project path: /private/var/folders/yx/c_cp834d18v7ptq75l5x7twm0000gn/T/pytest-of-niccavendish/pytest-25/test_tag_custom_label_assigns_0
[DEBUG] No commit role file found at /private/var/folders/yx/c_cp834d18v7ptq75l5x7twm0000gn/T/pytest-of-niccavendish/pytest-25/test_tag_custom_label_assigns_0/.dawgit_roles.json
[DEBUG] status label set: 🪄 Version Line: MAIN — 🎧 Take: version 1
[DEBUG] Repo valid: True
[DEBUG] HEAD SHA: ca38c96f9803780bc6606c66218a889f94fc507d
[DEBUG] Total commits: 1
[DEBUG] No commit role file found at /private/var/folders/yx/c_cp834d18v7ptq75l5x7twm0000gn/T/pytest-of-niccavendish/pytest-25/test_tag_custom_label_assigns_0/.dawgit_roles.json
[DEBUG] Selected row = 0, SHA = ca38c96f9803780bc6606c66218a889f94fc507d
[DEBUG] ✅ SHA set from selected row: ca38c96f9803780bc6606c66218a889f94fc507d
[DEBUG] status label set: 🪄 Version Line: MAIN — 🎧 Take: version 1
[DEBUG] No commit role file found at /private/var/folders/yx/c_cp834d18v7ptq75l5x7twm0000gn/T/pytest-of-niccavendish/pytest-25/test_tag_custom_label_assigns_0/.dawgit_roles.json
[DEBUG] Repo valid: True
[DEBUG] HEAD SHA: ca38c96f9803780bc6606c66218a889f94fc507d
[DEBUG] Total commits: 1
[DEBUG] No commit role file found at /private/var/folders/yx/c_cp834d18v7ptq75l5x7twm0000gn/T/pytest-of-niccavendish/pytest-25/test_tag_custom_label_assigns_0/.dawgit_roles.json
[DEBUG] Selected row = 0, SHA = ca38c96f9803780bc6606c66218a889f94fc507d
[DEBUG] ✅ SHA set from selected row: ca38c96f9803780bc6606c66218a889f94fc507d
[DEBUG] status label set: 🪄 Version Line: MAIN — 🎧 Take: version 1
[DEBUG] status label set: 🪄 Version Line: MAIN — 🎧 Take: version 1
[DEBUG] Selected row = 0, SHA = ca38c96f9803780bc6606c66218a889f94fc507d
[DEBUG] ✅ SHA set from selected row: ca38c96f9803780bc6606c66218a889f94fc507d
[DEBUG] Role 'alt_2' assigned to commit ca38c96f9803780bc6606c66218a889f94fc507d
[DEBUG] Saved commit roles to /private/var/folders/yx/c_cp834d18v7ptq75l5x7twm0000gn/T/pytest-of-niccavendish/pytest-25/test_tag_custom_label_assigns_0/.dawgit_roles.json
[DEBUG] Assigned role 'alt_2' to commit ca38c96f9803780bc6606c66218a889f94fc507d
[DEBUG] Saved PROJECT_MARKER.json to /private/var/folders/yx/c_cp834d18v7ptq75l5x7twm0000gn/T/pytest-of-niccavendish/pytest-25/test_tag_custom_label_assigns_0/PROJECT_MARKER.json
[DEBUG] Saved commit roles to /private/var/folders/yx/c_cp834d18v7ptq75l5x7twm0000gn/T/pytest-of-niccavendish/pytest-25/test_tag_custom_label_assigns_0/.dawgit_roles.json
[STATUS] ✏️ Commit tagged as 'alt_2': ca38c96
[DEBUG] DAWGIT_TEST_MODE active — running load_commit_history directly
[DEBUG] Repo valid: True
[DEBUG] HEAD SHA: ca38c96f9803780bc6606c66218a889f94fc507d
[DEBUG] Total commits: 1
[DEBUG] Loaded commit roles from /private/var/folders/yx/c_cp834d18v7ptq75l5x7twm0000gn/T/pytest-of-niccavendish/pytest-25/test_tag_custom_label_assigns_0/.dawgit_roles.json
[DEBUG] Selected row = 0, SHA = ca38c96f9803780bc6606c66218a889f94fc507d
[DEBUG] ✅ SHA set from selected row: ca38c96f9803780bc6606c66218a889f94fc507d
[DEBUG] status label set: 🪄 Version Line: MAIN — 🎧 Take: version 1
PASSED

============================== 5 passed in 6.44s ===============================
============================= test session starts ==============================
platform darwin -- Python 3.12.3, pytest-8.3.5, pluggy-1.5.0 -- /Users/niccavendish/.pyenv/versions/3.12.3/bin/python3.12
cachedir: .pytest_cache
PyQt6 6.9.0 -- Qt runtime 6.9.0 -- Qt compiled 6.9.0
rootdir: /Users/niccavendish/Projects/DAWGitApp
configfile: pytest.ini
plugins: qt-4.4.0, env-1.1.5, timeout-2.4.0, rich-0.2.0
timeout: 10.0s
timeout method: signal
timeout func_only: False
collecting ... collected 5 items

tests_dawgit/test_commit_tagging.py::test_assign_commit_role_variants[main_mix] [DEBUG] No PROJECT_MARKER.json found — using defaults
[DEBUG] No commit role file found at /tmp/test_tagging_4f1a10e1635e46d89322a54ca29e53a9/.dawgit_roles.json
❌ No Git repo loaded.
[DEBUG] Skipping QTimer.singleShot — parent not visible.
[DEBUG] Loaded project path: /tmp/test_tagging_4f1a10e1635e46d89322a54ca29e53a9
[DEBUG] Calling GitProjectManager.init_repo()
[DEBUG] Initializing Git...
[DEBUG] Found DAW files: [PosixPath('/tmp/test_tagging_4f1a10e1635e46d89322a54ca29e53a9/track.als')]
[DEBUG] Found existing Git repo at /tmp/test_tagging_4f1a10e1635e46d89322a54ca29e53a9
✅ Saved last project path: /tmp/test_tagging_4f1a10e1635e46d89322a54ca29e53a9
[DEBUG] No commit role file found at /tmp/test_tagging_4f1a10e1635e46d89322a54ca29e53a9/.dawgit_roles.json
[DEBUG] status label set: 🪄 Version Line: MAIN — 🎧 Take: version 1
[DEBUG] Repo valid: True
[DEBUG] HEAD SHA: 7f7609f40f0aff1debff899846257348d2d2255d
[DEBUG] Total commits: 1
[DEBUG] No commit role file found at /tmp/test_tagging_4f1a10e1635e46d89322a54ca29e53a9/.dawgit_roles.json
[DEBUG] Selected row = 0, SHA = 7f7609f40f0aff1debff899846257348d2d2255d
[DEBUG] ✅ SHA set from selected row: 7f7609f40f0aff1debff899846257348d2d2255d
[DEBUG] status label set: 🪄 Version Line: MAIN — 🎧 Take: version 1
[DEBUG] No commit role file found at /tmp/test_tagging_4f1a10e1635e46d89322a54ca29e53a9/.dawgit_roles.json
[DEBUG] Repo valid: True
[DEBUG] HEAD SHA: 7f7609f40f0aff1debff899846257348d2d2255d
[DEBUG] Total commits: 1
[DEBUG] No commit role file found at /tmp/test_tagging_4f1a10e1635e46d89322a54ca29e53a9/.dawgit_roles.json
[DEBUG] Selected row = 0, SHA = 7f7609f40f0aff1debff899846257348d2d2255d
[DEBUG] ✅ SHA set from selected row: 7f7609f40f0aff1debff899846257348d2d2255d
[DEBUG] status label set: 🪄 Version Line: MAIN — 🎧 Take: version 1
[DEBUG] status label set: 🪄 Version Line: MAIN — 🎧 Take: version 1
[DEBUG] Role 'main_mix' assigned to commit 7f7609f40f0aff1debff899846257348d2d2255d
[DEBUG] Saved commit roles to /tmp/test_tagging_4f1a10e1635e46d89322a54ca29e53a9/.dawgit_roles.json
[DEBUG] Assigned role 'main_mix' to commit 7f7609f40f0aff1debff899846257348d2d2255d
[DEBUG] Saved PROJECT_MARKER.json to /tmp/test_tagging_4f1a10e1635e46d89322a54ca29e53a9/PROJECT_MARKER.json
[DEBUG] Saved commit roles to /tmp/test_tagging_4f1a10e1635e46d89322a54ca29e53a9/.dawgit_roles.json
PASSED
tests_dawgit/test_commit_tagging.py::test_assign_commit_role_variants[creative_take] [DEBUG] No PROJECT_MARKER.json found — using defaults
[DEBUG] No commit role file found at /tmp/test_tagging_861ab423635c4b9cb207a8af7b11e247/.dawgit_roles.json
❌ No Git repo loaded.
[DEBUG] Skipping QTimer.singleShot — parent not visible.
[WARNING] Stylesheet not loaded: [Errno 2] No such file or directory: 'styles/dawgit_styles.qss'
[DEBUG] Loaded project path: /tmp/test_tagging_861ab423635c4b9cb207a8af7b11e247
[DEBUG] Calling GitProjectManager.init_repo()
[DEBUG] Initializing Git...
[DEBUG] Found DAW files: [PosixPath('/tmp/test_tagging_861ab423635c4b9cb207a8af7b11e247/track.als')]
[DEBUG] Found existing Git repo at /tmp/test_tagging_861ab423635c4b9cb207a8af7b11e247
✅ Saved last project path: /tmp/test_tagging_861ab423635c4b9cb207a8af7b11e247
[DEBUG] No commit role file found at /tmp/test_tagging_861ab423635c4b9cb207a8af7b11e247/.dawgit_roles.json
[DEBUG] status label set: 🪄 Version Line: MAIN — 🎧 Take: version 1
[DEBUG] Repo valid: True
[DEBUG] HEAD SHA: f3eb4c066f236a3478804f3665cda26931722572
[DEBUG] Total commits: 1
[DEBUG] No commit role file found at /tmp/test_tagging_861ab423635c4b9cb207a8af7b11e247/.dawgit_roles.json
[DEBUG] Selected row = 0, SHA = f3eb4c066f236a3478804f3665cda26931722572
[DEBUG] ✅ SHA set from selected row: f3eb4c066f236a3478804f3665cda26931722572
[DEBUG] status label set: 🪄 Version Line: MAIN — 🎧 Take: version 1
[DEBUG] No commit role file found at /tmp/test_tagging_861ab423635c4b9cb207a8af7b11e247/.dawgit_roles.json
[DEBUG] Repo valid: True
[DEBUG] HEAD SHA: f3eb4c066f236a3478804f3665cda26931722572
[DEBUG] Total commits: 1
[DEBUG] No commit role file found at /tmp/test_tagging_861ab423635c4b9cb207a8af7b11e247/.dawgit_roles.json
[DEBUG] Selected row = 0, SHA = f3eb4c066f236a3478804f3665cda26931722572
[DEBUG] ✅ SHA set from selected row: f3eb4c066f236a3478804f3665cda26931722572
[DEBUG] status label set: 🪄 Version Line: MAIN — 🎧 Take: version 1
[DEBUG] status label set: 🪄 Version Line: MAIN — 🎧 Take: version 1
[DEBUG] Role 'creative_take' assigned to commit f3eb4c066f236a3478804f3665cda26931722572
[DEBUG] Saved commit roles to /tmp/test_tagging_861ab423635c4b9cb207a8af7b11e247/.dawgit_roles.json
[DEBUG] Assigned role 'creative_take' to commit f3eb4c066f236a3478804f3665cda26931722572
[DEBUG] Saved PROJECT_MARKER.json to /tmp/test_tagging_861ab423635c4b9cb207a8af7b11e247/PROJECT_MARKER.json
[DEBUG] Saved commit roles to /tmp/test_tagging_861ab423635c4b9cb207a8af7b11e247/.dawgit_roles.json
PASSED
tests_dawgit/test_commit_tagging.py::test_assign_commit_role_variants[alt_mixdown] [DEBUG] No PROJECT_MARKER.json found — using defaults
[DEBUG] No commit role file found at /tmp/test_tagging_6989d0e7e1134e6f97a66dd3d5ef995d/.dawgit_roles.json
❌ No Git repo loaded.
[DEBUG] Skipping QTimer.singleShot — parent not visible.
[WARNING] Stylesheet not loaded: [Errno 2] No such file or directory: 'styles/dawgit_styles.qss'
[DEBUG] Loaded project path: /tmp/test_tagging_6989d0e7e1134e6f97a66dd3d5ef995d
[DEBUG] Calling GitProjectManager.init_repo()
[DEBUG] Initializing Git...
[DEBUG] Found DAW files: [PosixPath('/tmp/test_tagging_6989d0e7e1134e6f97a66dd3d5ef995d/track.als')]
[DEBUG] Found existing Git repo at /tmp/test_tagging_6989d0e7e1134e6f97a66dd3d5ef995d
✅ Saved last project path: /tmp/test_tagging_6989d0e7e1134e6f97a66dd3d5ef995d
[DEBUG] No commit role file found at /tmp/test_tagging_6989d0e7e1134e6f97a66dd3d5ef995d/.dawgit_roles.json
[DEBUG] status label set: 🪄 Version Line: MAIN — 🎧 Take: version 1
[DEBUG] Repo valid: True
[DEBUG] HEAD SHA: 5e40ac71685c057b8f0d4f8665bcf510a180ea33
[DEBUG] Total commits: 1
[DEBUG] No commit role file found at /tmp/test_tagging_6989d0e7e1134e6f97a66dd3d5ef995d/.dawgit_roles.json
[DEBUG] Selected row = 0, SHA = 5e40ac71685c057b8f0d4f8665bcf510a180ea33
[DEBUG] ✅ SHA set from selected row: 5e40ac71685c057b8f0d4f8665bcf510a180ea33
[DEBUG] status label set: 🪄 Version Line: MAIN — 🎧 Take: version 1
[DEBUG] No commit role file found at /tmp/test_tagging_6989d0e7e1134e6f97a66dd3d5ef995d/.dawgit_roles.json
[DEBUG] Repo valid: True
[DEBUG] HEAD SHA: 5e40ac71685c057b8f0d4f8665bcf510a180ea33
[DEBUG] Total commits: 1
[DEBUG] No commit role file found at /tmp/test_tagging_6989d0e7e1134e6f97a66dd3d5ef995d/.dawgit_roles.json
[DEBUG] Selected row = 0, SHA = 5e40ac71685c057b8f0d4f8665bcf510a180ea33
[DEBUG] ✅ SHA set from selected row: 5e40ac71685c057b8f0d4f8665bcf510a180ea33
[DEBUG] status label set: 🪄 Version Line: MAIN — 🎧 Take: version 1
[DEBUG] status label set: 🪄 Version Line: MAIN — 🎧 Take: version 1
[DEBUG] Role 'alt_mixdown' assigned to commit 5e40ac71685c057b8f0d4f8665bcf510a180ea33
[DEBUG] Saved commit roles to /tmp/test_tagging_6989d0e7e1134e6f97a66dd3d5ef995d/.dawgit_roles.json
[DEBUG] Assigned role 'alt_mixdown' to commit 5e40ac71685c057b8f0d4f8665bcf510a180ea33
[DEBUG] Saved PROJECT_MARKER.json to /tmp/test_tagging_6989d0e7e1134e6f97a66dd3d5ef995d/PROJECT_MARKER.json
[DEBUG] Saved commit roles to /tmp/test_tagging_6989d0e7e1134e6f97a66dd3d5ef995d/.dawgit_roles.json
PASSED
tests_dawgit/test_commit_tagging.py::test_assign_commit_role_variants[test_custom_tag] [DEBUG] No PROJECT_MARKER.json found — using defaults
[DEBUG] No commit role file found at /tmp/test_tagging_18bfbe5707c943cca5efb549e3862879/.dawgit_roles.json
❌ No Git repo loaded.
[DEBUG] Skipping QTimer.singleShot — parent not visible.
[WARNING] Stylesheet not loaded: [Errno 2] No such file or directory: 'styles/dawgit_styles.qss'
[DEBUG] Loaded project path: /tmp/test_tagging_18bfbe5707c943cca5efb549e3862879
[DEBUG] Calling GitProjectManager.init_repo()
[DEBUG] Initializing Git...
[DEBUG] Found DAW files: [PosixPath('/tmp/test_tagging_18bfbe5707c943cca5efb549e3862879/track.als')]
[DEBUG] Found existing Git repo at /tmp/test_tagging_18bfbe5707c943cca5efb549e3862879
✅ Saved last project path: /tmp/test_tagging_18bfbe5707c943cca5efb549e3862879
[DEBUG] No commit role file found at /tmp/test_tagging_18bfbe5707c943cca5efb549e3862879/.dawgit_roles.json
[DEBUG] status label set: 🪄 Version Line: MAIN — 🎧 Take: version 1
[DEBUG] Repo valid: True
[DEBUG] HEAD SHA: f080062fc5e784a7925b1f814da566d5650bf5d7
[DEBUG] Total commits: 1
[DEBUG] No commit role file found at /tmp/test_tagging_18bfbe5707c943cca5efb549e3862879/.dawgit_roles.json
[DEBUG] Selected row = 0, SHA = f080062fc5e784a7925b1f814da566d5650bf5d7
[DEBUG] ✅ SHA set from selected row: f080062fc5e784a7925b1f814da566d5650bf5d7
[DEBUG] status label set: 🪄 Version Line: MAIN — 🎧 Take: version 1
[DEBUG] No commit role file found at /tmp/test_tagging_18bfbe5707c943cca5efb549e3862879/.dawgit_roles.json
[DEBUG] Repo valid: True
[DEBUG] HEAD SHA: f080062fc5e784a7925b1f814da566d5650bf5d7
[DEBUG] Total commits: 1
[DEBUG] No commit role file found at /tmp/test_tagging_18bfbe5707c943cca5efb549e3862879/.dawgit_roles.json
[DEBUG] Selected row = 0, SHA = f080062fc5e784a7925b1f814da566d5650bf5d7
[DEBUG] ✅ SHA set from selected row: f080062fc5e784a7925b1f814da566d5650bf5d7
[DEBUG] status label set: 🪄 Version Line: MAIN — 🎧 Take: version 1
[DEBUG] status label set: 🪄 Version Line: MAIN — 🎧 Take: version 1
[DEBUG] Role 'test_custom_tag' assigned to commit f080062fc5e784a7925b1f814da566d5650bf5d7
[DEBUG] Saved commit roles to /tmp/test_tagging_18bfbe5707c943cca5efb549e3862879/.dawgit_roles.json
[DEBUG] Assigned role 'test_custom_tag' to commit f080062fc5e784a7925b1f814da566d5650bf5d7
[DEBUG] Saved PROJECT_MARKER.json to /tmp/test_tagging_18bfbe5707c943cca5efb549e3862879/PROJECT_MARKER.json
[DEBUG] Saved commit roles to /tmp/test_tagging_18bfbe5707c943cca5efb549e3862879/.dawgit_roles.json
PASSED
tests_dawgit/test_commit_tagging.py::test_tag_custom_label_assigns_alt2 [DEBUG] No PROJECT_MARKER.json found — using defaults
[DEBUG] No commit role file found at /private/var/folders/yx/c_cp834d18v7ptq75l5x7twm0000gn/T/pytest-of-niccavendish/pytest-0/test_tag_custom_label_assigns_0/.dawgit_roles.json
❌ No Git repo loaded.
[DEBUG] Skipping QTimer.singleShot — parent not visible.
[WARNING] Stylesheet not loaded: [Errno 2] No such file or directory: 'styles/dawgit_styles.qss'
[DEBUG] Loaded project path: /private/var/folders/yx/c_cp834d18v7ptq75l5x7twm0000gn/T/pytest-of-niccavendish/pytest-0/test_tag_custom_label_assigns_0
[DEBUG] Calling GitProjectManager.init_repo()
[DEBUG] Initializing Git...
[DEBUG] Found DAW files: [PosixPath('/private/var/folders/yx/c_cp834d18v7ptq75l5x7twm0000gn/T/pytest-of-niccavendish/pytest-0/test_tag_custom_label_assigns_0/track.als')]
[DEBUG] Found existing Git repo at /private/var/folders/yx/c_cp834d18v7ptq75l5x7twm0000gn/T/pytest-of-niccavendish/pytest-0/test_tag_custom_label_assigns_0
✅ Saved last project path: /private/var/folders/yx/c_cp834d18v7ptq75l5x7twm0000gn/T/pytest-of-niccavendish/pytest-0/test_tag_custom_label_assigns_0
[DEBUG] No commit role file found at /private/var/folders/yx/c_cp834d18v7ptq75l5x7twm0000gn/T/pytest-of-niccavendish/pytest-0/test_tag_custom_label_assigns_0/.dawgit_roles.json
[DEBUG] status label set: 🪄 Version Line: MAIN — 🎧 Take: version 1
[DEBUG] Repo valid: True
[DEBUG] HEAD SHA: 53e07a3b8b24120e1e75b9b727a71cad76c4a9d8
[DEBUG] Total commits: 1
[DEBUG] No commit role file found at /private/var/folders/yx/c_cp834d18v7ptq75l5x7twm0000gn/T/pytest-of-niccavendish/pytest-0/test_tag_custom_label_assigns_0/.dawgit_roles.json
[DEBUG] Selected row = 0, SHA = 53e07a3b8b24120e1e75b9b727a71cad76c4a9d8
[DEBUG] ✅ SHA set from selected row: 53e07a3b8b24120e1e75b9b727a71cad76c4a9d8
[DEBUG] status label set: 🪄 Version Line: MAIN — 🎧 Take: version 1
[DEBUG] No commit role file found at /private/var/folders/yx/c_cp834d18v7ptq75l5x7twm0000gn/T/pytest-of-niccavendish/pytest-0/test_tag_custom_label_assigns_0/.dawgit_roles.json
[DEBUG] Repo valid: True
[DEBUG] HEAD SHA: 53e07a3b8b24120e1e75b9b727a71cad76c4a9d8
[DEBUG] Total commits: 1
[DEBUG] No commit role file found at /private/var/folders/yx/c_cp834d18v7ptq75l5x7twm0000gn/T/pytest-of-niccavendish/pytest-0/test_tag_custom_label_assigns_0/.dawgit_roles.json
[DEBUG] Selected row = 0, SHA = 53e07a3b8b24120e1e75b9b727a71cad76c4a9d8
[DEBUG] ✅ SHA set from selected row: 53e07a3b8b24120e1e75b9b727a71cad76c4a9d8
[DEBUG] status label set: 🪄 Version Line: MAIN — 🎧 Take: version 1
[DEBUG] status label set: 🪄 Version Line: MAIN — 🎧 Take: version 1
[DEBUG] Selected row = 0, SHA = 53e07a3b8b24120e1e75b9b727a71cad76c4a9d8
[DEBUG] ✅ SHA set from selected row: 53e07a3b8b24120e1e75b9b727a71cad76c4a9d8
[DEBUG] Role 'alt_2' assigned to commit 53e07a3b8b24120e1e75b9b727a71cad76c4a9d8
[DEBUG] Saved commit roles to /private/var/folders/yx/c_cp834d18v7ptq75l5x7twm0000gn/T/pytest-of-niccavendish/pytest-0/test_tag_custom_label_assigns_0/.dawgit_roles.json
[DEBUG] Assigned role 'alt_2' to commit 53e07a3b8b24120e1e75b9b727a71cad76c4a9d8
[DEBUG] Saved PROJECT_MARKER.json to /private/var/folders/yx/c_cp834d18v7ptq75l5x7twm0000gn/T/pytest-of-niccavendish/pytest-0/test_tag_custom_label_assigns_0/PROJECT_MARKER.json
[DEBUG] Saved commit roles to /private/var/folders/yx/c_cp834d18v7ptq75l5x7twm0000gn/T/pytest-of-niccavendish/pytest-0/test_tag_custom_label_assigns_0/.dawgit_roles.json
[STATUS] ✏️ Commit tagged as 'alt_2': 53e07a3
[DEBUG] DAWGIT_TEST_MODE active — running load_commit_history directly
[DEBUG] Repo valid: True
[DEBUG] HEAD SHA: 53e07a3b8b24120e1e75b9b727a71cad76c4a9d8
[DEBUG] Total commits: 1
[DEBUG] Loaded commit roles from /private/var/folders/yx/c_cp834d18v7ptq75l5x7twm0000gn/T/pytest-of-niccavendish/pytest-0/test_tag_custom_label_assigns_0/.dawgit_roles.json
[DEBUG] Selected row = 0, SHA = 53e07a3b8b24120e1e75b9b727a71cad76c4a9d8
[DEBUG] ✅ SHA set from selected row: 53e07a3b8b24120e1e75b9b727a71cad76c4a9d8
[DEBUG] status label set: 🪄 Version Line: MAIN — 🎧 Take: version 1
PASSED

============================== 5 passed in 6.61s ===============================
============================= test session starts ==============================
platform darwin -- Python 3.12.3, pytest-8.3.5, pluggy-1.5.0 -- /Users/niccavendish/.pyenv/versions/3.12.3/bin/python3.12
cachedir: .pytest_cache
PyQt6 6.9.0 -- Qt runtime 6.9.0 -- Qt compiled 6.9.0
rootdir: /Users/niccavendish/Projects/DAWGitApp
configfile: pytest.ini
plugins: qt-4.4.0, env-1.1.5, timeout-2.4.0, rich-0.2.0
timeout: 10.0s
timeout method: signal
timeout func_only: False
collecting ... collected 5 items

tests_dawgit/test_commit_tagging.py::test_assign_commit_role_variants[main_mix] [DEBUG] No PROJECT_MARKER.json found — using defaults
[DEBUG] No commit role file found at /tmp/test_tagging_a1ba03c9ec7c4655ab8d694d360e1df6/.dawgit_roles.json
❌ No Git repo loaded.
[DEBUG] Skipping QTimer.singleShot — parent not visible.
[DEBUG] Loaded project path: /tmp/test_tagging_a1ba03c9ec7c4655ab8d694d360e1df6
[DEBUG] Calling GitProjectManager.init_repo()
[DEBUG] Initializing Git...
[DEBUG] Found DAW files: [PosixPath('/tmp/test_tagging_a1ba03c9ec7c4655ab8d694d360e1df6/track.als')]
[DEBUG] Found existing Git repo at /tmp/test_tagging_a1ba03c9ec7c4655ab8d694d360e1df6
✅ Saved last project path: /tmp/test_tagging_a1ba03c9ec7c4655ab8d694d360e1df6
[DEBUG] No commit role file found at /tmp/test_tagging_a1ba03c9ec7c4655ab8d694d360e1df6/.dawgit_roles.json
[DEBUG] status label set: 🪄 Version Line: MAIN — 🎧 Take: version 1
[DEBUG] Repo valid: True
[DEBUG] HEAD SHA: a3dc571a29a5830b786e4871b82b205ea5f440b8
[DEBUG] Total commits: 1
[DEBUG] No commit role file found at /tmp/test_tagging_a1ba03c9ec7c4655ab8d694d360e1df6/.dawgit_roles.json
[DEBUG] Selected row = 0, SHA = a3dc571a29a5830b786e4871b82b205ea5f440b8
[DEBUG] ✅ SHA set from selected row: a3dc571a29a5830b786e4871b82b205ea5f440b8
[DEBUG] status label set: 🪄 Version Line: MAIN — 🎧 Take: version 1
[DEBUG] No commit role file found at /tmp/test_tagging_a1ba03c9ec7c4655ab8d694d360e1df6/.dawgit_roles.json
[DEBUG] Repo valid: True
[DEBUG] HEAD SHA: a3dc571a29a5830b786e4871b82b205ea5f440b8
[DEBUG] Total commits: 1
[DEBUG] No commit role file found at /tmp/test_tagging_a1ba03c9ec7c4655ab8d694d360e1df6/.dawgit_roles.json
[DEBUG] Selected row = 0, SHA = a3dc571a29a5830b786e4871b82b205ea5f440b8
[DEBUG] ✅ SHA set from selected row: a3dc571a29a5830b786e4871b82b205ea5f440b8
[DEBUG] status label set: 🪄 Version Line: MAIN — 🎧 Take: version 1
[DEBUG] status label set: 🪄 Version Line: MAIN — 🎧 Take: version 1
[DEBUG] Role 'main_mix' assigned to commit a3dc571a29a5830b786e4871b82b205ea5f440b8
[DEBUG] Saved commit roles to /tmp/test_tagging_a1ba03c9ec7c4655ab8d694d360e1df6/.dawgit_roles.json
[DEBUG] Assigned role 'main_mix' to commit a3dc571a29a5830b786e4871b82b205ea5f440b8
[DEBUG] Saved PROJECT_MARKER.json to /tmp/test_tagging_a1ba03c9ec7c4655ab8d694d360e1df6/PROJECT_MARKER.json
[DEBUG] Saved commit roles to /tmp/test_tagging_a1ba03c9ec7c4655ab8d694d360e1df6/.dawgit_roles.json
PASSED
tests_dawgit/test_commit_tagging.py::test_assign_commit_role_variants[creative_take] [DEBUG] No PROJECT_MARKER.json found — using defaults
[DEBUG] No commit role file found at /tmp/test_tagging_20af32d6f89746d58bd4eda2f78a6bd0/.dawgit_roles.json
❌ No Git repo loaded.
[DEBUG] Skipping QTimer.singleShot — parent not visible.
[WARNING] Stylesheet not loaded: [Errno 2] No such file or directory: 'styles/dawgit_styles.qss'
[DEBUG] Loaded project path: /tmp/test_tagging_20af32d6f89746d58bd4eda2f78a6bd0
[DEBUG] Calling GitProjectManager.init_repo()
[DEBUG] Initializing Git...
[DEBUG] Found DAW files: [PosixPath('/tmp/test_tagging_20af32d6f89746d58bd4eda2f78a6bd0/track.als')]
[DEBUG] Found existing Git repo at /tmp/test_tagging_20af32d6f89746d58bd4eda2f78a6bd0
✅ Saved last project path: /tmp/test_tagging_20af32d6f89746d58bd4eda2f78a6bd0
[DEBUG] No commit role file found at /tmp/test_tagging_20af32d6f89746d58bd4eda2f78a6bd0/.dawgit_roles.json
[DEBUG] status label set: 🪄 Version Line: MAIN — 🎧 Take: version 1
[DEBUG] Repo valid: True
[DEBUG] HEAD SHA: 10af456c625b66862e9cf7095136db6f45ef02d9
[DEBUG] Total commits: 1
[DEBUG] No commit role file found at /tmp/test_tagging_20af32d6f89746d58bd4eda2f78a6bd0/.dawgit_roles.json
[DEBUG] Selected row = 0, SHA = 10af456c625b66862e9cf7095136db6f45ef02d9
[DEBUG] ✅ SHA set from selected row: 10af456c625b66862e9cf7095136db6f45ef02d9
[DEBUG] status label set: 🪄 Version Line: MAIN — 🎧 Take: version 1
[DEBUG] No commit role file found at /tmp/test_tagging_20af32d6f89746d58bd4eda2f78a6bd0/.dawgit_roles.json
[DEBUG] Repo valid: True
[DEBUG] HEAD SHA: 10af456c625b66862e9cf7095136db6f45ef02d9
[DEBUG] Total commits: 1
[DEBUG] No commit role file found at /tmp/test_tagging_20af32d6f89746d58bd4eda2f78a6bd0/.dawgit_roles.json
[DEBUG] Selected row = 0, SHA = 10af456c625b66862e9cf7095136db6f45ef02d9
[DEBUG] ✅ SHA set from selected row: 10af456c625b66862e9cf7095136db6f45ef02d9
[DEBUG] status label set: 🪄 Version Line: MAIN — 🎧 Take: version 1
[DEBUG] status label set: 🪄 Version Line: MAIN — 🎧 Take: version 1
[DEBUG] Role 'creative_take' assigned to commit 10af456c625b66862e9cf7095136db6f45ef02d9
[DEBUG] Saved commit roles to /tmp/test_tagging_20af32d6f89746d58bd4eda2f78a6bd0/.dawgit_roles.json
[DEBUG] Assigned role 'creative_take' to commit 10af456c625b66862e9cf7095136db6f45ef02d9
[DEBUG] Saved PROJECT_MARKER.json to /tmp/test_tagging_20af32d6f89746d58bd4eda2f78a6bd0/PROJECT_MARKER.json
[DEBUG] Saved commit roles to /tmp/test_tagging_20af32d6f89746d58bd4eda2f78a6bd0/.dawgit_roles.json
PASSED
tests_dawgit/test_commit_tagging.py::test_assign_commit_role_variants[alt_mixdown] [DEBUG] No PROJECT_MARKER.json found — using defaults
[DEBUG] No commit role file found at /tmp/test_tagging_e7364aee5e2741b48b55895dd6a998bb/.dawgit_roles.json
❌ No Git repo loaded.
[DEBUG] Skipping QTimer.singleShot — parent not visible.
[WARNING] Stylesheet not loaded: [Errno 2] No such file or directory: 'styles/dawgit_styles.qss'
[DEBUG] Loaded project path: /tmp/test_tagging_e7364aee5e2741b48b55895dd6a998bb
[DEBUG] Calling GitProjectManager.init_repo()
[DEBUG] Initializing Git...
[DEBUG] Found DAW files: [PosixPath('/tmp/test_tagging_e7364aee5e2741b48b55895dd6a998bb/track.als')]
[DEBUG] Found existing Git repo at /tmp/test_tagging_e7364aee5e2741b48b55895dd6a998bb
✅ Saved last project path: /tmp/test_tagging_e7364aee5e2741b48b55895dd6a998bb
[DEBUG] No commit role file found at /tmp/test_tagging_e7364aee5e2741b48b55895dd6a998bb/.dawgit_roles.json
[DEBUG] status label set: 🪄 Version Line: MAIN — 🎧 Take: version 1
[DEBUG] Repo valid: True
[DEBUG] HEAD SHA: 145b52c6c82a0c31b83174e30287f37902585139
[DEBUG] Total commits: 1
[DEBUG] No commit role file found at /tmp/test_tagging_e7364aee5e2741b48b55895dd6a998bb/.dawgit_roles.json
[DEBUG] Selected row = 0, SHA = 145b52c6c82a0c31b83174e30287f37902585139
[DEBUG] ✅ SHA set from selected row: 145b52c6c82a0c31b83174e30287f37902585139
[DEBUG] status label set: 🪄 Version Line: MAIN — 🎧 Take: version 1
[DEBUG] No commit role file found at /tmp/test_tagging_e7364aee5e2741b48b55895dd6a998bb/.dawgit_roles.json
[DEBUG] Repo valid: True
[DEBUG] HEAD SHA: 145b52c6c82a0c31b83174e30287f37902585139
[DEBUG] Total commits: 1
[DEBUG] No commit role file found at /tmp/test_tagging_e7364aee5e2741b48b55895dd6a998bb/.dawgit_roles.json
[DEBUG] Selected row = 0, SHA = 145b52c6c82a0c31b83174e30287f37902585139
[DEBUG] ✅ SHA set from selected row: 145b52c6c82a0c31b83174e30287f37902585139
[DEBUG] status label set: 🪄 Version Line: MAIN — 🎧 Take: version 1
[DEBUG] status label set: 🪄 Version Line: MAIN — 🎧 Take: version 1
[DEBUG] Role 'alt_mixdown' assigned to commit 145b52c6c82a0c31b83174e30287f37902585139
[DEBUG] Saved commit roles to /tmp/test_tagging_e7364aee5e2741b48b55895dd6a998bb/.dawgit_roles.json
[DEBUG] Assigned role 'alt_mixdown' to commit 145b52c6c82a0c31b83174e30287f37902585139
[DEBUG] Saved PROJECT_MARKER.json to /tmp/test_tagging_e7364aee5e2741b48b55895dd6a998bb/PROJECT_MARKER.json
[DEBUG] Saved commit roles to /tmp/test_tagging_e7364aee5e2741b48b55895dd6a998bb/.dawgit_roles.json
PASSED
tests_dawgit/test_commit_tagging.py::test_assign_commit_role_variants[test_custom_tag] [DEBUG] No PROJECT_MARKER.json found — using defaults
[DEBUG] No commit role file found at /tmp/test_tagging_6efde79c2ccc496a923149d56e85bec3/.dawgit_roles.json
❌ No Git repo loaded.
[DEBUG] Skipping QTimer.singleShot — parent not visible.
[WARNING] Stylesheet not loaded: [Errno 2] No such file or directory: 'styles/dawgit_styles.qss'
[DEBUG] Loaded project path: /tmp/test_tagging_6efde79c2ccc496a923149d56e85bec3
[DEBUG] Calling GitProjectManager.init_repo()
[DEBUG] Initializing Git...
[DEBUG] Found DAW files: [PosixPath('/tmp/test_tagging_6efde79c2ccc496a923149d56e85bec3/track.als')]
[DEBUG] Found existing Git repo at /tmp/test_tagging_6efde79c2ccc496a923149d56e85bec3
✅ Saved last project path: /tmp/test_tagging_6efde79c2ccc496a923149d56e85bec3
[DEBUG] No commit role file found at /tmp/test_tagging_6efde79c2ccc496a923149d56e85bec3/.dawgit_roles.json
[DEBUG] status label set: 🪄 Version Line: MAIN — 🎧 Take: version 1
[DEBUG] Repo valid: True
[DEBUG] HEAD SHA: 1ecc607476bc8236990cb2cb11b4fdafe422f21f
[DEBUG] Total commits: 1
[DEBUG] No commit role file found at /tmp/test_tagging_6efde79c2ccc496a923149d56e85bec3/.dawgit_roles.json
[DEBUG] Selected row = 0, SHA = 1ecc607476bc8236990cb2cb11b4fdafe422f21f
[DEBUG] ✅ SHA set from selected row: 1ecc607476bc8236990cb2cb11b4fdafe422f21f
[DEBUG] status label set: 🪄 Version Line: MAIN — 🎧 Take: version 1
[DEBUG] No commit role file found at /tmp/test_tagging_6efde79c2ccc496a923149d56e85bec3/.dawgit_roles.json
[DEBUG] Repo valid: True
[DEBUG] HEAD SHA: 1ecc607476bc8236990cb2cb11b4fdafe422f21f
[DEBUG] Total commits: 1
[DEBUG] No commit role file found at /tmp/test_tagging_6efde79c2ccc496a923149d56e85bec3/.dawgit_roles.json
[DEBUG] Selected row = 0, SHA = 1ecc607476bc8236990cb2cb11b4fdafe422f21f
[DEBUG] ✅ SHA set from selected row: 1ecc607476bc8236990cb2cb11b4fdafe422f21f
[DEBUG] status label set: 🪄 Version Line: MAIN — 🎧 Take: version 1
[DEBUG] status label set: 🪄 Version Line: MAIN — 🎧 Take: version 1
[DEBUG] Role 'test_custom_tag' assigned to commit 1ecc607476bc8236990cb2cb11b4fdafe422f21f
[DEBUG] Saved commit roles to /tmp/test_tagging_6efde79c2ccc496a923149d56e85bec3/.dawgit_roles.json
[DEBUG] Assigned role 'test_custom_tag' to commit 1ecc607476bc8236990cb2cb11b4fdafe422f21f
[DEBUG] Saved PROJECT_MARKER.json to /tmp/test_tagging_6efde79c2ccc496a923149d56e85bec3/PROJECT_MARKER.json
[DEBUG] Saved commit roles to /tmp/test_tagging_6efde79c2ccc496a923149d56e85bec3/.dawgit_roles.json
PASSED
tests_dawgit/test_commit_tagging.py::test_tag_custom_label_assigns_alt2 [DEBUG] No PROJECT_MARKER.json found — using defaults
[DEBUG] No commit role file found at /private/var/folders/yx/c_cp834d18v7ptq75l5x7twm0000gn/T/pytest-of-niccavendish/pytest-2/test_tag_custom_label_assigns_0/.dawgit_roles.json
❌ No Git repo loaded.
[DEBUG] Skipping QTimer.singleShot — parent not visible.
[WARNING] Stylesheet not loaded: [Errno 2] No such file or directory: 'styles/dawgit_styles.qss'
[DEBUG] Loaded project path: /private/var/folders/yx/c_cp834d18v7ptq75l5x7twm0000gn/T/pytest-of-niccavendish/pytest-2/test_tag_custom_label_assigns_0
[DEBUG] Calling GitProjectManager.init_repo()
[DEBUG] Initializing Git...
[DEBUG] Found DAW files: [PosixPath('/private/var/folders/yx/c_cp834d18v7ptq75l5x7twm0000gn/T/pytest-of-niccavendish/pytest-2/test_tag_custom_label_assigns_0/track.als')]
[DEBUG] Found existing Git repo at /private/var/folders/yx/c_cp834d18v7ptq75l5x7twm0000gn/T/pytest-of-niccavendish/pytest-2/test_tag_custom_label_assigns_0
✅ Saved last project path: /private/var/folders/yx/c_cp834d18v7ptq75l5x7twm0000gn/T/pytest-of-niccavendish/pytest-2/test_tag_custom_label_assigns_0
[DEBUG] No commit role file found at /private/var/folders/yx/c_cp834d18v7ptq75l5x7twm0000gn/T/pytest-of-niccavendish/pytest-2/test_tag_custom_label_assigns_0/.dawgit_roles.json
[DEBUG] status label set: 🪄 Version Line: MAIN — 🎧 Take: version 1
[DEBUG] Repo valid: True
[DEBUG] HEAD SHA: 3a5b94761c24683cd70563d7d57b4096de60beed
[DEBUG] Total commits: 1
[DEBUG] No commit role file found at /private/var/folders/yx/c_cp834d18v7ptq75l5x7twm0000gn/T/pytest-of-niccavendish/pytest-2/test_tag_custom_label_assigns_0/.dawgit_roles.json
[DEBUG] Selected row = 0, SHA = 3a5b94761c24683cd70563d7d57b4096de60beed
[DEBUG] ✅ SHA set from selected row: 3a5b94761c24683cd70563d7d57b4096de60beed
[DEBUG] status label set: 🪄 Version Line: MAIN — 🎧 Take: version 1
[DEBUG] No commit role file found at /private/var/folders/yx/c_cp834d18v7ptq75l5x7twm0000gn/T/pytest-of-niccavendish/pytest-2/test_tag_custom_label_assigns_0/.dawgit_roles.json
[DEBUG] Repo valid: True
[DEBUG] HEAD SHA: 3a5b94761c24683cd70563d7d57b4096de60beed
[DEBUG] Total commits: 1
[DEBUG] No commit role file found at /private/var/folders/yx/c_cp834d18v7ptq75l5x7twm0000gn/T/pytest-of-niccavendish/pytest-2/test_tag_custom_label_assigns_0/.dawgit_roles.json
[DEBUG] Selected row = 0, SHA = 3a5b94761c24683cd70563d7d57b4096de60beed
[DEBUG] ✅ SHA set from selected row: 3a5b94761c24683cd70563d7d57b4096de60beed
[DEBUG] status label set: 🪄 Version Line: MAIN — 🎧 Take: version 1
[DEBUG] status label set: 🪄 Version Line: MAIN — 🎧 Take: version 1
[DEBUG] Selected row = 0, SHA = 3a5b94761c24683cd70563d7d57b4096de60beed
[DEBUG] ✅ SHA set from selected row: 3a5b94761c24683cd70563d7d57b4096de60beed
[DEBUG] Role 'alt_2' assigned to commit 3a5b94761c24683cd70563d7d57b4096de60beed
[DEBUG] Saved commit roles to /private/var/folders/yx/c_cp834d18v7ptq75l5x7twm0000gn/T/pytest-of-niccavendish/pytest-2/test_tag_custom_label_assigns_0/.dawgit_roles.json
[DEBUG] Assigned role 'alt_2' to commit 3a5b94761c24683cd70563d7d57b4096de60beed
[DEBUG] Saved PROJECT_MARKER.json to /private/var/folders/yx/c_cp834d18v7ptq75l5x7twm0000gn/T/pytest-of-niccavendish/pytest-2/test_tag_custom_label_assigns_0/PROJECT_MARKER.json
[DEBUG] Saved commit roles to /private/var/folders/yx/c_cp834d18v7ptq75l5x7twm0000gn/T/pytest-of-niccavendish/pytest-2/test_tag_custom_label_assigns_0/.dawgit_roles.json
[STATUS] ✏️ Commit tagged as 'alt_2': 3a5b947
[DEBUG] DAWGIT_TEST_MODE active — running load_commit_history directly
[DEBUG] Repo valid: True
[DEBUG] HEAD SHA: 3a5b94761c24683cd70563d7d57b4096de60beed
[DEBUG] Total commits: 1
[DEBUG] Loaded commit roles from /private/var/folders/yx/c_cp834d18v7ptq75l5x7twm0000gn/T/pytest-of-niccavendish/pytest-2/test_tag_custom_label_assigns_0/.dawgit_roles.json
[DEBUG] Selected row = 0, SHA = 3a5b94761c24683cd70563d7d57b4096de60beed
[DEBUG] ✅ SHA set from selected row: 3a5b94761c24683cd70563d7d57b4096de60beed
[DEBUG] status label set: 🪄 Version Line: MAIN — 🎧 Take: version 1
PASSED

============================== 5 passed in 6.26s ===============================
============================= test session starts ==============================
platform darwin -- Python 3.12.3, pytest-8.3.5, pluggy-1.5.0 -- /Users/niccavendish/.pyenv/versions/3.12.3/bin/python3.12
cachedir: .pytest_cache
PyQt6 6.9.0 -- Qt runtime 6.9.0 -- Qt compiled 6.9.0
rootdir: /Users/niccavendish/Projects/DAWGitApp
configfile: pytest.ini
plugins: qt-4.4.0, env-1.1.5, timeout-2.4.0, rich-0.2.0
timeout: 10.0s
timeout method: signal
timeout func_only: False
collecting ... collected 5 items

tests_dawgit/test_commit_tagging.py::test_assign_commit_role_variants[main_mix] [DEBUG] No PROJECT_MARKER.json found — using defaults
[DEBUG] No commit role file found at /tmp/test_tagging_15d4faa1e762446c8828f02ce8967c63/.dawgit_roles.json
❌ No Git repo loaded.
[DEBUG] Skipping QTimer.singleShot — parent not visible.
[DEBUG] Loaded project path: /tmp/test_tagging_15d4faa1e762446c8828f02ce8967c63
[DEBUG] Calling GitProjectManager.init_repo()
[DEBUG] Initializing Git...
[DEBUG] Found DAW files: [PosixPath('/tmp/test_tagging_15d4faa1e762446c8828f02ce8967c63/track.als')]
[DEBUG] Found existing Git repo at /tmp/test_tagging_15d4faa1e762446c8828f02ce8967c63
✅ Saved last project path: /tmp/test_tagging_15d4faa1e762446c8828f02ce8967c63
[DEBUG] No commit role file found at /tmp/test_tagging_15d4faa1e762446c8828f02ce8967c63/.dawgit_roles.json
[DEBUG] status label set: 🪄 Version Line: MAIN — 🎧 Take: version 1
[DEBUG] Repo valid: True
[DEBUG] HEAD SHA: c2b245d4220407d373ad091179497d53f04678b6
[DEBUG] Total commits: 1
[DEBUG] No commit role file found at /tmp/test_tagging_15d4faa1e762446c8828f02ce8967c63/.dawgit_roles.json
[DEBUG] Selected row = 0, SHA = c2b245d4220407d373ad091179497d53f04678b6
[DEBUG] ✅ SHA set from selected row: c2b245d4220407d373ad091179497d53f04678b6
[DEBUG] status label set: 🪄 Version Line: MAIN — 🎧 Take: version 1
[DEBUG] No commit role file found at /tmp/test_tagging_15d4faa1e762446c8828f02ce8967c63/.dawgit_roles.json
[DEBUG] Repo valid: True
[DEBUG] HEAD SHA: c2b245d4220407d373ad091179497d53f04678b6
[DEBUG] Total commits: 1
[DEBUG] No commit role file found at /tmp/test_tagging_15d4faa1e762446c8828f02ce8967c63/.dawgit_roles.json
[DEBUG] Selected row = 0, SHA = c2b245d4220407d373ad091179497d53f04678b6
[DEBUG] ✅ SHA set from selected row: c2b245d4220407d373ad091179497d53f04678b6
[DEBUG] status label set: 🪄 Version Line: MAIN — 🎧 Take: version 1
[DEBUG] status label set: 🪄 Version Line: MAIN — 🎧 Take: version 1
[DEBUG] Role 'main_mix' assigned to commit c2b245d4220407d373ad091179497d53f04678b6
[DEBUG] Saved commit roles to /tmp/test_tagging_15d4faa1e762446c8828f02ce8967c63/.dawgit_roles.json
[DEBUG] Assigned role 'main_mix' to commit c2b245d4220407d373ad091179497d53f04678b6
[DEBUG] Saved PROJECT_MARKER.json to /tmp/test_tagging_15d4faa1e762446c8828f02ce8967c63/PROJECT_MARKER.json
[DEBUG] Saved commit roles to /tmp/test_tagging_15d4faa1e762446c8828f02ce8967c63/.dawgit_roles.json
PASSED
tests_dawgit/test_commit_tagging.py::test_assign_commit_role_variants[creative_take] [DEBUG] No PROJECT_MARKER.json found — using defaults
[DEBUG] No commit role file found at /tmp/test_tagging_7c621acc404c4d2d84236ed798a642c1/.dawgit_roles.json
❌ No Git repo loaded.
[DEBUG] Skipping QTimer.singleShot — parent not visible.
[WARNING] Stylesheet not loaded: [Errno 2] No such file or directory: 'styles/dawgit_styles.qss'
[DEBUG] Loaded project path: /tmp/test_tagging_7c621acc404c4d2d84236ed798a642c1
[DEBUG] Calling GitProjectManager.init_repo()
[DEBUG] Initializing Git...
[DEBUG] Found DAW files: [PosixPath('/tmp/test_tagging_7c621acc404c4d2d84236ed798a642c1/track.als')]
[DEBUG] Found existing Git repo at /tmp/test_tagging_7c621acc404c4d2d84236ed798a642c1
✅ Saved last project path: /tmp/test_tagging_7c621acc404c4d2d84236ed798a642c1
[DEBUG] No commit role file found at /tmp/test_tagging_7c621acc404c4d2d84236ed798a642c1/.dawgit_roles.json
[DEBUG] status label set: 🪄 Version Line: MAIN — 🎧 Take: version 1
[DEBUG] Repo valid: True
[DEBUG] HEAD SHA: ee3e3cc2e902a59ef799baa4beb75c8d7a119d9e
[DEBUG] Total commits: 1
[DEBUG] No commit role file found at /tmp/test_tagging_7c621acc404c4d2d84236ed798a642c1/.dawgit_roles.json
[DEBUG] Selected row = 0, SHA = ee3e3cc2e902a59ef799baa4beb75c8d7a119d9e
[DEBUG] ✅ SHA set from selected row: ee3e3cc2e902a59ef799baa4beb75c8d7a119d9e
[DEBUG] status label set: 🪄 Version Line: MAIN — 🎧 Take: version 1
[DEBUG] No commit role file found at /tmp/test_tagging_7c621acc404c4d2d84236ed798a642c1/.dawgit_roles.json
[DEBUG] Repo valid: True
[DEBUG] HEAD SHA: ee3e3cc2e902a59ef799baa4beb75c8d7a119d9e
[DEBUG] Total commits: 1
[DEBUG] No commit role file found at /tmp/test_tagging_7c621acc404c4d2d84236ed798a642c1/.dawgit_roles.json
[DEBUG] Selected row = 0, SHA = ee3e3cc2e902a59ef799baa4beb75c8d7a119d9e
[DEBUG] ✅ SHA set from selected row: ee3e3cc2e902a59ef799baa4beb75c8d7a119d9e
[DEBUG] status label set: 🪄 Version Line: MAIN — 🎧 Take: version 1
[DEBUG] status label set: 🪄 Version Line: MAIN — 🎧 Take: version 1
[DEBUG] Role 'creative_take' assigned to commit ee3e3cc2e902a59ef799baa4beb75c8d7a119d9e
[DEBUG] Saved commit roles to /tmp/test_tagging_7c621acc404c4d2d84236ed798a642c1/.dawgit_roles.json
[DEBUG] Assigned role 'creative_take' to commit ee3e3cc2e902a59ef799baa4beb75c8d7a119d9e
[DEBUG] Saved PROJECT_MARKER.json to /tmp/test_tagging_7c621acc404c4d2d84236ed798a642c1/PROJECT_MARKER.json
[DEBUG] Saved commit roles to /tmp/test_tagging_7c621acc404c4d2d84236ed798a642c1/.dawgit_roles.json
PASSED
tests_dawgit/test_commit_tagging.py::test_assign_commit_role_variants[alt_mixdown] [DEBUG] No PROJECT_MARKER.json found — using defaults
[DEBUG] No commit role file found at /tmp/test_tagging_0cd460ece345475ab0adb74f1de24f35/.dawgit_roles.json
❌ No Git repo loaded.
[DEBUG] Skipping QTimer.singleShot — parent not visible.
[WARNING] Stylesheet not loaded: [Errno 2] No such file or directory: 'styles/dawgit_styles.qss'
[DEBUG] Loaded project path: /tmp/test_tagging_0cd460ece345475ab0adb74f1de24f35
[DEBUG] Calling GitProjectManager.init_repo()
[DEBUG] Initializing Git...
[DEBUG] Found DAW files: [PosixPath('/tmp/test_tagging_0cd460ece345475ab0adb74f1de24f35/track.als')]
[DEBUG] Found existing Git repo at /tmp/test_tagging_0cd460ece345475ab0adb74f1de24f35
✅ Saved last project path: /tmp/test_tagging_0cd460ece345475ab0adb74f1de24f35
[DEBUG] No commit role file found at /tmp/test_tagging_0cd460ece345475ab0adb74f1de24f35/.dawgit_roles.json
[DEBUG] status label set: 🪄 Version Line: MAIN — 🎧 Take: version 1
[DEBUG] Repo valid: True
[DEBUG] HEAD SHA: 237169d529764fd32790523928073de3e2492b86
[DEBUG] Total commits: 1
[DEBUG] No commit role file found at /tmp/test_tagging_0cd460ece345475ab0adb74f1de24f35/.dawgit_roles.json
[DEBUG] Selected row = 0, SHA = 237169d529764fd32790523928073de3e2492b86
[DEBUG] ✅ SHA set from selected row: 237169d529764fd32790523928073de3e2492b86
[DEBUG] status label set: 🪄 Version Line: MAIN — 🎧 Take: version 1
[DEBUG] No commit role file found at /tmp/test_tagging_0cd460ece345475ab0adb74f1de24f35/.dawgit_roles.json
[DEBUG] Repo valid: True
[DEBUG] HEAD SHA: 237169d529764fd32790523928073de3e2492b86
[DEBUG] Total commits: 1
[DEBUG] No commit role file found at /tmp/test_tagging_0cd460ece345475ab0adb74f1de24f35/.dawgit_roles.json
[DEBUG] Selected row = 0, SHA = 237169d529764fd32790523928073de3e2492b86
[DEBUG] ✅ SHA set from selected row: 237169d529764fd32790523928073de3e2492b86
[DEBUG] status label set: 🪄 Version Line: MAIN — 🎧 Take: version 1
[DEBUG] status label set: 🪄 Version Line: MAIN — 🎧 Take: version 1
[DEBUG] Role 'alt_mixdown' assigned to commit 237169d529764fd32790523928073de3e2492b86
[DEBUG] Saved commit roles to /tmp/test_tagging_0cd460ece345475ab0adb74f1de24f35/.dawgit_roles.json
[DEBUG] Assigned role 'alt_mixdown' to commit 237169d529764fd32790523928073de3e2492b86
[DEBUG] Saved PROJECT_MARKER.json to /tmp/test_tagging_0cd460ece345475ab0adb74f1de24f35/PROJECT_MARKER.json
[DEBUG] Saved commit roles to /tmp/test_tagging_0cd460ece345475ab0adb74f1de24f35/.dawgit_roles.json
PASSED
tests_dawgit/test_commit_tagging.py::test_assign_commit_role_variants[test_custom_tag] [DEBUG] No PROJECT_MARKER.json found — using defaults
[DEBUG] No commit role file found at /tmp/test_tagging_1177c59ce41e4ee1b983069ef473a38b/.dawgit_roles.json
❌ No Git repo loaded.
[DEBUG] Skipping QTimer.singleShot — parent not visible.
[WARNING] Stylesheet not loaded: [Errno 2] No such file or directory: 'styles/dawgit_styles.qss'
[DEBUG] Loaded project path: /tmp/test_tagging_1177c59ce41e4ee1b983069ef473a38b
[DEBUG] Calling GitProjectManager.init_repo()
[DEBUG] Initializing Git...
[DEBUG] Found DAW files: [PosixPath('/tmp/test_tagging_1177c59ce41e4ee1b983069ef473a38b/track.als')]
[DEBUG] Found existing Git repo at /tmp/test_tagging_1177c59ce41e4ee1b983069ef473a38b
✅ Saved last project path: /tmp/test_tagging_1177c59ce41e4ee1b983069ef473a38b
[DEBUG] No commit role file found at /tmp/test_tagging_1177c59ce41e4ee1b983069ef473a38b/.dawgit_roles.json
[DEBUG] status label set: 🪄 Version Line: MAIN — 🎧 Take: version 1
[DEBUG] Repo valid: True
[DEBUG] HEAD SHA: ba3984fdbdf1b787fc337f7fac74624c8df4c682
[DEBUG] Total commits: 1
[DEBUG] No commit role file found at /tmp/test_tagging_1177c59ce41e4ee1b983069ef473a38b/.dawgit_roles.json
[DEBUG] Selected row = 0, SHA = ba3984fdbdf1b787fc337f7fac74624c8df4c682
[DEBUG] ✅ SHA set from selected row: ba3984fdbdf1b787fc337f7fac74624c8df4c682
[DEBUG] status label set: 🪄 Version Line: MAIN — 🎧 Take: version 1
[DEBUG] No commit role file found at /tmp/test_tagging_1177c59ce41e4ee1b983069ef473a38b/.dawgit_roles.json
[DEBUG] Repo valid: True
[DEBUG] HEAD SHA: ba3984fdbdf1b787fc337f7fac74624c8df4c682
[DEBUG] Total commits: 1
[DEBUG] No commit role file found at /tmp/test_tagging_1177c59ce41e4ee1b983069ef473a38b/.dawgit_roles.json
[DEBUG] Selected row = 0, SHA = ba3984fdbdf1b787fc337f7fac74624c8df4c682
[DEBUG] ✅ SHA set from selected row: ba3984fdbdf1b787fc337f7fac74624c8df4c682
[DEBUG] status label set: 🪄 Version Line: MAIN — 🎧 Take: version 1
[DEBUG] status label set: 🪄 Version Line: MAIN — 🎧 Take: version 1
[DEBUG] Role 'test_custom_tag' assigned to commit ba3984fdbdf1b787fc337f7fac74624c8df4c682
[DEBUG] Saved commit roles to /tmp/test_tagging_1177c59ce41e4ee1b983069ef473a38b/.dawgit_roles.json
[DEBUG] Assigned role 'test_custom_tag' to commit ba3984fdbdf1b787fc337f7fac74624c8df4c682
[DEBUG] Saved PROJECT_MARKER.json to /tmp/test_tagging_1177c59ce41e4ee1b983069ef473a38b/PROJECT_MARKER.json
[DEBUG] Saved commit roles to /tmp/test_tagging_1177c59ce41e4ee1b983069ef473a38b/.dawgit_roles.json
PASSED
tests_dawgit/test_commit_tagging.py::test_tag_custom_label_assigns_alt2 [DEBUG] No PROJECT_MARKER.json found — using defaults
[DEBUG] No commit role file found at /private/var/folders/yx/c_cp834d18v7ptq75l5x7twm0000gn/T/pytest-of-niccavendish/pytest-1/test_tag_custom_label_assigns_0/.dawgit_roles.json
❌ No Git repo loaded.
[DEBUG] Skipping QTimer.singleShot — parent not visible.
[WARNING] Stylesheet not loaded: [Errno 2] No such file or directory: 'styles/dawgit_styles.qss'
[DEBUG] Loaded project path: /private/var/folders/yx/c_cp834d18v7ptq75l5x7twm0000gn/T/pytest-of-niccavendish/pytest-1/test_tag_custom_label_assigns_0
[DEBUG] Calling GitProjectManager.init_repo()
[DEBUG] Initializing Git...
[DEBUG] Found DAW files: [PosixPath('/private/var/folders/yx/c_cp834d18v7ptq75l5x7twm0000gn/T/pytest-of-niccavendish/pytest-1/test_tag_custom_label_assigns_0/track.als')]
[DEBUG] Found existing Git repo at /private/var/folders/yx/c_cp834d18v7ptq75l5x7twm0000gn/T/pytest-of-niccavendish/pytest-1/test_tag_custom_label_assigns_0
✅ Saved last project path: /private/var/folders/yx/c_cp834d18v7ptq75l5x7twm0000gn/T/pytest-of-niccavendish/pytest-1/test_tag_custom_label_assigns_0
[DEBUG] No commit role file found at /private/var/folders/yx/c_cp834d18v7ptq75l5x7twm0000gn/T/pytest-of-niccavendish/pytest-1/test_tag_custom_label_assigns_0/.dawgit_roles.json
[DEBUG] status label set: 🪄 Version Line: MAIN — 🎧 Take: version 1
[DEBUG] Repo valid: True
[DEBUG] HEAD SHA: b108e0a730b6eb543f1807cc89c7c435b2eb7419
[DEBUG] Total commits: 1
[DEBUG] No commit role file found at /private/var/folders/yx/c_cp834d18v7ptq75l5x7twm0000gn/T/pytest-of-niccavendish/pytest-1/test_tag_custom_label_assigns_0/.dawgit_roles.json
[DEBUG] Selected row = 0, SHA = b108e0a730b6eb543f1807cc89c7c435b2eb7419
[DEBUG] ✅ SHA set from selected row: b108e0a730b6eb543f1807cc89c7c435b2eb7419
[DEBUG] status label set: 🪄 Version Line: MAIN — 🎧 Take: version 1
[DEBUG] No commit role file found at /private/var/folders/yx/c_cp834d18v7ptq75l5x7twm0000gn/T/pytest-of-niccavendish/pytest-1/test_tag_custom_label_assigns_0/.dawgit_roles.json
[DEBUG] Repo valid: True
[DEBUG] HEAD SHA: b108e0a730b6eb543f1807cc89c7c435b2eb7419
[DEBUG] Total commits: 1
[DEBUG] No commit role file found at /private/var/folders/yx/c_cp834d18v7ptq75l5x7twm0000gn/T/pytest-of-niccavendish/pytest-1/test_tag_custom_label_assigns_0/.dawgit_roles.json
[DEBUG] Selected row = 0, SHA = b108e0a730b6eb543f1807cc89c7c435b2eb7419
[DEBUG] ✅ SHA set from selected row: b108e0a730b6eb543f1807cc89c7c435b2eb7419
[DEBUG] status label set: 🪄 Version Line: MAIN — 🎧 Take: version 1
[DEBUG] status label set: 🪄 Version Line: MAIN — 🎧 Take: version 1
[DEBUG] Selected row = 0, SHA = b108e0a730b6eb543f1807cc89c7c435b2eb7419
[DEBUG] ✅ SHA set from selected row: b108e0a730b6eb543f1807cc89c7c435b2eb7419
[DEBUG] Role 'alt_2' assigned to commit b108e0a730b6eb543f1807cc89c7c435b2eb7419
[DEBUG] Saved commit roles to /private/var/folders/yx/c_cp834d18v7ptq75l5x7twm0000gn/T/pytest-of-niccavendish/pytest-1/test_tag_custom_label_assigns_0/.dawgit_roles.json
[DEBUG] Assigned role 'alt_2' to commit b108e0a730b6eb543f1807cc89c7c435b2eb7419
[DEBUG] Saved PROJECT_MARKER.json to /private/var/folders/yx/c_cp834d18v7ptq75l5x7twm0000gn/T/pytest-of-niccavendish/pytest-1/test_tag_custom_label_assigns_0/PROJECT_MARKER.json
[DEBUG] Saved commit roles to /private/var/folders/yx/c_cp834d18v7ptq75l5x7twm0000gn/T/pytest-of-niccavendish/pytest-1/test_tag_custom_label_assigns_0/.dawgit_roles.json
[STATUS] ✏️ Commit tagged as 'alt_2': b108e0a
[DEBUG] DAWGIT_TEST_MODE active — running load_commit_history directly
[DEBUG] Repo valid: True
[DEBUG] HEAD SHA: b108e0a730b6eb543f1807cc89c7c435b2eb7419
[DEBUG] Total commits: 1
[DEBUG] Loaded commit roles from /private/var/folders/yx/c_cp834d18v7ptq75l5x7twm0000gn/T/pytest-of-niccavendish/pytest-1/test_tag_custom_label_assigns_0/.dawgit_roles.json
[DEBUG] Selected row = 0, SHA = b108e0a730b6eb543f1807cc89c7c435b2eb7419
[DEBUG] ✅ SHA set from selected row: b108e0a730b6eb543f1807cc89c7c435b2eb7419
[DEBUG] status label set: 🪄 Version Line: MAIN — 🎧 Take: version 1
PASSED

============================== 5 passed in 6.18s ===============================
